2026-05-29 10:06:47,487   INFO  ********************** Start testing **********************
2026-05-29 10:06:47,487   INFO  data_path: /geogfs1/groups/hkurs/u3666068mgh/Tallin
2026-05-29 10:06:47,488   INFO  split: test
2026-05-29 10:06:47,490   INFO  Resolved dataset split path: /geogfs1/groups/hkurs/u3666068mgh/Tallin/test
2026-05-29 10:06:56,695   INFO  Dataset path: /geogfs1/groups/hkurs/u3666068mgh/Tallin/test
2026-05-29 10:06:56,696   INFO  Total samples: 3062
2026-05-29 10:06:59,306   INFO  ==> Loading parameters from checkpoint: /geogfs1/home/u3666068/Point2Roof-master/output/tallin_subset_4096/ckpt/checkpoint_epoch_90.pth
2026-05-29 10:06:59,728   INFO  ==> Done
2026-05-29 10:06:59,728   INFO  Loaded checkpoint: /geogfs1/home/u3666068/Point2Roof-master/output/tallin_subset_4096/ckpt/checkpoint_epoch_90.pth
2026-05-29 10:20:03,054   INFO  ========== Simple Matching Metrics ==========
2026-05-29 10:20:03,054   INFO  pts_recall: 0.071042
2026-05-29 10:20:03,055   INFO  pts_precision: 1.000000
2026-05-29 10:20:03,055   INFO  pts_bias: 4.678703, 4.619693, 1.057540
2026-05-29 10:20:03,055   INFO  edge_recall: 0.000000
2026-05-29 10:20:03,055   INFO  edge_precision: 0.000000
2026-05-29 10:20:03,055   INFO  ========== APCalculator Metrics (Hungarian + Hausdorff) ==========
2026-05-29 10:20:03,055   INFO  Corner Precision (CP): 1.000000
2026-05-29 10:20:03,055   INFO  Corner Recall (CR): 0.071042
2026-05-29 10:20:03,055   INFO  Corner F1 (CF1): 0.132660
2026-05-29 10:20:03,055   INFO  Edge Precision (EP): 0.000000
2026-05-29 10:20:03,055   INFO  Edge Recall (ER): 0.000000
2026-05-29 10:20:03,055   INFO  Edge F1 (EF1): 0.000000
2026-05-29 10:20:03,055   INFO  Average Corner Offset (ACO): 0.000001
2026-05-29 10:20:03,055   INFO  Wireframe Edit Distance (WED): 1.000000
2026-05-29 10:20:03,055   INFO  Support samples: 3062
2026-05-29 10:20:03,129   INFO  Resolved dataset split path: /geogfs1/groups/hkurs/u3666068mgh/Tallin/test
2026-05-29 10:20:06,848   INFO  Dataset path: /geogfs1/groups/hkurs/u3666068mgh/Tallin/test
2026-05-29 10:20:06,848   INFO  Total samples: 3062
2026-05-29 10:20:07,736   INFO  Exported /geogfs1/home/u3666068/Point2Roof-master/output/tallin_subset_4096/test_results/1001_pred.obj: points=1 edges=0
2026-05-29 10:20:07,990   INFO  Exported /geogfs1/home/u3666068/Point2Roof-master/output/tallin_subset_4096/test_results/10014_pred.obj: points=1 edges=0
2026-05-29 10:20:08,266   INFO  Exported /geogfs1/home/u3666068/Point2Roof-master/output/tallin_subset_4096/test_results/10029_pred.obj: points=1 edges=0
2026-05-29 10:20:08,502   INFO  Exported /geogfs1/home/u3666068/Point2Roof-master/output/tallin_subset_4096/test_results/10032_pred.obj: points=1 edges=0
2026-05-29 10:20:08,740   INFO  Exported /geogfs1/home/u3666068/Point2Roof-master/output/tallin_subset_4096/test_results/10039_pred.obj: points=1 edges=0
2026-05-29 10:20:09,003   INFO  Exported /geogfs1/home/u3666068/Point2Roof-master/output/tallin_subset_4096/test_results/10048_pred.obj: points=1 edges=0
2026-05-29 10:20:09,300   INFO  Exported /geogfs1/home/u3666068/Point2Roof-master/output/tallin_subset_4096/test_results/10080_pred.obj: points=1 edges=0
2026-05-29 10:20:09,606   INFO  Exported /geogfs1/home/u3666068/Point2Roof-master/output/tallin_subset_4096/test_results/10082_pred.obj: points=1 edges=0
2026-05-29 10:20:09,899   INFO  Exported /geogfs1/home/u3666068/Point2Roof-master/output/tallin_subset_4096/test_results/10087_pred.obj: points=1 edges=0
2026-05-29 10:20:10,174   INFO  Exported /geogfs1/home/u3666068/Point2Roof-master/output/tallin_subset_4096/test_results/10106_pred.obj: points=1 edges=0
2026-05-29 10:20:10,479   INFO  Exported /geogfs1/home/u3666068/Point2Roof-master/output/tallin_subset_4096/test_results/10110_pred.obj: points=1 edges=0
2026-05-29 10:20:10,789   INFO  Exported /geogfs1/home/u3666068/Point2Roof-master/output/tallin_subset_4096/test_results/10114_pred.obj: points=1 edges=0
2026-05-29 10:20:11,100   INFO  Exported /geogfs1/home/u3666068/Point2Roof-master/output/tallin_subset_4096/test_results/10128_pred.obj: points=1 edges=0
2026-05-29 10:20:11,404   INFO  Exported /geogfs1/home/u3666068/Point2Roof-master/output/tallin_subset_4096/test_results/10133_pred.obj: points=1 edges=0
2026-05-29 10:20:11,696   INFO  Exported /geogfs1/home/u3666068/Point2Roof-master/output/tallin_subset_4096/test_results/10135_pred.obj: points=1 edges=0
2026-05-29 10:20:11,988   INFO  Exported /geogfs1/home/u3666068/Point2Roof-master/output/tallin_subset_4096/test_results/10136_pred.obj: points=1 edges=0
2026-05-29 10:20:12,353   INFO  Exported /geogfs1/home/u3666068/Point2Roof-master/output/tallin_subset_4096/test_results/10144_pred.obj: points=1 edges=0
2026-05-29 10:20:12,692   INFO  Exported /geogfs1/home/u3666068/Point2Roof-master/output/tallin_subset_4096/test_results/10146_pred.obj: points=1 edges=0
2026-05-29 10:20:13,013   INFO  Exported /geogfs1/home/u3666068/Point2Roof-master/output/tallin_subset_4096/test_results/10148_pred.obj: points=1 edges=0
2026-05-29 10:20:13,328   INFO  Exported /geogfs1/home/u3666068/Point2Roof-master/output/tallin_subset_4096/test_results/10152_pred.obj: points=1 edges=0
2026-05-29 10:20:13,669   INFO  Exported /geogfs1/home/u3666068/Point2Roof-master/output/tallin_subset_4096/test_results/10168_pred.obj: points=1 edges=0
2026-05-29 10:20:13,978   INFO  Exported /geogfs1/home/u3666068/Point2Roof-master/output/tallin_subset_4096/test_results/10169_pred.obj: points=1 edges=0
2026-05-29 10:20:14,274   INFO  Exported /geogfs1/home/u3666068/Point2Roof-master/output/tallin_subset_4096/test_results/10182_pred.obj: points=1 edges=0
2026-05-29 10:20:14,568   INFO  Exported /geogfs1/home/u3666068/Point2Roof-master/output/tallin_subset_4096/test_results/10191_pred.obj: points=1 edges=0
2026-05-29 10:20:14,855   INFO  Exported /geogfs1/home/u3666068/Point2Roof-master/output/tallin_subset_4096/test_results/10200_pred.obj: points=1 edges=0
2026-05-29 10:20:15,144   INFO  Exported /geogfs1/home/u3666068/Point2Roof-master/output/tallin_subset_4096/test_results/10203_pred.obj: points=1 edges=0
2026-05-29 10:20:15,424   INFO  Exported /geogfs1/home/u3666068/Point2Roof-master/output/tallin_subset_4096/test_results/10204_pred.obj: points=1 edges=0
2026-05-29 10:20:15,702   INFO  Exported /geogfs1/home/u3666068/Point2Roof-master/output/tallin_subset_4096/test_results/10210_pred.obj: points=1 edges=0
2026-05-29 10:20:15,979   INFO  Exported /geogfs1/home/u3666068/Point2Roof-master/output/tallin_subset_4096/test_results/10213_pred.obj: points=1 edges=0
2026-05-29 10:20:16,241   INFO  Exported /geogfs1/home/u3666068/Point2Roof-master/output/tallin_subset_4096/test_results/10218_pred.obj: points=1 edges=0
2026-05-29 10:20:16,501   INFO  Exported /geogfs1/home/u3666068/Point2Roof-master/output/tallin_subset_4096/test_results/10227_pred.obj: points=1 edges=0
2026-05-29 10:20:16,761   INFO  Exported /geogfs1/home/u3666068/Point2Roof-master/output/tallin_subset_4096/test_results/10228_pred.obj: points=1 edges=0
2026-05-29 10:20:17,024   INFO  Exported /geogfs1/home/u3666068/Point2Roof-master/output/tallin_subset_4096/test_results/10229_pred.obj: points=1 edges=0
2026-05-29 10:20:17,282   INFO  Exported /geogfs1/home/u3666068/Point2Roof-master/output/tallin_subset_4096/test_results/10274_pred.obj: points=1 edges=0
2026-05-29 10:20:17,548   INFO  Exported /geogfs1/home/u3666068/Point2Roof-master/output/tallin_subset_4096/test_results/10281_pred.obj: points=1 edges=0
2026-05-29 10:20:17,810   INFO  Exported /geogfs1/home/u3666068/Point2Roof-master/output/tallin_subset_4096/test_results/10292_pred.obj: points=1 edges=0
2026-05-29 10:20:18,079   INFO  Exported /geogfs1/home/u3666068/Point2Roof-master/output/tallin_subset_4096/test_results/103_pred.obj: points=1 edges=0
2026-05-29 10:20:18,338   INFO  Exported /geogfs1/home/u3666068/Point2Roof-master/output/tallin_subset_4096/test_results/10311_pred.obj: points=1 edges=0
2026-05-29 10:20:18,595   INFO  Exported /geogfs1/home/u3666068/Point2Roof-master/output/tallin_subset_4096/test_results/10352_pred.obj: points=1 edges=0
2026-05-29 10:20:18,849   INFO  Exported /geogfs1/home/u3666068/Point2Roof-master/output/tallin_subset_4096/test_results/10362_pred.obj: points=1 edges=0
2026-05-29 10:20:19,102   INFO  Exported /geogfs1/home/u3666068/Point2Roof-master/output/tallin_subset_4096/test_results/10392_pred.obj: points=1 edges=0
2026-05-29 10:20:19,358   INFO  Exported /geogfs1/home/u3666068/Point2Roof-master/output/tallin_subset_4096/test_results/10423_pred.obj: points=1 edges=0
2026-05-29 10:20:19,620   INFO  Exported /geogfs1/home/u3666068/Point2Roof-master/output/tallin_subset_4096/test_results/10426_pred.obj: points=1 edges=0
2026-05-29 10:20:19,879   INFO  Exported /geogfs1/home/u3666068/Point2Roof-master/output/tallin_subset_4096/test_results/10429_pred.obj: points=1 edges=0
2026-05-29 10:20:20,141   INFO  Exported /geogfs1/home/u3666068/Point2Roof-master/output/tallin_subset_4096/test_results/10454_pred.obj: points=1 edges=0
2026-05-29 10:20:20,413   INFO  Exported /geogfs1/home/u3666068/Point2Roof-master/output/tallin_subset_4096/test_results/10464_pred.obj: points=1 edges=0
2026-05-29 10:20:20,677   INFO  Exported /geogfs1/home/u3666068/Point2Roof-master/output/tallin_subset_4096/test_results/10472_pred.obj: points=1 edges=0
2026-05-29 10:20:20,943   INFO  Exported /geogfs1/home/u3666068/Point2Roof-master/output/tallin_subset_4096/test_results/10489_pred.obj: points=1 edges=0
2026-05-29 10:20:21,223   INFO  Exported /geogfs1/home/u3666068/Point2Roof-master/output/tallin_subset_4096/test_results/10498_pred.obj: points=1 edges=0
2026-05-29 10:20:21,506   INFO  Exported /geogfs1/home/u3666068/Point2Roof-master/output/tallin_subset_4096/test_results/10499_pred.obj: points=1 edges=0
2026-05-29 10:20:21,773   INFO  Exported /geogfs1/home/u3666068/Point2Roof-master/output/tallin_subset_4096/test_results/1050_pred.obj: points=1 edges=0
2026-05-29 10:20:22,033   INFO  Exported /geogfs1/home/u3666068/Point2Roof-master/output/tallin_subset_4096/test_results/10505_pred.obj: points=1 edges=0
2026-05-29 10:20:22,296   INFO  Exported /geogfs1/home/u3666068/Point2Roof-master/output/tallin_subset_4096/test_results/10512_pred.obj: points=1 edges=0
2026-05-29 10:20:22,559   INFO  Exported /geogfs1/home/u3666068/Point2Roof-master/output/tallin_subset_4096/test_results/10533_pred.obj: points=1 edges=0
2026-05-29 10:20:22,811   INFO  Exported /geogfs1/home/u3666068/Point2Roof-master/output/tallin_subset_4096/test_results/10556_pred.obj: points=1 edges=0
2026-05-29 10:20:23,060   INFO  Exported /geogfs1/home/u3666068/Point2Roof-master/output/tallin_subset_4096/test_results/10568_pred.obj: points=1 edges=0
2026-05-29 10:20:23,296   INFO  Exported /geogfs1/home/u3666068/Point2Roof-master/output/tallin_subset_4096/test_results/10593_pred.obj: points=1 edges=0
2026-05-29 10:20:23,530   INFO  Exported /geogfs1/home/u3666068/Point2Roof-master/output/tallin_subset_4096/test_results/10598_pred.obj: points=1 edges=0
2026-05-29 10:20:23,762   INFO  Exported /geogfs1/home/u3666068/Point2Roof-master/output/tallin_subset_4096/test_results/10609_pred.obj: points=1 edges=0
2026-05-29 10:20:23,995   INFO  Exported /geogfs1/home/u3666068/Point2Roof-master/output/tallin_subset_4096/test_results/10625_pred.obj: points=1 edges=0
2026-05-29 10:20:24,254   INFO  Exported /geogfs1/home/u3666068/Point2Roof-master/output/tallin_subset_4096/test_results/10630_pred.obj: points=1 edges=0
2026-05-29 10:20:24,523   INFO  Exported /geogfs1/home/u3666068/Point2Roof-master/output/tallin_subset_4096/test_results/10647_pred.obj: points=1 edges=0
2026-05-29 10:20:24,811   INFO  Exported /geogfs1/home/u3666068/Point2Roof-master/output/tallin_subset_4096/test_results/10656_pred.obj: points=1 edges=0
2026-05-29 10:20:25,111   INFO  Exported /geogfs1/home/u3666068/Point2Roof-master/output/tallin_subset_4096/test_results/10664_pred.obj: points=1 edges=0
2026-05-29 10:20:25,418   INFO  Exported /geogfs1/home/u3666068/Point2Roof-master/output/tallin_subset_4096/test_results/10679_pred.obj: points=1 edges=0
2026-05-29 10:20:25,728   INFO  Exported /geogfs1/home/u3666068/Point2Roof-master/output/tallin_subset_4096/test_results/10683_pred.obj: points=1 edges=0
2026-05-29 10:20:26,037   INFO  Exported /geogfs1/home/u3666068/Point2Roof-master/output/tallin_subset_4096/test_results/10702_pred.obj: points=1 edges=0
2026-05-29 10:20:26,343   INFO  Exported /geogfs1/home/u3666068/Point2Roof-master/output/tallin_subset_4096/test_results/10707_pred.obj: points=1 edges=0
2026-05-29 10:20:26,647   INFO  Exported /geogfs1/home/u3666068/Point2Roof-master/output/tallin_subset_4096/test_results/10811_pred.obj: points=1 edges=0
2026-05-29 10:20:26,938   INFO  Exported /geogfs1/home/u3666068/Point2Roof-master/output/tallin_subset_4096/test_results/10823_pred.obj: points=1 edges=0
2026-05-29 10:20:27,208   INFO  Exported /geogfs1/home/u3666068/Point2Roof-master/output/tallin_subset_4096/test_results/10826_pred.obj: points=1 edges=0
2026-05-29 10:20:27,493   INFO  Exported /geogfs1/home/u3666068/Point2Roof-master/output/tallin_subset_4096/test_results/10828_pred.obj: points=1 edges=0
2026-05-29 10:20:27,773   INFO  Exported /geogfs1/home/u3666068/Point2Roof-master/output/tallin_subset_4096/test_results/10837_pred.obj: points=1 edges=0
2026-05-29 10:20:28,054   INFO  Exported /geogfs1/home/u3666068/Point2Roof-master/output/tallin_subset_4096/test_results/1086_pred.obj: points=1 edges=0
2026-05-29 10:20:28,330   INFO  Exported /geogfs1/home/u3666068/Point2Roof-master/output/tallin_subset_4096/test_results/10890_pred.obj: points=1 edges=0
2026-05-29 10:20:28,597   INFO  Exported /geogfs1/home/u3666068/Point2Roof-master/output/tallin_subset_4096/test_results/10891_pred.obj: points=1 edges=0
2026-05-29 10:20:28,868   INFO  Exported /geogfs1/home/u3666068/Point2Roof-master/output/tallin_subset_4096/test_results/10902_pred.obj: points=1 edges=0
2026-05-29 10:20:29,135   INFO  Exported /geogfs1/home/u3666068/Point2Roof-master/output/tallin_subset_4096/test_results/10906_pred.obj: points=1 edges=0
2026-05-29 10:20:29,398   INFO  Exported /geogfs1/home/u3666068/Point2Roof-master/output/tallin_subset_4096/test_results/10965_pred.obj: points=1 edges=0
2026-05-29 10:20:29,659   INFO  Exported /geogfs1/home/u3666068/Point2Roof-master/output/tallin_subset_4096/test_results/10976_pred.obj: points=1 edges=0
2026-05-29 10:20:29,920   INFO  Exported /geogfs1/home/u3666068/Point2Roof-master/output/tallin_subset_4096/test_results/10980_pred.obj: points=1 edges=0
2026-05-29 10:20:30,180   INFO  Exported /geogfs1/home/u3666068/Point2Roof-master/output/tallin_subset_4096/test_results/10986_pred.obj: points=1 edges=0
2026-05-29 10:20:30,441   INFO  Exported /geogfs1/home/u3666068/Point2Roof-master/output/tallin_subset_4096/test_results/10995_pred.obj: points=1 edges=0
2026-05-29 10:20:30,702   INFO  Exported /geogfs1/home/u3666068/Point2Roof-master/output/tallin_subset_4096/test_results/11011_pred.obj: points=1 edges=0
2026-05-29 10:20:30,956   INFO  Exported /geogfs1/home/u3666068/Point2Roof-master/output/tallin_subset_4096/test_results/1104_pred.obj: points=1 edges=0
2026-05-29 10:20:31,203   INFO  Exported /geogfs1/home/u3666068/Point2Roof-master/output/tallin_subset_4096/test_results/11040_pred.obj: points=1 edges=0
2026-05-29 10:20:31,444   INFO  Exported /geogfs1/home/u3666068/Point2Roof-master/output/tallin_subset_4096/test_results/11043_pred.obj: points=1 edges=0
2026-05-29 10:20:31,692   INFO  Exported /geogfs1/home/u3666068/Point2Roof-master/output/tallin_subset_4096/test_results/11078_pred.obj: points=1 edges=0
2026-05-29 10:20:31,944   INFO  Exported /geogfs1/home/u3666068/Point2Roof-master/output/tallin_subset_4096/test_results/11093_pred.obj: points=1 edges=0
2026-05-29 10:20:32,209   INFO  Exported /geogfs1/home/u3666068/Point2Roof-master/output/tallin_subset_4096/test_results/11094_pred.obj: points=1 edges=0
2026-05-29 10:20:32,465   INFO  Exported /geogfs1/home/u3666068/Point2Roof-master/output/tallin_subset_4096/test_results/11097_pred.obj: points=1 edges=0
2026-05-29 10:20:32,718   INFO  Exported /geogfs1/home/u3666068/Point2Roof-master/output/tallin_subset_4096/test_results/11101_pred.obj: points=1 edges=0
2026-05-29 10:20:32,962   INFO  Exported /geogfs1/home/u3666068/Point2Roof-master/output/tallin_subset_4096/test_results/11147_pred.obj: points=1 edges=0
2026-05-29 10:20:33,206   INFO  Exported /geogfs1/home/u3666068/Point2Roof-master/output/tallin_subset_4096/test_results/11169_pred.obj: points=1 edges=0
2026-05-29 10:20:33,445   INFO  Exported /geogfs1/home/u3666068/Point2Roof-master/output/tallin_subset_4096/test_results/11188_pred.obj: points=1 edges=0
2026-05-29 10:20:33,688   INFO  Exported /geogfs1/home/u3666068/Point2Roof-master/output/tallin_subset_4096/test_results/11270_pred.obj: points=1 edges=0
2026-05-29 10:20:33,928   INFO  Exported /geogfs1/home/u3666068/Point2Roof-master/output/tallin_subset_4096/test_results/11305_pred.obj: points=1 edges=0
2026-05-29 10:20:34,165   INFO  Exported /geogfs1/home/u3666068/Point2Roof-master/output/tallin_subset_4096/test_results/11315_pred.obj: points=1 edges=0
2026-05-29 10:20:34,406   INFO  Exported /geogfs1/home/u3666068/Point2Roof-master/output/tallin_subset_4096/test_results/11325_pred.obj: points=1 edges=0
2026-05-29 10:20:34,651   INFO  Exported /geogfs1/home/u3666068/Point2Roof-master/output/tallin_subset_4096/test_results/11342_pred.obj: points=1 edges=0
2026-05-29 10:20:34,892   INFO  Exported /geogfs1/home/u3666068/Point2Roof-master/output/tallin_subset_4096/test_results/11354_pred.obj: points=1 edges=0
2026-05-29 10:20:35,132   INFO  Exported /geogfs1/home/u3666068/Point2Roof-master/output/tallin_subset_4096/test_results/11371_pred.obj: points=1 edges=0
2026-05-29 10:20:35,372   INFO  Exported /geogfs1/home/u3666068/Point2Roof-master/output/tallin_subset_4096/test_results/11377_pred.obj: points=1 edges=0
2026-05-29 10:20:35,621   INFO  Exported /geogfs1/home/u3666068/Point2Roof-master/output/tallin_subset_4096/test_results/11378_pred.obj: points=1 edges=0
2026-05-29 10:20:35,887   INFO  Exported /geogfs1/home/u3666068/Point2Roof-master/output/tallin_subset_4096/test_results/1138_pred.obj: points=1 edges=0
2026-05-29 10:20:36,164   INFO  Exported /geogfs1/home/u3666068/Point2Roof-master/output/tallin_subset_4096/test_results/11413_pred.obj: points=1 edges=0
2026-05-29 10:20:36,426   INFO  Exported /geogfs1/home/u3666068/Point2Roof-master/output/tallin_subset_4096/test_results/11440_pred.obj: points=1 edges=0
2026-05-29 10:20:36,687   INFO  Exported /geogfs1/home/u3666068/Point2Roof-master/output/tallin_subset_4096/test_results/11454_pred.obj: points=1 edges=0
2026-05-29 10:20:36,942   INFO  Exported /geogfs1/home/u3666068/Point2Roof-master/output/tallin_subset_4096/test_results/11455_pred.obj: points=1 edges=0
2026-05-29 10:20:37,170   INFO  Exported /geogfs1/home/u3666068/Point2Roof-master/output/tallin_subset_4096/test_results/11462_pred.obj: points=1 edges=0
2026-05-29 10:20:37,410   INFO  Exported /geogfs1/home/u3666068/Point2Roof-master/output/tallin_subset_4096/test_results/11464_pred.obj: points=1 edges=0
2026-05-29 10:20:37,655   INFO  Exported /geogfs1/home/u3666068/Point2Roof-master/output/tallin_subset_4096/test_results/11472_pred.obj: points=1 edges=0
2026-05-29 10:20:37,893   INFO  Exported /geogfs1/home/u3666068/Point2Roof-master/output/tallin_subset_4096/test_results/11499_pred.obj: points=1 edges=0
2026-05-29 10:20:38,119   INFO  Exported /geogfs1/home/u3666068/Point2Roof-master/output/tallin_subset_4096/test_results/11519_pred.obj: points=1 edges=0
2026-05-29 10:20:38,342   INFO  Exported /geogfs1/home/u3666068/Point2Roof-master/output/tallin_subset_4096/test_results/11541_pred.obj: points=1 edges=0
2026-05-29 10:20:38,563   INFO  Exported /geogfs1/home/u3666068/Point2Roof-master/output/tallin_subset_4096/test_results/11547_pred.obj: points=1 edges=0
2026-05-29 10:20:38,790   INFO  Exported /geogfs1/home/u3666068/Point2Roof-master/output/tallin_subset_4096/test_results/1155_pred.obj: points=1 edges=0
2026-05-29 10:20:39,030   INFO  Exported /geogfs1/home/u3666068/Point2Roof-master/output/tallin_subset_4096/test_results/11577_pred.obj: points=1 edges=0
2026-05-29 10:20:39,278   INFO  Exported /geogfs1/home/u3666068/Point2Roof-master/output/tallin_subset_4096/test_results/11585_pred.obj: points=1 edges=0
2026-05-29 10:20:39,556   INFO  Exported /geogfs1/home/u3666068/Point2Roof-master/output/tallin_subset_4096/test_results/11628_pred.obj: points=1 edges=0
2026-05-29 10:20:39,847   INFO  Exported /geogfs1/home/u3666068/Point2Roof-master/output/tallin_subset_4096/test_results/11688_pred.obj: points=1 edges=0
2026-05-29 10:20:40,158   INFO  Exported /geogfs1/home/u3666068/Point2Roof-master/output/tallin_subset_4096/test_results/11708_pred.obj: points=1 edges=0
2026-05-29 10:20:40,464   INFO  Exported /geogfs1/home/u3666068/Point2Roof-master/output/tallin_subset_4096/test_results/11737_pred.obj: points=1 edges=0
2026-05-29 10:20:40,775   INFO  Exported /geogfs1/home/u3666068/Point2Roof-master/output/tallin_subset_4096/test_results/11749_pred.obj: points=1 edges=0
2026-05-29 10:20:41,105   INFO  Exported /geogfs1/home/u3666068/Point2Roof-master/output/tallin_subset_4096/test_results/11751_pred.obj: points=1 edges=0
2026-05-29 10:20:41,425   INFO  Exported /geogfs1/home/u3666068/Point2Roof-master/output/tallin_subset_4096/test_results/1177_pred.obj: points=1 edges=0
2026-05-29 10:20:41,728   INFO  Exported /geogfs1/home/u3666068/Point2Roof-master/output/tallin_subset_4096/test_results/1179_pred.obj: points=1 edges=0
2026-05-29 10:20:42,024   INFO  Exported /geogfs1/home/u3666068/Point2Roof-master/output/tallin_subset_4096/test_results/11803_pred.obj: points=1 edges=0
2026-05-29 10:20:42,343   INFO  Exported /geogfs1/home/u3666068/Point2Roof-master/output/tallin_subset_4096/test_results/11809_pred.obj: points=1 edges=0
2026-05-29 10:20:42,679   INFO  Exported /geogfs1/home/u3666068/Point2Roof-master/output/tallin_subset_4096/test_results/11814_pred.obj: points=1 edges=0
2026-05-29 10:20:43,011   INFO  Exported /geogfs1/home/u3666068/Point2Roof-master/output/tallin_subset_4096/test_results/11829_pred.obj: points=1 edges=0
2026-05-29 10:20:43,339   INFO  Exported /geogfs1/home/u3666068/Point2Roof-master/output/tallin_subset_4096/test_results/11840_pred.obj: points=1 edges=0
2026-05-29 10:20:43,650   INFO  Exported /geogfs1/home/u3666068/Point2Roof-master/output/tallin_subset_4096/test_results/1185_pred.obj: points=1 edges=0
2026-05-29 10:20:43,960   INFO  Exported /geogfs1/home/u3666068/Point2Roof-master/output/tallin_subset_4096/test_results/11862_pred.obj: points=1 edges=0
2026-05-29 10:20:44,269   INFO  Exported /geogfs1/home/u3666068/Point2Roof-master/output/tallin_subset_4096/test_results/11863_pred.obj: points=1 edges=0
2026-05-29 10:20:44,578   INFO  Exported /geogfs1/home/u3666068/Point2Roof-master/output/tallin_subset_4096/test_results/11889_pred.obj: points=1 edges=0
2026-05-29 10:20:44,875   INFO  Exported /geogfs1/home/u3666068/Point2Roof-master/output/tallin_subset_4096/test_results/11890_pred.obj: points=1 edges=0
2026-05-29 10:20:45,168   INFO  Exported /geogfs1/home/u3666068/Point2Roof-master/output/tallin_subset_4096/test_results/11904_pred.obj: points=1 edges=0
2026-05-29 10:20:45,465   INFO  Exported /geogfs1/home/u3666068/Point2Roof-master/output/tallin_subset_4096/test_results/11931_pred.obj: points=1 edges=0
2026-05-29 10:20:45,770   INFO  Exported /geogfs1/home/u3666068/Point2Roof-master/output/tallin_subset_4096/test_results/11971_pred.obj: points=1 edges=0
2026-05-29 10:20:46,052   INFO  Exported /geogfs1/home/u3666068/Point2Roof-master/output/tallin_subset_4096/test_results/12013_pred.obj: points=1 edges=0
2026-05-29 10:20:46,330   INFO  Exported /geogfs1/home/u3666068/Point2Roof-master/output/tallin_subset_4096/test_results/12042_pred.obj: points=1 edges=0
2026-05-29 10:20:46,604   INFO  Exported /geogfs1/home/u3666068/Point2Roof-master/output/tallin_subset_4096/test_results/12068_pred.obj: points=1 edges=0
2026-05-29 10:20:46,857   INFO  Exported /geogfs1/home/u3666068/Point2Roof-master/output/tallin_subset_4096/test_results/12097_pred.obj: points=1 edges=0
2026-05-29 10:20:47,122   INFO  Exported /geogfs1/home/u3666068/Point2Roof-master/output/tallin_subset_4096/test_results/1211_pred.obj: points=1 edges=0
2026-05-29 10:20:47,368   INFO  Exported /geogfs1/home/u3666068/Point2Roof-master/output/tallin_subset_4096/test_results/12114_pred.obj: points=1 edges=0
2026-05-29 10:20:47,623   INFO  Exported /geogfs1/home/u3666068/Point2Roof-master/output/tallin_subset_4096/test_results/12135_pred.obj: points=1 edges=0
2026-05-29 10:20:47,873   INFO  Exported /geogfs1/home/u3666068/Point2Roof-master/output/tallin_subset_4096/test_results/12145_pred.obj: points=1 edges=0
2026-05-29 10:20:48,121   INFO  Exported /geogfs1/home/u3666068/Point2Roof-master/output/tallin_subset_4096/test_results/12148_pred.obj: points=1 edges=0
2026-05-29 10:20:48,363   INFO  Exported /geogfs1/home/u3666068/Point2Roof-master/output/tallin_subset_4096/test_results/12159_pred.obj: points=1 edges=0
2026-05-29 10:20:48,614   INFO  Exported /geogfs1/home/u3666068/Point2Roof-master/output/tallin_subset_4096/test_results/12180_pred.obj: points=1 edges=0
2026-05-29 10:20:48,858   INFO  Exported /geogfs1/home/u3666068/Point2Roof-master/output/tallin_subset_4096/test_results/12181_pred.obj: points=1 edges=0
2026-05-29 10:20:49,105   INFO  Exported /geogfs1/home/u3666068/Point2Roof-master/output/tallin_subset_4096/test_results/12198_pred.obj: points=1 edges=0
2026-05-29 10:20:49,354   INFO  Exported /geogfs1/home/u3666068/Point2Roof-master/output/tallin_subset_4096/test_results/12262_pred.obj: points=1 edges=0
2026-05-29 10:20:49,596   INFO  Exported /geogfs1/home/u3666068/Point2Roof-master/output/tallin_subset_4096/test_results/12267_pred.obj: points=1 edges=0
2026-05-29 10:20:49,836   INFO  Exported /geogfs1/home/u3666068/Point2Roof-master/output/tallin_subset_4096/test_results/12276_pred.obj: points=1 edges=0
2026-05-29 10:20:50,079   INFO  Exported /geogfs1/home/u3666068/Point2Roof-master/output/tallin_subset_4096/test_results/12284_pred.obj: points=1 edges=0
2026-05-29 10:20:50,334   INFO  Exported /geogfs1/home/u3666068/Point2Roof-master/output/tallin_subset_4096/test_results/12318_pred.obj: points=1 edges=0
2026-05-29 10:20:50,582   INFO  Exported /geogfs1/home/u3666068/Point2Roof-master/output/tallin_subset_4096/test_results/12335_pred.obj: points=1 edges=0
2026-05-29 10:20:50,847   INFO  Exported /geogfs1/home/u3666068/Point2Roof-master/output/tallin_subset_4096/test_results/12338_pred.obj: points=1 edges=0
2026-05-29 10:20:51,101   INFO  Exported /geogfs1/home/u3666068/Point2Roof-master/output/tallin_subset_4096/test_results/1234_pred.obj: points=1 edges=0
2026-05-29 10:20:51,364   INFO  Exported /geogfs1/home/u3666068/Point2Roof-master/output/tallin_subset_4096/test_results/12345_pred.obj: points=1 edges=0
2026-05-29 10:20:51,607   INFO  Exported /geogfs1/home/u3666068/Point2Roof-master/output/tallin_subset_4096/test_results/12350_pred.obj: points=1 edges=0
2026-05-29 10:20:51,835   INFO  Exported /geogfs1/home/u3666068/Point2Roof-master/output/tallin_subset_4096/test_results/12357_pred.obj: points=1 edges=0
2026-05-29 10:20:52,085   INFO  Exported /geogfs1/home/u3666068/Point2Roof-master/output/tallin_subset_4096/test_results/12374_pred.obj: points=1 edges=0
2026-05-29 10:20:52,335   INFO  Exported /geogfs1/home/u3666068/Point2Roof-master/output/tallin_subset_4096/test_results/12375_pred.obj: points=1 edges=0
2026-05-29 10:20:52,567   INFO  Exported /geogfs1/home/u3666068/Point2Roof-master/output/tallin_subset_4096/test_results/12386_pred.obj: points=1 edges=0
2026-05-29 10:20:52,786   INFO  Exported /geogfs1/home/u3666068/Point2Roof-master/output/tallin_subset_4096/test_results/12406_pred.obj: points=1 edges=0
2026-05-29 10:20:53,010   INFO  Exported /geogfs1/home/u3666068/Point2Roof-master/output/tallin_subset_4096/test_results/12424_pred.obj: points=1 edges=0
2026-05-29 10:20:53,234   INFO  Exported /geogfs1/home/u3666068/Point2Roof-master/output/tallin_subset_4096/test_results/12526_pred.obj: points=1 edges=0
2026-05-29 10:20:53,476   INFO  Exported /geogfs1/home/u3666068/Point2Roof-master/output/tallin_subset_4096/test_results/12529_pred.obj: points=1 edges=0
2026-05-29 10:20:53,725   INFO  Exported /geogfs1/home/u3666068/Point2Roof-master/output/tallin_subset_4096/test_results/12547_pred.obj: points=1 edges=0
2026-05-29 10:20:53,962   INFO  Exported /geogfs1/home/u3666068/Point2Roof-master/output/tallin_subset_4096/test_results/12548_pred.obj: points=1 edges=0
2026-05-29 10:20:54,195   INFO  Exported /geogfs1/home/u3666068/Point2Roof-master/output/tallin_subset_4096/test_results/12563_pred.obj: points=1 edges=0
2026-05-29 10:20:54,466   INFO  Exported /geogfs1/home/u3666068/Point2Roof-master/output/tallin_subset_4096/test_results/12566_pred.obj: points=1 edges=0
2026-05-29 10:20:54,749   INFO  Exported /geogfs1/home/u3666068/Point2Roof-master/output/tallin_subset_4096/test_results/12570_pred.obj: points=1 edges=0
2026-05-29 10:20:55,034   INFO  Exported /geogfs1/home/u3666068/Point2Roof-master/output/tallin_subset_4096/test_results/12581_pred.obj: points=1 edges=0
2026-05-29 10:20:55,321   INFO  Exported /geogfs1/home/u3666068/Point2Roof-master/output/tallin_subset_4096/test_results/12583_pred.obj: points=1 edges=0
2026-05-29 10:20:55,608   INFO  Exported /geogfs1/home/u3666068/Point2Roof-master/output/tallin_subset_4096/test_results/12590_pred.obj: points=1 edges=0
2026-05-29 10:20:55,894   INFO  Exported /geogfs1/home/u3666068/Point2Roof-master/output/tallin_subset_4096/test_results/12591_pred.obj: points=1 edges=0
2026-05-29 10:20:56,182   INFO  Exported /geogfs1/home/u3666068/Point2Roof-master/output/tallin_subset_4096/test_results/12592_pred.obj: points=1 edges=0
2026-05-29 10:20:56,473   INFO  Exported /geogfs1/home/u3666068/Point2Roof-master/output/tallin_subset_4096/test_results/12604_pred.obj: points=1 edges=0
2026-05-29 10:20:56,742   INFO  Exported /geogfs1/home/u3666068/Point2Roof-master/output/tallin_subset_4096/test_results/12610_pred.obj: points=1 edges=0
2026-05-29 10:20:57,024   INFO  Exported /geogfs1/home/u3666068/Point2Roof-master/output/tallin_subset_4096/test_results/12640_pred.obj: points=1 edges=0
2026-05-29 10:20:57,317   INFO  Exported /geogfs1/home/u3666068/Point2Roof-master/output/tallin_subset_4096/test_results/12674_pred.obj: points=1 edges=0
2026-05-29 10:20:57,610   INFO  Exported /geogfs1/home/u3666068/Point2Roof-master/output/tallin_subset_4096/test_results/12738_pred.obj: points=1 edges=0
2026-05-29 10:20:57,886   INFO  Exported /geogfs1/home/u3666068/Point2Roof-master/output/tallin_subset_4096/test_results/12751_pred.obj: points=1 edges=0
2026-05-29 10:20:58,154   INFO  Exported /geogfs1/home/u3666068/Point2Roof-master/output/tallin_subset_4096/test_results/12779_pred.obj: points=1 edges=0
2026-05-29 10:20:58,418   INFO  Exported /geogfs1/home/u3666068/Point2Roof-master/output/tallin_subset_4096/test_results/12783_pred.obj: points=1 edges=0
2026-05-29 10:20:58,678   INFO  Exported /geogfs1/home/u3666068/Point2Roof-master/output/tallin_subset_4096/test_results/12793_pred.obj: points=1 edges=0
2026-05-29 10:20:58,943   INFO  Exported /geogfs1/home/u3666068/Point2Roof-master/output/tallin_subset_4096/test_results/12852_pred.obj: points=1 edges=0
2026-05-29 10:20:59,208   INFO  Exported /geogfs1/home/u3666068/Point2Roof-master/output/tallin_subset_4096/test_results/12854_pred.obj: points=1 edges=0
2026-05-29 10:20:59,468   INFO  Exported /geogfs1/home/u3666068/Point2Roof-master/output/tallin_subset_4096/test_results/12894_pred.obj: points=1 edges=0
2026-05-29 10:20:59,738   INFO  Exported /geogfs1/home/u3666068/Point2Roof-master/output/tallin_subset_4096/test_results/12909_pred.obj: points=1 edges=0
2026-05-29 10:21:00,010   INFO  Exported /geogfs1/home/u3666068/Point2Roof-master/output/tallin_subset_4096/test_results/12959_pred.obj: points=1 edges=0
2026-05-29 10:21:00,293   INFO  Exported /geogfs1/home/u3666068/Point2Roof-master/output/tallin_subset_4096/test_results/13000_pred.obj: points=1 edges=0
2026-05-29 10:21:00,582   INFO  Exported /geogfs1/home/u3666068/Point2Roof-master/output/tallin_subset_4096/test_results/13006_pred.obj: points=1 edges=0
2026-05-29 10:21:00,851   INFO  Exported /geogfs1/home/u3666068/Point2Roof-master/output/tallin_subset_4096/test_results/13031_pred.obj: points=1 edges=0
2026-05-29 10:21:01,121   INFO  Exported /geogfs1/home/u3666068/Point2Roof-master/output/tallin_subset_4096/test_results/13036_pred.obj: points=1 edges=0
2026-05-29 10:21:01,389   INFO  Exported /geogfs1/home/u3666068/Point2Roof-master/output/tallin_subset_4096/test_results/13038_pred.obj: points=1 edges=0
2026-05-29 10:21:01,651   INFO  Exported /geogfs1/home/u3666068/Point2Roof-master/output/tallin_subset_4096/test_results/13047_pred.obj: points=1 edges=0
2026-05-29 10:21:01,912   INFO  Exported /geogfs1/home/u3666068/Point2Roof-master/output/tallin_subset_4096/test_results/13048_pred.obj: points=1 edges=0
2026-05-29 10:21:02,188   INFO  Exported /geogfs1/home/u3666068/Point2Roof-master/output/tallin_subset_4096/test_results/13052_pred.obj: points=1 edges=0
2026-05-29 10:21:02,467   INFO  Exported /geogfs1/home/u3666068/Point2Roof-master/output/tallin_subset_4096/test_results/13077_pred.obj: points=1 edges=0
2026-05-29 10:21:02,717   INFO  Exported /geogfs1/home/u3666068/Point2Roof-master/output/tallin_subset_4096/test_results/1310_pred.obj: points=1 edges=0
2026-05-29 10:21:02,971   INFO  Exported /geogfs1/home/u3666068/Point2Roof-master/output/tallin_subset_4096/test_results/13113_pred.obj: points=1 edges=0
2026-05-29 10:21:03,216   INFO  Exported /geogfs1/home/u3666068/Point2Roof-master/output/tallin_subset_4096/test_results/1312_pred.obj: points=1 edges=0
2026-05-29 10:21:03,463   INFO  Exported /geogfs1/home/u3666068/Point2Roof-master/output/tallin_subset_4096/test_results/13153_pred.obj: points=1 edges=0
2026-05-29 10:21:03,709   INFO  Exported /geogfs1/home/u3666068/Point2Roof-master/output/tallin_subset_4096/test_results/1322_pred.obj: points=1 edges=0
2026-05-29 10:21:03,948   INFO  Exported /geogfs1/home/u3666068/Point2Roof-master/output/tallin_subset_4096/test_results/13236_pred.obj: points=1 edges=0
2026-05-29 10:21:04,185   INFO  Exported /geogfs1/home/u3666068/Point2Roof-master/output/tallin_subset_4096/test_results/13239_pred.obj: points=1 edges=0
2026-05-29 10:21:04,431   INFO  Exported /geogfs1/home/u3666068/Point2Roof-master/output/tallin_subset_4096/test_results/13246_pred.obj: points=1 edges=0
2026-05-29 10:21:04,676   INFO  Exported /geogfs1/home/u3666068/Point2Roof-master/output/tallin_subset_4096/test_results/13249_pred.obj: points=1 edges=0
2026-05-29 10:21:04,907   INFO  Exported /geogfs1/home/u3666068/Point2Roof-master/output/tallin_subset_4096/test_results/13250_pred.obj: points=1 edges=0
2026-05-29 10:21:05,148   INFO  Exported /geogfs1/home/u3666068/Point2Roof-master/output/tallin_subset_4096/test_results/13274_pred.obj: points=1 edges=0
2026-05-29 10:21:05,391   INFO  Exported /geogfs1/home/u3666068/Point2Roof-master/output/tallin_subset_4096/test_results/13289_pred.obj: points=1 edges=0
2026-05-29 10:21:05,614   INFO  Exported /geogfs1/home/u3666068/Point2Roof-master/output/tallin_subset_4096/test_results/13297_pred.obj: points=1 edges=0
2026-05-29 10:21:05,835   INFO  Exported /geogfs1/home/u3666068/Point2Roof-master/output/tallin_subset_4096/test_results/1330_pred.obj: points=1 edges=0
2026-05-29 10:21:06,069   INFO  Exported /geogfs1/home/u3666068/Point2Roof-master/output/tallin_subset_4096/test_results/13367_pred.obj: points=1 edges=0
2026-05-29 10:21:06,286   INFO  Exported /geogfs1/home/u3666068/Point2Roof-master/output/tallin_subset_4096/test_results/13378_pred.obj: points=1 edges=0
2026-05-29 10:21:06,501   INFO  Exported /geogfs1/home/u3666068/Point2Roof-master/output/tallin_subset_4096/test_results/13383_pred.obj: points=1 edges=0
2026-05-29 10:21:06,731   INFO  Exported /geogfs1/home/u3666068/Point2Roof-master/output/tallin_subset_4096/test_results/13425_pred.obj: points=1 edges=0
2026-05-29 10:21:06,956   INFO  Exported /geogfs1/home/u3666068/Point2Roof-master/output/tallin_subset_4096/test_results/13431_pred.obj: points=1 edges=0
2026-05-29 10:21:07,187   INFO  Exported /geogfs1/home/u3666068/Point2Roof-master/output/tallin_subset_4096/test_results/13446_pred.obj: points=1 edges=0
2026-05-29 10:21:07,411   INFO  Exported /geogfs1/home/u3666068/Point2Roof-master/output/tallin_subset_4096/test_results/13491_pred.obj: points=1 edges=0
2026-05-29 10:21:07,637   INFO  Exported /geogfs1/home/u3666068/Point2Roof-master/output/tallin_subset_4096/test_results/13502_pred.obj: points=1 edges=0
2026-05-29 10:21:07,882   INFO  Exported /geogfs1/home/u3666068/Point2Roof-master/output/tallin_subset_4096/test_results/13504_pred.obj: points=1 edges=0
2026-05-29 10:21:08,137   INFO  Exported /geogfs1/home/u3666068/Point2Roof-master/output/tallin_subset_4096/test_results/13512_pred.obj: points=1 edges=0
2026-05-29 10:21:08,402   INFO  Exported /geogfs1/home/u3666068/Point2Roof-master/output/tallin_subset_4096/test_results/13517_pred.obj: points=1 edges=0
2026-05-29 10:21:08,687   INFO  Exported /geogfs1/home/u3666068/Point2Roof-master/output/tallin_subset_4096/test_results/13524_pred.obj: points=1 edges=0
2026-05-29 10:21:08,972   INFO  Exported /geogfs1/home/u3666068/Point2Roof-master/output/tallin_subset_4096/test_results/1354_pred.obj: points=1 edges=0
2026-05-29 10:21:09,261   INFO  Exported /geogfs1/home/u3666068/Point2Roof-master/output/tallin_subset_4096/test_results/13543_pred.obj: points=1 edges=0
2026-05-29 10:21:09,552   INFO  Exported /geogfs1/home/u3666068/Point2Roof-master/output/tallin_subset_4096/test_results/13558_pred.obj: points=1 edges=0
2026-05-29 10:21:09,860   INFO  Exported /geogfs1/home/u3666068/Point2Roof-master/output/tallin_subset_4096/test_results/13662_pred.obj: points=1 edges=0
2026-05-29 10:21:10,153   INFO  Exported /geogfs1/home/u3666068/Point2Roof-master/output/tallin_subset_4096/test_results/13667_pred.obj: points=1 edges=0
2026-05-29 10:21:10,453   INFO  Exported /geogfs1/home/u3666068/Point2Roof-master/output/tallin_subset_4096/test_results/13676_pred.obj: points=1 edges=0
2026-05-29 10:21:10,761   INFO  Exported /geogfs1/home/u3666068/Point2Roof-master/output/tallin_subset_4096/test_results/13680_pred.obj: points=1 edges=0
2026-05-29 10:21:11,032   INFO  Exported /geogfs1/home/u3666068/Point2Roof-master/output/tallin_subset_4096/test_results/13689_pred.obj: points=1 edges=0
2026-05-29 10:21:11,304   INFO  Exported /geogfs1/home/u3666068/Point2Roof-master/output/tallin_subset_4096/test_results/13697_pred.obj: points=1 edges=0
2026-05-29 10:21:11,585   INFO  Exported /geogfs1/home/u3666068/Point2Roof-master/output/tallin_subset_4096/test_results/13701_pred.obj: points=1 edges=0
2026-05-29 10:21:11,863   INFO  Exported /geogfs1/home/u3666068/Point2Roof-master/output/tallin_subset_4096/test_results/13712_pred.obj: points=1 edges=0
2026-05-29 10:21:12,142   INFO  Exported /geogfs1/home/u3666068/Point2Roof-master/output/tallin_subset_4096/test_results/13720_pred.obj: points=1 edges=0
2026-05-29 10:21:12,414   INFO  Exported /geogfs1/home/u3666068/Point2Roof-master/output/tallin_subset_4096/test_results/13754_pred.obj: points=1 edges=0
2026-05-29 10:21:12,684   INFO  Exported /geogfs1/home/u3666068/Point2Roof-master/output/tallin_subset_4096/test_results/13767_pred.obj: points=1 edges=0
2026-05-29 10:21:12,955   INFO  Exported /geogfs1/home/u3666068/Point2Roof-master/output/tallin_subset_4096/test_results/13774_pred.obj: points=1 edges=0
2026-05-29 10:21:13,226   INFO  Exported /geogfs1/home/u3666068/Point2Roof-master/output/tallin_subset_4096/test_results/13775_pred.obj: points=1 edges=0
2026-05-29 10:21:13,491   INFO  Exported /geogfs1/home/u3666068/Point2Roof-master/output/tallin_subset_4096/test_results/1378_pred.obj: points=1 edges=0
2026-05-29 10:21:13,753   INFO  Exported /geogfs1/home/u3666068/Point2Roof-master/output/tallin_subset_4096/test_results/13806_pred.obj: points=1 edges=0
2026-05-29 10:21:14,007   INFO  Exported /geogfs1/home/u3666068/Point2Roof-master/output/tallin_subset_4096/test_results/13808_pred.obj: points=1 edges=0
2026-05-29 10:21:14,253   INFO  Exported /geogfs1/home/u3666068/Point2Roof-master/output/tallin_subset_4096/test_results/1385_pred.obj: points=1 edges=0
2026-05-29 10:21:14,503   INFO  Exported /geogfs1/home/u3666068/Point2Roof-master/output/tallin_subset_4096/test_results/13856_pred.obj: points=1 edges=0
2026-05-29 10:21:14,754   INFO  Exported /geogfs1/home/u3666068/Point2Roof-master/output/tallin_subset_4096/test_results/13870_pred.obj: points=1 edges=0
2026-05-29 10:21:15,006   INFO  Exported /geogfs1/home/u3666068/Point2Roof-master/output/tallin_subset_4096/test_results/13873_pred.obj: points=1 edges=0
2026-05-29 10:21:15,259   INFO  Exported /geogfs1/home/u3666068/Point2Roof-master/output/tallin_subset_4096/test_results/13925_pred.obj: points=1 edges=0
2026-05-29 10:21:15,514   INFO  Exported /geogfs1/home/u3666068/Point2Roof-master/output/tallin_subset_4096/test_results/13944_pred.obj: points=1 edges=0
2026-05-29 10:21:15,768   INFO  Exported /geogfs1/home/u3666068/Point2Roof-master/output/tallin_subset_4096/test_results/13946_pred.obj: points=1 edges=0
2026-05-29 10:21:16,027   INFO  Exported /geogfs1/home/u3666068/Point2Roof-master/output/tallin_subset_4096/test_results/13969_pred.obj: points=1 edges=0
2026-05-29 10:21:16,284   INFO  Exported /geogfs1/home/u3666068/Point2Roof-master/output/tallin_subset_4096/test_results/13981_pred.obj: points=1 edges=0
2026-05-29 10:21:16,542   INFO  Exported /geogfs1/home/u3666068/Point2Roof-master/output/tallin_subset_4096/test_results/13983_pred.obj: points=1 edges=0
2026-05-29 10:21:16,803   INFO  Exported /geogfs1/home/u3666068/Point2Roof-master/output/tallin_subset_4096/test_results/14011_pred.obj: points=1 edges=0
2026-05-29 10:21:17,062   INFO  Exported /geogfs1/home/u3666068/Point2Roof-master/output/tallin_subset_4096/test_results/14014_pred.obj: points=1 edges=0
2026-05-29 10:21:17,317   INFO  Exported /geogfs1/home/u3666068/Point2Roof-master/output/tallin_subset_4096/test_results/14021_pred.obj: points=1 edges=0
2026-05-29 10:21:17,575   INFO  Exported /geogfs1/home/u3666068/Point2Roof-master/output/tallin_subset_4096/test_results/14030_pred.obj: points=1 edges=0
2026-05-29 10:21:17,837   INFO  Exported /geogfs1/home/u3666068/Point2Roof-master/output/tallin_subset_4096/test_results/14058_pred.obj: points=1 edges=0
2026-05-29 10:21:18,098   INFO  Exported /geogfs1/home/u3666068/Point2Roof-master/output/tallin_subset_4096/test_results/14073_pred.obj: points=1 edges=0
2026-05-29 10:21:18,357   INFO  Exported /geogfs1/home/u3666068/Point2Roof-master/output/tallin_subset_4096/test_results/14129_pred.obj: points=1 edges=0
2026-05-29 10:21:18,611   INFO  Exported /geogfs1/home/u3666068/Point2Roof-master/output/tallin_subset_4096/test_results/14138_pred.obj: points=1 edges=0
2026-05-29 10:21:18,870   INFO  Exported /geogfs1/home/u3666068/Point2Roof-master/output/tallin_subset_4096/test_results/14146_pred.obj: points=1 edges=0
2026-05-29 10:21:19,145   INFO  Exported /geogfs1/home/u3666068/Point2Roof-master/output/tallin_subset_4096/test_results/14155_pred.obj: points=1 edges=0
2026-05-29 10:21:19,413   INFO  Exported /geogfs1/home/u3666068/Point2Roof-master/output/tallin_subset_4096/test_results/14156_pred.obj: points=1 edges=0
2026-05-29 10:21:19,648   INFO  Exported /geogfs1/home/u3666068/Point2Roof-master/output/tallin_subset_4096/test_results/14172_pred.obj: points=1 edges=0
2026-05-29 10:21:19,889   INFO  Exported /geogfs1/home/u3666068/Point2Roof-master/output/tallin_subset_4096/test_results/14179_pred.obj: points=1 edges=0
2026-05-29 10:21:20,116   INFO  Exported /geogfs1/home/u3666068/Point2Roof-master/output/tallin_subset_4096/test_results/1418_pred.obj: points=1 edges=0
2026-05-29 10:21:20,343   INFO  Exported /geogfs1/home/u3666068/Point2Roof-master/output/tallin_subset_4096/test_results/14190_pred.obj: points=1 edges=0
2026-05-29 10:21:20,573   INFO  Exported /geogfs1/home/u3666068/Point2Roof-master/output/tallin_subset_4096/test_results/14200_pred.obj: points=1 edges=0
2026-05-29 10:21:20,793   INFO  Exported /geogfs1/home/u3666068/Point2Roof-master/output/tallin_subset_4096/test_results/14212_pred.obj: points=1 edges=0
2026-05-29 10:21:21,010   INFO  Exported /geogfs1/home/u3666068/Point2Roof-master/output/tallin_subset_4096/test_results/14241_pred.obj: points=1 edges=0
2026-05-29 10:21:21,231   INFO  Exported /geogfs1/home/u3666068/Point2Roof-master/output/tallin_subset_4096/test_results/14247_pred.obj: points=1 edges=0
2026-05-29 10:21:21,453   INFO  Exported /geogfs1/home/u3666068/Point2Roof-master/output/tallin_subset_4096/test_results/14251_pred.obj: points=1 edges=0
2026-05-29 10:21:21,675   INFO  Exported /geogfs1/home/u3666068/Point2Roof-master/output/tallin_subset_4096/test_results/14255_pred.obj: points=1 edges=0
2026-05-29 10:21:21,898   INFO  Exported /geogfs1/home/u3666068/Point2Roof-master/output/tallin_subset_4096/test_results/14280_pred.obj: points=1 edges=0
2026-05-29 10:21:22,138   INFO  Exported /geogfs1/home/u3666068/Point2Roof-master/output/tallin_subset_4096/test_results/14291_pred.obj: points=1 edges=0
2026-05-29 10:21:22,401   INFO  Exported /geogfs1/home/u3666068/Point2Roof-master/output/tallin_subset_4096/test_results/14334_pred.obj: points=1 edges=0
2026-05-29 10:21:22,678   INFO  Exported /geogfs1/home/u3666068/Point2Roof-master/output/tallin_subset_4096/test_results/14363_pred.obj: points=1 edges=0
2026-05-29 10:21:22,950   INFO  Exported /geogfs1/home/u3666068/Point2Roof-master/output/tallin_subset_4096/test_results/14366_pred.obj: points=1 edges=0
2026-05-29 10:21:23,251   INFO  Exported /geogfs1/home/u3666068/Point2Roof-master/output/tallin_subset_4096/test_results/14368_pred.obj: points=1 edges=0
2026-05-29 10:21:23,551   INFO  Exported /geogfs1/home/u3666068/Point2Roof-master/output/tallin_subset_4096/test_results/14378_pred.obj: points=1 edges=0
2026-05-29 10:21:23,851   INFO  Exported /geogfs1/home/u3666068/Point2Roof-master/output/tallin_subset_4096/test_results/14426_pred.obj: points=1 edges=0
2026-05-29 10:21:24,155   INFO  Exported /geogfs1/home/u3666068/Point2Roof-master/output/tallin_subset_4096/test_results/1444_pred.obj: points=1 edges=0
2026-05-29 10:21:24,448   INFO  Exported /geogfs1/home/u3666068/Point2Roof-master/output/tallin_subset_4096/test_results/14445_pred.obj: points=1 edges=0
2026-05-29 10:21:24,743   INFO  Exported /geogfs1/home/u3666068/Point2Roof-master/output/tallin_subset_4096/test_results/14454_pred.obj: points=1 edges=0
2026-05-29 10:21:25,040   INFO  Exported /geogfs1/home/u3666068/Point2Roof-master/output/tallin_subset_4096/test_results/14475_pred.obj: points=1 edges=0
2026-05-29 10:21:25,341   INFO  Exported /geogfs1/home/u3666068/Point2Roof-master/output/tallin_subset_4096/test_results/14509_pred.obj: points=1 edges=0
2026-05-29 10:21:25,630   INFO  Exported /geogfs1/home/u3666068/Point2Roof-master/output/tallin_subset_4096/test_results/14533_pred.obj: points=1 edges=0
2026-05-29 10:21:25,912   INFO  Exported /geogfs1/home/u3666068/Point2Roof-master/output/tallin_subset_4096/test_results/14551_pred.obj: points=1 edges=0
2026-05-29 10:21:26,195   INFO  Exported /geogfs1/home/u3666068/Point2Roof-master/output/tallin_subset_4096/test_results/14556_pred.obj: points=1 edges=0
2026-05-29 10:21:26,482   INFO  Exported /geogfs1/home/u3666068/Point2Roof-master/output/tallin_subset_4096/test_results/1456_pred.obj: points=1 edges=0
2026-05-29 10:21:26,769   INFO  Exported /geogfs1/home/u3666068/Point2Roof-master/output/tallin_subset_4096/test_results/14564_pred.obj: points=1 edges=0
2026-05-29 10:21:27,062   INFO  Exported /geogfs1/home/u3666068/Point2Roof-master/output/tallin_subset_4096/test_results/14577_pred.obj: points=1 edges=0
2026-05-29 10:21:27,342   INFO  Exported /geogfs1/home/u3666068/Point2Roof-master/output/tallin_subset_4096/test_results/14583_pred.obj: points=1 edges=0
2026-05-29 10:21:27,614   INFO  Exported /geogfs1/home/u3666068/Point2Roof-master/output/tallin_subset_4096/test_results/14593_pred.obj: points=1 edges=0
2026-05-29 10:21:27,889   INFO  Exported /geogfs1/home/u3666068/Point2Roof-master/output/tallin_subset_4096/test_results/14600_pred.obj: points=1 edges=0
2026-05-29 10:21:28,166   INFO  Exported /geogfs1/home/u3666068/Point2Roof-master/output/tallin_subset_4096/test_results/14604_pred.obj: points=1 edges=0
2026-05-29 10:21:28,438   INFO  Exported /geogfs1/home/u3666068/Point2Roof-master/output/tallin_subset_4096/test_results/14625_pred.obj: points=1 edges=0
2026-05-29 10:21:28,707   INFO  Exported /geogfs1/home/u3666068/Point2Roof-master/output/tallin_subset_4096/test_results/14645_pred.obj: points=1 edges=0
2026-05-29 10:21:28,968   INFO  Exported /geogfs1/home/u3666068/Point2Roof-master/output/tallin_subset_4096/test_results/14660_pred.obj: points=1 edges=0
2026-05-29 10:21:29,223   INFO  Exported /geogfs1/home/u3666068/Point2Roof-master/output/tallin_subset_4096/test_results/14662_pred.obj: points=1 edges=0
2026-05-29 10:21:29,473   INFO  Exported /geogfs1/home/u3666068/Point2Roof-master/output/tallin_subset_4096/test_results/14664_pred.obj: points=1 edges=0
2026-05-29 10:21:29,718   INFO  Exported /geogfs1/home/u3666068/Point2Roof-master/output/tallin_subset_4096/test_results/14670_pred.obj: points=1 edges=0
2026-05-29 10:21:29,965   INFO  Exported /geogfs1/home/u3666068/Point2Roof-master/output/tallin_subset_4096/test_results/14677_pred.obj: points=1 edges=0
2026-05-29 10:21:30,215   INFO  Exported /geogfs1/home/u3666068/Point2Roof-master/output/tallin_subset_4096/test_results/14681_pred.obj: points=1 edges=0
2026-05-29 10:21:30,467   INFO  Exported /geogfs1/home/u3666068/Point2Roof-master/output/tallin_subset_4096/test_results/14682_pred.obj: points=1 edges=0
2026-05-29 10:21:30,716   INFO  Exported /geogfs1/home/u3666068/Point2Roof-master/output/tallin_subset_4096/test_results/14685_pred.obj: points=1 edges=0
2026-05-29 10:21:30,967   INFO  Exported /geogfs1/home/u3666068/Point2Roof-master/output/tallin_subset_4096/test_results/14687_pred.obj: points=1 edges=0
2026-05-29 10:21:31,220   INFO  Exported /geogfs1/home/u3666068/Point2Roof-master/output/tallin_subset_4096/test_results/1469_pred.obj: points=1 edges=0
2026-05-29 10:21:31,476   INFO  Exported /geogfs1/home/u3666068/Point2Roof-master/output/tallin_subset_4096/test_results/14699_pred.obj: points=1 edges=0
2026-05-29 10:21:31,731   INFO  Exported /geogfs1/home/u3666068/Point2Roof-master/output/tallin_subset_4096/test_results/14710_pred.obj: points=1 edges=0
2026-05-29 10:21:31,988   INFO  Exported /geogfs1/home/u3666068/Point2Roof-master/output/tallin_subset_4096/test_results/14712_pred.obj: points=1 edges=0
2026-05-29 10:21:32,247   INFO  Exported /geogfs1/home/u3666068/Point2Roof-master/output/tallin_subset_4096/test_results/14722_pred.obj: points=1 edges=0
2026-05-29 10:21:32,507   INFO  Exported /geogfs1/home/u3666068/Point2Roof-master/output/tallin_subset_4096/test_results/14726_pred.obj: points=1 edges=0
2026-05-29 10:21:32,769   INFO  Exported /geogfs1/home/u3666068/Point2Roof-master/output/tallin_subset_4096/test_results/14734_pred.obj: points=1 edges=0
2026-05-29 10:21:33,028   INFO  Exported /geogfs1/home/u3666068/Point2Roof-master/output/tallin_subset_4096/test_results/14741_pred.obj: points=1 edges=0
2026-05-29 10:21:33,282   INFO  Exported /geogfs1/home/u3666068/Point2Roof-master/output/tallin_subset_4096/test_results/14750_pred.obj: points=1 edges=0
2026-05-29 10:21:33,530   INFO  Exported /geogfs1/home/u3666068/Point2Roof-master/output/tallin_subset_4096/test_results/14752_pred.obj: points=1 edges=0
2026-05-29 10:21:33,792   INFO  Exported /geogfs1/home/u3666068/Point2Roof-master/output/tallin_subset_4096/test_results/14762_pred.obj: points=1 edges=0
2026-05-29 10:21:34,047   INFO  Exported /geogfs1/home/u3666068/Point2Roof-master/output/tallin_subset_4096/test_results/14765_pred.obj: points=1 edges=0
2026-05-29 10:21:34,303   INFO  Exported /geogfs1/home/u3666068/Point2Roof-master/output/tallin_subset_4096/test_results/14788_pred.obj: points=1 edges=0
2026-05-29 10:21:34,562   INFO  Exported /geogfs1/home/u3666068/Point2Roof-master/output/tallin_subset_4096/test_results/14792_pred.obj: points=1 edges=0
2026-05-29 10:21:34,809   INFO  Exported /geogfs1/home/u3666068/Point2Roof-master/output/tallin_subset_4096/test_results/14795_pred.obj: points=1 edges=0
2026-05-29 10:21:35,056   INFO  Exported /geogfs1/home/u3666068/Point2Roof-master/output/tallin_subset_4096/test_results/14801_pred.obj: points=1 edges=0
2026-05-29 10:21:35,297   INFO  Exported /geogfs1/home/u3666068/Point2Roof-master/output/tallin_subset_4096/test_results/14804_pred.obj: points=1 edges=0
2026-05-29 10:21:35,524   INFO  Exported /geogfs1/home/u3666068/Point2Roof-master/output/tallin_subset_4096/test_results/14807_pred.obj: points=1 edges=0
2026-05-29 10:21:35,739   INFO  Exported /geogfs1/home/u3666068/Point2Roof-master/output/tallin_subset_4096/test_results/14837_pred.obj: points=1 edges=0
2026-05-29 10:21:35,955   INFO  Exported /geogfs1/home/u3666068/Point2Roof-master/output/tallin_subset_4096/test_results/14847_pred.obj: points=1 edges=0
2026-05-29 10:21:36,165   INFO  Exported /geogfs1/home/u3666068/Point2Roof-master/output/tallin_subset_4096/test_results/14853_pred.obj: points=1 edges=0
2026-05-29 10:21:36,379   INFO  Exported /geogfs1/home/u3666068/Point2Roof-master/output/tallin_subset_4096/test_results/14859_pred.obj: points=1 edges=0
2026-05-29 10:21:36,593   INFO  Exported /geogfs1/home/u3666068/Point2Roof-master/output/tallin_subset_4096/test_results/1487_pred.obj: points=1 edges=0
2026-05-29 10:21:36,847   INFO  Exported /geogfs1/home/u3666068/Point2Roof-master/output/tallin_subset_4096/test_results/14876_pred.obj: points=1 edges=0
2026-05-29 10:21:37,121   INFO  Exported /geogfs1/home/u3666068/Point2Roof-master/output/tallin_subset_4096/test_results/14884_pred.obj: points=1 edges=0
2026-05-29 10:21:37,421   INFO  Exported /geogfs1/home/u3666068/Point2Roof-master/output/tallin_subset_4096/test_results/14897_pred.obj: points=1 edges=0
2026-05-29 10:21:37,720   INFO  Exported /geogfs1/home/u3666068/Point2Roof-master/output/tallin_subset_4096/test_results/14928_pred.obj: points=1 edges=0
2026-05-29 10:21:38,016   INFO  Exported /geogfs1/home/u3666068/Point2Roof-master/output/tallin_subset_4096/test_results/14935_pred.obj: points=1 edges=0
2026-05-29 10:21:38,317   INFO  Exported /geogfs1/home/u3666068/Point2Roof-master/output/tallin_subset_4096/test_results/14937_pred.obj: points=1 edges=0
2026-05-29 10:21:38,622   INFO  Exported /geogfs1/home/u3666068/Point2Roof-master/output/tallin_subset_4096/test_results/14965_pred.obj: points=1 edges=0
2026-05-29 10:21:38,923   INFO  Exported /geogfs1/home/u3666068/Point2Roof-master/output/tallin_subset_4096/test_results/14971_pred.obj: points=1 edges=0
2026-05-29 10:21:39,214   INFO  Exported /geogfs1/home/u3666068/Point2Roof-master/output/tallin_subset_4096/test_results/150_pred.obj: points=1 edges=0
2026-05-29 10:21:39,479   INFO  Exported /geogfs1/home/u3666068/Point2Roof-master/output/tallin_subset_4096/test_results/1500_pred.obj: points=1 edges=0
2026-05-29 10:21:39,734   INFO  Exported /geogfs1/home/u3666068/Point2Roof-master/output/tallin_subset_4096/test_results/15003_pred.obj: points=1 edges=0
2026-05-29 10:21:39,994   INFO  Exported /geogfs1/home/u3666068/Point2Roof-master/output/tallin_subset_4096/test_results/15006_pred.obj: points=1 edges=0
2026-05-29 10:21:40,256   INFO  Exported /geogfs1/home/u3666068/Point2Roof-master/output/tallin_subset_4096/test_results/15013_pred.obj: points=1 edges=0
2026-05-29 10:21:40,517   INFO  Exported /geogfs1/home/u3666068/Point2Roof-master/output/tallin_subset_4096/test_results/15014_pred.obj: points=1 edges=0
2026-05-29 10:21:40,831   INFO  Exported /geogfs1/home/u3666068/Point2Roof-master/output/tallin_subset_4096/test_results/15015_pred.obj: points=1 edges=0
2026-05-29 10:21:41,129   INFO  Exported /geogfs1/home/u3666068/Point2Roof-master/output/tallin_subset_4096/test_results/15018_pred.obj: points=1 edges=0
2026-05-29 10:21:41,428   INFO  Exported /geogfs1/home/u3666068/Point2Roof-master/output/tallin_subset_4096/test_results/15058_pred.obj: points=1 edges=0
2026-05-29 10:21:41,722   INFO  Exported /geogfs1/home/u3666068/Point2Roof-master/output/tallin_subset_4096/test_results/15062_pred.obj: points=1 edges=0
2026-05-29 10:21:42,013   INFO  Exported /geogfs1/home/u3666068/Point2Roof-master/output/tallin_subset_4096/test_results/15079_pred.obj: points=1 edges=0
2026-05-29 10:21:42,305   INFO  Exported /geogfs1/home/u3666068/Point2Roof-master/output/tallin_subset_4096/test_results/1508_pred.obj: points=1 edges=0
2026-05-29 10:21:42,592   INFO  Exported /geogfs1/home/u3666068/Point2Roof-master/output/tallin_subset_4096/test_results/15080_pred.obj: points=1 edges=0
2026-05-29 10:21:42,877   INFO  Exported /geogfs1/home/u3666068/Point2Roof-master/output/tallin_subset_4096/test_results/15100_pred.obj: points=1 edges=0
2026-05-29 10:21:43,144   INFO  Exported /geogfs1/home/u3666068/Point2Roof-master/output/tallin_subset_4096/test_results/15101_pred.obj: points=1 edges=0
2026-05-29 10:21:43,396   INFO  Exported /geogfs1/home/u3666068/Point2Roof-master/output/tallin_subset_4096/test_results/15144_pred.obj: points=1 edges=0
2026-05-29 10:21:43,638   INFO  Exported /geogfs1/home/u3666068/Point2Roof-master/output/tallin_subset_4096/test_results/15147_pred.obj: points=1 edges=0
2026-05-29 10:21:43,882   INFO  Exported /geogfs1/home/u3666068/Point2Roof-master/output/tallin_subset_4096/test_results/15155_pred.obj: points=1 edges=0
2026-05-29 10:21:44,129   INFO  Exported /geogfs1/home/u3666068/Point2Roof-master/output/tallin_subset_4096/test_results/1516_pred.obj: points=1 edges=0
2026-05-29 10:21:44,381   INFO  Exported /geogfs1/home/u3666068/Point2Roof-master/output/tallin_subset_4096/test_results/15160_pred.obj: points=1 edges=0
2026-05-29 10:21:44,636   INFO  Exported /geogfs1/home/u3666068/Point2Roof-master/output/tallin_subset_4096/test_results/15186_pred.obj: points=1 edges=0
2026-05-29 10:21:44,887   INFO  Exported /geogfs1/home/u3666068/Point2Roof-master/output/tallin_subset_4096/test_results/15205_pred.obj: points=1 edges=0
2026-05-29 10:21:45,141   INFO  Exported /geogfs1/home/u3666068/Point2Roof-master/output/tallin_subset_4096/test_results/15229_pred.obj: points=1 edges=0
2026-05-29 10:21:45,394   INFO  Exported /geogfs1/home/u3666068/Point2Roof-master/output/tallin_subset_4096/test_results/15231_pred.obj: points=1 edges=0
2026-05-29 10:21:45,641   INFO  Exported /geogfs1/home/u3666068/Point2Roof-master/output/tallin_subset_4096/test_results/15237_pred.obj: points=1 edges=0
2026-05-29 10:21:45,890   INFO  Exported /geogfs1/home/u3666068/Point2Roof-master/output/tallin_subset_4096/test_results/15264_pred.obj: points=1 edges=0
2026-05-29 10:21:46,138   INFO  Exported /geogfs1/home/u3666068/Point2Roof-master/output/tallin_subset_4096/test_results/15278_pred.obj: points=1 edges=0
2026-05-29 10:21:46,391   INFO  Exported /geogfs1/home/u3666068/Point2Roof-master/output/tallin_subset_4096/test_results/15287_pred.obj: points=1 edges=0
2026-05-29 10:21:46,641   INFO  Exported /geogfs1/home/u3666068/Point2Roof-master/output/tallin_subset_4096/test_results/15302_pred.obj: points=1 edges=0
2026-05-29 10:21:46,888   INFO  Exported /geogfs1/home/u3666068/Point2Roof-master/output/tallin_subset_4096/test_results/15308_pred.obj: points=1 edges=0
2026-05-29 10:21:47,141   INFO  Exported /geogfs1/home/u3666068/Point2Roof-master/output/tallin_subset_4096/test_results/15368_pred.obj: points=1 edges=0
2026-05-29 10:21:47,396   INFO  Exported /geogfs1/home/u3666068/Point2Roof-master/output/tallin_subset_4096/test_results/15383_pred.obj: points=1 edges=0
2026-05-29 10:21:47,658   INFO  Exported /geogfs1/home/u3666068/Point2Roof-master/output/tallin_subset_4096/test_results/15384_pred.obj: points=1 edges=0
2026-05-29 10:21:47,923   INFO  Exported /geogfs1/home/u3666068/Point2Roof-master/output/tallin_subset_4096/test_results/15395_pred.obj: points=1 edges=0
2026-05-29 10:21:48,179   INFO  Exported /geogfs1/home/u3666068/Point2Roof-master/output/tallin_subset_4096/test_results/15410_pred.obj: points=1 edges=0
2026-05-29 10:21:48,436   INFO  Exported /geogfs1/home/u3666068/Point2Roof-master/output/tallin_subset_4096/test_results/15411_pred.obj: points=1 edges=0
2026-05-29 10:21:48,703   INFO  Exported /geogfs1/home/u3666068/Point2Roof-master/output/tallin_subset_4096/test_results/15417_pred.obj: points=1 edges=0
2026-05-29 10:21:48,962   INFO  Exported /geogfs1/home/u3666068/Point2Roof-master/output/tallin_subset_4096/test_results/1542_pred.obj: points=1 edges=0
2026-05-29 10:21:49,222   INFO  Exported /geogfs1/home/u3666068/Point2Roof-master/output/tallin_subset_4096/test_results/15506_pred.obj: points=1 edges=0
2026-05-29 10:21:49,452   INFO  Exported /geogfs1/home/u3666068/Point2Roof-master/output/tallin_subset_4096/test_results/15523_pred.obj: points=1 edges=0
2026-05-29 10:21:49,683   INFO  Exported /geogfs1/home/u3666068/Point2Roof-master/output/tallin_subset_4096/test_results/1554_pred.obj: points=1 edges=0
2026-05-29 10:21:49,910   INFO  Exported /geogfs1/home/u3666068/Point2Roof-master/output/tallin_subset_4096/test_results/15561_pred.obj: points=1 edges=0
2026-05-29 10:21:50,122   INFO  Exported /geogfs1/home/u3666068/Point2Roof-master/output/tallin_subset_4096/test_results/15566_pred.obj: points=1 edges=0
2026-05-29 10:21:50,337   INFO  Exported /geogfs1/home/u3666068/Point2Roof-master/output/tallin_subset_4096/test_results/1557_pred.obj: points=1 edges=0
2026-05-29 10:21:50,549   INFO  Exported /geogfs1/home/u3666068/Point2Roof-master/output/tallin_subset_4096/test_results/15576_pred.obj: points=1 edges=0
2026-05-29 10:21:50,758   INFO  Exported /geogfs1/home/u3666068/Point2Roof-master/output/tallin_subset_4096/test_results/15588_pred.obj: points=1 edges=0
2026-05-29 10:21:50,987   INFO  Exported /geogfs1/home/u3666068/Point2Roof-master/output/tallin_subset_4096/test_results/15598_pred.obj: points=1 edges=0
2026-05-29 10:21:51,217   INFO  Exported /geogfs1/home/u3666068/Point2Roof-master/output/tallin_subset_4096/test_results/1561_pred.obj: points=1 edges=0
2026-05-29 10:21:51,452   INFO  Exported /geogfs1/home/u3666068/Point2Roof-master/output/tallin_subset_4096/test_results/15610_pred.obj: points=1 edges=0
2026-05-29 10:21:51,735   INFO  Exported /geogfs1/home/u3666068/Point2Roof-master/output/tallin_subset_4096/test_results/15622_pred.obj: points=1 edges=0
2026-05-29 10:21:52,024   INFO  Exported /geogfs1/home/u3666068/Point2Roof-master/output/tallin_subset_4096/test_results/15645_pred.obj: points=1 edges=0
2026-05-29 10:21:52,307   INFO  Exported /geogfs1/home/u3666068/Point2Roof-master/output/tallin_subset_4096/test_results/15666_pred.obj: points=1 edges=0
2026-05-29 10:21:52,593   INFO  Exported /geogfs1/home/u3666068/Point2Roof-master/output/tallin_subset_4096/test_results/15687_pred.obj: points=1 edges=0
2026-05-29 10:21:52,876   INFO  Exported /geogfs1/home/u3666068/Point2Roof-master/output/tallin_subset_4096/test_results/15699_pred.obj: points=1 edges=0
2026-05-29 10:21:53,167   INFO  Exported /geogfs1/home/u3666068/Point2Roof-master/output/tallin_subset_4096/test_results/1572_pred.obj: points=1 edges=0
2026-05-29 10:21:53,457   INFO  Exported /geogfs1/home/u3666068/Point2Roof-master/output/tallin_subset_4096/test_results/15725_pred.obj: points=1 edges=0
2026-05-29 10:21:53,748   INFO  Exported /geogfs1/home/u3666068/Point2Roof-master/output/tallin_subset_4096/test_results/15738_pred.obj: points=1 edges=0
2026-05-29 10:21:54,003   INFO  Exported /geogfs1/home/u3666068/Point2Roof-master/output/tallin_subset_4096/test_results/15750_pred.obj: points=1 edges=0
2026-05-29 10:21:54,262   INFO  Exported /geogfs1/home/u3666068/Point2Roof-master/output/tallin_subset_4096/test_results/15792_pred.obj: points=1 edges=0
2026-05-29 10:21:54,539   INFO  Exported /geogfs1/home/u3666068/Point2Roof-master/output/tallin_subset_4096/test_results/15800_pred.obj: points=1 edges=0
2026-05-29 10:21:54,816   INFO  Exported /geogfs1/home/u3666068/Point2Roof-master/output/tallin_subset_4096/test_results/15804_pred.obj: points=1 edges=0
2026-05-29 10:21:55,081   INFO  Exported /geogfs1/home/u3666068/Point2Roof-master/output/tallin_subset_4096/test_results/15814_pred.obj: points=1 edges=0
2026-05-29 10:21:55,323   INFO  Exported /geogfs1/home/u3666068/Point2Roof-master/output/tallin_subset_4096/test_results/15825_pred.obj: points=1 edges=0
2026-05-29 10:21:55,570   INFO  Exported /geogfs1/home/u3666068/Point2Roof-master/output/tallin_subset_4096/test_results/15844_pred.obj: points=1 edges=0
2026-05-29 10:21:55,832   INFO  Exported /geogfs1/home/u3666068/Point2Roof-master/output/tallin_subset_4096/test_results/15852_pred.obj: points=1 edges=0
2026-05-29 10:21:56,092   INFO  Exported /geogfs1/home/u3666068/Point2Roof-master/output/tallin_subset_4096/test_results/15857_pred.obj: points=1 edges=0
2026-05-29 10:21:56,353   INFO  Exported /geogfs1/home/u3666068/Point2Roof-master/output/tallin_subset_4096/test_results/15858_pred.obj: points=1 edges=0
2026-05-29 10:21:56,609   INFO  Exported /geogfs1/home/u3666068/Point2Roof-master/output/tallin_subset_4096/test_results/15870_pred.obj: points=1 edges=0
2026-05-29 10:21:56,858   INFO  Exported /geogfs1/home/u3666068/Point2Roof-master/output/tallin_subset_4096/test_results/15877_pred.obj: points=1 edges=0
2026-05-29 10:21:57,127   INFO  Exported /geogfs1/home/u3666068/Point2Roof-master/output/tallin_subset_4096/test_results/15896_pred.obj: points=1 edges=0
2026-05-29 10:21:57,394   INFO  Exported /geogfs1/home/u3666068/Point2Roof-master/output/tallin_subset_4096/test_results/15915_pred.obj: points=1 edges=0
2026-05-29 10:21:57,658   INFO  Exported /geogfs1/home/u3666068/Point2Roof-master/output/tallin_subset_4096/test_results/15937_pred.obj: points=1 edges=0
2026-05-29 10:21:57,928   INFO  Exported /geogfs1/home/u3666068/Point2Roof-master/output/tallin_subset_4096/test_results/15954_pred.obj: points=1 edges=0
2026-05-29 10:21:58,193   INFO  Exported /geogfs1/home/u3666068/Point2Roof-master/output/tallin_subset_4096/test_results/15965_pred.obj: points=1 edges=0
2026-05-29 10:21:58,455   INFO  Exported /geogfs1/home/u3666068/Point2Roof-master/output/tallin_subset_4096/test_results/15970_pred.obj: points=1 edges=0
2026-05-29 10:21:58,721   INFO  Exported /geogfs1/home/u3666068/Point2Roof-master/output/tallin_subset_4096/test_results/16007_pred.obj: points=1 edges=0
2026-05-29 10:21:58,984   INFO  Exported /geogfs1/home/u3666068/Point2Roof-master/output/tallin_subset_4096/test_results/16022_pred.obj: points=1 edges=0
2026-05-29 10:21:59,245   INFO  Exported /geogfs1/home/u3666068/Point2Roof-master/output/tallin_subset_4096/test_results/16039_pred.obj: points=1 edges=0
2026-05-29 10:21:59,514   INFO  Exported /geogfs1/home/u3666068/Point2Roof-master/output/tallin_subset_4096/test_results/16053_pred.obj: points=1 edges=0
2026-05-29 10:21:59,769   INFO  Exported /geogfs1/home/u3666068/Point2Roof-master/output/tallin_subset_4096/test_results/16056_pred.obj: points=1 edges=0
2026-05-29 10:22:00,025   INFO  Exported /geogfs1/home/u3666068/Point2Roof-master/output/tallin_subset_4096/test_results/16073_pred.obj: points=1 edges=0
2026-05-29 10:22:00,287   INFO  Exported /geogfs1/home/u3666068/Point2Roof-master/output/tallin_subset_4096/test_results/16088_pred.obj: points=1 edges=0
2026-05-29 10:22:00,546   INFO  Exported /geogfs1/home/u3666068/Point2Roof-master/output/tallin_subset_4096/test_results/16097_pred.obj: points=1 edges=0
2026-05-29 10:22:00,809   INFO  Exported /geogfs1/home/u3666068/Point2Roof-master/output/tallin_subset_4096/test_results/16127_pred.obj: points=1 edges=0
2026-05-29 10:22:01,076   INFO  Exported /geogfs1/home/u3666068/Point2Roof-master/output/tallin_subset_4096/test_results/16153_pred.obj: points=1 edges=0
2026-05-29 10:22:01,340   INFO  Exported /geogfs1/home/u3666068/Point2Roof-master/output/tallin_subset_4096/test_results/1616_pred.obj: points=1 edges=0
2026-05-29 10:22:01,608   INFO  Exported /geogfs1/home/u3666068/Point2Roof-master/output/tallin_subset_4096/test_results/16161_pred.obj: points=1 edges=0
2026-05-29 10:22:01,879   INFO  Exported /geogfs1/home/u3666068/Point2Roof-master/output/tallin_subset_4096/test_results/1617_pred.obj: points=1 edges=0
2026-05-29 10:22:02,142   INFO  Exported /geogfs1/home/u3666068/Point2Roof-master/output/tallin_subset_4096/test_results/16191_pred.obj: points=1 edges=0
2026-05-29 10:22:02,404   INFO  Exported /geogfs1/home/u3666068/Point2Roof-master/output/tallin_subset_4096/test_results/16195_pred.obj: points=1 edges=0
2026-05-29 10:22:02,666   INFO  Exported /geogfs1/home/u3666068/Point2Roof-master/output/tallin_subset_4096/test_results/16210_pred.obj: points=1 edges=0
2026-05-29 10:22:02,926   INFO  Exported /geogfs1/home/u3666068/Point2Roof-master/output/tallin_subset_4096/test_results/16224_pred.obj: points=1 edges=0
2026-05-29 10:22:03,184   INFO  Exported /geogfs1/home/u3666068/Point2Roof-master/output/tallin_subset_4096/test_results/16236_pred.obj: points=1 edges=0
2026-05-29 10:22:03,448   INFO  Exported /geogfs1/home/u3666068/Point2Roof-master/output/tallin_subset_4096/test_results/1625_pred.obj: points=1 edges=0
2026-05-29 10:22:03,712   INFO  Exported /geogfs1/home/u3666068/Point2Roof-master/output/tallin_subset_4096/test_results/16292_pred.obj: points=1 edges=0
2026-05-29 10:22:04,036   INFO  Exported /geogfs1/home/u3666068/Point2Roof-master/output/tallin_subset_4096/test_results/1630_pred.obj: points=1 edges=0
2026-05-29 10:22:04,317   INFO  Exported /geogfs1/home/u3666068/Point2Roof-master/output/tallin_subset_4096/test_results/16313_pred.obj: points=1 edges=0
2026-05-29 10:22:04,568   INFO  Exported /geogfs1/home/u3666068/Point2Roof-master/output/tallin_subset_4096/test_results/16328_pred.obj: points=1 edges=0
2026-05-29 10:22:04,825   INFO  Exported /geogfs1/home/u3666068/Point2Roof-master/output/tallin_subset_4096/test_results/16336_pred.obj: points=1 edges=0
2026-05-29 10:22:05,072   INFO  Exported /geogfs1/home/u3666068/Point2Roof-master/output/tallin_subset_4096/test_results/16340_pred.obj: points=1 edges=0
2026-05-29 10:22:05,334   INFO  Exported /geogfs1/home/u3666068/Point2Roof-master/output/tallin_subset_4096/test_results/16346_pred.obj: points=1 edges=0
2026-05-29 10:22:05,603   INFO  Exported /geogfs1/home/u3666068/Point2Roof-master/output/tallin_subset_4096/test_results/1638_pred.obj: points=1 edges=0
2026-05-29 10:22:05,880   INFO  Exported /geogfs1/home/u3666068/Point2Roof-master/output/tallin_subset_4096/test_results/16391_pred.obj: points=1 edges=0
2026-05-29 10:22:06,198   INFO  Exported /geogfs1/home/u3666068/Point2Roof-master/output/tallin_subset_4096/test_results/16443_pred.obj: points=1 edges=0
2026-05-29 10:22:06,511   INFO  Exported /geogfs1/home/u3666068/Point2Roof-master/output/tallin_subset_4096/test_results/16468_pred.obj: points=1 edges=0
2026-05-29 10:22:06,830   INFO  Exported /geogfs1/home/u3666068/Point2Roof-master/output/tallin_subset_4096/test_results/16500_pred.obj: points=1 edges=0
2026-05-29 10:22:07,147   INFO  Exported /geogfs1/home/u3666068/Point2Roof-master/output/tallin_subset_4096/test_results/16504_pred.obj: points=1 edges=0
2026-05-29 10:22:07,469   INFO  Exported /geogfs1/home/u3666068/Point2Roof-master/output/tallin_subset_4096/test_results/16526_pred.obj: points=1 edges=0
2026-05-29 10:22:07,788   INFO  Exported /geogfs1/home/u3666068/Point2Roof-master/output/tallin_subset_4096/test_results/16528_pred.obj: points=1 edges=0
2026-05-29 10:22:08,100   INFO  Exported /geogfs1/home/u3666068/Point2Roof-master/output/tallin_subset_4096/test_results/16557_pred.obj: points=1 edges=0
2026-05-29 10:22:08,401   INFO  Exported /geogfs1/home/u3666068/Point2Roof-master/output/tallin_subset_4096/test_results/16581_pred.obj: points=1 edges=0
2026-05-29 10:22:08,693   INFO  Exported /geogfs1/home/u3666068/Point2Roof-master/output/tallin_subset_4096/test_results/1659_pred.obj: points=1 edges=0
2026-05-29 10:22:08,961   INFO  Exported /geogfs1/home/u3666068/Point2Roof-master/output/tallin_subset_4096/test_results/1660_pred.obj: points=1 edges=0
2026-05-29 10:22:09,255   INFO  Exported /geogfs1/home/u3666068/Point2Roof-master/output/tallin_subset_4096/test_results/16609_pred.obj: points=1 edges=0
2026-05-29 10:22:09,548   INFO  Exported /geogfs1/home/u3666068/Point2Roof-master/output/tallin_subset_4096/test_results/16658_pred.obj: points=1 edges=0
2026-05-29 10:22:09,832   INFO  Exported /geogfs1/home/u3666068/Point2Roof-master/output/tallin_subset_4096/test_results/16665_pred.obj: points=1 edges=0
2026-05-29 10:22:10,109   INFO  Exported /geogfs1/home/u3666068/Point2Roof-master/output/tallin_subset_4096/test_results/16676_pred.obj: points=1 edges=0
2026-05-29 10:22:10,391   INFO  Exported /geogfs1/home/u3666068/Point2Roof-master/output/tallin_subset_4096/test_results/1670_pred.obj: points=1 edges=0
2026-05-29 10:22:10,665   INFO  Exported /geogfs1/home/u3666068/Point2Roof-master/output/tallin_subset_4096/test_results/16701_pred.obj: points=1 edges=0
2026-05-29 10:22:10,941   INFO  Exported /geogfs1/home/u3666068/Point2Roof-master/output/tallin_subset_4096/test_results/16734_pred.obj: points=1 edges=0
2026-05-29 10:22:11,215   INFO  Exported /geogfs1/home/u3666068/Point2Roof-master/output/tallin_subset_4096/test_results/16737_pred.obj: points=1 edges=0
2026-05-29 10:22:11,485   INFO  Exported /geogfs1/home/u3666068/Point2Roof-master/output/tallin_subset_4096/test_results/1675_pred.obj: points=1 edges=0
2026-05-29 10:22:11,748   INFO  Exported /geogfs1/home/u3666068/Point2Roof-master/output/tallin_subset_4096/test_results/16753_pred.obj: points=1 edges=0
2026-05-29 10:22:12,011   INFO  Exported /geogfs1/home/u3666068/Point2Roof-master/output/tallin_subset_4096/test_results/1676_pred.obj: points=1 edges=0
2026-05-29 10:22:12,281   INFO  Exported /geogfs1/home/u3666068/Point2Roof-master/output/tallin_subset_4096/test_results/16761_pred.obj: points=1 edges=0
2026-05-29 10:22:12,521   INFO  Exported /geogfs1/home/u3666068/Point2Roof-master/output/tallin_subset_4096/test_results/16776_pred.obj: points=1 edges=0
2026-05-29 10:22:12,768   INFO  Exported /geogfs1/home/u3666068/Point2Roof-master/output/tallin_subset_4096/test_results/16777_pred.obj: points=1 edges=0
2026-05-29 10:22:13,008   INFO  Exported /geogfs1/home/u3666068/Point2Roof-master/output/tallin_subset_4096/test_results/16802_pred.obj: points=1 edges=0
2026-05-29 10:22:13,256   INFO  Exported /geogfs1/home/u3666068/Point2Roof-master/output/tallin_subset_4096/test_results/16809_pred.obj: points=1 edges=0
2026-05-29 10:22:13,507   INFO  Exported /geogfs1/home/u3666068/Point2Roof-master/output/tallin_subset_4096/test_results/16814_pred.obj: points=1 edges=0
2026-05-29 10:22:13,756   INFO  Exported /geogfs1/home/u3666068/Point2Roof-master/output/tallin_subset_4096/test_results/16855_pred.obj: points=1 edges=0
2026-05-29 10:22:14,062   INFO  Exported /geogfs1/home/u3666068/Point2Roof-master/output/tallin_subset_4096/test_results/16857_pred.obj: points=1 edges=0
2026-05-29 10:22:14,330   INFO  Exported /geogfs1/home/u3666068/Point2Roof-master/output/tallin_subset_4096/test_results/1686_pred.obj: points=1 edges=0
2026-05-29 10:22:14,617   INFO  Exported /geogfs1/home/u3666068/Point2Roof-master/output/tallin_subset_4096/test_results/16870_pred.obj: points=1 edges=0
2026-05-29 10:22:14,891   INFO  Exported /geogfs1/home/u3666068/Point2Roof-master/output/tallin_subset_4096/test_results/16890_pred.obj: points=1 edges=0
2026-05-29 10:22:15,151   INFO  Exported /geogfs1/home/u3666068/Point2Roof-master/output/tallin_subset_4096/test_results/16891_pred.obj: points=1 edges=0
2026-05-29 10:22:15,413   INFO  Exported /geogfs1/home/u3666068/Point2Roof-master/output/tallin_subset_4096/test_results/16893_pred.obj: points=1 edges=0
2026-05-29 10:22:15,677   INFO  Exported /geogfs1/home/u3666068/Point2Roof-master/output/tallin_subset_4096/test_results/16915_pred.obj: points=1 edges=0
2026-05-29 10:22:15,935   INFO  Exported /geogfs1/home/u3666068/Point2Roof-master/output/tallin_subset_4096/test_results/16930_pred.obj: points=1 edges=0
2026-05-29 10:22:16,194   INFO  Exported /geogfs1/home/u3666068/Point2Roof-master/output/tallin_subset_4096/test_results/16951_pred.obj: points=1 edges=0
2026-05-29 10:22:16,452   INFO  Exported /geogfs1/home/u3666068/Point2Roof-master/output/tallin_subset_4096/test_results/16961_pred.obj: points=1 edges=0
2026-05-29 10:22:16,698   INFO  Exported /geogfs1/home/u3666068/Point2Roof-master/output/tallin_subset_4096/test_results/16964_pred.obj: points=1 edges=0
2026-05-29 10:22:16,952   INFO  Exported /geogfs1/home/u3666068/Point2Roof-master/output/tallin_subset_4096/test_results/16981_pred.obj: points=1 edges=0
2026-05-29 10:22:17,212   INFO  Exported /geogfs1/home/u3666068/Point2Roof-master/output/tallin_subset_4096/test_results/1699_pred.obj: points=1 edges=0
2026-05-29 10:22:17,476   INFO  Exported /geogfs1/home/u3666068/Point2Roof-master/output/tallin_subset_4096/test_results/17006_pred.obj: points=1 edges=0
2026-05-29 10:22:17,754   INFO  Exported /geogfs1/home/u3666068/Point2Roof-master/output/tallin_subset_4096/test_results/17007_pred.obj: points=1 edges=0
2026-05-29 10:22:18,018   INFO  Exported /geogfs1/home/u3666068/Point2Roof-master/output/tallin_subset_4096/test_results/17023_pred.obj: points=1 edges=0
2026-05-29 10:22:18,294   INFO  Exported /geogfs1/home/u3666068/Point2Roof-master/output/tallin_subset_4096/test_results/17029_pred.obj: points=1 edges=0
2026-05-29 10:22:18,556   INFO  Exported /geogfs1/home/u3666068/Point2Roof-master/output/tallin_subset_4096/test_results/17032_pred.obj: points=1 edges=0
2026-05-29 10:22:18,803   INFO  Exported /geogfs1/home/u3666068/Point2Roof-master/output/tallin_subset_4096/test_results/17081_pred.obj: points=1 edges=0
2026-05-29 10:22:19,034   INFO  Exported /geogfs1/home/u3666068/Point2Roof-master/output/tallin_subset_4096/test_results/17082_pred.obj: points=1 edges=0
2026-05-29 10:22:19,267   INFO  Exported /geogfs1/home/u3666068/Point2Roof-master/output/tallin_subset_4096/test_results/1709_pred.obj: points=1 edges=0
2026-05-29 10:22:19,484   INFO  Exported /geogfs1/home/u3666068/Point2Roof-master/output/tallin_subset_4096/test_results/17095_pred.obj: points=1 edges=0
2026-05-29 10:22:19,712   INFO  Exported /geogfs1/home/u3666068/Point2Roof-master/output/tallin_subset_4096/test_results/17106_pred.obj: points=1 edges=0
2026-05-29 10:22:19,934   INFO  Exported /geogfs1/home/u3666068/Point2Roof-master/output/tallin_subset_4096/test_results/17108_pred.obj: points=1 edges=0
2026-05-29 10:22:20,150   INFO  Exported /geogfs1/home/u3666068/Point2Roof-master/output/tallin_subset_4096/test_results/17109_pred.obj: points=1 edges=0
2026-05-29 10:22:20,388   INFO  Exported /geogfs1/home/u3666068/Point2Roof-master/output/tallin_subset_4096/test_results/17126_pred.obj: points=1 edges=0
2026-05-29 10:22:20,629   INFO  Exported /geogfs1/home/u3666068/Point2Roof-master/output/tallin_subset_4096/test_results/17147_pred.obj: points=1 edges=0
2026-05-29 10:22:20,885   INFO  Exported /geogfs1/home/u3666068/Point2Roof-master/output/tallin_subset_4096/test_results/17172_pred.obj: points=1 edges=0
2026-05-29 10:22:21,147   INFO  Exported /geogfs1/home/u3666068/Point2Roof-master/output/tallin_subset_4096/test_results/17179_pred.obj: points=1 edges=0
2026-05-29 10:22:21,438   INFO  Exported /geogfs1/home/u3666068/Point2Roof-master/output/tallin_subset_4096/test_results/17195_pred.obj: points=1 edges=0
2026-05-29 10:22:21,740   INFO  Exported /geogfs1/home/u3666068/Point2Roof-master/output/tallin_subset_4096/test_results/17197_pred.obj: points=1 edges=0
2026-05-29 10:22:22,049   INFO  Exported /geogfs1/home/u3666068/Point2Roof-master/output/tallin_subset_4096/test_results/17205_pred.obj: points=1 edges=0
2026-05-29 10:22:22,398   INFO  Exported /geogfs1/home/u3666068/Point2Roof-master/output/tallin_subset_4096/test_results/17238_pred.obj: points=1 edges=0
2026-05-29 10:22:22,701   INFO  Exported /geogfs1/home/u3666068/Point2Roof-master/output/tallin_subset_4096/test_results/17239_pred.obj: points=1 edges=0
2026-05-29 10:22:23,005   INFO  Exported /geogfs1/home/u3666068/Point2Roof-master/output/tallin_subset_4096/test_results/17242_pred.obj: points=1 edges=0
2026-05-29 10:22:23,300   INFO  Exported /geogfs1/home/u3666068/Point2Roof-master/output/tallin_subset_4096/test_results/1726_pred.obj: points=1 edges=0
2026-05-29 10:22:23,597   INFO  Exported /geogfs1/home/u3666068/Point2Roof-master/output/tallin_subset_4096/test_results/17281_pred.obj: points=1 edges=0
2026-05-29 10:22:23,889   INFO  Exported /geogfs1/home/u3666068/Point2Roof-master/output/tallin_subset_4096/test_results/17302_pred.obj: points=1 edges=0
2026-05-29 10:22:24,152   INFO  Exported /geogfs1/home/u3666068/Point2Roof-master/output/tallin_subset_4096/test_results/17317_pred.obj: points=1 edges=0
2026-05-29 10:22:24,426   INFO  Exported /geogfs1/home/u3666068/Point2Roof-master/output/tallin_subset_4096/test_results/17321_pred.obj: points=1 edges=0
2026-05-29 10:22:24,706   INFO  Exported /geogfs1/home/u3666068/Point2Roof-master/output/tallin_subset_4096/test_results/17340_pred.obj: points=1 edges=0
2026-05-29 10:22:24,994   INFO  Exported /geogfs1/home/u3666068/Point2Roof-master/output/tallin_subset_4096/test_results/17361_pred.obj: points=1 edges=0
2026-05-29 10:22:25,285   INFO  Exported /geogfs1/home/u3666068/Point2Roof-master/output/tallin_subset_4096/test_results/17371_pred.obj: points=1 edges=0
2026-05-29 10:22:25,564   INFO  Exported /geogfs1/home/u3666068/Point2Roof-master/output/tallin_subset_4096/test_results/1738_pred.obj: points=1 edges=0
2026-05-29 10:22:25,836   INFO  Exported /geogfs1/home/u3666068/Point2Roof-master/output/tallin_subset_4096/test_results/17388_pred.obj: points=1 edges=0
2026-05-29 10:22:26,108   INFO  Exported /geogfs1/home/u3666068/Point2Roof-master/output/tallin_subset_4096/test_results/17404_pred.obj: points=1 edges=0
2026-05-29 10:22:26,379   INFO  Exported /geogfs1/home/u3666068/Point2Roof-master/output/tallin_subset_4096/test_results/17411_pred.obj: points=1 edges=0
2026-05-29 10:22:26,651   INFO  Exported /geogfs1/home/u3666068/Point2Roof-master/output/tallin_subset_4096/test_results/17413_pred.obj: points=1 edges=0
2026-05-29 10:22:26,910   INFO  Exported /geogfs1/home/u3666068/Point2Roof-master/output/tallin_subset_4096/test_results/17420_pred.obj: points=1 edges=0
2026-05-29 10:22:27,167   INFO  Exported /geogfs1/home/u3666068/Point2Roof-master/output/tallin_subset_4096/test_results/17458_pred.obj: points=1 edges=0
2026-05-29 10:22:27,425   INFO  Exported /geogfs1/home/u3666068/Point2Roof-master/output/tallin_subset_4096/test_results/17468_pred.obj: points=1 edges=0
2026-05-29 10:22:27,673   INFO  Exported /geogfs1/home/u3666068/Point2Roof-master/output/tallin_subset_4096/test_results/17472_pred.obj: points=1 edges=0
2026-05-29 10:22:27,919   INFO  Exported /geogfs1/home/u3666068/Point2Roof-master/output/tallin_subset_4096/test_results/1749_pred.obj: points=1 edges=0
2026-05-29 10:22:28,160   INFO  Exported /geogfs1/home/u3666068/Point2Roof-master/output/tallin_subset_4096/test_results/17504_pred.obj: points=1 edges=0
2026-05-29 10:22:28,405   INFO  Exported /geogfs1/home/u3666068/Point2Roof-master/output/tallin_subset_4096/test_results/17515_pred.obj: points=1 edges=0
2026-05-29 10:22:28,660   INFO  Exported /geogfs1/home/u3666068/Point2Roof-master/output/tallin_subset_4096/test_results/17537_pred.obj: points=1 edges=0
2026-05-29 10:22:28,905   INFO  Exported /geogfs1/home/u3666068/Point2Roof-master/output/tallin_subset_4096/test_results/1755_pred.obj: points=1 edges=0
2026-05-29 10:22:29,152   INFO  Exported /geogfs1/home/u3666068/Point2Roof-master/output/tallin_subset_4096/test_results/17560_pred.obj: points=1 edges=0
2026-05-29 10:22:29,406   INFO  Exported /geogfs1/home/u3666068/Point2Roof-master/output/tallin_subset_4096/test_results/17565_pred.obj: points=1 edges=0
2026-05-29 10:22:29,661   INFO  Exported /geogfs1/home/u3666068/Point2Roof-master/output/tallin_subset_4096/test_results/17571_pred.obj: points=1 edges=0
2026-05-29 10:22:29,934   INFO  Exported /geogfs1/home/u3666068/Point2Roof-master/output/tallin_subset_4096/test_results/17573_pred.obj: points=1 edges=0
2026-05-29 10:22:30,206   INFO  Exported /geogfs1/home/u3666068/Point2Roof-master/output/tallin_subset_4096/test_results/17600_pred.obj: points=1 edges=0
2026-05-29 10:22:30,480   INFO  Exported /geogfs1/home/u3666068/Point2Roof-master/output/tallin_subset_4096/test_results/17623_pred.obj: points=1 edges=0
2026-05-29 10:22:30,754   INFO  Exported /geogfs1/home/u3666068/Point2Roof-master/output/tallin_subset_4096/test_results/17633_pred.obj: points=1 edges=0
2026-05-29 10:22:31,023   INFO  Exported /geogfs1/home/u3666068/Point2Roof-master/output/tallin_subset_4096/test_results/17643_pred.obj: points=1 edges=0
2026-05-29 10:22:31,285   INFO  Exported /geogfs1/home/u3666068/Point2Roof-master/output/tallin_subset_4096/test_results/17655_pred.obj: points=1 edges=0
2026-05-29 10:22:31,567   INFO  Exported /geogfs1/home/u3666068/Point2Roof-master/output/tallin_subset_4096/test_results/17667_pred.obj: points=1 edges=0
2026-05-29 10:22:31,835   INFO  Exported /geogfs1/home/u3666068/Point2Roof-master/output/tallin_subset_4096/test_results/17669_pred.obj: points=1 edges=0
2026-05-29 10:22:32,093   INFO  Exported /geogfs1/home/u3666068/Point2Roof-master/output/tallin_subset_4096/test_results/17681_pred.obj: points=1 edges=0
2026-05-29 10:22:32,355   INFO  Exported /geogfs1/home/u3666068/Point2Roof-master/output/tallin_subset_4096/test_results/17694_pred.obj: points=1 edges=0
2026-05-29 10:22:32,614   INFO  Exported /geogfs1/home/u3666068/Point2Roof-master/output/tallin_subset_4096/test_results/17722_pred.obj: points=1 edges=0
2026-05-29 10:22:32,872   INFO  Exported /geogfs1/home/u3666068/Point2Roof-master/output/tallin_subset_4096/test_results/17745_pred.obj: points=1 edges=0
2026-05-29 10:22:33,130   INFO  Exported /geogfs1/home/u3666068/Point2Roof-master/output/tallin_subset_4096/test_results/17755_pred.obj: points=1 edges=0
2026-05-29 10:22:33,418   INFO  Exported /geogfs1/home/u3666068/Point2Roof-master/output/tallin_subset_4096/test_results/17767_pred.obj: points=1 edges=0
2026-05-29 10:22:33,673   INFO  Exported /geogfs1/home/u3666068/Point2Roof-master/output/tallin_subset_4096/test_results/1777_pred.obj: points=1 edges=0
2026-05-29 10:22:33,926   INFO  Exported /geogfs1/home/u3666068/Point2Roof-master/output/tallin_subset_4096/test_results/17771_pred.obj: points=1 edges=0
2026-05-29 10:22:34,158   INFO  Exported /geogfs1/home/u3666068/Point2Roof-master/output/tallin_subset_4096/test_results/17782_pred.obj: points=1 edges=0
2026-05-29 10:22:34,399   INFO  Exported /geogfs1/home/u3666068/Point2Roof-master/output/tallin_subset_4096/test_results/17799_pred.obj: points=1 edges=0
2026-05-29 10:22:34,617   INFO  Exported /geogfs1/home/u3666068/Point2Roof-master/output/tallin_subset_4096/test_results/17804_pred.obj: points=1 edges=0
2026-05-29 10:22:34,835   INFO  Exported /geogfs1/home/u3666068/Point2Roof-master/output/tallin_subset_4096/test_results/17810_pred.obj: points=1 edges=0
2026-05-29 10:22:35,068   INFO  Exported /geogfs1/home/u3666068/Point2Roof-master/output/tallin_subset_4096/test_results/17825_pred.obj: points=1 edges=0
2026-05-29 10:22:35,307   INFO  Exported /geogfs1/home/u3666068/Point2Roof-master/output/tallin_subset_4096/test_results/17838_pred.obj: points=1 edges=0
2026-05-29 10:22:35,570   INFO  Exported /geogfs1/home/u3666068/Point2Roof-master/output/tallin_subset_4096/test_results/17854_pred.obj: points=1 edges=0
2026-05-29 10:22:35,852   INFO  Exported /geogfs1/home/u3666068/Point2Roof-master/output/tallin_subset_4096/test_results/17887_pred.obj: points=1 edges=0
2026-05-29 10:22:36,137   INFO  Exported /geogfs1/home/u3666068/Point2Roof-master/output/tallin_subset_4096/test_results/17890_pred.obj: points=1 edges=0
2026-05-29 10:22:36,464   INFO  Exported /geogfs1/home/u3666068/Point2Roof-master/output/tallin_subset_4096/test_results/1790_pred.obj: points=1 edges=0
2026-05-29 10:22:36,781   INFO  Exported /geogfs1/home/u3666068/Point2Roof-master/output/tallin_subset_4096/test_results/17925_pred.obj: points=1 edges=0
2026-05-29 10:22:37,114   INFO  Exported /geogfs1/home/u3666068/Point2Roof-master/output/tallin_subset_4096/test_results/1794_pred.obj: points=1 edges=0
2026-05-29 10:22:37,437   INFO  Exported /geogfs1/home/u3666068/Point2Roof-master/output/tallin_subset_4096/test_results/17942_pred.obj: points=1 edges=0
2026-05-29 10:22:37,760   INFO  Exported /geogfs1/home/u3666068/Point2Roof-master/output/tallin_subset_4096/test_results/17951_pred.obj: points=1 edges=0
2026-05-29 10:22:38,078   INFO  Exported /geogfs1/home/u3666068/Point2Roof-master/output/tallin_subset_4096/test_results/1798_pred.obj: points=1 edges=0
2026-05-29 10:22:38,373   INFO  Exported /geogfs1/home/u3666068/Point2Roof-master/output/tallin_subset_4096/test_results/17985_pred.obj: points=1 edges=0
2026-05-29 10:22:38,667   INFO  Exported /geogfs1/home/u3666068/Point2Roof-master/output/tallin_subset_4096/test_results/18003_pred.obj: points=1 edges=0
2026-05-29 10:22:38,948   INFO  Exported /geogfs1/home/u3666068/Point2Roof-master/output/tallin_subset_4096/test_results/18022_pred.obj: points=1 edges=0
2026-05-29 10:22:39,217   INFO  Exported /geogfs1/home/u3666068/Point2Roof-master/output/tallin_subset_4096/test_results/18044_pred.obj: points=1 edges=0
2026-05-29 10:22:39,490   INFO  Exported /geogfs1/home/u3666068/Point2Roof-master/output/tallin_subset_4096/test_results/18065_pred.obj: points=1 edges=0
2026-05-29 10:22:39,757   INFO  Exported /geogfs1/home/u3666068/Point2Roof-master/output/tallin_subset_4096/test_results/18067_pred.obj: points=1 edges=0
2026-05-29 10:22:40,023   INFO  Exported /geogfs1/home/u3666068/Point2Roof-master/output/tallin_subset_4096/test_results/18086_pred.obj: points=1 edges=0
2026-05-29 10:22:40,289   INFO  Exported /geogfs1/home/u3666068/Point2Roof-master/output/tallin_subset_4096/test_results/181_pred.obj: points=1 edges=0
2026-05-29 10:22:40,555   INFO  Exported /geogfs1/home/u3666068/Point2Roof-master/output/tallin_subset_4096/test_results/18105_pred.obj: points=1 edges=0
2026-05-29 10:22:40,819   INFO  Exported /geogfs1/home/u3666068/Point2Roof-master/output/tallin_subset_4096/test_results/18132_pred.obj: points=1 edges=0
2026-05-29 10:22:41,118   INFO  Exported /geogfs1/home/u3666068/Point2Roof-master/output/tallin_subset_4096/test_results/18146_pred.obj: points=1 edges=0
2026-05-29 10:22:41,396   INFO  Exported /geogfs1/home/u3666068/Point2Roof-master/output/tallin_subset_4096/test_results/18159_pred.obj: points=1 edges=0
2026-05-29 10:22:41,666   INFO  Exported /geogfs1/home/u3666068/Point2Roof-master/output/tallin_subset_4096/test_results/18192_pred.obj: points=1 edges=0
2026-05-29 10:22:41,927   INFO  Exported /geogfs1/home/u3666068/Point2Roof-master/output/tallin_subset_4096/test_results/18214_pred.obj: points=1 edges=0
2026-05-29 10:22:42,184   INFO  Exported /geogfs1/home/u3666068/Point2Roof-master/output/tallin_subset_4096/test_results/18263_pred.obj: points=1 edges=0
2026-05-29 10:22:42,451   INFO  Exported /geogfs1/home/u3666068/Point2Roof-master/output/tallin_subset_4096/test_results/1827_pred.obj: points=1 edges=0
2026-05-29 10:22:42,706   INFO  Exported /geogfs1/home/u3666068/Point2Roof-master/output/tallin_subset_4096/test_results/18272_pred.obj: points=1 edges=0
2026-05-29 10:22:42,970   INFO  Exported /geogfs1/home/u3666068/Point2Roof-master/output/tallin_subset_4096/test_results/18285_pred.obj: points=1 edges=0
2026-05-29 10:22:43,230   INFO  Exported /geogfs1/home/u3666068/Point2Roof-master/output/tallin_subset_4096/test_results/18286_pred.obj: points=1 edges=0
2026-05-29 10:22:43,483   INFO  Exported /geogfs1/home/u3666068/Point2Roof-master/output/tallin_subset_4096/test_results/1829_pred.obj: points=1 edges=0
2026-05-29 10:22:43,741   INFO  Exported /geogfs1/home/u3666068/Point2Roof-master/output/tallin_subset_4096/test_results/18320_pred.obj: points=1 edges=0
2026-05-29 10:22:43,999   INFO  Exported /geogfs1/home/u3666068/Point2Roof-master/output/tallin_subset_4096/test_results/18341_pred.obj: points=1 edges=0
2026-05-29 10:22:44,254   INFO  Exported /geogfs1/home/u3666068/Point2Roof-master/output/tallin_subset_4096/test_results/18342_pred.obj: points=1 edges=0
2026-05-29 10:22:44,518   INFO  Exported /geogfs1/home/u3666068/Point2Roof-master/output/tallin_subset_4096/test_results/18344_pred.obj: points=1 edges=0
2026-05-29 10:22:44,780   INFO  Exported /geogfs1/home/u3666068/Point2Roof-master/output/tallin_subset_4096/test_results/18357_pred.obj: points=1 edges=0
2026-05-29 10:22:45,049   INFO  Exported /geogfs1/home/u3666068/Point2Roof-master/output/tallin_subset_4096/test_results/18399_pred.obj: points=1 edges=0
2026-05-29 10:22:45,315   INFO  Exported /geogfs1/home/u3666068/Point2Roof-master/output/tallin_subset_4096/test_results/18408_pred.obj: points=1 edges=0
2026-05-29 10:22:45,579   INFO  Exported /geogfs1/home/u3666068/Point2Roof-master/output/tallin_subset_4096/test_results/18415_pred.obj: points=1 edges=0
2026-05-29 10:22:45,847   INFO  Exported /geogfs1/home/u3666068/Point2Roof-master/output/tallin_subset_4096/test_results/18419_pred.obj: points=1 edges=0
2026-05-29 10:22:46,108   INFO  Exported /geogfs1/home/u3666068/Point2Roof-master/output/tallin_subset_4096/test_results/18423_pred.obj: points=1 edges=0
2026-05-29 10:22:46,374   INFO  Exported /geogfs1/home/u3666068/Point2Roof-master/output/tallin_subset_4096/test_results/18468_pred.obj: points=1 edges=0
2026-05-29 10:22:46,645   INFO  Exported /geogfs1/home/u3666068/Point2Roof-master/output/tallin_subset_4096/test_results/18492_pred.obj: points=1 edges=0
2026-05-29 10:22:46,910   INFO  Exported /geogfs1/home/u3666068/Point2Roof-master/output/tallin_subset_4096/test_results/18495_pred.obj: points=1 edges=0
2026-05-29 10:22:47,187   INFO  Exported /geogfs1/home/u3666068/Point2Roof-master/output/tallin_subset_4096/test_results/185_pred.obj: points=1 edges=0
2026-05-29 10:22:47,442   INFO  Exported /geogfs1/home/u3666068/Point2Roof-master/output/tallin_subset_4096/test_results/18518_pred.obj: points=1 edges=0
2026-05-29 10:22:47,692   INFO  Exported /geogfs1/home/u3666068/Point2Roof-master/output/tallin_subset_4096/test_results/18568_pred.obj: points=1 edges=0
2026-05-29 10:22:47,934   INFO  Exported /geogfs1/home/u3666068/Point2Roof-master/output/tallin_subset_4096/test_results/18584_pred.obj: points=1 edges=0
2026-05-29 10:22:48,190   INFO  Exported /geogfs1/home/u3666068/Point2Roof-master/output/tallin_subset_4096/test_results/18614_pred.obj: points=1 edges=0
2026-05-29 10:22:48,427   INFO  Exported /geogfs1/home/u3666068/Point2Roof-master/output/tallin_subset_4096/test_results/18617_pred.obj: points=1 edges=0
2026-05-29 10:22:48,664   INFO  Exported /geogfs1/home/u3666068/Point2Roof-master/output/tallin_subset_4096/test_results/18632_pred.obj: points=1 edges=0
2026-05-29 10:22:48,892   INFO  Exported /geogfs1/home/u3666068/Point2Roof-master/output/tallin_subset_4096/test_results/18640_pred.obj: points=1 edges=0
2026-05-29 10:22:49,129   INFO  Exported /geogfs1/home/u3666068/Point2Roof-master/output/tallin_subset_4096/test_results/18646_pred.obj: points=1 edges=0
2026-05-29 10:22:49,348   INFO  Exported /geogfs1/home/u3666068/Point2Roof-master/output/tallin_subset_4096/test_results/18652_pred.obj: points=1 edges=0
2026-05-29 10:22:49,567   INFO  Exported /geogfs1/home/u3666068/Point2Roof-master/output/tallin_subset_4096/test_results/18654_pred.obj: points=1 edges=0
2026-05-29 10:22:49,791   INFO  Exported /geogfs1/home/u3666068/Point2Roof-master/output/tallin_subset_4096/test_results/1867_pred.obj: points=1 edges=0
2026-05-29 10:22:50,012   INFO  Exported /geogfs1/home/u3666068/Point2Roof-master/output/tallin_subset_4096/test_results/18672_pred.obj: points=1 edges=0
2026-05-29 10:22:50,233   INFO  Exported /geogfs1/home/u3666068/Point2Roof-master/output/tallin_subset_4096/test_results/18675_pred.obj: points=1 edges=0
2026-05-29 10:22:50,459   INFO  Exported /geogfs1/home/u3666068/Point2Roof-master/output/tallin_subset_4096/test_results/18721_pred.obj: points=1 edges=0
2026-05-29 10:22:50,709   INFO  Exported /geogfs1/home/u3666068/Point2Roof-master/output/tallin_subset_4096/test_results/18750_pred.obj: points=1 edges=0
2026-05-29 10:22:50,993   INFO  Exported /geogfs1/home/u3666068/Point2Roof-master/output/tallin_subset_4096/test_results/18794_pred.obj: points=1 edges=0
2026-05-29 10:22:51,286   INFO  Exported /geogfs1/home/u3666068/Point2Roof-master/output/tallin_subset_4096/test_results/18804_pred.obj: points=1 edges=0
2026-05-29 10:22:51,600   INFO  Exported /geogfs1/home/u3666068/Point2Roof-master/output/tallin_subset_4096/test_results/18816_pred.obj: points=1 edges=0
2026-05-29 10:22:51,906   INFO  Exported /geogfs1/home/u3666068/Point2Roof-master/output/tallin_subset_4096/test_results/18824_pred.obj: points=1 edges=0
2026-05-29 10:22:52,215   INFO  Exported /geogfs1/home/u3666068/Point2Roof-master/output/tallin_subset_4096/test_results/18832_pred.obj: points=1 edges=0
2026-05-29 10:22:52,529   INFO  Exported /geogfs1/home/u3666068/Point2Roof-master/output/tallin_subset_4096/test_results/18846_pred.obj: points=1 edges=0
2026-05-29 10:22:52,843   INFO  Exported /geogfs1/home/u3666068/Point2Roof-master/output/tallin_subset_4096/test_results/18855_pred.obj: points=1 edges=0
2026-05-29 10:22:53,138   INFO  Exported /geogfs1/home/u3666068/Point2Roof-master/output/tallin_subset_4096/test_results/18894_pred.obj: points=1 edges=0
2026-05-29 10:22:53,420   INFO  Exported /geogfs1/home/u3666068/Point2Roof-master/output/tallin_subset_4096/test_results/18896_pred.obj: points=1 edges=0
2026-05-29 10:22:53,689   INFO  Exported /geogfs1/home/u3666068/Point2Roof-master/output/tallin_subset_4096/test_results/18921_pred.obj: points=1 edges=0
2026-05-29 10:22:53,980   INFO  Exported /geogfs1/home/u3666068/Point2Roof-master/output/tallin_subset_4096/test_results/18948_pred.obj: points=1 edges=0
2026-05-29 10:22:54,256   INFO  Exported /geogfs1/home/u3666068/Point2Roof-master/output/tallin_subset_4096/test_results/18969_pred.obj: points=1 edges=0
2026-05-29 10:22:54,537   INFO  Exported /geogfs1/home/u3666068/Point2Roof-master/output/tallin_subset_4096/test_results/18974_pred.obj: points=1 edges=0
2026-05-29 10:22:54,808   INFO  Exported /geogfs1/home/u3666068/Point2Roof-master/output/tallin_subset_4096/test_results/19014_pred.obj: points=1 edges=0
2026-05-29 10:22:55,075   INFO  Exported /geogfs1/home/u3666068/Point2Roof-master/output/tallin_subset_4096/test_results/19038_pred.obj: points=1 edges=0
2026-05-29 10:22:55,353   INFO  Exported /geogfs1/home/u3666068/Point2Roof-master/output/tallin_subset_4096/test_results/19058_pred.obj: points=1 edges=0
2026-05-29 10:22:55,623   INFO  Exported /geogfs1/home/u3666068/Point2Roof-master/output/tallin_subset_4096/test_results/19084_pred.obj: points=1 edges=0
2026-05-29 10:22:55,894   INFO  Exported /geogfs1/home/u3666068/Point2Roof-master/output/tallin_subset_4096/test_results/19134_pred.obj: points=1 edges=0
2026-05-29 10:22:56,165   INFO  Exported /geogfs1/home/u3666068/Point2Roof-master/output/tallin_subset_4096/test_results/19160_pred.obj: points=1 edges=0
2026-05-29 10:22:56,433   INFO  Exported /geogfs1/home/u3666068/Point2Roof-master/output/tallin_subset_4096/test_results/19166_pred.obj: points=1 edges=0
2026-05-29 10:22:56,701   INFO  Exported /geogfs1/home/u3666068/Point2Roof-master/output/tallin_subset_4096/test_results/19167_pred.obj: points=1 edges=0
2026-05-29 10:22:56,973   INFO  Exported /geogfs1/home/u3666068/Point2Roof-master/output/tallin_subset_4096/test_results/19168_pred.obj: points=1 edges=0
2026-05-29 10:22:57,253   INFO  Exported /geogfs1/home/u3666068/Point2Roof-master/output/tallin_subset_4096/test_results/19208_pred.obj: points=1 edges=0
2026-05-29 10:22:57,534   INFO  Exported /geogfs1/home/u3666068/Point2Roof-master/output/tallin_subset_4096/test_results/1923_pred.obj: points=1 edges=0
2026-05-29 10:22:57,805   INFO  Exported /geogfs1/home/u3666068/Point2Roof-master/output/tallin_subset_4096/test_results/19259_pred.obj: points=1 edges=0
2026-05-29 10:22:58,076   INFO  Exported /geogfs1/home/u3666068/Point2Roof-master/output/tallin_subset_4096/test_results/19288_pred.obj: points=1 edges=0
2026-05-29 10:22:58,339   INFO  Exported /geogfs1/home/u3666068/Point2Roof-master/output/tallin_subset_4096/test_results/19300_pred.obj: points=1 edges=0
2026-05-29 10:22:58,605   INFO  Exported /geogfs1/home/u3666068/Point2Roof-master/output/tallin_subset_4096/test_results/19347_pred.obj: points=1 edges=0
2026-05-29 10:22:58,860   INFO  Exported /geogfs1/home/u3666068/Point2Roof-master/output/tallin_subset_4096/test_results/19368_pred.obj: points=1 edges=0
2026-05-29 10:22:59,110   INFO  Exported /geogfs1/home/u3666068/Point2Roof-master/output/tallin_subset_4096/test_results/19406_pred.obj: points=1 edges=0
2026-05-29 10:22:59,362   INFO  Exported /geogfs1/home/u3666068/Point2Roof-master/output/tallin_subset_4096/test_results/19434_pred.obj: points=1 edges=0
2026-05-29 10:22:59,629   INFO  Exported /geogfs1/home/u3666068/Point2Roof-master/output/tallin_subset_4096/test_results/19476_pred.obj: points=1 edges=0
2026-05-29 10:22:59,896   INFO  Exported /geogfs1/home/u3666068/Point2Roof-master/output/tallin_subset_4096/test_results/19513_pred.obj: points=1 edges=0
2026-05-29 10:23:00,162   INFO  Exported /geogfs1/home/u3666068/Point2Roof-master/output/tallin_subset_4096/test_results/19542_pred.obj: points=1 edges=0
2026-05-29 10:23:00,429   INFO  Exported /geogfs1/home/u3666068/Point2Roof-master/output/tallin_subset_4096/test_results/19568_pred.obj: points=1 edges=0
2026-05-29 10:23:00,699   INFO  Exported /geogfs1/home/u3666068/Point2Roof-master/output/tallin_subset_4096/test_results/19570_pred.obj: points=1 edges=0
2026-05-29 10:23:00,967   INFO  Exported /geogfs1/home/u3666068/Point2Roof-master/output/tallin_subset_4096/test_results/19575_pred.obj: points=1 edges=0
2026-05-29 10:23:01,246   INFO  Exported /geogfs1/home/u3666068/Point2Roof-master/output/tallin_subset_4096/test_results/1959_pred.obj: points=1 edges=0
2026-05-29 10:23:01,519   INFO  Exported /geogfs1/home/u3666068/Point2Roof-master/output/tallin_subset_4096/test_results/19608_pred.obj: points=1 edges=0
2026-05-29 10:23:01,786   INFO  Exported /geogfs1/home/u3666068/Point2Roof-master/output/tallin_subset_4096/test_results/19617_pred.obj: points=1 edges=0
2026-05-29 10:23:02,097   INFO  Exported /geogfs1/home/u3666068/Point2Roof-master/output/tallin_subset_4096/test_results/19618_pred.obj: points=1 edges=0
2026-05-29 10:23:02,358   INFO  Exported /geogfs1/home/u3666068/Point2Roof-master/output/tallin_subset_4096/test_results/19624_pred.obj: points=1 edges=0
2026-05-29 10:23:02,645   INFO  Exported /geogfs1/home/u3666068/Point2Roof-master/output/tallin_subset_4096/test_results/19632_pred.obj: points=1 edges=0
2026-05-29 10:23:02,907   INFO  Exported /geogfs1/home/u3666068/Point2Roof-master/output/tallin_subset_4096/test_results/19648_pred.obj: points=1 edges=0
2026-05-29 10:23:03,182   INFO  Exported /geogfs1/home/u3666068/Point2Roof-master/output/tallin_subset_4096/test_results/19675_pred.obj: points=1 edges=0
2026-05-29 10:23:03,431   INFO  Exported /geogfs1/home/u3666068/Point2Roof-master/output/tallin_subset_4096/test_results/19693_pred.obj: points=1 edges=0
2026-05-29 10:23:03,662   INFO  Exported /geogfs1/home/u3666068/Point2Roof-master/output/tallin_subset_4096/test_results/19694_pred.obj: points=1 edges=0
2026-05-29 10:23:03,924   INFO  Exported /geogfs1/home/u3666068/Point2Roof-master/output/tallin_subset_4096/test_results/19737_pred.obj: points=1 edges=0
2026-05-29 10:23:04,151   INFO  Exported /geogfs1/home/u3666068/Point2Roof-master/output/tallin_subset_4096/test_results/19793_pred.obj: points=1 edges=0
2026-05-29 10:23:04,384   INFO  Exported /geogfs1/home/u3666068/Point2Roof-master/output/tallin_subset_4096/test_results/19795_pred.obj: points=1 edges=0
2026-05-29 10:23:04,601   INFO  Exported /geogfs1/home/u3666068/Point2Roof-master/output/tallin_subset_4096/test_results/19848_pred.obj: points=1 edges=0
2026-05-29 10:23:04,819   INFO  Exported /geogfs1/home/u3666068/Point2Roof-master/output/tallin_subset_4096/test_results/19852_pred.obj: points=1 edges=0
2026-05-29 10:23:05,039   INFO  Exported /geogfs1/home/u3666068/Point2Roof-master/output/tallin_subset_4096/test_results/19856_pred.obj: points=1 edges=0
2026-05-29 10:23:05,269   INFO  Exported /geogfs1/home/u3666068/Point2Roof-master/output/tallin_subset_4096/test_results/19870_pred.obj: points=1 edges=0
2026-05-29 10:23:05,497   INFO  Exported /geogfs1/home/u3666068/Point2Roof-master/output/tallin_subset_4096/test_results/19881_pred.obj: points=1 edges=0
2026-05-29 10:23:05,732   INFO  Exported /geogfs1/home/u3666068/Point2Roof-master/output/tallin_subset_4096/test_results/19893_pred.obj: points=1 edges=0
2026-05-29 10:23:05,979   INFO  Exported /geogfs1/home/u3666068/Point2Roof-master/output/tallin_subset_4096/test_results/19895_pred.obj: points=1 edges=0
2026-05-29 10:23:06,243   INFO  Exported /geogfs1/home/u3666068/Point2Roof-master/output/tallin_subset_4096/test_results/19917_pred.obj: points=1 edges=0
2026-05-29 10:23:06,500   INFO  Exported /geogfs1/home/u3666068/Point2Roof-master/output/tallin_subset_4096/test_results/19920_pred.obj: points=1 edges=0
2026-05-29 10:23:06,769   INFO  Exported /geogfs1/home/u3666068/Point2Roof-master/output/tallin_subset_4096/test_results/20001_pred.obj: points=1 edges=0
2026-05-29 10:23:07,039   INFO  Exported /geogfs1/home/u3666068/Point2Roof-master/output/tallin_subset_4096/test_results/20002_pred.obj: points=1 edges=0
2026-05-29 10:23:07,318   INFO  Exported /geogfs1/home/u3666068/Point2Roof-master/output/tallin_subset_4096/test_results/20038_pred.obj: points=1 edges=0
2026-05-29 10:23:07,608   INFO  Exported /geogfs1/home/u3666068/Point2Roof-master/output/tallin_subset_4096/test_results/20042_pred.obj: points=1 edges=0
2026-05-29 10:23:07,896   INFO  Exported /geogfs1/home/u3666068/Point2Roof-master/output/tallin_subset_4096/test_results/20050_pred.obj: points=1 edges=0
2026-05-29 10:23:08,183   INFO  Exported /geogfs1/home/u3666068/Point2Roof-master/output/tallin_subset_4096/test_results/20068_pred.obj: points=1 edges=0
2026-05-29 10:23:08,466   INFO  Exported /geogfs1/home/u3666068/Point2Roof-master/output/tallin_subset_4096/test_results/20079_pred.obj: points=1 edges=0
2026-05-29 10:23:08,744   INFO  Exported /geogfs1/home/u3666068/Point2Roof-master/output/tallin_subset_4096/test_results/20102_pred.obj: points=1 edges=0
2026-05-29 10:23:09,016   INFO  Exported /geogfs1/home/u3666068/Point2Roof-master/output/tallin_subset_4096/test_results/20130_pred.obj: points=1 edges=0
2026-05-29 10:23:09,284   INFO  Exported /geogfs1/home/u3666068/Point2Roof-master/output/tallin_subset_4096/test_results/20139_pred.obj: points=1 edges=0
2026-05-29 10:23:09,548   INFO  Exported /geogfs1/home/u3666068/Point2Roof-master/output/tallin_subset_4096/test_results/20149_pred.obj: points=1 edges=0
2026-05-29 10:23:09,806   INFO  Exported /geogfs1/home/u3666068/Point2Roof-master/output/tallin_subset_4096/test_results/20180_pred.obj: points=1 edges=0
2026-05-29 10:23:10,067   INFO  Exported /geogfs1/home/u3666068/Point2Roof-master/output/tallin_subset_4096/test_results/20208_pred.obj: points=1 edges=0
2026-05-29 10:23:10,322   INFO  Exported /geogfs1/home/u3666068/Point2Roof-master/output/tallin_subset_4096/test_results/2022_pred.obj: points=1 edges=0
2026-05-29 10:23:10,586   INFO  Exported /geogfs1/home/u3666068/Point2Roof-master/output/tallin_subset_4096/test_results/20240_pred.obj: points=1 edges=0
2026-05-29 10:23:10,846   INFO  Exported /geogfs1/home/u3666068/Point2Roof-master/output/tallin_subset_4096/test_results/2025_pred.obj: points=1 edges=0
2026-05-29 10:23:11,108   INFO  Exported /geogfs1/home/u3666068/Point2Roof-master/output/tallin_subset_4096/test_results/20251_pred.obj: points=1 edges=0
2026-05-29 10:23:11,374   INFO  Exported /geogfs1/home/u3666068/Point2Roof-master/output/tallin_subset_4096/test_results/20253_pred.obj: points=1 edges=0
2026-05-29 10:23:11,638   INFO  Exported /geogfs1/home/u3666068/Point2Roof-master/output/tallin_subset_4096/test_results/20260_pred.obj: points=1 edges=0
2026-05-29 10:23:11,899   INFO  Exported /geogfs1/home/u3666068/Point2Roof-master/output/tallin_subset_4096/test_results/20312_pred.obj: points=1 edges=0
2026-05-29 10:23:12,160   INFO  Exported /geogfs1/home/u3666068/Point2Roof-master/output/tallin_subset_4096/test_results/20357_pred.obj: points=1 edges=0
2026-05-29 10:23:12,422   INFO  Exported /geogfs1/home/u3666068/Point2Roof-master/output/tallin_subset_4096/test_results/2036_pred.obj: points=1 edges=0
2026-05-29 10:23:12,677   INFO  Exported /geogfs1/home/u3666068/Point2Roof-master/output/tallin_subset_4096/test_results/20371_pred.obj: points=1 edges=0
2026-05-29 10:23:12,934   INFO  Exported /geogfs1/home/u3666068/Point2Roof-master/output/tallin_subset_4096/test_results/204_pred.obj: points=1 edges=0
2026-05-29 10:23:13,176   INFO  Exported /geogfs1/home/u3666068/Point2Roof-master/output/tallin_subset_4096/test_results/20445_pred.obj: points=1 edges=0
2026-05-29 10:23:13,414   INFO  Exported /geogfs1/home/u3666068/Point2Roof-master/output/tallin_subset_4096/test_results/20446_pred.obj: points=1 edges=0
2026-05-29 10:23:13,667   INFO  Exported /geogfs1/home/u3666068/Point2Roof-master/output/tallin_subset_4096/test_results/2045_pred.obj: points=1 edges=0
2026-05-29 10:23:13,910   INFO  Exported /geogfs1/home/u3666068/Point2Roof-master/output/tallin_subset_4096/test_results/20482_pred.obj: points=1 edges=0
2026-05-29 10:23:14,154   INFO  Exported /geogfs1/home/u3666068/Point2Roof-master/output/tallin_subset_4096/test_results/20484_pred.obj: points=1 edges=0
2026-05-29 10:23:14,394   INFO  Exported /geogfs1/home/u3666068/Point2Roof-master/output/tallin_subset_4096/test_results/20523_pred.obj: points=1 edges=0
2026-05-29 10:23:14,636   INFO  Exported /geogfs1/home/u3666068/Point2Roof-master/output/tallin_subset_4096/test_results/20524_pred.obj: points=1 edges=0
2026-05-29 10:23:14,895   INFO  Exported /geogfs1/home/u3666068/Point2Roof-master/output/tallin_subset_4096/test_results/20545_pred.obj: points=1 edges=0
2026-05-29 10:23:15,163   INFO  Exported /geogfs1/home/u3666068/Point2Roof-master/output/tallin_subset_4096/test_results/20565_pred.obj: points=1 edges=0
2026-05-29 10:23:15,430   INFO  Exported /geogfs1/home/u3666068/Point2Roof-master/output/tallin_subset_4096/test_results/20586_pred.obj: points=1 edges=0
2026-05-29 10:23:15,693   INFO  Exported /geogfs1/home/u3666068/Point2Roof-master/output/tallin_subset_4096/test_results/2059_pred.obj: points=1 edges=0
2026-05-29 10:23:15,966   INFO  Exported /geogfs1/home/u3666068/Point2Roof-master/output/tallin_subset_4096/test_results/20635_pred.obj: points=1 edges=0
2026-05-29 10:23:16,238   INFO  Exported /geogfs1/home/u3666068/Point2Roof-master/output/tallin_subset_4096/test_results/20637_pred.obj: points=1 edges=0
2026-05-29 10:23:16,521   INFO  Exported /geogfs1/home/u3666068/Point2Roof-master/output/tallin_subset_4096/test_results/20650_pred.obj: points=1 edges=0
2026-05-29 10:23:16,810   INFO  Exported /geogfs1/home/u3666068/Point2Roof-master/output/tallin_subset_4096/test_results/20653_pred.obj: points=1 edges=0
2026-05-29 10:23:17,100   INFO  Exported /geogfs1/home/u3666068/Point2Roof-master/output/tallin_subset_4096/test_results/20689_pred.obj: points=1 edges=0
2026-05-29 10:23:17,382   INFO  Exported /geogfs1/home/u3666068/Point2Roof-master/output/tallin_subset_4096/test_results/20709_pred.obj: points=1 edges=0
2026-05-29 10:23:17,664   INFO  Exported /geogfs1/home/u3666068/Point2Roof-master/output/tallin_subset_4096/test_results/20721_pred.obj: points=1 edges=0
2026-05-29 10:23:17,945   INFO  Exported /geogfs1/home/u3666068/Point2Roof-master/output/tallin_subset_4096/test_results/20741_pred.obj: points=1 edges=0
2026-05-29 10:23:18,218   INFO  Exported /geogfs1/home/u3666068/Point2Roof-master/output/tallin_subset_4096/test_results/20749_pred.obj: points=1 edges=0
2026-05-29 10:23:18,484   INFO  Exported /geogfs1/home/u3666068/Point2Roof-master/output/tallin_subset_4096/test_results/20751_pred.obj: points=1 edges=0
2026-05-29 10:23:18,751   INFO  Exported /geogfs1/home/u3666068/Point2Roof-master/output/tallin_subset_4096/test_results/20767_pred.obj: points=1 edges=0
2026-05-29 10:23:19,004   INFO  Exported /geogfs1/home/u3666068/Point2Roof-master/output/tallin_subset_4096/test_results/20770_pred.obj: points=1 edges=0
2026-05-29 10:23:19,239   INFO  Exported /geogfs1/home/u3666068/Point2Roof-master/output/tallin_subset_4096/test_results/20798_pred.obj: points=1 edges=0
2026-05-29 10:23:19,468   INFO  Exported /geogfs1/home/u3666068/Point2Roof-master/output/tallin_subset_4096/test_results/20801_pred.obj: points=1 edges=0
2026-05-29 10:23:19,700   INFO  Exported /geogfs1/home/u3666068/Point2Roof-master/output/tallin_subset_4096/test_results/20811_pred.obj: points=1 edges=0
2026-05-29 10:23:19,931   INFO  Exported /geogfs1/home/u3666068/Point2Roof-master/output/tallin_subset_4096/test_results/20812_pred.obj: points=1 edges=0
2026-05-29 10:23:20,174   INFO  Exported /geogfs1/home/u3666068/Point2Roof-master/output/tallin_subset_4096/test_results/2084_pred.obj: points=1 edges=0
2026-05-29 10:23:20,408   INFO  Exported /geogfs1/home/u3666068/Point2Roof-master/output/tallin_subset_4096/test_results/20840_pred.obj: points=1 edges=0
2026-05-29 10:23:20,652   INFO  Exported /geogfs1/home/u3666068/Point2Roof-master/output/tallin_subset_4096/test_results/20849_pred.obj: points=1 edges=0
2026-05-29 10:23:20,922   INFO  Exported /geogfs1/home/u3666068/Point2Roof-master/output/tallin_subset_4096/test_results/20850_pred.obj: points=1 edges=0
2026-05-29 10:23:21,189   INFO  Exported /geogfs1/home/u3666068/Point2Roof-master/output/tallin_subset_4096/test_results/20858_pred.obj: points=1 edges=0
2026-05-29 10:23:21,472   INFO  Exported /geogfs1/home/u3666068/Point2Roof-master/output/tallin_subset_4096/test_results/20860_pred.obj: points=1 edges=0
2026-05-29 10:23:21,768   INFO  Exported /geogfs1/home/u3666068/Point2Roof-master/output/tallin_subset_4096/test_results/20869_pred.obj: points=1 edges=0
2026-05-29 10:23:22,063   INFO  Exported /geogfs1/home/u3666068/Point2Roof-master/output/tallin_subset_4096/test_results/20876_pred.obj: points=1 edges=0
2026-05-29 10:23:22,384   INFO  Exported /geogfs1/home/u3666068/Point2Roof-master/output/tallin_subset_4096/test_results/20910_pred.obj: points=1 edges=0
2026-05-29 10:23:22,693   INFO  Exported /geogfs1/home/u3666068/Point2Roof-master/output/tallin_subset_4096/test_results/20923_pred.obj: points=1 edges=0
2026-05-29 10:23:22,985   INFO  Exported /geogfs1/home/u3666068/Point2Roof-master/output/tallin_subset_4096/test_results/20943_pred.obj: points=1 edges=0
2026-05-29 10:23:23,265   INFO  Exported /geogfs1/home/u3666068/Point2Roof-master/output/tallin_subset_4096/test_results/20967_pred.obj: points=1 edges=0
2026-05-29 10:23:23,573   INFO  Exported /geogfs1/home/u3666068/Point2Roof-master/output/tallin_subset_4096/test_results/20986_pred.obj: points=1 edges=0
2026-05-29 10:23:23,876   INFO  Exported /geogfs1/home/u3666068/Point2Roof-master/output/tallin_subset_4096/test_results/20987_pred.obj: points=1 edges=0
2026-05-29 10:23:24,176   INFO  Exported /geogfs1/home/u3666068/Point2Roof-master/output/tallin_subset_4096/test_results/20988_pred.obj: points=1 edges=0
2026-05-29 10:23:24,461   INFO  Exported /geogfs1/home/u3666068/Point2Roof-master/output/tallin_subset_4096/test_results/21_pred.obj: points=1 edges=0
2026-05-29 10:23:24,744   INFO  Exported /geogfs1/home/u3666068/Point2Roof-master/output/tallin_subset_4096/test_results/21006_pred.obj: points=1 edges=0
2026-05-29 10:23:25,027   INFO  Exported /geogfs1/home/u3666068/Point2Roof-master/output/tallin_subset_4096/test_results/21010_pred.obj: points=1 edges=0
2026-05-29 10:23:25,306   INFO  Exported /geogfs1/home/u3666068/Point2Roof-master/output/tallin_subset_4096/test_results/21022_pred.obj: points=1 edges=0
2026-05-29 10:23:25,583   INFO  Exported /geogfs1/home/u3666068/Point2Roof-master/output/tallin_subset_4096/test_results/21042_pred.obj: points=1 edges=0
2026-05-29 10:23:25,847   INFO  Exported /geogfs1/home/u3666068/Point2Roof-master/output/tallin_subset_4096/test_results/21053_pred.obj: points=1 edges=0
2026-05-29 10:23:26,111   INFO  Exported /geogfs1/home/u3666068/Point2Roof-master/output/tallin_subset_4096/test_results/21057_pred.obj: points=1 edges=0
2026-05-29 10:23:26,382   INFO  Exported /geogfs1/home/u3666068/Point2Roof-master/output/tallin_subset_4096/test_results/21067_pred.obj: points=1 edges=0
2026-05-29 10:23:26,653   INFO  Exported /geogfs1/home/u3666068/Point2Roof-master/output/tallin_subset_4096/test_results/21089_pred.obj: points=1 edges=0
2026-05-29 10:23:26,918   INFO  Exported /geogfs1/home/u3666068/Point2Roof-master/output/tallin_subset_4096/test_results/21091_pred.obj: points=1 edges=0
2026-05-29 10:23:27,178   INFO  Exported /geogfs1/home/u3666068/Point2Roof-master/output/tallin_subset_4096/test_results/21094_pred.obj: points=1 edges=0
2026-05-29 10:23:27,452   INFO  Exported /geogfs1/home/u3666068/Point2Roof-master/output/tallin_subset_4096/test_results/21113_pred.obj: points=1 edges=0
2026-05-29 10:23:27,698   INFO  Exported /geogfs1/home/u3666068/Point2Roof-master/output/tallin_subset_4096/test_results/21125_pred.obj: points=1 edges=0
2026-05-29 10:23:27,942   INFO  Exported /geogfs1/home/u3666068/Point2Roof-master/output/tallin_subset_4096/test_results/21134_pred.obj: points=1 edges=0
2026-05-29 10:23:28,188   INFO  Exported /geogfs1/home/u3666068/Point2Roof-master/output/tallin_subset_4096/test_results/21182_pred.obj: points=1 edges=0
2026-05-29 10:23:28,429   INFO  Exported /geogfs1/home/u3666068/Point2Roof-master/output/tallin_subset_4096/test_results/21190_pred.obj: points=1 edges=0
2026-05-29 10:23:28,672   INFO  Exported /geogfs1/home/u3666068/Point2Roof-master/output/tallin_subset_4096/test_results/21193_pred.obj: points=1 edges=0
2026-05-29 10:23:28,915   INFO  Exported /geogfs1/home/u3666068/Point2Roof-master/output/tallin_subset_4096/test_results/21203_pred.obj: points=1 edges=0
2026-05-29 10:23:29,166   INFO  Exported /geogfs1/home/u3666068/Point2Roof-master/output/tallin_subset_4096/test_results/21219_pred.obj: points=1 edges=0
2026-05-29 10:23:29,403   INFO  Exported /geogfs1/home/u3666068/Point2Roof-master/output/tallin_subset_4096/test_results/21223_pred.obj: points=1 edges=0
2026-05-29 10:23:29,643   INFO  Exported /geogfs1/home/u3666068/Point2Roof-master/output/tallin_subset_4096/test_results/21225_pred.obj: points=1 edges=0
2026-05-29 10:23:29,885   INFO  Exported /geogfs1/home/u3666068/Point2Roof-master/output/tallin_subset_4096/test_results/21249_pred.obj: points=1 edges=0
2026-05-29 10:23:30,131   INFO  Exported /geogfs1/home/u3666068/Point2Roof-master/output/tallin_subset_4096/test_results/21262_pred.obj: points=1 edges=0
2026-05-29 10:23:30,378   INFO  Exported /geogfs1/home/u3666068/Point2Roof-master/output/tallin_subset_4096/test_results/21281_pred.obj: points=1 edges=0
2026-05-29 10:23:30,636   INFO  Exported /geogfs1/home/u3666068/Point2Roof-master/output/tallin_subset_4096/test_results/21305_pred.obj: points=1 edges=0
2026-05-29 10:23:30,907   INFO  Exported /geogfs1/home/u3666068/Point2Roof-master/output/tallin_subset_4096/test_results/21320_pred.obj: points=1 edges=0
2026-05-29 10:23:31,178   INFO  Exported /geogfs1/home/u3666068/Point2Roof-master/output/tallin_subset_4096/test_results/21322_pred.obj: points=1 edges=0
2026-05-29 10:23:31,450   INFO  Exported /geogfs1/home/u3666068/Point2Roof-master/output/tallin_subset_4096/test_results/2134_pred.obj: points=1 edges=0
2026-05-29 10:23:31,721   INFO  Exported /geogfs1/home/u3666068/Point2Roof-master/output/tallin_subset_4096/test_results/21348_pred.obj: points=1 edges=0
2026-05-29 10:23:31,989   INFO  Exported /geogfs1/home/u3666068/Point2Roof-master/output/tallin_subset_4096/test_results/21365_pred.obj: points=1 edges=0
2026-05-29 10:23:32,266   INFO  Exported /geogfs1/home/u3666068/Point2Roof-master/output/tallin_subset_4096/test_results/21366_pred.obj: points=1 edges=0
2026-05-29 10:23:32,540   INFO  Exported /geogfs1/home/u3666068/Point2Roof-master/output/tallin_subset_4096/test_results/21367_pred.obj: points=1 edges=0
2026-05-29 10:23:32,805   INFO  Exported /geogfs1/home/u3666068/Point2Roof-master/output/tallin_subset_4096/test_results/21377_pred.obj: points=1 edges=0
2026-05-29 10:23:33,085   INFO  Exported /geogfs1/home/u3666068/Point2Roof-master/output/tallin_subset_4096/test_results/21382_pred.obj: points=1 edges=0
2026-05-29 10:23:33,349   INFO  Exported /geogfs1/home/u3666068/Point2Roof-master/output/tallin_subset_4096/test_results/21383_pred.obj: points=1 edges=0
2026-05-29 10:23:33,597   INFO  Exported /geogfs1/home/u3666068/Point2Roof-master/output/tallin_subset_4096/test_results/21414_pred.obj: points=1 edges=0
2026-05-29 10:23:33,839   INFO  Exported /geogfs1/home/u3666068/Point2Roof-master/output/tallin_subset_4096/test_results/21427_pred.obj: points=1 edges=0
2026-05-29 10:23:34,072   INFO  Exported /geogfs1/home/u3666068/Point2Roof-master/output/tallin_subset_4096/test_results/21430_pred.obj: points=1 edges=0
2026-05-29 10:23:34,313   INFO  Exported /geogfs1/home/u3666068/Point2Roof-master/output/tallin_subset_4096/test_results/21480_pred.obj: points=1 edges=0
2026-05-29 10:23:34,539   INFO  Exported /geogfs1/home/u3666068/Point2Roof-master/output/tallin_subset_4096/test_results/215_pred.obj: points=1 edges=0
2026-05-29 10:23:34,763   INFO  Exported /geogfs1/home/u3666068/Point2Roof-master/output/tallin_subset_4096/test_results/21511_pred.obj: points=1 edges=0
2026-05-29 10:23:34,989   INFO  Exported /geogfs1/home/u3666068/Point2Roof-master/output/tallin_subset_4096/test_results/21525_pred.obj: points=1 edges=0
2026-05-29 10:23:35,223   INFO  Exported /geogfs1/home/u3666068/Point2Roof-master/output/tallin_subset_4096/test_results/21527_pred.obj: points=1 edges=0
2026-05-29 10:23:35,462   INFO  Exported /geogfs1/home/u3666068/Point2Roof-master/output/tallin_subset_4096/test_results/21536_pred.obj: points=1 edges=0
2026-05-29 10:23:35,736   INFO  Exported /geogfs1/home/u3666068/Point2Roof-master/output/tallin_subset_4096/test_results/21538_pred.obj: points=1 edges=0
2026-05-29 10:23:36,015   INFO  Exported /geogfs1/home/u3666068/Point2Roof-master/output/tallin_subset_4096/test_results/21539_pred.obj: points=1 edges=0
2026-05-29 10:23:36,293   INFO  Exported /geogfs1/home/u3666068/Point2Roof-master/output/tallin_subset_4096/test_results/2156_pred.obj: points=1 edges=0
2026-05-29 10:23:36,581   INFO  Exported /geogfs1/home/u3666068/Point2Roof-master/output/tallin_subset_4096/test_results/21566_pred.obj: points=1 edges=0
2026-05-29 10:23:36,872   INFO  Exported /geogfs1/home/u3666068/Point2Roof-master/output/tallin_subset_4096/test_results/21584_pred.obj: points=1 edges=0
2026-05-29 10:23:37,167   INFO  Exported /geogfs1/home/u3666068/Point2Roof-master/output/tallin_subset_4096/test_results/21589_pred.obj: points=1 edges=0
2026-05-29 10:23:37,463   INFO  Exported /geogfs1/home/u3666068/Point2Roof-master/output/tallin_subset_4096/test_results/2159_pred.obj: points=1 edges=0
2026-05-29 10:23:37,755   INFO  Exported /geogfs1/home/u3666068/Point2Roof-master/output/tallin_subset_4096/test_results/21600_pred.obj: points=1 edges=0
2026-05-29 10:23:38,041   INFO  Exported /geogfs1/home/u3666068/Point2Roof-master/output/tallin_subset_4096/test_results/21618_pred.obj: points=1 edges=0
2026-05-29 10:23:38,334   INFO  Exported /geogfs1/home/u3666068/Point2Roof-master/output/tallin_subset_4096/test_results/2162_pred.obj: points=1 edges=0
2026-05-29 10:23:38,621   INFO  Exported /geogfs1/home/u3666068/Point2Roof-master/output/tallin_subset_4096/test_results/21621_pred.obj: points=1 edges=0
2026-05-29 10:23:38,909   INFO  Exported /geogfs1/home/u3666068/Point2Roof-master/output/tallin_subset_4096/test_results/21651_pred.obj: points=1 edges=0
2026-05-29 10:23:39,201   INFO  Exported /geogfs1/home/u3666068/Point2Roof-master/output/tallin_subset_4096/test_results/2166_pred.obj: points=1 edges=0
2026-05-29 10:23:39,479   INFO  Exported /geogfs1/home/u3666068/Point2Roof-master/output/tallin_subset_4096/test_results/21660_pred.obj: points=1 edges=0
2026-05-29 10:23:39,756   INFO  Exported /geogfs1/home/u3666068/Point2Roof-master/output/tallin_subset_4096/test_results/21673_pred.obj: points=1 edges=0
2026-05-29 10:23:40,028   INFO  Exported /geogfs1/home/u3666068/Point2Roof-master/output/tallin_subset_4096/test_results/21703_pred.obj: points=1 edges=0
2026-05-29 10:23:40,302   INFO  Exported /geogfs1/home/u3666068/Point2Roof-master/output/tallin_subset_4096/test_results/21715_pred.obj: points=1 edges=0
2026-05-29 10:23:40,565   INFO  Exported /geogfs1/home/u3666068/Point2Roof-master/output/tallin_subset_4096/test_results/21720_pred.obj: points=1 edges=0
2026-05-29 10:23:40,837   INFO  Exported /geogfs1/home/u3666068/Point2Roof-master/output/tallin_subset_4096/test_results/21723_pred.obj: points=1 edges=0
2026-05-29 10:23:41,107   INFO  Exported /geogfs1/home/u3666068/Point2Roof-master/output/tallin_subset_4096/test_results/21743_pred.obj: points=1 edges=0
2026-05-29 10:23:41,388   INFO  Exported /geogfs1/home/u3666068/Point2Roof-master/output/tallin_subset_4096/test_results/21744_pred.obj: points=1 edges=0
2026-05-29 10:23:41,675   INFO  Exported /geogfs1/home/u3666068/Point2Roof-master/output/tallin_subset_4096/test_results/21748_pred.obj: points=1 edges=0
2026-05-29 10:23:41,951   INFO  Exported /geogfs1/home/u3666068/Point2Roof-master/output/tallin_subset_4096/test_results/21779_pred.obj: points=1 edges=0
2026-05-29 10:23:42,221   INFO  Exported /geogfs1/home/u3666068/Point2Roof-master/output/tallin_subset_4096/test_results/21790_pred.obj: points=1 edges=0
2026-05-29 10:23:42,486   INFO  Exported /geogfs1/home/u3666068/Point2Roof-master/output/tallin_subset_4096/test_results/21800_pred.obj: points=1 edges=0
2026-05-29 10:23:42,763   INFO  Exported /geogfs1/home/u3666068/Point2Roof-master/output/tallin_subset_4096/test_results/21806_pred.obj: points=1 edges=0
2026-05-29 10:23:43,035   INFO  Exported /geogfs1/home/u3666068/Point2Roof-master/output/tallin_subset_4096/test_results/21864_pred.obj: points=1 edges=0
2026-05-29 10:23:43,307   INFO  Exported /geogfs1/home/u3666068/Point2Roof-master/output/tallin_subset_4096/test_results/21883_pred.obj: points=1 edges=0
2026-05-29 10:23:43,565   INFO  Exported /geogfs1/home/u3666068/Point2Roof-master/output/tallin_subset_4096/test_results/21887_pred.obj: points=1 edges=0
2026-05-29 10:23:43,813   INFO  Exported /geogfs1/home/u3666068/Point2Roof-master/output/tallin_subset_4096/test_results/21902_pred.obj: points=1 edges=0
2026-05-29 10:23:44,065   INFO  Exported /geogfs1/home/u3666068/Point2Roof-master/output/tallin_subset_4096/test_results/21934_pred.obj: points=1 edges=0
2026-05-29 10:23:44,303   INFO  Exported /geogfs1/home/u3666068/Point2Roof-master/output/tallin_subset_4096/test_results/2194_pred.obj: points=1 edges=0
2026-05-29 10:23:44,538   INFO  Exported /geogfs1/home/u3666068/Point2Roof-master/output/tallin_subset_4096/test_results/21980_pred.obj: points=1 edges=0
2026-05-29 10:23:44,775   INFO  Exported /geogfs1/home/u3666068/Point2Roof-master/output/tallin_subset_4096/test_results/22035_pred.obj: points=1 edges=0
2026-05-29 10:23:45,014   INFO  Exported /geogfs1/home/u3666068/Point2Roof-master/output/tallin_subset_4096/test_results/22037_pred.obj: points=1 edges=0
2026-05-29 10:23:45,250   INFO  Exported /geogfs1/home/u3666068/Point2Roof-master/output/tallin_subset_4096/test_results/22045_pred.obj: points=1 edges=0
2026-05-29 10:23:45,481   INFO  Exported /geogfs1/home/u3666068/Point2Roof-master/output/tallin_subset_4096/test_results/22053_pred.obj: points=1 edges=0
2026-05-29 10:23:45,719   INFO  Exported /geogfs1/home/u3666068/Point2Roof-master/output/tallin_subset_4096/test_results/22055_pred.obj: points=1 edges=0
2026-05-29 10:23:45,957   INFO  Exported /geogfs1/home/u3666068/Point2Roof-master/output/tallin_subset_4096/test_results/22060_pred.obj: points=1 edges=0
2026-05-29 10:23:46,209   INFO  Exported /geogfs1/home/u3666068/Point2Roof-master/output/tallin_subset_4096/test_results/22069_pred.obj: points=1 edges=0
2026-05-29 10:23:46,470   INFO  Exported /geogfs1/home/u3666068/Point2Roof-master/output/tallin_subset_4096/test_results/22082_pred.obj: points=1 edges=0
2026-05-29 10:23:46,726   INFO  Exported /geogfs1/home/u3666068/Point2Roof-master/output/tallin_subset_4096/test_results/22089_pred.obj: points=1 edges=0
2026-05-29 10:23:46,983   INFO  Exported /geogfs1/home/u3666068/Point2Roof-master/output/tallin_subset_4096/test_results/22125_pred.obj: points=1 edges=0
2026-05-29 10:23:47,244   INFO  Exported /geogfs1/home/u3666068/Point2Roof-master/output/tallin_subset_4096/test_results/22143_pred.obj: points=1 edges=0
2026-05-29 10:23:47,515   INFO  Exported /geogfs1/home/u3666068/Point2Roof-master/output/tallin_subset_4096/test_results/22153_pred.obj: points=1 edges=0
2026-05-29 10:23:47,785   INFO  Exported /geogfs1/home/u3666068/Point2Roof-master/output/tallin_subset_4096/test_results/22170_pred.obj: points=1 edges=0
2026-05-29 10:23:48,044   INFO  Exported /geogfs1/home/u3666068/Point2Roof-master/output/tallin_subset_4096/test_results/22174_pred.obj: points=1 edges=0
2026-05-29 10:23:48,301   INFO  Exported /geogfs1/home/u3666068/Point2Roof-master/output/tallin_subset_4096/test_results/2218_pred.obj: points=1 edges=0
2026-05-29 10:23:48,553   INFO  Exported /geogfs1/home/u3666068/Point2Roof-master/output/tallin_subset_4096/test_results/22188_pred.obj: points=1 edges=0
2026-05-29 10:23:48,799   INFO  Exported /geogfs1/home/u3666068/Point2Roof-master/output/tallin_subset_4096/test_results/22189_pred.obj: points=1 edges=0
2026-05-29 10:23:49,035   INFO  Exported /geogfs1/home/u3666068/Point2Roof-master/output/tallin_subset_4096/test_results/2219_pred.obj: points=1 edges=0
2026-05-29 10:23:49,277   INFO  Exported /geogfs1/home/u3666068/Point2Roof-master/output/tallin_subset_4096/test_results/22199_pred.obj: points=1 edges=0
2026-05-29 10:23:49,511   INFO  Exported /geogfs1/home/u3666068/Point2Roof-master/output/tallin_subset_4096/test_results/22203_pred.obj: points=1 edges=0
2026-05-29 10:23:49,748   INFO  Exported /geogfs1/home/u3666068/Point2Roof-master/output/tallin_subset_4096/test_results/22215_pred.obj: points=1 edges=0
2026-05-29 10:23:49,973   INFO  Exported /geogfs1/home/u3666068/Point2Roof-master/output/tallin_subset_4096/test_results/22226_pred.obj: points=1 edges=0
2026-05-29 10:23:50,199   INFO  Exported /geogfs1/home/u3666068/Point2Roof-master/output/tallin_subset_4096/test_results/22229_pred.obj: points=1 edges=0
2026-05-29 10:23:50,429   INFO  Exported /geogfs1/home/u3666068/Point2Roof-master/output/tallin_subset_4096/test_results/22234_pred.obj: points=1 edges=0
2026-05-29 10:23:50,667   INFO  Exported /geogfs1/home/u3666068/Point2Roof-master/output/tallin_subset_4096/test_results/22264_pred.obj: points=1 edges=0
2026-05-29 10:23:50,913   INFO  Exported /geogfs1/home/u3666068/Point2Roof-master/output/tallin_subset_4096/test_results/22312_pred.obj: points=1 edges=0
2026-05-29 10:23:51,161   INFO  Exported /geogfs1/home/u3666068/Point2Roof-master/output/tallin_subset_4096/test_results/22322_pred.obj: points=1 edges=0
2026-05-29 10:23:51,412   INFO  Exported /geogfs1/home/u3666068/Point2Roof-master/output/tallin_subset_4096/test_results/22324_pred.obj: points=1 edges=0
2026-05-29 10:23:51,671   INFO  Exported /geogfs1/home/u3666068/Point2Roof-master/output/tallin_subset_4096/test_results/22342_pred.obj: points=1 edges=0
2026-05-29 10:23:51,939   INFO  Exported /geogfs1/home/u3666068/Point2Roof-master/output/tallin_subset_4096/test_results/22343_pred.obj: points=1 edges=0
2026-05-29 10:23:52,202   INFO  Exported /geogfs1/home/u3666068/Point2Roof-master/output/tallin_subset_4096/test_results/2236_pred.obj: points=1 edges=0
2026-05-29 10:23:52,466   INFO  Exported /geogfs1/home/u3666068/Point2Roof-master/output/tallin_subset_4096/test_results/22377_pred.obj: points=1 edges=0
2026-05-29 10:23:52,724   INFO  Exported /geogfs1/home/u3666068/Point2Roof-master/output/tallin_subset_4096/test_results/2238_pred.obj: points=1 edges=0
2026-05-29 10:23:52,979   INFO  Exported /geogfs1/home/u3666068/Point2Roof-master/output/tallin_subset_4096/test_results/22405_pred.obj: points=1 edges=0
2026-05-29 10:23:53,229   INFO  Exported /geogfs1/home/u3666068/Point2Roof-master/output/tallin_subset_4096/test_results/22413_pred.obj: points=1 edges=0
2026-05-29 10:23:53,487   INFO  Exported /geogfs1/home/u3666068/Point2Roof-master/output/tallin_subset_4096/test_results/22421_pred.obj: points=1 edges=0
2026-05-29 10:23:53,741   INFO  Exported /geogfs1/home/u3666068/Point2Roof-master/output/tallin_subset_4096/test_results/22422_pred.obj: points=1 edges=0
2026-05-29 10:23:54,015   INFO  Exported /geogfs1/home/u3666068/Point2Roof-master/output/tallin_subset_4096/test_results/22431_pred.obj: points=1 edges=0
2026-05-29 10:23:54,282   INFO  Exported /geogfs1/home/u3666068/Point2Roof-master/output/tallin_subset_4096/test_results/22434_pred.obj: points=1 edges=0
2026-05-29 10:23:54,554   INFO  Exported /geogfs1/home/u3666068/Point2Roof-master/output/tallin_subset_4096/test_results/22461_pred.obj: points=1 edges=0
2026-05-29 10:23:54,829   INFO  Exported /geogfs1/home/u3666068/Point2Roof-master/output/tallin_subset_4096/test_results/22464_pred.obj: points=1 edges=0
2026-05-29 10:23:55,104   INFO  Exported /geogfs1/home/u3666068/Point2Roof-master/output/tallin_subset_4096/test_results/2247_pred.obj: points=1 edges=0
2026-05-29 10:23:55,381   INFO  Exported /geogfs1/home/u3666068/Point2Roof-master/output/tallin_subset_4096/test_results/22472_pred.obj: points=1 edges=0
2026-05-29 10:23:55,662   INFO  Exported /geogfs1/home/u3666068/Point2Roof-master/output/tallin_subset_4096/test_results/22478_pred.obj: points=1 edges=0
2026-05-29 10:23:55,944   INFO  Exported /geogfs1/home/u3666068/Point2Roof-master/output/tallin_subset_4096/test_results/22497_pred.obj: points=1 edges=0
2026-05-29 10:23:56,218   INFO  Exported /geogfs1/home/u3666068/Point2Roof-master/output/tallin_subset_4096/test_results/22509_pred.obj: points=1 edges=0
2026-05-29 10:23:56,490   INFO  Exported /geogfs1/home/u3666068/Point2Roof-master/output/tallin_subset_4096/test_results/22513_pred.obj: points=1 edges=0
2026-05-29 10:23:56,754   INFO  Exported /geogfs1/home/u3666068/Point2Roof-master/output/tallin_subset_4096/test_results/22523_pred.obj: points=1 edges=0
2026-05-29 10:23:57,017   INFO  Exported /geogfs1/home/u3666068/Point2Roof-master/output/tallin_subset_4096/test_results/22526_pred.obj: points=1 edges=0
2026-05-29 10:23:57,274   INFO  Exported /geogfs1/home/u3666068/Point2Roof-master/output/tallin_subset_4096/test_results/22529_pred.obj: points=1 edges=0
2026-05-29 10:23:57,521   INFO  Exported /geogfs1/home/u3666068/Point2Roof-master/output/tallin_subset_4096/test_results/22539_pred.obj: points=1 edges=0
2026-05-29 10:23:57,772   INFO  Exported /geogfs1/home/u3666068/Point2Roof-master/output/tallin_subset_4096/test_results/22554_pred.obj: points=1 edges=0
2026-05-29 10:23:58,013   INFO  Exported /geogfs1/home/u3666068/Point2Roof-master/output/tallin_subset_4096/test_results/22561_pred.obj: points=1 edges=0
2026-05-29 10:23:58,263   INFO  Exported /geogfs1/home/u3666068/Point2Roof-master/output/tallin_subset_4096/test_results/22562_pred.obj: points=1 edges=0
2026-05-29 10:23:58,516   INFO  Exported /geogfs1/home/u3666068/Point2Roof-master/output/tallin_subset_4096/test_results/22569_pred.obj: points=1 edges=0
2026-05-29 10:23:58,763   INFO  Exported /geogfs1/home/u3666068/Point2Roof-master/output/tallin_subset_4096/test_results/22574_pred.obj: points=1 edges=0
2026-05-29 10:23:59,015   INFO  Exported /geogfs1/home/u3666068/Point2Roof-master/output/tallin_subset_4096/test_results/22613_pred.obj: points=1 edges=0
2026-05-29 10:23:59,271   INFO  Exported /geogfs1/home/u3666068/Point2Roof-master/output/tallin_subset_4096/test_results/22625_pred.obj: points=1 edges=0
2026-05-29 10:23:59,520   INFO  Exported /geogfs1/home/u3666068/Point2Roof-master/output/tallin_subset_4096/test_results/22640_pred.obj: points=1 edges=0
2026-05-29 10:23:59,772   INFO  Exported /geogfs1/home/u3666068/Point2Roof-master/output/tallin_subset_4096/test_results/22653_pred.obj: points=1 edges=0
2026-05-29 10:24:00,020   INFO  Exported /geogfs1/home/u3666068/Point2Roof-master/output/tallin_subset_4096/test_results/22654_pred.obj: points=1 edges=0
2026-05-29 10:24:00,268   INFO  Exported /geogfs1/home/u3666068/Point2Roof-master/output/tallin_subset_4096/test_results/22685_pred.obj: points=1 edges=0
2026-05-29 10:24:00,523   INFO  Exported /geogfs1/home/u3666068/Point2Roof-master/output/tallin_subset_4096/test_results/22688_pred.obj: points=1 edges=0
2026-05-29 10:24:00,790   INFO  Exported /geogfs1/home/u3666068/Point2Roof-master/output/tallin_subset_4096/test_results/22703_pred.obj: points=1 edges=0
2026-05-29 10:24:01,051   INFO  Exported /geogfs1/home/u3666068/Point2Roof-master/output/tallin_subset_4096/test_results/22735_pred.obj: points=1 edges=0
2026-05-29 10:24:01,303   INFO  Exported /geogfs1/home/u3666068/Point2Roof-master/output/tallin_subset_4096/test_results/22739_pred.obj: points=1 edges=0
2026-05-29 10:24:01,562   INFO  Exported /geogfs1/home/u3666068/Point2Roof-master/output/tallin_subset_4096/test_results/22744_pred.obj: points=1 edges=0
2026-05-29 10:24:01,828   INFO  Exported /geogfs1/home/u3666068/Point2Roof-master/output/tallin_subset_4096/test_results/22752_pred.obj: points=1 edges=0
2026-05-29 10:24:02,106   INFO  Exported /geogfs1/home/u3666068/Point2Roof-master/output/tallin_subset_4096/test_results/22755_pred.obj: points=1 edges=0
2026-05-29 10:24:02,382   INFO  Exported /geogfs1/home/u3666068/Point2Roof-master/output/tallin_subset_4096/test_results/22768_pred.obj: points=1 edges=0
2026-05-29 10:24:02,642   INFO  Exported /geogfs1/home/u3666068/Point2Roof-master/output/tallin_subset_4096/test_results/22774_pred.obj: points=1 edges=0
2026-05-29 10:24:02,899   INFO  Exported /geogfs1/home/u3666068/Point2Roof-master/output/tallin_subset_4096/test_results/22783_pred.obj: points=1 edges=0
2026-05-29 10:24:03,159   INFO  Exported /geogfs1/home/u3666068/Point2Roof-master/output/tallin_subset_4096/test_results/22797_pred.obj: points=1 edges=0
2026-05-29 10:24:03,418   INFO  Exported /geogfs1/home/u3666068/Point2Roof-master/output/tallin_subset_4096/test_results/22801_pred.obj: points=1 edges=0
2026-05-29 10:24:03,672   INFO  Exported /geogfs1/home/u3666068/Point2Roof-master/output/tallin_subset_4096/test_results/22812_pred.obj: points=1 edges=0
2026-05-29 10:24:03,928   INFO  Exported /geogfs1/home/u3666068/Point2Roof-master/output/tallin_subset_4096/test_results/2282_pred.obj: points=1 edges=0
2026-05-29 10:24:04,178   INFO  Exported /geogfs1/home/u3666068/Point2Roof-master/output/tallin_subset_4096/test_results/22834_pred.obj: points=1 edges=0
2026-05-29 10:24:04,425   INFO  Exported /geogfs1/home/u3666068/Point2Roof-master/output/tallin_subset_4096/test_results/22857_pred.obj: points=1 edges=0
2026-05-29 10:24:04,663   INFO  Exported /geogfs1/home/u3666068/Point2Roof-master/output/tallin_subset_4096/test_results/22862_pred.obj: points=1 edges=0
2026-05-29 10:24:04,908   INFO  Exported /geogfs1/home/u3666068/Point2Roof-master/output/tallin_subset_4096/test_results/22875_pred.obj: points=1 edges=0
2026-05-29 10:24:05,137   INFO  Exported /geogfs1/home/u3666068/Point2Roof-master/output/tallin_subset_4096/test_results/22896_pred.obj: points=1 edges=0
2026-05-29 10:24:05,369   INFO  Exported /geogfs1/home/u3666068/Point2Roof-master/output/tallin_subset_4096/test_results/22902_pred.obj: points=1 edges=0
2026-05-29 10:24:05,609   INFO  Exported /geogfs1/home/u3666068/Point2Roof-master/output/tallin_subset_4096/test_results/22919_pred.obj: points=1 edges=0
2026-05-29 10:24:05,854   INFO  Exported /geogfs1/home/u3666068/Point2Roof-master/output/tallin_subset_4096/test_results/22936_pred.obj: points=1 edges=0
2026-05-29 10:24:06,111   INFO  Exported /geogfs1/home/u3666068/Point2Roof-master/output/tallin_subset_4096/test_results/22945_pred.obj: points=1 edges=0
2026-05-29 10:24:06,378   INFO  Exported /geogfs1/home/u3666068/Point2Roof-master/output/tallin_subset_4096/test_results/22946_pred.obj: points=1 edges=0
2026-05-29 10:24:06,646   INFO  Exported /geogfs1/home/u3666068/Point2Roof-master/output/tallin_subset_4096/test_results/22950_pred.obj: points=1 edges=0
2026-05-29 10:24:06,916   INFO  Exported /geogfs1/home/u3666068/Point2Roof-master/output/tallin_subset_4096/test_results/22952_pred.obj: points=1 edges=0
2026-05-29 10:24:07,189   INFO  Exported /geogfs1/home/u3666068/Point2Roof-master/output/tallin_subset_4096/test_results/22956_pred.obj: points=1 edges=0
2026-05-29 10:24:07,456   INFO  Exported /geogfs1/home/u3666068/Point2Roof-master/output/tallin_subset_4096/test_results/22968_pred.obj: points=1 edges=0
2026-05-29 10:24:07,717   INFO  Exported /geogfs1/home/u3666068/Point2Roof-master/output/tallin_subset_4096/test_results/22977_pred.obj: points=1 edges=0
2026-05-29 10:24:07,980   INFO  Exported /geogfs1/home/u3666068/Point2Roof-master/output/tallin_subset_4096/test_results/22980_pred.obj: points=1 edges=0
2026-05-29 10:24:08,235   INFO  Exported /geogfs1/home/u3666068/Point2Roof-master/output/tallin_subset_4096/test_results/22985_pred.obj: points=1 edges=0
2026-05-29 10:24:08,478   INFO  Exported /geogfs1/home/u3666068/Point2Roof-master/output/tallin_subset_4096/test_results/22998_pred.obj: points=1 edges=0
2026-05-29 10:24:08,717   INFO  Exported /geogfs1/home/u3666068/Point2Roof-master/output/tallin_subset_4096/test_results/23_pred.obj: points=1 edges=0
2026-05-29 10:24:08,948   INFO  Exported /geogfs1/home/u3666068/Point2Roof-master/output/tallin_subset_4096/test_results/23003_pred.obj: points=1 edges=0
2026-05-29 10:24:09,183   INFO  Exported /geogfs1/home/u3666068/Point2Roof-master/output/tallin_subset_4096/test_results/23006_pred.obj: points=1 edges=0
2026-05-29 10:24:09,423   INFO  Exported /geogfs1/home/u3666068/Point2Roof-master/output/tallin_subset_4096/test_results/23025_pred.obj: points=1 edges=0
2026-05-29 10:24:09,662   INFO  Exported /geogfs1/home/u3666068/Point2Roof-master/output/tallin_subset_4096/test_results/23033_pred.obj: points=1 edges=0
2026-05-29 10:24:09,906   INFO  Exported /geogfs1/home/u3666068/Point2Roof-master/output/tallin_subset_4096/test_results/23071_pred.obj: points=1 edges=0
2026-05-29 10:24:10,172   INFO  Exported /geogfs1/home/u3666068/Point2Roof-master/output/tallin_subset_4096/test_results/23076_pred.obj: points=1 edges=0
2026-05-29 10:24:10,436   INFO  Exported /geogfs1/home/u3666068/Point2Roof-master/output/tallin_subset_4096/test_results/23077_pred.obj: points=1 edges=0
2026-05-29 10:24:10,700   INFO  Exported /geogfs1/home/u3666068/Point2Roof-master/output/tallin_subset_4096/test_results/23082_pred.obj: points=1 edges=0
2026-05-29 10:24:10,975   INFO  Exported /geogfs1/home/u3666068/Point2Roof-master/output/tallin_subset_4096/test_results/23086_pred.obj: points=1 edges=0
2026-05-29 10:24:11,237   INFO  Exported /geogfs1/home/u3666068/Point2Roof-master/output/tallin_subset_4096/test_results/23093_pred.obj: points=1 edges=0
2026-05-29 10:24:11,497   INFO  Exported /geogfs1/home/u3666068/Point2Roof-master/output/tallin_subset_4096/test_results/23113_pred.obj: points=1 edges=0
2026-05-29 10:24:11,751   INFO  Exported /geogfs1/home/u3666068/Point2Roof-master/output/tallin_subset_4096/test_results/23129_pred.obj: points=1 edges=0
2026-05-29 10:24:12,006   INFO  Exported /geogfs1/home/u3666068/Point2Roof-master/output/tallin_subset_4096/test_results/23183_pred.obj: points=1 edges=0
2026-05-29 10:24:12,254   INFO  Exported /geogfs1/home/u3666068/Point2Roof-master/output/tallin_subset_4096/test_results/23210_pred.obj: points=1 edges=0
2026-05-29 10:24:12,504   INFO  Exported /geogfs1/home/u3666068/Point2Roof-master/output/tallin_subset_4096/test_results/23211_pred.obj: points=1 edges=0
2026-05-29 10:24:12,755   INFO  Exported /geogfs1/home/u3666068/Point2Roof-master/output/tallin_subset_4096/test_results/2322_pred.obj: points=1 edges=0
2026-05-29 10:24:13,006   INFO  Exported /geogfs1/home/u3666068/Point2Roof-master/output/tallin_subset_4096/test_results/2326_pred.obj: points=1 edges=0
2026-05-29 10:24:13,264   INFO  Exported /geogfs1/home/u3666068/Point2Roof-master/output/tallin_subset_4096/test_results/23267_pred.obj: points=1 edges=0
2026-05-29 10:24:13,515   INFO  Exported /geogfs1/home/u3666068/Point2Roof-master/output/tallin_subset_4096/test_results/2329_pred.obj: points=1 edges=0
2026-05-29 10:24:13,773   INFO  Exported /geogfs1/home/u3666068/Point2Roof-master/output/tallin_subset_4096/test_results/23310_pred.obj: points=1 edges=0
2026-05-29 10:24:14,030   INFO  Exported /geogfs1/home/u3666068/Point2Roof-master/output/tallin_subset_4096/test_results/23316_pred.obj: points=1 edges=0
2026-05-29 10:24:14,286   INFO  Exported /geogfs1/home/u3666068/Point2Roof-master/output/tallin_subset_4096/test_results/23322_pred.obj: points=1 edges=0
2026-05-29 10:24:14,547   INFO  Exported /geogfs1/home/u3666068/Point2Roof-master/output/tallin_subset_4096/test_results/2334_pred.obj: points=1 edges=0
2026-05-29 10:24:14,800   INFO  Exported /geogfs1/home/u3666068/Point2Roof-master/output/tallin_subset_4096/test_results/2335_pred.obj: points=1 edges=0
2026-05-29 10:24:15,058   INFO  Exported /geogfs1/home/u3666068/Point2Roof-master/output/tallin_subset_4096/test_results/23405_pred.obj: points=1 edges=0
2026-05-29 10:24:15,349   INFO  Exported /geogfs1/home/u3666068/Point2Roof-master/output/tallin_subset_4096/test_results/23409_pred.obj: points=1 edges=0
2026-05-29 10:24:15,628   INFO  Exported /geogfs1/home/u3666068/Point2Roof-master/output/tallin_subset_4096/test_results/23410_pred.obj: points=1 edges=0
2026-05-29 10:24:15,873   INFO  Exported /geogfs1/home/u3666068/Point2Roof-master/output/tallin_subset_4096/test_results/23415_pred.obj: points=1 edges=0
2026-05-29 10:24:16,126   INFO  Exported /geogfs1/home/u3666068/Point2Roof-master/output/tallin_subset_4096/test_results/2346_pred.obj: points=1 edges=0
2026-05-29 10:24:16,385   INFO  Exported /geogfs1/home/u3666068/Point2Roof-master/output/tallin_subset_4096/test_results/23471_pred.obj: points=1 edges=0
2026-05-29 10:24:16,633   INFO  Exported /geogfs1/home/u3666068/Point2Roof-master/output/tallin_subset_4096/test_results/2349_pred.obj: points=1 edges=0
2026-05-29 10:24:16,885   INFO  Exported /geogfs1/home/u3666068/Point2Roof-master/output/tallin_subset_4096/test_results/2351_pred.obj: points=1 edges=0
2026-05-29 10:24:17,137   INFO  Exported /geogfs1/home/u3666068/Point2Roof-master/output/tallin_subset_4096/test_results/23524_pred.obj: points=1 edges=0
2026-05-29 10:24:17,384   INFO  Exported /geogfs1/home/u3666068/Point2Roof-master/output/tallin_subset_4096/test_results/23573_pred.obj: points=1 edges=0
2026-05-29 10:24:17,650   INFO  Exported /geogfs1/home/u3666068/Point2Roof-master/output/tallin_subset_4096/test_results/23591_pred.obj: points=1 edges=0
2026-05-29 10:24:17,934   INFO  Exported /geogfs1/home/u3666068/Point2Roof-master/output/tallin_subset_4096/test_results/23603_pred.obj: points=1 edges=0
2026-05-29 10:24:18,169   INFO  Exported /geogfs1/home/u3666068/Point2Roof-master/output/tallin_subset_4096/test_results/2362_pred.obj: points=1 edges=0
2026-05-29 10:24:18,428   INFO  Exported /geogfs1/home/u3666068/Point2Roof-master/output/tallin_subset_4096/test_results/23667_pred.obj: points=1 edges=0
2026-05-29 10:24:18,689   INFO  Exported /geogfs1/home/u3666068/Point2Roof-master/output/tallin_subset_4096/test_results/23673_pred.obj: points=1 edges=0
2026-05-29 10:24:18,941   INFO  Exported /geogfs1/home/u3666068/Point2Roof-master/output/tallin_subset_4096/test_results/23676_pred.obj: points=1 edges=0
2026-05-29 10:24:19,192   INFO  Exported /geogfs1/home/u3666068/Point2Roof-master/output/tallin_subset_4096/test_results/237_pred.obj: points=1 edges=0
2026-05-29 10:24:19,453   INFO  Exported /geogfs1/home/u3666068/Point2Roof-master/output/tallin_subset_4096/test_results/23706_pred.obj: points=1 edges=0
2026-05-29 10:24:19,720   INFO  Exported /geogfs1/home/u3666068/Point2Roof-master/output/tallin_subset_4096/test_results/23726_pred.obj: points=1 edges=0
2026-05-29 10:24:19,988   INFO  Exported /geogfs1/home/u3666068/Point2Roof-master/output/tallin_subset_4096/test_results/23733_pred.obj: points=1 edges=0
2026-05-29 10:24:20,256   INFO  Exported /geogfs1/home/u3666068/Point2Roof-master/output/tallin_subset_4096/test_results/2374_pred.obj: points=1 edges=0
2026-05-29 10:24:20,519   INFO  Exported /geogfs1/home/u3666068/Point2Roof-master/output/tallin_subset_4096/test_results/23744_pred.obj: points=1 edges=0
2026-05-29 10:24:20,770   INFO  Exported /geogfs1/home/u3666068/Point2Roof-master/output/tallin_subset_4096/test_results/23749_pred.obj: points=1 edges=0
2026-05-29 10:24:21,046   INFO  Exported /geogfs1/home/u3666068/Point2Roof-master/output/tallin_subset_4096/test_results/23769_pred.obj: points=1 edges=0
2026-05-29 10:24:21,309   INFO  Exported /geogfs1/home/u3666068/Point2Roof-master/output/tallin_subset_4096/test_results/23772_pred.obj: points=1 edges=0
2026-05-29 10:24:21,588   INFO  Exported /geogfs1/home/u3666068/Point2Roof-master/output/tallin_subset_4096/test_results/2378_pred.obj: points=1 edges=0
2026-05-29 10:24:21,862   INFO  Exported /geogfs1/home/u3666068/Point2Roof-master/output/tallin_subset_4096/test_results/23793_pred.obj: points=1 edges=0
2026-05-29 10:24:22,132   INFO  Exported /geogfs1/home/u3666068/Point2Roof-master/output/tallin_subset_4096/test_results/2381_pred.obj: points=1 edges=0
2026-05-29 10:24:22,422   INFO  Exported /geogfs1/home/u3666068/Point2Roof-master/output/tallin_subset_4096/test_results/23844_pred.obj: points=1 edges=0
2026-05-29 10:24:22,709   INFO  Exported /geogfs1/home/u3666068/Point2Roof-master/output/tallin_subset_4096/test_results/23856_pred.obj: points=1 edges=0
2026-05-29 10:24:22,990   INFO  Exported /geogfs1/home/u3666068/Point2Roof-master/output/tallin_subset_4096/test_results/23878_pred.obj: points=1 edges=0
2026-05-29 10:24:23,268   INFO  Exported /geogfs1/home/u3666068/Point2Roof-master/output/tallin_subset_4096/test_results/2396_pred.obj: points=1 edges=0
2026-05-29 10:24:23,545   INFO  Exported /geogfs1/home/u3666068/Point2Roof-master/output/tallin_subset_4096/test_results/23962_pred.obj: points=1 edges=0
2026-05-29 10:24:23,814   INFO  Exported /geogfs1/home/u3666068/Point2Roof-master/output/tallin_subset_4096/test_results/24013_pred.obj: points=1 edges=0
2026-05-29 10:24:24,076   INFO  Exported /geogfs1/home/u3666068/Point2Roof-master/output/tallin_subset_4096/test_results/24018_pred.obj: points=1 edges=0
2026-05-29 10:24:24,341   INFO  Exported /geogfs1/home/u3666068/Point2Roof-master/output/tallin_subset_4096/test_results/2402_pred.obj: points=1 edges=0
2026-05-29 10:24:24,621   INFO  Exported /geogfs1/home/u3666068/Point2Roof-master/output/tallin_subset_4096/test_results/24040_pred.obj: points=1 edges=0
2026-05-29 10:24:24,917   INFO  Exported /geogfs1/home/u3666068/Point2Roof-master/output/tallin_subset_4096/test_results/24049_pred.obj: points=1 edges=0
2026-05-29 10:24:25,205   INFO  Exported /geogfs1/home/u3666068/Point2Roof-master/output/tallin_subset_4096/test_results/2409_pred.obj: points=1 edges=0
2026-05-29 10:24:25,497   INFO  Exported /geogfs1/home/u3666068/Point2Roof-master/output/tallin_subset_4096/test_results/24099_pred.obj: points=1 edges=0
2026-05-29 10:24:25,783   INFO  Exported /geogfs1/home/u3666068/Point2Roof-master/output/tallin_subset_4096/test_results/24121_pred.obj: points=1 edges=0
2026-05-29 10:24:26,060   INFO  Exported /geogfs1/home/u3666068/Point2Roof-master/output/tallin_subset_4096/test_results/24127_pred.obj: points=1 edges=0
2026-05-29 10:24:26,335   INFO  Exported /geogfs1/home/u3666068/Point2Roof-master/output/tallin_subset_4096/test_results/2413_pred.obj: points=1 edges=0
2026-05-29 10:24:26,615   INFO  Exported /geogfs1/home/u3666068/Point2Roof-master/output/tallin_subset_4096/test_results/24153_pred.obj: points=1 edges=0
2026-05-29 10:24:26,918   INFO  Exported /geogfs1/home/u3666068/Point2Roof-master/output/tallin_subset_4096/test_results/24154_pred.obj: points=1 edges=0
2026-05-29 10:24:27,177   INFO  Exported /geogfs1/home/u3666068/Point2Roof-master/output/tallin_subset_4096/test_results/24157_pred.obj: points=1 edges=0
2026-05-29 10:24:27,442   INFO  Exported /geogfs1/home/u3666068/Point2Roof-master/output/tallin_subset_4096/test_results/24175_pred.obj: points=1 edges=0
2026-05-29 10:24:27,701   INFO  Exported /geogfs1/home/u3666068/Point2Roof-master/output/tallin_subset_4096/test_results/24191_pred.obj: points=1 edges=0
2026-05-29 10:24:27,953   INFO  Exported /geogfs1/home/u3666068/Point2Roof-master/output/tallin_subset_4096/test_results/24197_pred.obj: points=1 edges=0
2026-05-29 10:24:28,203   INFO  Exported /geogfs1/home/u3666068/Point2Roof-master/output/tallin_subset_4096/test_results/24248_pred.obj: points=1 edges=0
2026-05-29 10:24:28,453   INFO  Exported /geogfs1/home/u3666068/Point2Roof-master/output/tallin_subset_4096/test_results/2425_pred.obj: points=1 edges=0
2026-05-29 10:24:28,708   INFO  Exported /geogfs1/home/u3666068/Point2Roof-master/output/tallin_subset_4096/test_results/24257_pred.obj: points=1 edges=0
2026-05-29 10:24:28,958   INFO  Exported /geogfs1/home/u3666068/Point2Roof-master/output/tallin_subset_4096/test_results/24259_pred.obj: points=1 edges=0
2026-05-29 10:24:29,210   INFO  Exported /geogfs1/home/u3666068/Point2Roof-master/output/tallin_subset_4096/test_results/24263_pred.obj: points=1 edges=0
2026-05-29 10:24:29,463   INFO  Exported /geogfs1/home/u3666068/Point2Roof-master/output/tallin_subset_4096/test_results/24274_pred.obj: points=1 edges=0
2026-05-29 10:24:29,716   INFO  Exported /geogfs1/home/u3666068/Point2Roof-master/output/tallin_subset_4096/test_results/24278_pred.obj: points=1 edges=0
2026-05-29 10:24:29,963   INFO  Exported /geogfs1/home/u3666068/Point2Roof-master/output/tallin_subset_4096/test_results/24307_pred.obj: points=1 edges=0
2026-05-29 10:24:30,211   INFO  Exported /geogfs1/home/u3666068/Point2Roof-master/output/tallin_subset_4096/test_results/24316_pred.obj: points=1 edges=0
2026-05-29 10:24:30,461   INFO  Exported /geogfs1/home/u3666068/Point2Roof-master/output/tallin_subset_4096/test_results/24363_pred.obj: points=1 edges=0
2026-05-29 10:24:30,708   INFO  Exported /geogfs1/home/u3666068/Point2Roof-master/output/tallin_subset_4096/test_results/24370_pred.obj: points=1 edges=0
2026-05-29 10:24:30,975   INFO  Exported /geogfs1/home/u3666068/Point2Roof-master/output/tallin_subset_4096/test_results/24376_pred.obj: points=1 edges=0
2026-05-29 10:24:31,243   INFO  Exported /geogfs1/home/u3666068/Point2Roof-master/output/tallin_subset_4096/test_results/24390_pred.obj: points=1 edges=0
2026-05-29 10:24:31,510   INFO  Exported /geogfs1/home/u3666068/Point2Roof-master/output/tallin_subset_4096/test_results/24398_pred.obj: points=1 edges=0
2026-05-29 10:24:31,777   INFO  Exported /geogfs1/home/u3666068/Point2Roof-master/output/tallin_subset_4096/test_results/24416_pred.obj: points=1 edges=0
2026-05-29 10:24:32,026   INFO  Exported /geogfs1/home/u3666068/Point2Roof-master/output/tallin_subset_4096/test_results/24426_pred.obj: points=1 edges=0
2026-05-29 10:24:32,275   INFO  Exported /geogfs1/home/u3666068/Point2Roof-master/output/tallin_subset_4096/test_results/24496_pred.obj: points=1 edges=0
2026-05-29 10:24:32,531   INFO  Exported /geogfs1/home/u3666068/Point2Roof-master/output/tallin_subset_4096/test_results/24513_pred.obj: points=1 edges=0
2026-05-29 10:24:32,782   INFO  Exported /geogfs1/home/u3666068/Point2Roof-master/output/tallin_subset_4096/test_results/24519_pred.obj: points=1 edges=0
2026-05-29 10:24:33,058   INFO  Exported /geogfs1/home/u3666068/Point2Roof-master/output/tallin_subset_4096/test_results/24555_pred.obj: points=1 edges=0
2026-05-29 10:24:33,331   INFO  Exported /geogfs1/home/u3666068/Point2Roof-master/output/tallin_subset_4096/test_results/24584_pred.obj: points=1 edges=0
2026-05-29 10:24:33,614   INFO  Exported /geogfs1/home/u3666068/Point2Roof-master/output/tallin_subset_4096/test_results/24587_pred.obj: points=1 edges=0
2026-05-29 10:24:33,888   INFO  Exported /geogfs1/home/u3666068/Point2Roof-master/output/tallin_subset_4096/test_results/24588_pred.obj: points=1 edges=0
2026-05-29 10:24:34,148   INFO  Exported /geogfs1/home/u3666068/Point2Roof-master/output/tallin_subset_4096/test_results/24599_pred.obj: points=1 edges=0
2026-05-29 10:24:34,416   INFO  Exported /geogfs1/home/u3666068/Point2Roof-master/output/tallin_subset_4096/test_results/24607_pred.obj: points=1 edges=0
2026-05-29 10:24:34,711   INFO  Exported /geogfs1/home/u3666068/Point2Roof-master/output/tallin_subset_4096/test_results/24633_pred.obj: points=1 edges=0
2026-05-29 10:24:35,015   INFO  Exported /geogfs1/home/u3666068/Point2Roof-master/output/tallin_subset_4096/test_results/24642_pred.obj: points=1 edges=0
2026-05-29 10:24:35,287   INFO  Exported /geogfs1/home/u3666068/Point2Roof-master/output/tallin_subset_4096/test_results/24660_pred.obj: points=1 edges=0
2026-05-29 10:24:35,569   INFO  Exported /geogfs1/home/u3666068/Point2Roof-master/output/tallin_subset_4096/test_results/24680_pred.obj: points=1 edges=0
2026-05-29 10:24:35,830   INFO  Exported /geogfs1/home/u3666068/Point2Roof-master/output/tallin_subset_4096/test_results/24706_pred.obj: points=1 edges=0
2026-05-29 10:24:36,088   INFO  Exported /geogfs1/home/u3666068/Point2Roof-master/output/tallin_subset_4096/test_results/24707_pred.obj: points=1 edges=0
2026-05-29 10:24:36,369   INFO  Exported /geogfs1/home/u3666068/Point2Roof-master/output/tallin_subset_4096/test_results/24718_pred.obj: points=1 edges=0
2026-05-29 10:24:36,643   INFO  Exported /geogfs1/home/u3666068/Point2Roof-master/output/tallin_subset_4096/test_results/24725_pred.obj: points=1 edges=0
2026-05-29 10:24:36,899   INFO  Exported /geogfs1/home/u3666068/Point2Roof-master/output/tallin_subset_4096/test_results/2474_pred.obj: points=1 edges=0
2026-05-29 10:24:37,159   INFO  Exported /geogfs1/home/u3666068/Point2Roof-master/output/tallin_subset_4096/test_results/24741_pred.obj: points=1 edges=0
2026-05-29 10:24:37,418   INFO  Exported /geogfs1/home/u3666068/Point2Roof-master/output/tallin_subset_4096/test_results/24756_pred.obj: points=1 edges=0
2026-05-29 10:24:37,674   INFO  Exported /geogfs1/home/u3666068/Point2Roof-master/output/tallin_subset_4096/test_results/24779_pred.obj: points=1 edges=0
2026-05-29 10:24:37,940   INFO  Exported /geogfs1/home/u3666068/Point2Roof-master/output/tallin_subset_4096/test_results/24784_pred.obj: points=1 edges=0
2026-05-29 10:24:38,200   INFO  Exported /geogfs1/home/u3666068/Point2Roof-master/output/tallin_subset_4096/test_results/24803_pred.obj: points=1 edges=0
2026-05-29 10:24:38,458   INFO  Exported /geogfs1/home/u3666068/Point2Roof-master/output/tallin_subset_4096/test_results/24817_pred.obj: points=1 edges=0
2026-05-29 10:24:38,710   INFO  Exported /geogfs1/home/u3666068/Point2Roof-master/output/tallin_subset_4096/test_results/24818_pred.obj: points=1 edges=0
2026-05-29 10:24:38,952   INFO  Exported /geogfs1/home/u3666068/Point2Roof-master/output/tallin_subset_4096/test_results/24879_pred.obj: points=1 edges=0
2026-05-29 10:24:39,190   INFO  Exported /geogfs1/home/u3666068/Point2Roof-master/output/tallin_subset_4096/test_results/2490_pred.obj: points=1 edges=0
2026-05-29 10:24:39,439   INFO  Exported /geogfs1/home/u3666068/Point2Roof-master/output/tallin_subset_4096/test_results/24903_pred.obj: points=1 edges=0
2026-05-29 10:24:39,687   INFO  Exported /geogfs1/home/u3666068/Point2Roof-master/output/tallin_subset_4096/test_results/24905_pred.obj: points=1 edges=0
2026-05-29 10:24:39,935   INFO  Exported /geogfs1/home/u3666068/Point2Roof-master/output/tallin_subset_4096/test_results/24907_pred.obj: points=1 edges=0
2026-05-29 10:24:40,203   INFO  Exported /geogfs1/home/u3666068/Point2Roof-master/output/tallin_subset_4096/test_results/24908_pred.obj: points=1 edges=0
2026-05-29 10:24:40,486   INFO  Exported /geogfs1/home/u3666068/Point2Roof-master/output/tallin_subset_4096/test_results/24914_pred.obj: points=1 edges=0
2026-05-29 10:24:40,752   INFO  Exported /geogfs1/home/u3666068/Point2Roof-master/output/tallin_subset_4096/test_results/24929_pred.obj: points=1 edges=0
2026-05-29 10:24:41,015   INFO  Exported /geogfs1/home/u3666068/Point2Roof-master/output/tallin_subset_4096/test_results/24940_pred.obj: points=1 edges=0
2026-05-29 10:24:41,275   INFO  Exported /geogfs1/home/u3666068/Point2Roof-master/output/tallin_subset_4096/test_results/24981_pred.obj: points=1 edges=0
2026-05-29 10:24:41,538   INFO  Exported /geogfs1/home/u3666068/Point2Roof-master/output/tallin_subset_4096/test_results/24986_pred.obj: points=1 edges=0
2026-05-29 10:24:41,797   INFO  Exported /geogfs1/home/u3666068/Point2Roof-master/output/tallin_subset_4096/test_results/25018_pred.obj: points=1 edges=0
2026-05-29 10:24:42,055   INFO  Exported /geogfs1/home/u3666068/Point2Roof-master/output/tallin_subset_4096/test_results/25027_pred.obj: points=1 edges=0
2026-05-29 10:24:42,317   INFO  Exported /geogfs1/home/u3666068/Point2Roof-master/output/tallin_subset_4096/test_results/25051_pred.obj: points=1 edges=0
2026-05-29 10:24:42,566   INFO  Exported /geogfs1/home/u3666068/Point2Roof-master/output/tallin_subset_4096/test_results/25117_pred.obj: points=1 edges=0
2026-05-29 10:24:42,814   INFO  Exported /geogfs1/home/u3666068/Point2Roof-master/output/tallin_subset_4096/test_results/2513_pred.obj: points=1 edges=0
2026-05-29 10:24:43,064   INFO  Exported /geogfs1/home/u3666068/Point2Roof-master/output/tallin_subset_4096/test_results/25160_pred.obj: points=1 edges=0
2026-05-29 10:24:43,311   INFO  Exported /geogfs1/home/u3666068/Point2Roof-master/output/tallin_subset_4096/test_results/25177_pred.obj: points=1 edges=0
2026-05-29 10:24:43,557   INFO  Exported /geogfs1/home/u3666068/Point2Roof-master/output/tallin_subset_4096/test_results/25203_pred.obj: points=1 edges=0
2026-05-29 10:24:43,805   INFO  Exported /geogfs1/home/u3666068/Point2Roof-master/output/tallin_subset_4096/test_results/25239_pred.obj: points=1 edges=0
2026-05-29 10:24:44,060   INFO  Exported /geogfs1/home/u3666068/Point2Roof-master/output/tallin_subset_4096/test_results/25241_pred.obj: points=1 edges=0
2026-05-29 10:24:44,313   INFO  Exported /geogfs1/home/u3666068/Point2Roof-master/output/tallin_subset_4096/test_results/25280_pred.obj: points=1 edges=0
2026-05-29 10:24:44,570   INFO  Exported /geogfs1/home/u3666068/Point2Roof-master/output/tallin_subset_4096/test_results/25290_pred.obj: points=1 edges=0
2026-05-29 10:24:44,831   INFO  Exported /geogfs1/home/u3666068/Point2Roof-master/output/tallin_subset_4096/test_results/25300_pred.obj: points=1 edges=0
2026-05-29 10:24:45,085   INFO  Exported /geogfs1/home/u3666068/Point2Roof-master/output/tallin_subset_4096/test_results/25306_pred.obj: points=1 edges=0
2026-05-29 10:24:45,336   INFO  Exported /geogfs1/home/u3666068/Point2Roof-master/output/tallin_subset_4096/test_results/25357_pred.obj: points=1 edges=0
2026-05-29 10:24:45,602   INFO  Exported /geogfs1/home/u3666068/Point2Roof-master/output/tallin_subset_4096/test_results/25406_pred.obj: points=1 edges=0
2026-05-29 10:24:45,841   INFO  Exported /geogfs1/home/u3666068/Point2Roof-master/output/tallin_subset_4096/test_results/25423_pred.obj: points=1 edges=0
2026-05-29 10:24:46,084   INFO  Exported /geogfs1/home/u3666068/Point2Roof-master/output/tallin_subset_4096/test_results/25425_pred.obj: points=1 edges=0
2026-05-29 10:24:46,323   INFO  Exported /geogfs1/home/u3666068/Point2Roof-master/output/tallin_subset_4096/test_results/25487_pred.obj: points=1 edges=0
2026-05-29 10:24:46,567   INFO  Exported /geogfs1/home/u3666068/Point2Roof-master/output/tallin_subset_4096/test_results/25494_pred.obj: points=1 edges=0
2026-05-29 10:24:46,806   INFO  Exported /geogfs1/home/u3666068/Point2Roof-master/output/tallin_subset_4096/test_results/25531_pred.obj: points=1 edges=0
2026-05-29 10:24:47,041   INFO  Exported /geogfs1/home/u3666068/Point2Roof-master/output/tallin_subset_4096/test_results/25538_pred.obj: points=1 edges=0
2026-05-29 10:24:47,269   INFO  Exported /geogfs1/home/u3666068/Point2Roof-master/output/tallin_subset_4096/test_results/25546_pred.obj: points=1 edges=0
2026-05-29 10:24:47,496   INFO  Exported /geogfs1/home/u3666068/Point2Roof-master/output/tallin_subset_4096/test_results/25556_pred.obj: points=1 edges=0
2026-05-29 10:24:47,726   INFO  Exported /geogfs1/home/u3666068/Point2Roof-master/output/tallin_subset_4096/test_results/2556_pred.obj: points=1 edges=0
2026-05-29 10:24:47,975   INFO  Exported /geogfs1/home/u3666068/Point2Roof-master/output/tallin_subset_4096/test_results/25564_pred.obj: points=1 edges=0
2026-05-29 10:24:48,248   INFO  Exported /geogfs1/home/u3666068/Point2Roof-master/output/tallin_subset_4096/test_results/2558_pred.obj: points=1 edges=0
2026-05-29 10:24:48,527   INFO  Exported /geogfs1/home/u3666068/Point2Roof-master/output/tallin_subset_4096/test_results/25585_pred.obj: points=1 edges=0
2026-05-29 10:24:48,804   INFO  Exported /geogfs1/home/u3666068/Point2Roof-master/output/tallin_subset_4096/test_results/2559_pred.obj: points=1 edges=0
2026-05-29 10:24:49,091   INFO  Exported /geogfs1/home/u3666068/Point2Roof-master/output/tallin_subset_4096/test_results/25596_pred.obj: points=1 edges=0
2026-05-29 10:24:49,361   INFO  Exported /geogfs1/home/u3666068/Point2Roof-master/output/tallin_subset_4096/test_results/25668_pred.obj: points=1 edges=0
2026-05-29 10:24:49,624   INFO  Exported /geogfs1/home/u3666068/Point2Roof-master/output/tallin_subset_4096/test_results/2569_pred.obj: points=1 edges=0
2026-05-29 10:24:49,886   INFO  Exported /geogfs1/home/u3666068/Point2Roof-master/output/tallin_subset_4096/test_results/25707_pred.obj: points=1 edges=0
2026-05-29 10:24:50,144   INFO  Exported /geogfs1/home/u3666068/Point2Roof-master/output/tallin_subset_4096/test_results/25721_pred.obj: points=1 edges=0
2026-05-29 10:24:50,399   INFO  Exported /geogfs1/home/u3666068/Point2Roof-master/output/tallin_subset_4096/test_results/25730_pred.obj: points=1 edges=0
2026-05-29 10:24:50,641   INFO  Exported /geogfs1/home/u3666068/Point2Roof-master/output/tallin_subset_4096/test_results/25736_pred.obj: points=1 edges=0
2026-05-29 10:24:50,878   INFO  Exported /geogfs1/home/u3666068/Point2Roof-master/output/tallin_subset_4096/test_results/2576_pred.obj: points=1 edges=0
2026-05-29 10:24:51,119   INFO  Exported /geogfs1/home/u3666068/Point2Roof-master/output/tallin_subset_4096/test_results/2579_pred.obj: points=1 edges=0
2026-05-29 10:24:51,356   INFO  Exported /geogfs1/home/u3666068/Point2Roof-master/output/tallin_subset_4096/test_results/25816_pred.obj: points=1 edges=0
2026-05-29 10:24:51,604   INFO  Exported /geogfs1/home/u3666068/Point2Roof-master/output/tallin_subset_4096/test_results/25820_pred.obj: points=1 edges=0
2026-05-29 10:24:51,849   INFO  Exported /geogfs1/home/u3666068/Point2Roof-master/output/tallin_subset_4096/test_results/25822_pred.obj: points=1 edges=0
2026-05-29 10:24:52,096   INFO  Exported /geogfs1/home/u3666068/Point2Roof-master/output/tallin_subset_4096/test_results/25836_pred.obj: points=1 edges=0
2026-05-29 10:24:52,341   INFO  Exported /geogfs1/home/u3666068/Point2Roof-master/output/tallin_subset_4096/test_results/2584_pred.obj: points=1 edges=0
2026-05-29 10:24:52,597   INFO  Exported /geogfs1/home/u3666068/Point2Roof-master/output/tallin_subset_4096/test_results/25845_pred.obj: points=1 edges=0
2026-05-29 10:24:52,854   INFO  Exported /geogfs1/home/u3666068/Point2Roof-master/output/tallin_subset_4096/test_results/25859_pred.obj: points=1 edges=0
2026-05-29 10:24:53,111   INFO  Exported /geogfs1/home/u3666068/Point2Roof-master/output/tallin_subset_4096/test_results/25875_pred.obj: points=1 edges=0
2026-05-29 10:24:53,372   INFO  Exported /geogfs1/home/u3666068/Point2Roof-master/output/tallin_subset_4096/test_results/259_pred.obj: points=1 edges=0
2026-05-29 10:24:53,636   INFO  Exported /geogfs1/home/u3666068/Point2Roof-master/output/tallin_subset_4096/test_results/25917_pred.obj: points=1 edges=0
2026-05-29 10:24:53,896   INFO  Exported /geogfs1/home/u3666068/Point2Roof-master/output/tallin_subset_4096/test_results/25952_pred.obj: points=1 edges=0
2026-05-29 10:24:54,149   INFO  Exported /geogfs1/home/u3666068/Point2Roof-master/output/tallin_subset_4096/test_results/25977_pred.obj: points=1 edges=0
2026-05-29 10:24:54,412   INFO  Exported /geogfs1/home/u3666068/Point2Roof-master/output/tallin_subset_4096/test_results/25998_pred.obj: points=1 edges=0
2026-05-29 10:24:54,689   INFO  Exported /geogfs1/home/u3666068/Point2Roof-master/output/tallin_subset_4096/test_results/26_pred.obj: points=1 edges=0
2026-05-29 10:24:54,966   INFO  Exported /geogfs1/home/u3666068/Point2Roof-master/output/tallin_subset_4096/test_results/26011_pred.obj: points=1 edges=0
2026-05-29 10:24:55,254   INFO  Exported /geogfs1/home/u3666068/Point2Roof-master/output/tallin_subset_4096/test_results/26016_pred.obj: points=1 edges=0
2026-05-29 10:24:55,530   INFO  Exported /geogfs1/home/u3666068/Point2Roof-master/output/tallin_subset_4096/test_results/26017_pred.obj: points=1 edges=0
2026-05-29 10:24:55,802   INFO  Exported /geogfs1/home/u3666068/Point2Roof-master/output/tallin_subset_4096/test_results/2606_pred.obj: points=1 edges=0
2026-05-29 10:24:56,080   INFO  Exported /geogfs1/home/u3666068/Point2Roof-master/output/tallin_subset_4096/test_results/26150_pred.obj: points=1 edges=0
2026-05-29 10:24:56,353   INFO  Exported /geogfs1/home/u3666068/Point2Roof-master/output/tallin_subset_4096/test_results/26171_pred.obj: points=1 edges=0
2026-05-29 10:24:56,625   INFO  Exported /geogfs1/home/u3666068/Point2Roof-master/output/tallin_subset_4096/test_results/2622_pred.obj: points=1 edges=0
2026-05-29 10:24:56,894   INFO  Exported /geogfs1/home/u3666068/Point2Roof-master/output/tallin_subset_4096/test_results/26239_pred.obj: points=1 edges=0
2026-05-29 10:24:57,161   INFO  Exported /geogfs1/home/u3666068/Point2Roof-master/output/tallin_subset_4096/test_results/2626_pred.obj: points=1 edges=0
2026-05-29 10:24:57,421   INFO  Exported /geogfs1/home/u3666068/Point2Roof-master/output/tallin_subset_4096/test_results/2627_pred.obj: points=1 edges=0
2026-05-29 10:24:57,675   INFO  Exported /geogfs1/home/u3666068/Point2Roof-master/output/tallin_subset_4096/test_results/26278_pred.obj: points=1 edges=0
2026-05-29 10:24:57,928   INFO  Exported /geogfs1/home/u3666068/Point2Roof-master/output/tallin_subset_4096/test_results/26288_pred.obj: points=1 edges=0
2026-05-29 10:24:58,187   INFO  Exported /geogfs1/home/u3666068/Point2Roof-master/output/tallin_subset_4096/test_results/26294_pred.obj: points=1 edges=0
2026-05-29 10:24:58,438   INFO  Exported /geogfs1/home/u3666068/Point2Roof-master/output/tallin_subset_4096/test_results/263_pred.obj: points=1 edges=0
2026-05-29 10:24:58,691   INFO  Exported /geogfs1/home/u3666068/Point2Roof-master/output/tallin_subset_4096/test_results/26341_pred.obj: points=1 edges=0
2026-05-29 10:24:58,945   INFO  Exported /geogfs1/home/u3666068/Point2Roof-master/output/tallin_subset_4096/test_results/26343_pred.obj: points=1 edges=0
2026-05-29 10:24:59,203   INFO  Exported /geogfs1/home/u3666068/Point2Roof-master/output/tallin_subset_4096/test_results/26344_pred.obj: points=1 edges=0
2026-05-29 10:24:59,474   INFO  Exported /geogfs1/home/u3666068/Point2Roof-master/output/tallin_subset_4096/test_results/26359_pred.obj: points=1 edges=0
2026-05-29 10:24:59,734   INFO  Exported /geogfs1/home/u3666068/Point2Roof-master/output/tallin_subset_4096/test_results/26369_pred.obj: points=1 edges=0
2026-05-29 10:24:59,989   INFO  Exported /geogfs1/home/u3666068/Point2Roof-master/output/tallin_subset_4096/test_results/26425_pred.obj: points=1 edges=0
2026-05-29 10:25:00,242   INFO  Exported /geogfs1/home/u3666068/Point2Roof-master/output/tallin_subset_4096/test_results/26489_pred.obj: points=1 edges=0
2026-05-29 10:25:00,510   INFO  Exported /geogfs1/home/u3666068/Point2Roof-master/output/tallin_subset_4096/test_results/26491_pred.obj: points=1 edges=0
2026-05-29 10:25:00,765   INFO  Exported /geogfs1/home/u3666068/Point2Roof-master/output/tallin_subset_4096/test_results/26501_pred.obj: points=1 edges=0
2026-05-29 10:25:01,021   INFO  Exported /geogfs1/home/u3666068/Point2Roof-master/output/tallin_subset_4096/test_results/26513_pred.obj: points=1 edges=0
2026-05-29 10:25:01,264   INFO  Exported /geogfs1/home/u3666068/Point2Roof-master/output/tallin_subset_4096/test_results/26546_pred.obj: points=1 edges=0
2026-05-29 10:25:01,506   INFO  Exported /geogfs1/home/u3666068/Point2Roof-master/output/tallin_subset_4096/test_results/26553_pred.obj: points=1 edges=0
2026-05-29 10:25:01,765   INFO  Exported /geogfs1/home/u3666068/Point2Roof-master/output/tallin_subset_4096/test_results/26561_pred.obj: points=1 edges=0
2026-05-29 10:25:02,000   INFO  Exported /geogfs1/home/u3666068/Point2Roof-master/output/tallin_subset_4096/test_results/26582_pred.obj: points=1 edges=0
2026-05-29 10:25:02,234   INFO  Exported /geogfs1/home/u3666068/Point2Roof-master/output/tallin_subset_4096/test_results/26589_pred.obj: points=1 edges=0
2026-05-29 10:25:02,463   INFO  Exported /geogfs1/home/u3666068/Point2Roof-master/output/tallin_subset_4096/test_results/26607_pred.obj: points=1 edges=0
2026-05-29 10:25:02,692   INFO  Exported /geogfs1/home/u3666068/Point2Roof-master/output/tallin_subset_4096/test_results/26619_pred.obj: points=1 edges=0
2026-05-29 10:25:02,934   INFO  Exported /geogfs1/home/u3666068/Point2Roof-master/output/tallin_subset_4096/test_results/26633_pred.obj: points=1 edges=0
2026-05-29 10:25:03,197   INFO  Exported /geogfs1/home/u3666068/Point2Roof-master/output/tallin_subset_4096/test_results/26639_pred.obj: points=1 edges=0
2026-05-29 10:25:03,474   INFO  Exported /geogfs1/home/u3666068/Point2Roof-master/output/tallin_subset_4096/test_results/26646_pred.obj: points=1 edges=0
2026-05-29 10:25:03,759   INFO  Exported /geogfs1/home/u3666068/Point2Roof-master/output/tallin_subset_4096/test_results/2666_pred.obj: points=1 edges=0
2026-05-29 10:25:04,046   INFO  Exported /geogfs1/home/u3666068/Point2Roof-master/output/tallin_subset_4096/test_results/26690_pred.obj: points=1 edges=0
2026-05-29 10:25:04,333   INFO  Exported /geogfs1/home/u3666068/Point2Roof-master/output/tallin_subset_4096/test_results/2672_pred.obj: points=1 edges=0
2026-05-29 10:25:04,618   INFO  Exported /geogfs1/home/u3666068/Point2Roof-master/output/tallin_subset_4096/test_results/26729_pred.obj: points=1 edges=0
2026-05-29 10:25:04,900   INFO  Exported /geogfs1/home/u3666068/Point2Roof-master/output/tallin_subset_4096/test_results/26746_pred.obj: points=1 edges=0
2026-05-29 10:25:05,175   INFO  Exported /geogfs1/home/u3666068/Point2Roof-master/output/tallin_subset_4096/test_results/26784_pred.obj: points=1 edges=0
2026-05-29 10:25:05,448   INFO  Exported /geogfs1/home/u3666068/Point2Roof-master/output/tallin_subset_4096/test_results/26804_pred.obj: points=1 edges=0
2026-05-29 10:25:05,700   INFO  Exported /geogfs1/home/u3666068/Point2Roof-master/output/tallin_subset_4096/test_results/26829_pred.obj: points=1 edges=0
2026-05-29 10:25:05,963   INFO  Exported /geogfs1/home/u3666068/Point2Roof-master/output/tallin_subset_4096/test_results/26854_pred.obj: points=1 edges=0
2026-05-29 10:25:06,223   INFO  Exported /geogfs1/home/u3666068/Point2Roof-master/output/tallin_subset_4096/test_results/26868_pred.obj: points=1 edges=0
2026-05-29 10:25:06,488   INFO  Exported /geogfs1/home/u3666068/Point2Roof-master/output/tallin_subset_4096/test_results/26914_pred.obj: points=1 edges=0
2026-05-29 10:25:06,771   INFO  Exported /geogfs1/home/u3666068/Point2Roof-master/output/tallin_subset_4096/test_results/26937_pred.obj: points=1 edges=0
2026-05-29 10:25:07,044   INFO  Exported /geogfs1/home/u3666068/Point2Roof-master/output/tallin_subset_4096/test_results/26945_pred.obj: points=1 edges=0
2026-05-29 10:25:07,332   INFO  Exported /geogfs1/home/u3666068/Point2Roof-master/output/tallin_subset_4096/test_results/26948_pred.obj: points=1 edges=0
2026-05-29 10:25:07,621   INFO  Exported /geogfs1/home/u3666068/Point2Roof-master/output/tallin_subset_4096/test_results/26954_pred.obj: points=1 edges=0
2026-05-29 10:25:07,910   INFO  Exported /geogfs1/home/u3666068/Point2Roof-master/output/tallin_subset_4096/test_results/26955_pred.obj: points=1 edges=0
2026-05-29 10:25:08,191   INFO  Exported /geogfs1/home/u3666068/Point2Roof-master/output/tallin_subset_4096/test_results/26956_pred.obj: points=1 edges=0
2026-05-29 10:25:08,469   INFO  Exported /geogfs1/home/u3666068/Point2Roof-master/output/tallin_subset_4096/test_results/2696_pred.obj: points=1 edges=0
2026-05-29 10:25:08,743   INFO  Exported /geogfs1/home/u3666068/Point2Roof-master/output/tallin_subset_4096/test_results/26967_pred.obj: points=1 edges=0
2026-05-29 10:25:09,018   INFO  Exported /geogfs1/home/u3666068/Point2Roof-master/output/tallin_subset_4096/test_results/26984_pred.obj: points=1 edges=0
2026-05-29 10:25:09,287   INFO  Exported /geogfs1/home/u3666068/Point2Roof-master/output/tallin_subset_4096/test_results/26993_pred.obj: points=1 edges=0
2026-05-29 10:25:09,560   INFO  Exported /geogfs1/home/u3666068/Point2Roof-master/output/tallin_subset_4096/test_results/26999_pred.obj: points=1 edges=0
2026-05-29 10:25:09,838   INFO  Exported /geogfs1/home/u3666068/Point2Roof-master/output/tallin_subset_4096/test_results/27015_pred.obj: points=1 edges=0
2026-05-29 10:25:10,104   INFO  Exported /geogfs1/home/u3666068/Point2Roof-master/output/tallin_subset_4096/test_results/27025_pred.obj: points=1 edges=0
2026-05-29 10:25:10,370   INFO  Exported /geogfs1/home/u3666068/Point2Roof-master/output/tallin_subset_4096/test_results/27030_pred.obj: points=1 edges=0
2026-05-29 10:25:10,635   INFO  Exported /geogfs1/home/u3666068/Point2Roof-master/output/tallin_subset_4096/test_results/27042_pred.obj: points=1 edges=0
2026-05-29 10:25:10,898   INFO  Exported /geogfs1/home/u3666068/Point2Roof-master/output/tallin_subset_4096/test_results/27067_pred.obj: points=1 edges=0
2026-05-29 10:25:11,167   INFO  Exported /geogfs1/home/u3666068/Point2Roof-master/output/tallin_subset_4096/test_results/27069_pred.obj: points=1 edges=0
2026-05-29 10:25:11,434   INFO  Exported /geogfs1/home/u3666068/Point2Roof-master/output/tallin_subset_4096/test_results/27098_pred.obj: points=1 edges=0
2026-05-29 10:25:11,701   INFO  Exported /geogfs1/home/u3666068/Point2Roof-master/output/tallin_subset_4096/test_results/27147_pred.obj: points=1 edges=0
2026-05-29 10:25:11,957   INFO  Exported /geogfs1/home/u3666068/Point2Roof-master/output/tallin_subset_4096/test_results/2715_pred.obj: points=1 edges=0
2026-05-29 10:25:12,211   INFO  Exported /geogfs1/home/u3666068/Point2Roof-master/output/tallin_subset_4096/test_results/27158_pred.obj: points=1 edges=0
2026-05-29 10:25:12,469   INFO  Exported /geogfs1/home/u3666068/Point2Roof-master/output/tallin_subset_4096/test_results/27165_pred.obj: points=1 edges=0
2026-05-29 10:25:12,738   INFO  Exported /geogfs1/home/u3666068/Point2Roof-master/output/tallin_subset_4096/test_results/27173_pred.obj: points=1 edges=0
2026-05-29 10:25:13,002   INFO  Exported /geogfs1/home/u3666068/Point2Roof-master/output/tallin_subset_4096/test_results/27181_pred.obj: points=1 edges=0
2026-05-29 10:25:13,264   INFO  Exported /geogfs1/home/u3666068/Point2Roof-master/output/tallin_subset_4096/test_results/27192_pred.obj: points=1 edges=0
2026-05-29 10:25:13,532   INFO  Exported /geogfs1/home/u3666068/Point2Roof-master/output/tallin_subset_4096/test_results/27239_pred.obj: points=1 edges=0
2026-05-29 10:25:13,799   INFO  Exported /geogfs1/home/u3666068/Point2Roof-master/output/tallin_subset_4096/test_results/27284_pred.obj: points=1 edges=0
2026-05-29 10:25:14,064   INFO  Exported /geogfs1/home/u3666068/Point2Roof-master/output/tallin_subset_4096/test_results/27312_pred.obj: points=1 edges=0
2026-05-29 10:25:14,340   INFO  Exported /geogfs1/home/u3666068/Point2Roof-master/output/tallin_subset_4096/test_results/27336_pred.obj: points=1 edges=0
2026-05-29 10:25:14,614   INFO  Exported /geogfs1/home/u3666068/Point2Roof-master/output/tallin_subset_4096/test_results/27340_pred.obj: points=1 edges=0
2026-05-29 10:25:14,887   INFO  Exported /geogfs1/home/u3666068/Point2Roof-master/output/tallin_subset_4096/test_results/27345_pred.obj: points=1 edges=0
2026-05-29 10:25:15,170   INFO  Exported /geogfs1/home/u3666068/Point2Roof-master/output/tallin_subset_4096/test_results/27363_pred.obj: points=1 edges=0
2026-05-29 10:25:15,438   INFO  Exported /geogfs1/home/u3666068/Point2Roof-master/output/tallin_subset_4096/test_results/27365_pred.obj: points=1 edges=0
2026-05-29 10:25:15,738   INFO  Exported /geogfs1/home/u3666068/Point2Roof-master/output/tallin_subset_4096/test_results/27369_pred.obj: points=1 edges=0
2026-05-29 10:25:16,007   INFO  Exported /geogfs1/home/u3666068/Point2Roof-master/output/tallin_subset_4096/test_results/27372_pred.obj: points=1 edges=0
2026-05-29 10:25:16,266   INFO  Exported /geogfs1/home/u3666068/Point2Roof-master/output/tallin_subset_4096/test_results/27374_pred.obj: points=1 edges=0
2026-05-29 10:25:16,499   INFO  Exported /geogfs1/home/u3666068/Point2Roof-master/output/tallin_subset_4096/test_results/27380_pred.obj: points=1 edges=0
2026-05-29 10:25:16,733   INFO  Exported /geogfs1/home/u3666068/Point2Roof-master/output/tallin_subset_4096/test_results/27455_pred.obj: points=1 edges=0
2026-05-29 10:25:16,955   INFO  Exported /geogfs1/home/u3666068/Point2Roof-master/output/tallin_subset_4096/test_results/27456_pred.obj: points=1 edges=0
2026-05-29 10:25:17,184   INFO  Exported /geogfs1/home/u3666068/Point2Roof-master/output/tallin_subset_4096/test_results/27478_pred.obj: points=1 edges=0
2026-05-29 10:25:17,436   INFO  Exported /geogfs1/home/u3666068/Point2Roof-master/output/tallin_subset_4096/test_results/27482_pred.obj: points=1 edges=0
2026-05-29 10:25:17,662   INFO  Exported /geogfs1/home/u3666068/Point2Roof-master/output/tallin_subset_4096/test_results/27528_pred.obj: points=1 edges=0
2026-05-29 10:25:17,897   INFO  Exported /geogfs1/home/u3666068/Point2Roof-master/output/tallin_subset_4096/test_results/27531_pred.obj: points=1 edges=0
2026-05-29 10:25:18,179   INFO  Exported /geogfs1/home/u3666068/Point2Roof-master/output/tallin_subset_4096/test_results/2754_pred.obj: points=1 edges=0
2026-05-29 10:25:18,479   INFO  Exported /geogfs1/home/u3666068/Point2Roof-master/output/tallin_subset_4096/test_results/27580_pred.obj: points=1 edges=0
2026-05-29 10:25:18,773   INFO  Exported /geogfs1/home/u3666068/Point2Roof-master/output/tallin_subset_4096/test_results/27606_pred.obj: points=1 edges=0
2026-05-29 10:25:19,070   INFO  Exported /geogfs1/home/u3666068/Point2Roof-master/output/tallin_subset_4096/test_results/2762_pred.obj: points=1 edges=0
2026-05-29 10:25:19,368   INFO  Exported /geogfs1/home/u3666068/Point2Roof-master/output/tallin_subset_4096/test_results/27621_pred.obj: points=1 edges=0
2026-05-29 10:25:19,669   INFO  Exported /geogfs1/home/u3666068/Point2Roof-master/output/tallin_subset_4096/test_results/27627_pred.obj: points=1 edges=0
2026-05-29 10:25:19,960   INFO  Exported /geogfs1/home/u3666068/Point2Roof-master/output/tallin_subset_4096/test_results/27652_pred.obj: points=1 edges=0
2026-05-29 10:25:20,246   INFO  Exported /geogfs1/home/u3666068/Point2Roof-master/output/tallin_subset_4096/test_results/27661_pred.obj: points=1 edges=0
2026-05-29 10:25:20,519   INFO  Exported /geogfs1/home/u3666068/Point2Roof-master/output/tallin_subset_4096/test_results/27670_pred.obj: points=1 edges=0
2026-05-29 10:25:20,763   INFO  Exported /geogfs1/home/u3666068/Point2Roof-master/output/tallin_subset_4096/test_results/27676_pred.obj: points=1 edges=0
2026-05-29 10:25:21,031   INFO  Exported /geogfs1/home/u3666068/Point2Roof-master/output/tallin_subset_4096/test_results/27689_pred.obj: points=1 edges=0
2026-05-29 10:25:21,317   INFO  Exported /geogfs1/home/u3666068/Point2Roof-master/output/tallin_subset_4096/test_results/27692_pred.obj: points=1 edges=0
2026-05-29 10:25:21,633   INFO  Exported /geogfs1/home/u3666068/Point2Roof-master/output/tallin_subset_4096/test_results/27712_pred.obj: points=1 edges=0
2026-05-29 10:25:21,943   INFO  Exported /geogfs1/home/u3666068/Point2Roof-master/output/tallin_subset_4096/test_results/27733_pred.obj: points=1 edges=0
2026-05-29 10:25:22,222   INFO  Exported /geogfs1/home/u3666068/Point2Roof-master/output/tallin_subset_4096/test_results/27742_pred.obj: points=1 edges=0
2026-05-29 10:25:22,493   INFO  Exported /geogfs1/home/u3666068/Point2Roof-master/output/tallin_subset_4096/test_results/27758_pred.obj: points=1 edges=0
2026-05-29 10:25:22,766   INFO  Exported /geogfs1/home/u3666068/Point2Roof-master/output/tallin_subset_4096/test_results/2776_pred.obj: points=1 edges=0
2026-05-29 10:25:23,035   INFO  Exported /geogfs1/home/u3666068/Point2Roof-master/output/tallin_subset_4096/test_results/27762_pred.obj: points=1 edges=0
2026-05-29 10:25:23,297   INFO  Exported /geogfs1/home/u3666068/Point2Roof-master/output/tallin_subset_4096/test_results/27764_pred.obj: points=1 edges=0
2026-05-29 10:25:23,565   INFO  Exported /geogfs1/home/u3666068/Point2Roof-master/output/tallin_subset_4096/test_results/27765_pred.obj: points=1 edges=0
2026-05-29 10:25:23,851   INFO  Exported /geogfs1/home/u3666068/Point2Roof-master/output/tallin_subset_4096/test_results/27791_pred.obj: points=1 edges=0
2026-05-29 10:25:24,157   INFO  Exported /geogfs1/home/u3666068/Point2Roof-master/output/tallin_subset_4096/test_results/27829_pred.obj: points=1 edges=0
2026-05-29 10:25:24,465   INFO  Exported /geogfs1/home/u3666068/Point2Roof-master/output/tallin_subset_4096/test_results/27841_pred.obj: points=1 edges=0
2026-05-29 10:25:24,761   INFO  Exported /geogfs1/home/u3666068/Point2Roof-master/output/tallin_subset_4096/test_results/27852_pred.obj: points=1 edges=0
2026-05-29 10:25:25,069   INFO  Exported /geogfs1/home/u3666068/Point2Roof-master/output/tallin_subset_4096/test_results/27868_pred.obj: points=1 edges=0
2026-05-29 10:25:25,381   INFO  Exported /geogfs1/home/u3666068/Point2Roof-master/output/tallin_subset_4096/test_results/27871_pred.obj: points=1 edges=0
2026-05-29 10:25:25,698   INFO  Exported /geogfs1/home/u3666068/Point2Roof-master/output/tallin_subset_4096/test_results/27900_pred.obj: points=1 edges=0
2026-05-29 10:25:25,974   INFO  Exported /geogfs1/home/u3666068/Point2Roof-master/output/tallin_subset_4096/test_results/27901_pred.obj: points=1 edges=0
2026-05-29 10:25:26,230   INFO  Exported /geogfs1/home/u3666068/Point2Roof-master/output/tallin_subset_4096/test_results/27914_pred.obj: points=1 edges=0
2026-05-29 10:25:26,483   INFO  Exported /geogfs1/home/u3666068/Point2Roof-master/output/tallin_subset_4096/test_results/27920_pred.obj: points=1 edges=0
2026-05-29 10:25:26,744   INFO  Exported /geogfs1/home/u3666068/Point2Roof-master/output/tallin_subset_4096/test_results/27955_pred.obj: points=1 edges=0
2026-05-29 10:25:27,001   INFO  Exported /geogfs1/home/u3666068/Point2Roof-master/output/tallin_subset_4096/test_results/27969_pred.obj: points=1 edges=0
2026-05-29 10:25:27,255   INFO  Exported /geogfs1/home/u3666068/Point2Roof-master/output/tallin_subset_4096/test_results/28027_pred.obj: points=1 edges=0
2026-05-29 10:25:27,515   INFO  Exported /geogfs1/home/u3666068/Point2Roof-master/output/tallin_subset_4096/test_results/28033_pred.obj: points=1 edges=0
2026-05-29 10:25:27,767   INFO  Exported /geogfs1/home/u3666068/Point2Roof-master/output/tallin_subset_4096/test_results/28044_pred.obj: points=1 edges=0
2026-05-29 10:25:28,021   INFO  Exported /geogfs1/home/u3666068/Point2Roof-master/output/tallin_subset_4096/test_results/28050_pred.obj: points=1 edges=0
2026-05-29 10:25:28,285   INFO  Exported /geogfs1/home/u3666068/Point2Roof-master/output/tallin_subset_4096/test_results/28067_pred.obj: points=1 edges=0
2026-05-29 10:25:28,543   INFO  Exported /geogfs1/home/u3666068/Point2Roof-master/output/tallin_subset_4096/test_results/28102_pred.obj: points=1 edges=0
2026-05-29 10:25:28,799   INFO  Exported /geogfs1/home/u3666068/Point2Roof-master/output/tallin_subset_4096/test_results/28112_pred.obj: points=1 edges=0
2026-05-29 10:25:29,055   INFO  Exported /geogfs1/home/u3666068/Point2Roof-master/output/tallin_subset_4096/test_results/28126_pred.obj: points=1 edges=0
2026-05-29 10:25:29,307   INFO  Exported /geogfs1/home/u3666068/Point2Roof-master/output/tallin_subset_4096/test_results/2813_pred.obj: points=1 edges=0
2026-05-29 10:25:29,563   INFO  Exported /geogfs1/home/u3666068/Point2Roof-master/output/tallin_subset_4096/test_results/28138_pred.obj: points=1 edges=0
2026-05-29 10:25:29,814   INFO  Exported /geogfs1/home/u3666068/Point2Roof-master/output/tallin_subset_4096/test_results/28157_pred.obj: points=1 edges=0
2026-05-29 10:25:30,069   INFO  Exported /geogfs1/home/u3666068/Point2Roof-master/output/tallin_subset_4096/test_results/28196_pred.obj: points=1 edges=0
2026-05-29 10:25:30,313   INFO  Exported /geogfs1/home/u3666068/Point2Roof-master/output/tallin_subset_4096/test_results/2820_pred.obj: points=1 edges=0
2026-05-29 10:25:30,547   INFO  Exported /geogfs1/home/u3666068/Point2Roof-master/output/tallin_subset_4096/test_results/28207_pred.obj: points=1 edges=0
2026-05-29 10:25:30,781   INFO  Exported /geogfs1/home/u3666068/Point2Roof-master/output/tallin_subset_4096/test_results/28216_pred.obj: points=1 edges=0
2026-05-29 10:25:31,015   INFO  Exported /geogfs1/home/u3666068/Point2Roof-master/output/tallin_subset_4096/test_results/28225_pred.obj: points=1 edges=0
2026-05-29 10:25:31,253   INFO  Exported /geogfs1/home/u3666068/Point2Roof-master/output/tallin_subset_4096/test_results/28279_pred.obj: points=1 edges=0
2026-05-29 10:25:31,484   INFO  Exported /geogfs1/home/u3666068/Point2Roof-master/output/tallin_subset_4096/test_results/28298_pred.obj: points=1 edges=0
2026-05-29 10:25:31,715   INFO  Exported /geogfs1/home/u3666068/Point2Roof-master/output/tallin_subset_4096/test_results/283_pred.obj: points=1 edges=0
2026-05-29 10:25:31,954   INFO  Exported /geogfs1/home/u3666068/Point2Roof-master/output/tallin_subset_4096/test_results/28318_pred.obj: points=1 edges=0
2026-05-29 10:25:32,212   INFO  Exported /geogfs1/home/u3666068/Point2Roof-master/output/tallin_subset_4096/test_results/28337_pred.obj: points=1 edges=0
2026-05-29 10:25:32,473   INFO  Exported /geogfs1/home/u3666068/Point2Roof-master/output/tallin_subset_4096/test_results/28352_pred.obj: points=1 edges=0
2026-05-29 10:25:32,742   INFO  Exported /geogfs1/home/u3666068/Point2Roof-master/output/tallin_subset_4096/test_results/28373_pred.obj: points=1 edges=0
2026-05-29 10:25:33,014   INFO  Exported /geogfs1/home/u3666068/Point2Roof-master/output/tallin_subset_4096/test_results/28385_pred.obj: points=1 edges=0
2026-05-29 10:25:33,280   INFO  Exported /geogfs1/home/u3666068/Point2Roof-master/output/tallin_subset_4096/test_results/28389_pred.obj: points=1 edges=0
2026-05-29 10:25:33,549   INFO  Exported /geogfs1/home/u3666068/Point2Roof-master/output/tallin_subset_4096/test_results/28416_pred.obj: points=1 edges=0
2026-05-29 10:25:33,821   INFO  Exported /geogfs1/home/u3666068/Point2Roof-master/output/tallin_subset_4096/test_results/28451_pred.obj: points=1 edges=0
2026-05-29 10:25:34,096   INFO  Exported /geogfs1/home/u3666068/Point2Roof-master/output/tallin_subset_4096/test_results/28467_pred.obj: points=1 edges=0
2026-05-29 10:25:34,382   INFO  Exported /geogfs1/home/u3666068/Point2Roof-master/output/tallin_subset_4096/test_results/28469_pred.obj: points=1 edges=0
2026-05-29 10:25:34,656   INFO  Exported /geogfs1/home/u3666068/Point2Roof-master/output/tallin_subset_4096/test_results/2849_pred.obj: points=1 edges=0
2026-05-29 10:25:34,928   INFO  Exported /geogfs1/home/u3666068/Point2Roof-master/output/tallin_subset_4096/test_results/28494_pred.obj: points=1 edges=0
2026-05-29 10:25:35,210   INFO  Exported /geogfs1/home/u3666068/Point2Roof-master/output/tallin_subset_4096/test_results/2850_pred.obj: points=1 edges=0
2026-05-29 10:25:35,502   INFO  Exported /geogfs1/home/u3666068/Point2Roof-master/output/tallin_subset_4096/test_results/28505_pred.obj: points=1 edges=0
2026-05-29 10:25:35,784   INFO  Exported /geogfs1/home/u3666068/Point2Roof-master/output/tallin_subset_4096/test_results/2851_pred.obj: points=1 edges=0
2026-05-29 10:25:36,105   INFO  Exported /geogfs1/home/u3666068/Point2Roof-master/output/tallin_subset_4096/test_results/28515_pred.obj: points=1 edges=0
2026-05-29 10:25:36,377   INFO  Exported /geogfs1/home/u3666068/Point2Roof-master/output/tallin_subset_4096/test_results/28520_pred.obj: points=1 edges=0
2026-05-29 10:25:36,632   INFO  Exported /geogfs1/home/u3666068/Point2Roof-master/output/tallin_subset_4096/test_results/28522_pred.obj: points=1 edges=0
2026-05-29 10:25:36,934   INFO  Exported /geogfs1/home/u3666068/Point2Roof-master/output/tallin_subset_4096/test_results/28526_pred.obj: points=1 edges=0
2026-05-29 10:25:37,194   INFO  Exported /geogfs1/home/u3666068/Point2Roof-master/output/tallin_subset_4096/test_results/28537_pred.obj: points=1 edges=0
2026-05-29 10:25:37,474   INFO  Exported /geogfs1/home/u3666068/Point2Roof-master/output/tallin_subset_4096/test_results/28561_pred.obj: points=1 edges=0
2026-05-29 10:25:37,737   INFO  Exported /geogfs1/home/u3666068/Point2Roof-master/output/tallin_subset_4096/test_results/28566_pred.obj: points=1 edges=0
2026-05-29 10:25:38,004   INFO  Exported /geogfs1/home/u3666068/Point2Roof-master/output/tallin_subset_4096/test_results/28573_pred.obj: points=1 edges=0
2026-05-29 10:25:38,283   INFO  Exported /geogfs1/home/u3666068/Point2Roof-master/output/tallin_subset_4096/test_results/28580_pred.obj: points=1 edges=0
2026-05-29 10:25:38,548   INFO  Exported /geogfs1/home/u3666068/Point2Roof-master/output/tallin_subset_4096/test_results/28603_pred.obj: points=1 edges=0
2026-05-29 10:25:38,829   INFO  Exported /geogfs1/home/u3666068/Point2Roof-master/output/tallin_subset_4096/test_results/28641_pred.obj: points=1 edges=0
2026-05-29 10:25:39,108   INFO  Exported /geogfs1/home/u3666068/Point2Roof-master/output/tallin_subset_4096/test_results/2865_pred.obj: points=1 edges=0
2026-05-29 10:25:39,401   INFO  Exported /geogfs1/home/u3666068/Point2Roof-master/output/tallin_subset_4096/test_results/28654_pred.obj: points=1 edges=0
2026-05-29 10:25:39,720   INFO  Exported /geogfs1/home/u3666068/Point2Roof-master/output/tallin_subset_4096/test_results/28658_pred.obj: points=1 edges=0
2026-05-29 10:25:40,041   INFO  Exported /geogfs1/home/u3666068/Point2Roof-master/output/tallin_subset_4096/test_results/28673_pred.obj: points=1 edges=0
2026-05-29 10:25:40,355   INFO  Exported /geogfs1/home/u3666068/Point2Roof-master/output/tallin_subset_4096/test_results/28675_pred.obj: points=1 edges=0
2026-05-29 10:25:40,651   INFO  Exported /geogfs1/home/u3666068/Point2Roof-master/output/tallin_subset_4096/test_results/2870_pred.obj: points=1 edges=0
2026-05-29 10:25:40,936   INFO  Exported /geogfs1/home/u3666068/Point2Roof-master/output/tallin_subset_4096/test_results/28703_pred.obj: points=1 edges=0
2026-05-29 10:25:41,209   INFO  Exported /geogfs1/home/u3666068/Point2Roof-master/output/tallin_subset_4096/test_results/28746_pred.obj: points=1 edges=0
2026-05-29 10:25:41,481   INFO  Exported /geogfs1/home/u3666068/Point2Roof-master/output/tallin_subset_4096/test_results/28762_pred.obj: points=1 edges=0
2026-05-29 10:25:41,738   INFO  Exported /geogfs1/home/u3666068/Point2Roof-master/output/tallin_subset_4096/test_results/28768_pred.obj: points=1 edges=0
2026-05-29 10:25:41,993   INFO  Exported /geogfs1/home/u3666068/Point2Roof-master/output/tallin_subset_4096/test_results/2877_pred.obj: points=1 edges=0
2026-05-29 10:25:42,251   INFO  Exported /geogfs1/home/u3666068/Point2Roof-master/output/tallin_subset_4096/test_results/28774_pred.obj: points=1 edges=0
2026-05-29 10:25:42,520   INFO  Exported /geogfs1/home/u3666068/Point2Roof-master/output/tallin_subset_4096/test_results/2879_pred.obj: points=1 edges=0
2026-05-29 10:25:42,786   INFO  Exported /geogfs1/home/u3666068/Point2Roof-master/output/tallin_subset_4096/test_results/28824_pred.obj: points=1 edges=0
2026-05-29 10:25:43,055   INFO  Exported /geogfs1/home/u3666068/Point2Roof-master/output/tallin_subset_4096/test_results/28826_pred.obj: points=1 edges=0
2026-05-29 10:25:43,325   INFO  Exported /geogfs1/home/u3666068/Point2Roof-master/output/tallin_subset_4096/test_results/28860_pred.obj: points=1 edges=0
2026-05-29 10:25:43,593   INFO  Exported /geogfs1/home/u3666068/Point2Roof-master/output/tallin_subset_4096/test_results/28865_pred.obj: points=1 edges=0
2026-05-29 10:25:43,857   INFO  Exported /geogfs1/home/u3666068/Point2Roof-master/output/tallin_subset_4096/test_results/28866_pred.obj: points=1 edges=0
2026-05-29 10:25:44,119   INFO  Exported /geogfs1/home/u3666068/Point2Roof-master/output/tallin_subset_4096/test_results/28870_pred.obj: points=1 edges=0
2026-05-29 10:25:44,380   INFO  Exported /geogfs1/home/u3666068/Point2Roof-master/output/tallin_subset_4096/test_results/28886_pred.obj: points=1 edges=0
2026-05-29 10:25:44,644   INFO  Exported /geogfs1/home/u3666068/Point2Roof-master/output/tallin_subset_4096/test_results/28887_pred.obj: points=1 edges=0
2026-05-29 10:25:44,904   INFO  Exported /geogfs1/home/u3666068/Point2Roof-master/output/tallin_subset_4096/test_results/28888_pred.obj: points=1 edges=0
2026-05-29 10:25:45,169   INFO  Exported /geogfs1/home/u3666068/Point2Roof-master/output/tallin_subset_4096/test_results/28920_pred.obj: points=1 edges=0
2026-05-29 10:25:45,430   INFO  Exported /geogfs1/home/u3666068/Point2Roof-master/output/tallin_subset_4096/test_results/28932_pred.obj: points=1 edges=0
2026-05-29 10:25:45,672   INFO  Exported /geogfs1/home/u3666068/Point2Roof-master/output/tallin_subset_4096/test_results/28946_pred.obj: points=1 edges=0
2026-05-29 10:25:45,923   INFO  Exported /geogfs1/home/u3666068/Point2Roof-master/output/tallin_subset_4096/test_results/28963_pred.obj: points=1 edges=0
2026-05-29 10:25:46,175   INFO  Exported /geogfs1/home/u3666068/Point2Roof-master/output/tallin_subset_4096/test_results/28969_pred.obj: points=1 edges=0
2026-05-29 10:25:46,429   INFO  Exported /geogfs1/home/u3666068/Point2Roof-master/output/tallin_subset_4096/test_results/28973_pred.obj: points=1 edges=0
2026-05-29 10:25:46,677   INFO  Exported /geogfs1/home/u3666068/Point2Roof-master/output/tallin_subset_4096/test_results/28975_pred.obj: points=1 edges=0
2026-05-29 10:25:46,924   INFO  Exported /geogfs1/home/u3666068/Point2Roof-master/output/tallin_subset_4096/test_results/28985_pred.obj: points=1 edges=0
2026-05-29 10:25:47,177   INFO  Exported /geogfs1/home/u3666068/Point2Roof-master/output/tallin_subset_4096/test_results/28988_pred.obj: points=1 edges=0
2026-05-29 10:25:47,430   INFO  Exported /geogfs1/home/u3666068/Point2Roof-master/output/tallin_subset_4096/test_results/28995_pred.obj: points=1 edges=0
2026-05-29 10:25:47,679   INFO  Exported /geogfs1/home/u3666068/Point2Roof-master/output/tallin_subset_4096/test_results/29006_pred.obj: points=1 edges=0
2026-05-29 10:25:47,932   INFO  Exported /geogfs1/home/u3666068/Point2Roof-master/output/tallin_subset_4096/test_results/29009_pred.obj: points=1 edges=0
2026-05-29 10:25:48,187   INFO  Exported /geogfs1/home/u3666068/Point2Roof-master/output/tallin_subset_4096/test_results/29029_pred.obj: points=1 edges=0
2026-05-29 10:25:48,449   INFO  Exported /geogfs1/home/u3666068/Point2Roof-master/output/tallin_subset_4096/test_results/29051_pred.obj: points=1 edges=0
2026-05-29 10:25:48,704   INFO  Exported /geogfs1/home/u3666068/Point2Roof-master/output/tallin_subset_4096/test_results/29055_pred.obj: points=1 edges=0
2026-05-29 10:25:48,983   INFO  Exported /geogfs1/home/u3666068/Point2Roof-master/output/tallin_subset_4096/test_results/29069_pred.obj: points=1 edges=0
2026-05-29 10:25:49,255   INFO  Exported /geogfs1/home/u3666068/Point2Roof-master/output/tallin_subset_4096/test_results/29086_pred.obj: points=1 edges=0
2026-05-29 10:25:49,529   INFO  Exported /geogfs1/home/u3666068/Point2Roof-master/output/tallin_subset_4096/test_results/29088_pred.obj: points=1 edges=0
2026-05-29 10:25:49,806   INFO  Exported /geogfs1/home/u3666068/Point2Roof-master/output/tallin_subset_4096/test_results/29099_pred.obj: points=1 edges=0
2026-05-29 10:25:50,070   INFO  Exported /geogfs1/home/u3666068/Point2Roof-master/output/tallin_subset_4096/test_results/29101_pred.obj: points=1 edges=0
2026-05-29 10:25:50,344   INFO  Exported /geogfs1/home/u3666068/Point2Roof-master/output/tallin_subset_4096/test_results/29104_pred.obj: points=1 edges=0
2026-05-29 10:25:50,619   INFO  Exported /geogfs1/home/u3666068/Point2Roof-master/output/tallin_subset_4096/test_results/29133_pred.obj: points=1 edges=0
2026-05-29 10:25:50,894   INFO  Exported /geogfs1/home/u3666068/Point2Roof-master/output/tallin_subset_4096/test_results/29140_pred.obj: points=1 edges=0
2026-05-29 10:25:51,189   INFO  Exported /geogfs1/home/u3666068/Point2Roof-master/output/tallin_subset_4096/test_results/29148_pred.obj: points=1 edges=0
2026-05-29 10:25:51,449   INFO  Exported /geogfs1/home/u3666068/Point2Roof-master/output/tallin_subset_4096/test_results/29154_pred.obj: points=1 edges=0
2026-05-29 10:25:51,718   INFO  Exported /geogfs1/home/u3666068/Point2Roof-master/output/tallin_subset_4096/test_results/29157_pred.obj: points=1 edges=0
2026-05-29 10:25:51,992   INFO  Exported /geogfs1/home/u3666068/Point2Roof-master/output/tallin_subset_4096/test_results/2917_pred.obj: points=1 edges=0
2026-05-29 10:25:52,264   INFO  Exported /geogfs1/home/u3666068/Point2Roof-master/output/tallin_subset_4096/test_results/29179_pred.obj: points=1 edges=0
2026-05-29 10:25:52,552   INFO  Exported /geogfs1/home/u3666068/Point2Roof-master/output/tallin_subset_4096/test_results/29216_pred.obj: points=1 edges=0
2026-05-29 10:25:52,838   INFO  Exported /geogfs1/home/u3666068/Point2Roof-master/output/tallin_subset_4096/test_results/2922_pred.obj: points=1 edges=0
2026-05-29 10:25:53,121   INFO  Exported /geogfs1/home/u3666068/Point2Roof-master/output/tallin_subset_4096/test_results/29247_pred.obj: points=1 edges=0
2026-05-29 10:25:53,421   INFO  Exported /geogfs1/home/u3666068/Point2Roof-master/output/tallin_subset_4096/test_results/2925_pred.obj: points=1 edges=0
2026-05-29 10:25:53,710   INFO  Exported /geogfs1/home/u3666068/Point2Roof-master/output/tallin_subset_4096/test_results/29254_pred.obj: points=1 edges=0
2026-05-29 10:25:53,994   INFO  Exported /geogfs1/home/u3666068/Point2Roof-master/output/tallin_subset_4096/test_results/29259_pred.obj: points=1 edges=0
2026-05-29 10:25:54,302   INFO  Exported /geogfs1/home/u3666068/Point2Roof-master/output/tallin_subset_4096/test_results/29294_pred.obj: points=1 edges=0
2026-05-29 10:25:54,602   INFO  Exported /geogfs1/home/u3666068/Point2Roof-master/output/tallin_subset_4096/test_results/293_pred.obj: points=1 edges=0
2026-05-29 10:25:54,898   INFO  Exported /geogfs1/home/u3666068/Point2Roof-master/output/tallin_subset_4096/test_results/29308_pred.obj: points=1 edges=0
2026-05-29 10:25:55,194   INFO  Exported /geogfs1/home/u3666068/Point2Roof-master/output/tallin_subset_4096/test_results/29321_pred.obj: points=1 edges=0
2026-05-29 10:25:55,484   INFO  Exported /geogfs1/home/u3666068/Point2Roof-master/output/tallin_subset_4096/test_results/29330_pred.obj: points=1 edges=0
2026-05-29 10:25:55,782   INFO  Exported /geogfs1/home/u3666068/Point2Roof-master/output/tallin_subset_4096/test_results/29331_pred.obj: points=1 edges=0
2026-05-29 10:25:56,049   INFO  Exported /geogfs1/home/u3666068/Point2Roof-master/output/tallin_subset_4096/test_results/29343_pred.obj: points=1 edges=0
2026-05-29 10:25:56,324   INFO  Exported /geogfs1/home/u3666068/Point2Roof-master/output/tallin_subset_4096/test_results/29353_pred.obj: points=1 edges=0
2026-05-29 10:25:56,596   INFO  Exported /geogfs1/home/u3666068/Point2Roof-master/output/tallin_subset_4096/test_results/29357_pred.obj: points=1 edges=0
2026-05-29 10:25:56,877   INFO  Exported /geogfs1/home/u3666068/Point2Roof-master/output/tallin_subset_4096/test_results/29358_pred.obj: points=1 edges=0
2026-05-29 10:25:57,169   INFO  Exported /geogfs1/home/u3666068/Point2Roof-master/output/tallin_subset_4096/test_results/29364_pred.obj: points=1 edges=0
2026-05-29 10:25:57,461   INFO  Exported /geogfs1/home/u3666068/Point2Roof-master/output/tallin_subset_4096/test_results/29379_pred.obj: points=1 edges=0
2026-05-29 10:25:57,746   INFO  Exported /geogfs1/home/u3666068/Point2Roof-master/output/tallin_subset_4096/test_results/29414_pred.obj: points=1 edges=0
2026-05-29 10:25:58,022   INFO  Exported /geogfs1/home/u3666068/Point2Roof-master/output/tallin_subset_4096/test_results/29418_pred.obj: points=1 edges=0
2026-05-29 10:25:58,307   INFO  Exported /geogfs1/home/u3666068/Point2Roof-master/output/tallin_subset_4096/test_results/29433_pred.obj: points=1 edges=0
2026-05-29 10:25:58,572   INFO  Exported /geogfs1/home/u3666068/Point2Roof-master/output/tallin_subset_4096/test_results/29449_pred.obj: points=1 edges=0
2026-05-29 10:25:58,842   INFO  Exported /geogfs1/home/u3666068/Point2Roof-master/output/tallin_subset_4096/test_results/29458_pred.obj: points=1 edges=0
2026-05-29 10:25:59,109   INFO  Exported /geogfs1/home/u3666068/Point2Roof-master/output/tallin_subset_4096/test_results/29465_pred.obj: points=1 edges=0
2026-05-29 10:25:59,374   INFO  Exported /geogfs1/home/u3666068/Point2Roof-master/output/tallin_subset_4096/test_results/29479_pred.obj: points=1 edges=0
2026-05-29 10:25:59,635   INFO  Exported /geogfs1/home/u3666068/Point2Roof-master/output/tallin_subset_4096/test_results/29486_pred.obj: points=1 edges=0
2026-05-29 10:25:59,891   INFO  Exported /geogfs1/home/u3666068/Point2Roof-master/output/tallin_subset_4096/test_results/29550_pred.obj: points=1 edges=0
2026-05-29 10:26:00,144   INFO  Exported /geogfs1/home/u3666068/Point2Roof-master/output/tallin_subset_4096/test_results/29557_pred.obj: points=1 edges=0
2026-05-29 10:26:00,396   INFO  Exported /geogfs1/home/u3666068/Point2Roof-master/output/tallin_subset_4096/test_results/29565_pred.obj: points=1 edges=0
2026-05-29 10:26:00,653   INFO  Exported /geogfs1/home/u3666068/Point2Roof-master/output/tallin_subset_4096/test_results/29568_pred.obj: points=1 edges=0
2026-05-29 10:26:00,906   INFO  Exported /geogfs1/home/u3666068/Point2Roof-master/output/tallin_subset_4096/test_results/29589_pred.obj: points=1 edges=0
2026-05-29 10:26:01,165   INFO  Exported /geogfs1/home/u3666068/Point2Roof-master/output/tallin_subset_4096/test_results/2964_pred.obj: points=1 edges=0
2026-05-29 10:26:01,427   INFO  Exported /geogfs1/home/u3666068/Point2Roof-master/output/tallin_subset_4096/test_results/29653_pred.obj: points=1 edges=0
2026-05-29 10:26:01,667   INFO  Exported /geogfs1/home/u3666068/Point2Roof-master/output/tallin_subset_4096/test_results/29654_pred.obj: points=1 edges=0
2026-05-29 10:26:01,915   INFO  Exported /geogfs1/home/u3666068/Point2Roof-master/output/tallin_subset_4096/test_results/29657_pred.obj: points=1 edges=0
2026-05-29 10:26:02,153   INFO  Exported /geogfs1/home/u3666068/Point2Roof-master/output/tallin_subset_4096/test_results/2966_pred.obj: points=1 edges=0
2026-05-29 10:26:02,384   INFO  Exported /geogfs1/home/u3666068/Point2Roof-master/output/tallin_subset_4096/test_results/29671_pred.obj: points=1 edges=0
2026-05-29 10:26:02,621   INFO  Exported /geogfs1/home/u3666068/Point2Roof-master/output/tallin_subset_4096/test_results/29685_pred.obj: points=1 edges=0
2026-05-29 10:26:02,849   INFO  Exported /geogfs1/home/u3666068/Point2Roof-master/output/tallin_subset_4096/test_results/29690_pred.obj: points=1 edges=0
2026-05-29 10:26:03,076   INFO  Exported /geogfs1/home/u3666068/Point2Roof-master/output/tallin_subset_4096/test_results/29704_pred.obj: points=1 edges=0
2026-05-29 10:26:03,329   INFO  Exported /geogfs1/home/u3666068/Point2Roof-master/output/tallin_subset_4096/test_results/29705_pred.obj: points=1 edges=0
2026-05-29 10:26:03,578   INFO  Exported /geogfs1/home/u3666068/Point2Roof-master/output/tallin_subset_4096/test_results/29738_pred.obj: points=1 edges=0
2026-05-29 10:26:03,829   INFO  Exported /geogfs1/home/u3666068/Point2Roof-master/output/tallin_subset_4096/test_results/29740_pred.obj: points=1 edges=0
2026-05-29 10:26:04,072   INFO  Exported /geogfs1/home/u3666068/Point2Roof-master/output/tallin_subset_4096/test_results/29771_pred.obj: points=1 edges=0
2026-05-29 10:26:04,322   INFO  Exported /geogfs1/home/u3666068/Point2Roof-master/output/tallin_subset_4096/test_results/29773_pred.obj: points=1 edges=0
2026-05-29 10:26:04,568   INFO  Exported /geogfs1/home/u3666068/Point2Roof-master/output/tallin_subset_4096/test_results/29785_pred.obj: points=1 edges=0
2026-05-29 10:26:04,830   INFO  Exported /geogfs1/home/u3666068/Point2Roof-master/output/tallin_subset_4096/test_results/29791_pred.obj: points=1 edges=0
2026-05-29 10:26:05,081   INFO  Exported /geogfs1/home/u3666068/Point2Roof-master/output/tallin_subset_4096/test_results/29793_pred.obj: points=1 edges=0
2026-05-29 10:26:05,334   INFO  Exported /geogfs1/home/u3666068/Point2Roof-master/output/tallin_subset_4096/test_results/29795_pred.obj: points=1 edges=0
2026-05-29 10:26:05,582   INFO  Exported /geogfs1/home/u3666068/Point2Roof-master/output/tallin_subset_4096/test_results/29796_pred.obj: points=1 edges=0
2026-05-29 10:26:05,815   INFO  Exported /geogfs1/home/u3666068/Point2Roof-master/output/tallin_subset_4096/test_results/29803_pred.obj: points=1 edges=0
2026-05-29 10:26:06,050   INFO  Exported /geogfs1/home/u3666068/Point2Roof-master/output/tallin_subset_4096/test_results/29806_pred.obj: points=1 edges=0
2026-05-29 10:26:06,311   INFO  Exported /geogfs1/home/u3666068/Point2Roof-master/output/tallin_subset_4096/test_results/29823_pred.obj: points=1 edges=0
2026-05-29 10:26:06,573   INFO  Exported /geogfs1/home/u3666068/Point2Roof-master/output/tallin_subset_4096/test_results/29831_pred.obj: points=1 edges=0
2026-05-29 10:26:06,835   INFO  Exported /geogfs1/home/u3666068/Point2Roof-master/output/tallin_subset_4096/test_results/29851_pred.obj: points=1 edges=0
2026-05-29 10:26:07,105   INFO  Exported /geogfs1/home/u3666068/Point2Roof-master/output/tallin_subset_4096/test_results/29866_pred.obj: points=1 edges=0
2026-05-29 10:26:07,375   INFO  Exported /geogfs1/home/u3666068/Point2Roof-master/output/tallin_subset_4096/test_results/29876_pred.obj: points=1 edges=0
2026-05-29 10:26:07,651   INFO  Exported /geogfs1/home/u3666068/Point2Roof-master/output/tallin_subset_4096/test_results/29887_pred.obj: points=1 edges=0
2026-05-29 10:26:07,945   INFO  Exported /geogfs1/home/u3666068/Point2Roof-master/output/tallin_subset_4096/test_results/2989_pred.obj: points=1 edges=0
2026-05-29 10:26:08,229   INFO  Exported /geogfs1/home/u3666068/Point2Roof-master/output/tallin_subset_4096/test_results/29894_pred.obj: points=1 edges=0
2026-05-29 10:26:08,506   INFO  Exported /geogfs1/home/u3666068/Point2Roof-master/output/tallin_subset_4096/test_results/2990_pred.obj: points=1 edges=0
2026-05-29 10:26:08,792   INFO  Exported /geogfs1/home/u3666068/Point2Roof-master/output/tallin_subset_4096/test_results/29932_pred.obj: points=1 edges=0
2026-05-29 10:26:09,072   INFO  Exported /geogfs1/home/u3666068/Point2Roof-master/output/tallin_subset_4096/test_results/29982_pred.obj: points=1 edges=0
2026-05-29 10:26:09,351   INFO  Exported /geogfs1/home/u3666068/Point2Roof-master/output/tallin_subset_4096/test_results/29987_pred.obj: points=1 edges=0
2026-05-29 10:26:09,629   INFO  Exported /geogfs1/home/u3666068/Point2Roof-master/output/tallin_subset_4096/test_results/29989_pred.obj: points=1 edges=0
2026-05-29 10:26:09,898   INFO  Exported /geogfs1/home/u3666068/Point2Roof-master/output/tallin_subset_4096/test_results/30004_pred.obj: points=1 edges=0
2026-05-29 10:26:10,167   INFO  Exported /geogfs1/home/u3666068/Point2Roof-master/output/tallin_subset_4096/test_results/30009_pred.obj: points=1 edges=0
2026-05-29 10:26:10,437   INFO  Exported /geogfs1/home/u3666068/Point2Roof-master/output/tallin_subset_4096/test_results/3001_pred.obj: points=1 edges=0
2026-05-29 10:26:10,710   INFO  Exported /geogfs1/home/u3666068/Point2Roof-master/output/tallin_subset_4096/test_results/30030_pred.obj: points=1 edges=0
2026-05-29 10:26:10,985   INFO  Exported /geogfs1/home/u3666068/Point2Roof-master/output/tallin_subset_4096/test_results/30060_pred.obj: points=1 edges=0
2026-05-29 10:26:11,274   INFO  Exported /geogfs1/home/u3666068/Point2Roof-master/output/tallin_subset_4096/test_results/30077_pred.obj: points=1 edges=0
2026-05-29 10:26:11,562   INFO  Exported /geogfs1/home/u3666068/Point2Roof-master/output/tallin_subset_4096/test_results/3009_pred.obj: points=1 edges=0
2026-05-29 10:26:11,841   INFO  Exported /geogfs1/home/u3666068/Point2Roof-master/output/tallin_subset_4096/test_results/30101_pred.obj: points=1 edges=0
2026-05-29 10:26:12,116   INFO  Exported /geogfs1/home/u3666068/Point2Roof-master/output/tallin_subset_4096/test_results/30114_pred.obj: points=1 edges=0
2026-05-29 10:26:12,382   INFO  Exported /geogfs1/home/u3666068/Point2Roof-master/output/tallin_subset_4096/test_results/30127_pred.obj: points=1 edges=0
2026-05-29 10:26:12,645   INFO  Exported /geogfs1/home/u3666068/Point2Roof-master/output/tallin_subset_4096/test_results/30130_pred.obj: points=1 edges=0
2026-05-29 10:26:12,910   INFO  Exported /geogfs1/home/u3666068/Point2Roof-master/output/tallin_subset_4096/test_results/30132_pred.obj: points=1 edges=0
2026-05-29 10:26:13,172   INFO  Exported /geogfs1/home/u3666068/Point2Roof-master/output/tallin_subset_4096/test_results/30133_pred.obj: points=1 edges=0
2026-05-29 10:26:13,430   INFO  Exported /geogfs1/home/u3666068/Point2Roof-master/output/tallin_subset_4096/test_results/30148_pred.obj: points=1 edges=0
2026-05-29 10:26:13,694   INFO  Exported /geogfs1/home/u3666068/Point2Roof-master/output/tallin_subset_4096/test_results/30155_pred.obj: points=1 edges=0
2026-05-29 10:26:13,958   INFO  Exported /geogfs1/home/u3666068/Point2Roof-master/output/tallin_subset_4096/test_results/30161_pred.obj: points=1 edges=0
2026-05-29 10:26:14,218   INFO  Exported /geogfs1/home/u3666068/Point2Roof-master/output/tallin_subset_4096/test_results/30176_pred.obj: points=1 edges=0
2026-05-29 10:26:14,479   INFO  Exported /geogfs1/home/u3666068/Point2Roof-master/output/tallin_subset_4096/test_results/30191_pred.obj: points=1 edges=0
2026-05-29 10:26:14,739   INFO  Exported /geogfs1/home/u3666068/Point2Roof-master/output/tallin_subset_4096/test_results/30200_pred.obj: points=1 edges=0
2026-05-29 10:26:15,000   INFO  Exported /geogfs1/home/u3666068/Point2Roof-master/output/tallin_subset_4096/test_results/30261_pred.obj: points=1 edges=0
2026-05-29 10:26:15,266   INFO  Exported /geogfs1/home/u3666068/Point2Roof-master/output/tallin_subset_4096/test_results/3027_pred.obj: points=1 edges=0
2026-05-29 10:26:15,522   INFO  Exported /geogfs1/home/u3666068/Point2Roof-master/output/tallin_subset_4096/test_results/30285_pred.obj: points=1 edges=0
2026-05-29 10:26:15,782   INFO  Exported /geogfs1/home/u3666068/Point2Roof-master/output/tallin_subset_4096/test_results/30316_pred.obj: points=1 edges=0
2026-05-29 10:26:16,041   INFO  Exported /geogfs1/home/u3666068/Point2Roof-master/output/tallin_subset_4096/test_results/30322_pred.obj: points=1 edges=0
2026-05-29 10:26:16,313   INFO  Exported /geogfs1/home/u3666068/Point2Roof-master/output/tallin_subset_4096/test_results/30329_pred.obj: points=1 edges=0
2026-05-29 10:26:16,589   INFO  Exported /geogfs1/home/u3666068/Point2Roof-master/output/tallin_subset_4096/test_results/3034_pred.obj: points=1 edges=0
2026-05-29 10:26:16,868   INFO  Exported /geogfs1/home/u3666068/Point2Roof-master/output/tallin_subset_4096/test_results/30355_pred.obj: points=1 edges=0
2026-05-29 10:26:17,141   INFO  Exported /geogfs1/home/u3666068/Point2Roof-master/output/tallin_subset_4096/test_results/30368_pred.obj: points=1 edges=0
2026-05-29 10:26:17,415   INFO  Exported /geogfs1/home/u3666068/Point2Roof-master/output/tallin_subset_4096/test_results/30373_pred.obj: points=1 edges=0
2026-05-29 10:26:17,679   INFO  Exported /geogfs1/home/u3666068/Point2Roof-master/output/tallin_subset_4096/test_results/30382_pred.obj: points=1 edges=0
2026-05-29 10:26:17,941   INFO  Exported /geogfs1/home/u3666068/Point2Roof-master/output/tallin_subset_4096/test_results/30390_pred.obj: points=1 edges=0
2026-05-29 10:26:18,213   INFO  Exported /geogfs1/home/u3666068/Point2Roof-master/output/tallin_subset_4096/test_results/30413_pred.obj: points=1 edges=0
2026-05-29 10:26:18,494   INFO  Exported /geogfs1/home/u3666068/Point2Roof-master/output/tallin_subset_4096/test_results/30424_pred.obj: points=1 edges=0
2026-05-29 10:26:18,773   INFO  Exported /geogfs1/home/u3666068/Point2Roof-master/output/tallin_subset_4096/test_results/30427_pred.obj: points=1 edges=0
2026-05-29 10:26:19,056   INFO  Exported /geogfs1/home/u3666068/Point2Roof-master/output/tallin_subset_4096/test_results/30431_pred.obj: points=1 edges=0
2026-05-29 10:26:19,323   INFO  Exported /geogfs1/home/u3666068/Point2Roof-master/output/tallin_subset_4096/test_results/30448_pred.obj: points=1 edges=0
2026-05-29 10:26:19,592   INFO  Exported /geogfs1/home/u3666068/Point2Roof-master/output/tallin_subset_4096/test_results/30450_pred.obj: points=1 edges=0
2026-05-29 10:26:19,853   INFO  Exported /geogfs1/home/u3666068/Point2Roof-master/output/tallin_subset_4096/test_results/30462_pred.obj: points=1 edges=0
2026-05-29 10:26:20,141   INFO  Exported /geogfs1/home/u3666068/Point2Roof-master/output/tallin_subset_4096/test_results/30475_pred.obj: points=1 edges=0
2026-05-29 10:26:20,394   INFO  Exported /geogfs1/home/u3666068/Point2Roof-master/output/tallin_subset_4096/test_results/3048_pred.obj: points=1 edges=0
2026-05-29 10:26:20,650   INFO  Exported /geogfs1/home/u3666068/Point2Roof-master/output/tallin_subset_4096/test_results/30483_pred.obj: points=1 edges=0
2026-05-29 10:26:20,903   INFO  Exported /geogfs1/home/u3666068/Point2Roof-master/output/tallin_subset_4096/test_results/30484_pred.obj: points=1 edges=0
2026-05-29 10:26:21,147   INFO  Exported /geogfs1/home/u3666068/Point2Roof-master/output/tallin_subset_4096/test_results/30489_pred.obj: points=1 edges=0
2026-05-29 10:26:21,396   INFO  Exported /geogfs1/home/u3666068/Point2Roof-master/output/tallin_subset_4096/test_results/30494_pred.obj: points=1 edges=0
2026-05-29 10:26:21,650   INFO  Exported /geogfs1/home/u3666068/Point2Roof-master/output/tallin_subset_4096/test_results/30506_pred.obj: points=1 edges=0
2026-05-29 10:26:21,899   INFO  Exported /geogfs1/home/u3666068/Point2Roof-master/output/tallin_subset_4096/test_results/30517_pred.obj: points=1 edges=0
2026-05-29 10:26:22,150   INFO  Exported /geogfs1/home/u3666068/Point2Roof-master/output/tallin_subset_4096/test_results/30518_pred.obj: points=1 edges=0
2026-05-29 10:26:22,409   INFO  Exported /geogfs1/home/u3666068/Point2Roof-master/output/tallin_subset_4096/test_results/30520_pred.obj: points=1 edges=0
2026-05-29 10:26:22,679   INFO  Exported /geogfs1/home/u3666068/Point2Roof-master/output/tallin_subset_4096/test_results/30543_pred.obj: points=1 edges=0
2026-05-29 10:26:22,981   INFO  Exported /geogfs1/home/u3666068/Point2Roof-master/output/tallin_subset_4096/test_results/30553_pred.obj: points=1 edges=0
2026-05-29 10:26:23,277   INFO  Exported /geogfs1/home/u3666068/Point2Roof-master/output/tallin_subset_4096/test_results/30580_pred.obj: points=1 edges=0
2026-05-29 10:26:23,573   INFO  Exported /geogfs1/home/u3666068/Point2Roof-master/output/tallin_subset_4096/test_results/30614_pred.obj: points=1 edges=0
2026-05-29 10:26:23,871   INFO  Exported /geogfs1/home/u3666068/Point2Roof-master/output/tallin_subset_4096/test_results/30642_pred.obj: points=1 edges=0
2026-05-29 10:26:24,163   INFO  Exported /geogfs1/home/u3666068/Point2Roof-master/output/tallin_subset_4096/test_results/30654_pred.obj: points=1 edges=0
2026-05-29 10:26:24,458   INFO  Exported /geogfs1/home/u3666068/Point2Roof-master/output/tallin_subset_4096/test_results/30657_pred.obj: points=1 edges=0
2026-05-29 10:26:24,754   INFO  Exported /geogfs1/home/u3666068/Point2Roof-master/output/tallin_subset_4096/test_results/30672_pred.obj: points=1 edges=0
2026-05-29 10:26:25,048   INFO  Exported /geogfs1/home/u3666068/Point2Roof-master/output/tallin_subset_4096/test_results/30699_pred.obj: points=1 edges=0
2026-05-29 10:26:25,327   INFO  Exported /geogfs1/home/u3666068/Point2Roof-master/output/tallin_subset_4096/test_results/307_pred.obj: points=1 edges=0
2026-05-29 10:26:25,599   INFO  Exported /geogfs1/home/u3666068/Point2Roof-master/output/tallin_subset_4096/test_results/30701_pred.obj: points=1 edges=0
2026-05-29 10:26:25,893   INFO  Exported /geogfs1/home/u3666068/Point2Roof-master/output/tallin_subset_4096/test_results/30706_pred.obj: points=1 edges=0
2026-05-29 10:26:26,170   INFO  Exported /geogfs1/home/u3666068/Point2Roof-master/output/tallin_subset_4096/test_results/30749_pred.obj: points=1 edges=0
2026-05-29 10:26:26,452   INFO  Exported /geogfs1/home/u3666068/Point2Roof-master/output/tallin_subset_4096/test_results/30752_pred.obj: points=1 edges=0
2026-05-29 10:26:26,752   INFO  Exported /geogfs1/home/u3666068/Point2Roof-master/output/tallin_subset_4096/test_results/30759_pred.obj: points=1 edges=0
2026-05-29 10:26:27,041   INFO  Exported /geogfs1/home/u3666068/Point2Roof-master/output/tallin_subset_4096/test_results/30764_pred.obj: points=1 edges=0
2026-05-29 10:26:27,313   INFO  Exported /geogfs1/home/u3666068/Point2Roof-master/output/tallin_subset_4096/test_results/30778_pred.obj: points=1 edges=0
2026-05-29 10:26:27,594   INFO  Exported /geogfs1/home/u3666068/Point2Roof-master/output/tallin_subset_4096/test_results/30784_pred.obj: points=1 edges=0
2026-05-29 10:26:27,874   INFO  Exported /geogfs1/home/u3666068/Point2Roof-master/output/tallin_subset_4096/test_results/30788_pred.obj: points=1 edges=0
2026-05-29 10:26:28,130   INFO  Exported /geogfs1/home/u3666068/Point2Roof-master/output/tallin_subset_4096/test_results/30819_pred.obj: points=1 edges=0
2026-05-29 10:26:28,384   INFO  Exported /geogfs1/home/u3666068/Point2Roof-master/output/tallin_subset_4096/test_results/30823_pred.obj: points=1 edges=0
2026-05-29 10:26:28,638   INFO  Exported /geogfs1/home/u3666068/Point2Roof-master/output/tallin_subset_4096/test_results/30825_pred.obj: points=1 edges=0
2026-05-29 10:26:28,893   INFO  Exported /geogfs1/home/u3666068/Point2Roof-master/output/tallin_subset_4096/test_results/30869_pred.obj: points=1 edges=0
2026-05-29 10:26:29,176   INFO  Exported /geogfs1/home/u3666068/Point2Roof-master/output/tallin_subset_4096/test_results/3090_pred.obj: points=1 edges=0
2026-05-29 10:26:29,439   INFO  Exported /geogfs1/home/u3666068/Point2Roof-master/output/tallin_subset_4096/test_results/30904_pred.obj: points=1 edges=0
2026-05-29 10:26:29,699   INFO  Exported /geogfs1/home/u3666068/Point2Roof-master/output/tallin_subset_4096/test_results/30924_pred.obj: points=1 edges=0
2026-05-29 10:26:29,969   INFO  Exported /geogfs1/home/u3666068/Point2Roof-master/output/tallin_subset_4096/test_results/30940_pred.obj: points=1 edges=0
2026-05-29 10:26:30,256   INFO  Exported /geogfs1/home/u3666068/Point2Roof-master/output/tallin_subset_4096/test_results/30970_pred.obj: points=1 edges=0
2026-05-29 10:26:30,524   INFO  Exported /geogfs1/home/u3666068/Point2Roof-master/output/tallin_subset_4096/test_results/30978_pred.obj: points=1 edges=0
2026-05-29 10:26:30,803   INFO  Exported /geogfs1/home/u3666068/Point2Roof-master/output/tallin_subset_4096/test_results/30982_pred.obj: points=1 edges=0
2026-05-29 10:26:31,076   INFO  Exported /geogfs1/home/u3666068/Point2Roof-master/output/tallin_subset_4096/test_results/3099_pred.obj: points=1 edges=0
2026-05-29 10:26:31,374   INFO  Exported /geogfs1/home/u3666068/Point2Roof-master/output/tallin_subset_4096/test_results/30997_pred.obj: points=1 edges=0
2026-05-29 10:26:31,647   INFO  Exported /geogfs1/home/u3666068/Point2Roof-master/output/tallin_subset_4096/test_results/31049_pred.obj: points=1 edges=0
2026-05-29 10:26:31,898   INFO  Exported /geogfs1/home/u3666068/Point2Roof-master/output/tallin_subset_4096/test_results/3105_pred.obj: points=1 edges=0
2026-05-29 10:26:32,147   INFO  Exported /geogfs1/home/u3666068/Point2Roof-master/output/tallin_subset_4096/test_results/31074_pred.obj: points=1 edges=0
2026-05-29 10:26:32,397   INFO  Exported /geogfs1/home/u3666068/Point2Roof-master/output/tallin_subset_4096/test_results/31097_pred.obj: points=1 edges=0
2026-05-29 10:26:32,641   INFO  Exported /geogfs1/home/u3666068/Point2Roof-master/output/tallin_subset_4096/test_results/31099_pred.obj: points=1 edges=0
2026-05-29 10:26:32,876   INFO  Exported /geogfs1/home/u3666068/Point2Roof-master/output/tallin_subset_4096/test_results/31106_pred.obj: points=1 edges=0
2026-05-29 10:26:33,121   INFO  Exported /geogfs1/home/u3666068/Point2Roof-master/output/tallin_subset_4096/test_results/31112_pred.obj: points=1 edges=0
2026-05-29 10:26:33,386   INFO  Exported /geogfs1/home/u3666068/Point2Roof-master/output/tallin_subset_4096/test_results/31136_pred.obj: points=1 edges=0
2026-05-29 10:26:33,652   INFO  Exported /geogfs1/home/u3666068/Point2Roof-master/output/tallin_subset_4096/test_results/31142_pred.obj: points=1 edges=0
2026-05-29 10:26:33,925   INFO  Exported /geogfs1/home/u3666068/Point2Roof-master/output/tallin_subset_4096/test_results/31156_pred.obj: points=1 edges=0
2026-05-29 10:26:34,189   INFO  Exported /geogfs1/home/u3666068/Point2Roof-master/output/tallin_subset_4096/test_results/31201_pred.obj: points=1 edges=0
2026-05-29 10:26:34,454   INFO  Exported /geogfs1/home/u3666068/Point2Roof-master/output/tallin_subset_4096/test_results/31225_pred.obj: points=1 edges=0
2026-05-29 10:26:34,717   INFO  Exported /geogfs1/home/u3666068/Point2Roof-master/output/tallin_subset_4096/test_results/31241_pred.obj: points=1 edges=0
2026-05-29 10:26:34,979   INFO  Exported /geogfs1/home/u3666068/Point2Roof-master/output/tallin_subset_4096/test_results/3125_pred.obj: points=1 edges=0
2026-05-29 10:26:35,246   INFO  Exported /geogfs1/home/u3666068/Point2Roof-master/output/tallin_subset_4096/test_results/31255_pred.obj: points=1 edges=0
2026-05-29 10:26:35,504   INFO  Exported /geogfs1/home/u3666068/Point2Roof-master/output/tallin_subset_4096/test_results/31257_pred.obj: points=1 edges=0
2026-05-29 10:26:35,752   INFO  Exported /geogfs1/home/u3666068/Point2Roof-master/output/tallin_subset_4096/test_results/31279_pred.obj: points=1 edges=0
2026-05-29 10:26:36,001   INFO  Exported /geogfs1/home/u3666068/Point2Roof-master/output/tallin_subset_4096/test_results/31283_pred.obj: points=1 edges=0
2026-05-29 10:26:36,251   INFO  Exported /geogfs1/home/u3666068/Point2Roof-master/output/tallin_subset_4096/test_results/31290_pred.obj: points=1 edges=0
2026-05-29 10:26:36,502   INFO  Exported /geogfs1/home/u3666068/Point2Roof-master/output/tallin_subset_4096/test_results/31296_pred.obj: points=1 edges=0
2026-05-29 10:26:36,757   INFO  Exported /geogfs1/home/u3666068/Point2Roof-master/output/tallin_subset_4096/test_results/3131_pred.obj: points=1 edges=0
2026-05-29 10:26:37,043   INFO  Exported /geogfs1/home/u3666068/Point2Roof-master/output/tallin_subset_4096/test_results/31344_pred.obj: points=1 edges=0
2026-05-29 10:26:37,330   INFO  Exported /geogfs1/home/u3666068/Point2Roof-master/output/tallin_subset_4096/test_results/31346_pred.obj: points=1 edges=0
2026-05-29 10:26:37,621   INFO  Exported /geogfs1/home/u3666068/Point2Roof-master/output/tallin_subset_4096/test_results/31356_pred.obj: points=1 edges=0
2026-05-29 10:26:37,925   INFO  Exported /geogfs1/home/u3666068/Point2Roof-master/output/tallin_subset_4096/test_results/31386_pred.obj: points=1 edges=0
2026-05-29 10:26:38,223   INFO  Exported /geogfs1/home/u3666068/Point2Roof-master/output/tallin_subset_4096/test_results/31390_pred.obj: points=1 edges=0
2026-05-29 10:26:38,528   INFO  Exported /geogfs1/home/u3666068/Point2Roof-master/output/tallin_subset_4096/test_results/31394_pred.obj: points=1 edges=0
2026-05-29 10:26:38,828   INFO  Exported /geogfs1/home/u3666068/Point2Roof-master/output/tallin_subset_4096/test_results/31397_pred.obj: points=1 edges=0
2026-05-29 10:26:39,122   INFO  Exported /geogfs1/home/u3666068/Point2Roof-master/output/tallin_subset_4096/test_results/314_pred.obj: points=1 edges=0
2026-05-29 10:26:39,405   INFO  Exported /geogfs1/home/u3666068/Point2Roof-master/output/tallin_subset_4096/test_results/31445_pred.obj: points=1 edges=0
2026-05-29 10:26:39,682   INFO  Exported /geogfs1/home/u3666068/Point2Roof-master/output/tallin_subset_4096/test_results/31446_pred.obj: points=1 edges=0
2026-05-29 10:26:39,956   INFO  Exported /geogfs1/home/u3666068/Point2Roof-master/output/tallin_subset_4096/test_results/31453_pred.obj: points=1 edges=0
2026-05-29 10:26:40,223   INFO  Exported /geogfs1/home/u3666068/Point2Roof-master/output/tallin_subset_4096/test_results/31459_pred.obj: points=1 edges=0
2026-05-29 10:26:40,484   INFO  Exported /geogfs1/home/u3666068/Point2Roof-master/output/tallin_subset_4096/test_results/31465_pred.obj: points=1 edges=0
2026-05-29 10:26:40,745   INFO  Exported /geogfs1/home/u3666068/Point2Roof-master/output/tallin_subset_4096/test_results/31483_pred.obj: points=1 edges=0
2026-05-29 10:26:41,006   INFO  Exported /geogfs1/home/u3666068/Point2Roof-master/output/tallin_subset_4096/test_results/31493_pred.obj: points=1 edges=0
2026-05-29 10:26:41,266   INFO  Exported /geogfs1/home/u3666068/Point2Roof-master/output/tallin_subset_4096/test_results/3152_pred.obj: points=1 edges=0
2026-05-29 10:26:41,523   INFO  Exported /geogfs1/home/u3666068/Point2Roof-master/output/tallin_subset_4096/test_results/31525_pred.obj: points=1 edges=0
2026-05-29 10:26:41,785   INFO  Exported /geogfs1/home/u3666068/Point2Roof-master/output/tallin_subset_4096/test_results/31528_pred.obj: points=1 edges=0
2026-05-29 10:26:42,046   INFO  Exported /geogfs1/home/u3666068/Point2Roof-master/output/tallin_subset_4096/test_results/31536_pred.obj: points=1 edges=0
2026-05-29 10:26:42,304   INFO  Exported /geogfs1/home/u3666068/Point2Roof-master/output/tallin_subset_4096/test_results/31539_pred.obj: points=1 edges=0
2026-05-29 10:26:42,556   INFO  Exported /geogfs1/home/u3666068/Point2Roof-master/output/tallin_subset_4096/test_results/31542_pred.obj: points=1 edges=0
2026-05-29 10:26:42,808   INFO  Exported /geogfs1/home/u3666068/Point2Roof-master/output/tallin_subset_4096/test_results/31576_pred.obj: points=1 edges=0
2026-05-29 10:26:43,058   INFO  Exported /geogfs1/home/u3666068/Point2Roof-master/output/tallin_subset_4096/test_results/31586_pred.obj: points=1 edges=0
2026-05-29 10:26:43,311   INFO  Exported /geogfs1/home/u3666068/Point2Roof-master/output/tallin_subset_4096/test_results/31590_pred.obj: points=1 edges=0
2026-05-29 10:26:43,566   INFO  Exported /geogfs1/home/u3666068/Point2Roof-master/output/tallin_subset_4096/test_results/3164_pred.obj: points=1 edges=0
2026-05-29 10:26:43,816   INFO  Exported /geogfs1/home/u3666068/Point2Roof-master/output/tallin_subset_4096/test_results/31649_pred.obj: points=1 edges=0
2026-05-29 10:26:44,066   INFO  Exported /geogfs1/home/u3666068/Point2Roof-master/output/tallin_subset_4096/test_results/3167_pred.obj: points=1 edges=0
2026-05-29 10:26:44,314   INFO  Exported /geogfs1/home/u3666068/Point2Roof-master/output/tallin_subset_4096/test_results/31674_pred.obj: points=1 edges=0
2026-05-29 10:26:44,572   INFO  Exported /geogfs1/home/u3666068/Point2Roof-master/output/tallin_subset_4096/test_results/31683_pred.obj: points=1 edges=0
2026-05-29 10:26:44,820   INFO  Exported /geogfs1/home/u3666068/Point2Roof-master/output/tallin_subset_4096/test_results/31687_pred.obj: points=1 edges=0
2026-05-29 10:26:45,073   INFO  Exported /geogfs1/home/u3666068/Point2Roof-master/output/tallin_subset_4096/test_results/31704_pred.obj: points=1 edges=0
2026-05-29 10:26:45,327   INFO  Exported /geogfs1/home/u3666068/Point2Roof-master/output/tallin_subset_4096/test_results/31706_pred.obj: points=1 edges=0
2026-05-29 10:26:45,570   INFO  Exported /geogfs1/home/u3666068/Point2Roof-master/output/tallin_subset_4096/test_results/31722_pred.obj: points=1 edges=0
2026-05-29 10:26:45,811   INFO  Exported /geogfs1/home/u3666068/Point2Roof-master/output/tallin_subset_4096/test_results/31732_pred.obj: points=1 edges=0
2026-05-29 10:26:46,054   INFO  Exported /geogfs1/home/u3666068/Point2Roof-master/output/tallin_subset_4096/test_results/31744_pred.obj: points=1 edges=0
2026-05-29 10:26:46,293   INFO  Exported /geogfs1/home/u3666068/Point2Roof-master/output/tallin_subset_4096/test_results/31745_pred.obj: points=1 edges=0
2026-05-29 10:26:46,539   INFO  Exported /geogfs1/home/u3666068/Point2Roof-master/output/tallin_subset_4096/test_results/31747_pred.obj: points=1 edges=0
2026-05-29 10:26:46,776   INFO  Exported /geogfs1/home/u3666068/Point2Roof-master/output/tallin_subset_4096/test_results/31750_pred.obj: points=1 edges=0
2026-05-29 10:26:47,016   INFO  Exported /geogfs1/home/u3666068/Point2Roof-master/output/tallin_subset_4096/test_results/31754_pred.obj: points=1 edges=0
2026-05-29 10:26:47,260   INFO  Exported /geogfs1/home/u3666068/Point2Roof-master/output/tallin_subset_4096/test_results/31769_pred.obj: points=1 edges=0
2026-05-29 10:26:47,497   INFO  Exported /geogfs1/home/u3666068/Point2Roof-master/output/tallin_subset_4096/test_results/31778_pred.obj: points=1 edges=0
2026-05-29 10:26:47,743   INFO  Exported /geogfs1/home/u3666068/Point2Roof-master/output/tallin_subset_4096/test_results/31779_pred.obj: points=1 edges=0
2026-05-29 10:26:48,005   INFO  Exported /geogfs1/home/u3666068/Point2Roof-master/output/tallin_subset_4096/test_results/31782_pred.obj: points=1 edges=0
2026-05-29 10:26:48,269   INFO  Exported /geogfs1/home/u3666068/Point2Roof-master/output/tallin_subset_4096/test_results/31787_pred.obj: points=1 edges=0
2026-05-29 10:26:48,546   INFO  Exported /geogfs1/home/u3666068/Point2Roof-master/output/tallin_subset_4096/test_results/31799_pred.obj: points=1 edges=0
2026-05-29 10:26:48,804   INFO  Exported /geogfs1/home/u3666068/Point2Roof-master/output/tallin_subset_4096/test_results/31803_pred.obj: points=1 edges=0
2026-05-29 10:26:49,061   INFO  Exported /geogfs1/home/u3666068/Point2Roof-master/output/tallin_subset_4096/test_results/31807_pred.obj: points=1 edges=0
2026-05-29 10:26:49,317   INFO  Exported /geogfs1/home/u3666068/Point2Roof-master/output/tallin_subset_4096/test_results/31850_pred.obj: points=1 edges=0
2026-05-29 10:26:49,583   INFO  Exported /geogfs1/home/u3666068/Point2Roof-master/output/tallin_subset_4096/test_results/31855_pred.obj: points=1 edges=0
2026-05-29 10:26:49,838   INFO  Exported /geogfs1/home/u3666068/Point2Roof-master/output/tallin_subset_4096/test_results/31885_pred.obj: points=1 edges=0
2026-05-29 10:26:50,083   INFO  Exported /geogfs1/home/u3666068/Point2Roof-master/output/tallin_subset_4096/test_results/31901_pred.obj: points=1 edges=0
2026-05-29 10:26:50,331   INFO  Exported /geogfs1/home/u3666068/Point2Roof-master/output/tallin_subset_4096/test_results/31903_pred.obj: points=1 edges=0
2026-05-29 10:26:50,575   INFO  Exported /geogfs1/home/u3666068/Point2Roof-master/output/tallin_subset_4096/test_results/31906_pred.obj: points=1 edges=0
2026-05-29 10:26:50,821   INFO  Exported /geogfs1/home/u3666068/Point2Roof-master/output/tallin_subset_4096/test_results/31910_pred.obj: points=1 edges=0
2026-05-29 10:26:51,071   INFO  Exported /geogfs1/home/u3666068/Point2Roof-master/output/tallin_subset_4096/test_results/31921_pred.obj: points=1 edges=0
2026-05-29 10:26:51,337   INFO  Exported /geogfs1/home/u3666068/Point2Roof-master/output/tallin_subset_4096/test_results/31933_pred.obj: points=1 edges=0
2026-05-29 10:26:51,607   INFO  Exported /geogfs1/home/u3666068/Point2Roof-master/output/tallin_subset_4096/test_results/31946_pred.obj: points=1 edges=0
2026-05-29 10:26:51,891   INFO  Exported /geogfs1/home/u3666068/Point2Roof-master/output/tallin_subset_4096/test_results/31979_pred.obj: points=1 edges=0
2026-05-29 10:26:52,174   INFO  Exported /geogfs1/home/u3666068/Point2Roof-master/output/tallin_subset_4096/test_results/31980_pred.obj: points=1 edges=0
2026-05-29 10:26:52,458   INFO  Exported /geogfs1/home/u3666068/Point2Roof-master/output/tallin_subset_4096/test_results/32003_pred.obj: points=1 edges=0
2026-05-29 10:26:52,735   INFO  Exported /geogfs1/home/u3666068/Point2Roof-master/output/tallin_subset_4096/test_results/32004_pred.obj: points=1 edges=0
2026-05-29 10:26:53,025   INFO  Exported /geogfs1/home/u3666068/Point2Roof-master/output/tallin_subset_4096/test_results/32007_pred.obj: points=1 edges=0
2026-05-29 10:26:53,313   INFO  Exported /geogfs1/home/u3666068/Point2Roof-master/output/tallin_subset_4096/test_results/32041_pred.obj: points=1 edges=0
2026-05-29 10:26:53,600   INFO  Exported /geogfs1/home/u3666068/Point2Roof-master/output/tallin_subset_4096/test_results/32052_pred.obj: points=1 edges=0
2026-05-29 10:26:53,873   INFO  Exported /geogfs1/home/u3666068/Point2Roof-master/output/tallin_subset_4096/test_results/32118_pred.obj: points=1 edges=0
2026-05-29 10:26:54,148   INFO  Exported /geogfs1/home/u3666068/Point2Roof-master/output/tallin_subset_4096/test_results/32173_pred.obj: points=1 edges=0
2026-05-29 10:26:54,411   INFO  Exported /geogfs1/home/u3666068/Point2Roof-master/output/tallin_subset_4096/test_results/32174_pred.obj: points=1 edges=0
2026-05-29 10:26:54,676   INFO  Exported /geogfs1/home/u3666068/Point2Roof-master/output/tallin_subset_4096/test_results/3218_pred.obj: points=1 edges=0
2026-05-29 10:26:54,938   INFO  Exported /geogfs1/home/u3666068/Point2Roof-master/output/tallin_subset_4096/test_results/32185_pred.obj: points=1 edges=0
2026-05-29 10:26:55,202   INFO  Exported /geogfs1/home/u3666068/Point2Roof-master/output/tallin_subset_4096/test_results/32212_pred.obj: points=1 edges=0
2026-05-29 10:26:55,466   INFO  Exported /geogfs1/home/u3666068/Point2Roof-master/output/tallin_subset_4096/test_results/32230_pred.obj: points=1 edges=0
2026-05-29 10:26:55,717   INFO  Exported /geogfs1/home/u3666068/Point2Roof-master/output/tallin_subset_4096/test_results/32244_pred.obj: points=1 edges=0
2026-05-29 10:26:55,971   INFO  Exported /geogfs1/home/u3666068/Point2Roof-master/output/tallin_subset_4096/test_results/32286_pred.obj: points=1 edges=0
2026-05-29 10:26:56,237   INFO  Exported /geogfs1/home/u3666068/Point2Roof-master/output/tallin_subset_4096/test_results/3230_pred.obj: points=1 edges=0
2026-05-29 10:26:56,499   INFO  Exported /geogfs1/home/u3666068/Point2Roof-master/output/tallin_subset_4096/test_results/32307_pred.obj: points=1 edges=0
2026-05-29 10:26:56,749   INFO  Exported /geogfs1/home/u3666068/Point2Roof-master/output/tallin_subset_4096/test_results/32314_pred.obj: points=1 edges=0
2026-05-29 10:26:57,015   INFO  Exported /geogfs1/home/u3666068/Point2Roof-master/output/tallin_subset_4096/test_results/32321_pred.obj: points=1 edges=0
2026-05-29 10:26:57,273   INFO  Exported /geogfs1/home/u3666068/Point2Roof-master/output/tallin_subset_4096/test_results/32368_pred.obj: points=1 edges=0
2026-05-29 10:26:57,529   INFO  Exported /geogfs1/home/u3666068/Point2Roof-master/output/tallin_subset_4096/test_results/32391_pred.obj: points=1 edges=0
2026-05-29 10:26:57,786   INFO  Exported /geogfs1/home/u3666068/Point2Roof-master/output/tallin_subset_4096/test_results/32394_pred.obj: points=1 edges=0
2026-05-29 10:26:58,037   INFO  Exported /geogfs1/home/u3666068/Point2Roof-master/output/tallin_subset_4096/test_results/32397_pred.obj: points=1 edges=0
2026-05-29 10:26:58,286   INFO  Exported /geogfs1/home/u3666068/Point2Roof-master/output/tallin_subset_4096/test_results/32427_pred.obj: points=1 edges=0
2026-05-29 10:26:58,543   INFO  Exported /geogfs1/home/u3666068/Point2Roof-master/output/tallin_subset_4096/test_results/32439_pred.obj: points=1 edges=0
2026-05-29 10:26:58,792   INFO  Exported /geogfs1/home/u3666068/Point2Roof-master/output/tallin_subset_4096/test_results/3244_pred.obj: points=1 edges=0
2026-05-29 10:26:59,034   INFO  Exported /geogfs1/home/u3666068/Point2Roof-master/output/tallin_subset_4096/test_results/32441_pred.obj: points=1 edges=0
2026-05-29 10:26:59,285   INFO  Exported /geogfs1/home/u3666068/Point2Roof-master/output/tallin_subset_4096/test_results/32449_pred.obj: points=1 edges=0
2026-05-29 10:26:59,529   INFO  Exported /geogfs1/home/u3666068/Point2Roof-master/output/tallin_subset_4096/test_results/32456_pred.obj: points=1 edges=0
2026-05-29 10:26:59,774   INFO  Exported /geogfs1/home/u3666068/Point2Roof-master/output/tallin_subset_4096/test_results/32466_pred.obj: points=1 edges=0
2026-05-29 10:27:00,022   INFO  Exported /geogfs1/home/u3666068/Point2Roof-master/output/tallin_subset_4096/test_results/32488_pred.obj: points=1 edges=0
2026-05-29 10:27:00,271   INFO  Exported /geogfs1/home/u3666068/Point2Roof-master/output/tallin_subset_4096/test_results/32492_pred.obj: points=1 edges=0
2026-05-29 10:27:00,525   INFO  Exported /geogfs1/home/u3666068/Point2Roof-master/output/tallin_subset_4096/test_results/32494_pred.obj: points=1 edges=0
2026-05-29 10:27:00,766   INFO  Exported /geogfs1/home/u3666068/Point2Roof-master/output/tallin_subset_4096/test_results/32511_pred.obj: points=1 edges=0
2026-05-29 10:27:01,007   INFO  Exported /geogfs1/home/u3666068/Point2Roof-master/output/tallin_subset_4096/test_results/32514_pred.obj: points=1 edges=0
2026-05-29 10:27:01,243   INFO  Exported /geogfs1/home/u3666068/Point2Roof-master/output/tallin_subset_4096/test_results/32518_pred.obj: points=1 edges=0
2026-05-29 10:27:01,482   INFO  Exported /geogfs1/home/u3666068/Point2Roof-master/output/tallin_subset_4096/test_results/32522_pred.obj: points=1 edges=0
2026-05-29 10:27:01,727   INFO  Exported /geogfs1/home/u3666068/Point2Roof-master/output/tallin_subset_4096/test_results/32530_pred.obj: points=1 edges=0
2026-05-29 10:27:01,967   INFO  Exported /geogfs1/home/u3666068/Point2Roof-master/output/tallin_subset_4096/test_results/32550_pred.obj: points=1 edges=0
2026-05-29 10:27:02,213   INFO  Exported /geogfs1/home/u3666068/Point2Roof-master/output/tallin_subset_4096/test_results/32552_pred.obj: points=1 edges=0
2026-05-29 10:27:02,455   INFO  Exported /geogfs1/home/u3666068/Point2Roof-master/output/tallin_subset_4096/test_results/32560_pred.obj: points=1 edges=0
2026-05-29 10:27:02,686   INFO  Exported /geogfs1/home/u3666068/Point2Roof-master/output/tallin_subset_4096/test_results/32561_pred.obj: points=1 edges=0
2026-05-29 10:27:02,927   INFO  Exported /geogfs1/home/u3666068/Point2Roof-master/output/tallin_subset_4096/test_results/32581_pred.obj: points=1 edges=0
2026-05-29 10:27:03,172   INFO  Exported /geogfs1/home/u3666068/Point2Roof-master/output/tallin_subset_4096/test_results/32586_pred.obj: points=1 edges=0
2026-05-29 10:27:03,435   INFO  Exported /geogfs1/home/u3666068/Point2Roof-master/output/tallin_subset_4096/test_results/32596_pred.obj: points=1 edges=0
2026-05-29 10:27:03,712   INFO  Exported /geogfs1/home/u3666068/Point2Roof-master/output/tallin_subset_4096/test_results/32601_pred.obj: points=1 edges=0
2026-05-29 10:27:03,992   INFO  Exported /geogfs1/home/u3666068/Point2Roof-master/output/tallin_subset_4096/test_results/32604_pred.obj: points=1 edges=0
2026-05-29 10:27:04,264   INFO  Exported /geogfs1/home/u3666068/Point2Roof-master/output/tallin_subset_4096/test_results/32618_pred.obj: points=1 edges=0
2026-05-29 10:27:04,557   INFO  Exported /geogfs1/home/u3666068/Point2Roof-master/output/tallin_subset_4096/test_results/32635_pred.obj: points=1 edges=0
2026-05-29 10:27:04,814   INFO  Exported /geogfs1/home/u3666068/Point2Roof-master/output/tallin_subset_4096/test_results/32643_pred.obj: points=1 edges=0
2026-05-29 10:27:05,069   INFO  Exported /geogfs1/home/u3666068/Point2Roof-master/output/tallin_subset_4096/test_results/32659_pred.obj: points=1 edges=0
2026-05-29 10:27:05,317   INFO  Exported /geogfs1/home/u3666068/Point2Roof-master/output/tallin_subset_4096/test_results/32661_pred.obj: points=1 edges=0
2026-05-29 10:27:05,568   INFO  Exported /geogfs1/home/u3666068/Point2Roof-master/output/tallin_subset_4096/test_results/32677_pred.obj: points=1 edges=0
2026-05-29 10:27:05,809   INFO  Exported /geogfs1/home/u3666068/Point2Roof-master/output/tallin_subset_4096/test_results/32708_pred.obj: points=1 edges=0
2026-05-29 10:27:06,033   INFO  Exported /geogfs1/home/u3666068/Point2Roof-master/output/tallin_subset_4096/test_results/32710_pred.obj: points=1 edges=0
2026-05-29 10:27:06,279   INFO  Exported /geogfs1/home/u3666068/Point2Roof-master/output/tallin_subset_4096/test_results/32711_pred.obj: points=1 edges=0
2026-05-29 10:27:06,571   INFO  Exported /geogfs1/home/u3666068/Point2Roof-master/output/tallin_subset_4096/test_results/32722_pred.obj: points=1 edges=0
2026-05-29 10:27:06,839   INFO  Exported /geogfs1/home/u3666068/Point2Roof-master/output/tallin_subset_4096/test_results/32728_pred.obj: points=1 edges=0
2026-05-29 10:27:07,145   INFO  Exported /geogfs1/home/u3666068/Point2Roof-master/output/tallin_subset_4096/test_results/32735_pred.obj: points=1 edges=0
2026-05-29 10:27:07,467   INFO  Exported /geogfs1/home/u3666068/Point2Roof-master/output/tallin_subset_4096/test_results/32736_pred.obj: points=1 edges=0
2026-05-29 10:27:07,841   INFO  Exported /geogfs1/home/u3666068/Point2Roof-master/output/tallin_subset_4096/test_results/32737_pred.obj: points=1 edges=0
2026-05-29 10:27:08,167   INFO  Exported /geogfs1/home/u3666068/Point2Roof-master/output/tallin_subset_4096/test_results/3275_pred.obj: points=1 edges=0
2026-05-29 10:27:08,493   INFO  Exported /geogfs1/home/u3666068/Point2Roof-master/output/tallin_subset_4096/test_results/32771_pred.obj: points=1 edges=0
2026-05-29 10:27:08,808   INFO  Exported /geogfs1/home/u3666068/Point2Roof-master/output/tallin_subset_4096/test_results/32780_pred.obj: points=1 edges=0
2026-05-29 10:27:09,129   INFO  Exported /geogfs1/home/u3666068/Point2Roof-master/output/tallin_subset_4096/test_results/32801_pred.obj: points=1 edges=0
2026-05-29 10:27:09,450   INFO  Exported /geogfs1/home/u3666068/Point2Roof-master/output/tallin_subset_4096/test_results/32806_pred.obj: points=1 edges=0
2026-05-29 10:27:09,772   INFO  Exported /geogfs1/home/u3666068/Point2Roof-master/output/tallin_subset_4096/test_results/32824_pred.obj: points=1 edges=0
2026-05-29 10:27:10,079   INFO  Exported /geogfs1/home/u3666068/Point2Roof-master/output/tallin_subset_4096/test_results/32830_pred.obj: points=1 edges=0
2026-05-29 10:27:10,425   INFO  Exported /geogfs1/home/u3666068/Point2Roof-master/output/tallin_subset_4096/test_results/32832_pred.obj: points=1 edges=0
2026-05-29 10:27:10,757   INFO  Exported /geogfs1/home/u3666068/Point2Roof-master/output/tallin_subset_4096/test_results/32870_pred.obj: points=1 edges=0
2026-05-29 10:27:11,080   INFO  Exported /geogfs1/home/u3666068/Point2Roof-master/output/tallin_subset_4096/test_results/32893_pred.obj: points=1 edges=0
2026-05-29 10:27:11,384   INFO  Exported /geogfs1/home/u3666068/Point2Roof-master/output/tallin_subset_4096/test_results/32896_pred.obj: points=1 edges=0
2026-05-29 10:27:11,688   INFO  Exported /geogfs1/home/u3666068/Point2Roof-master/output/tallin_subset_4096/test_results/32899_pred.obj: points=1 edges=0
2026-05-29 10:27:11,991   INFO  Exported /geogfs1/home/u3666068/Point2Roof-master/output/tallin_subset_4096/test_results/3290_pred.obj: points=1 edges=0
2026-05-29 10:27:12,284   INFO  Exported /geogfs1/home/u3666068/Point2Roof-master/output/tallin_subset_4096/test_results/32926_pred.obj: points=1 edges=0
2026-05-29 10:27:12,581   INFO  Exported /geogfs1/home/u3666068/Point2Roof-master/output/tallin_subset_4096/test_results/32929_pred.obj: points=1 edges=0
2026-05-29 10:27:12,879   INFO  Exported /geogfs1/home/u3666068/Point2Roof-master/output/tallin_subset_4096/test_results/32931_pred.obj: points=1 edges=0
2026-05-29 10:27:13,158   INFO  Exported /geogfs1/home/u3666068/Point2Roof-master/output/tallin_subset_4096/test_results/32935_pred.obj: points=1 edges=0
2026-05-29 10:27:13,438   INFO  Exported /geogfs1/home/u3666068/Point2Roof-master/output/tallin_subset_4096/test_results/32937_pred.obj: points=1 edges=0
2026-05-29 10:27:13,712   INFO  Exported /geogfs1/home/u3666068/Point2Roof-master/output/tallin_subset_4096/test_results/32957_pred.obj: points=1 edges=0
2026-05-29 10:27:13,990   INFO  Exported /geogfs1/home/u3666068/Point2Roof-master/output/tallin_subset_4096/test_results/32991_pred.obj: points=1 edges=0
2026-05-29 10:27:14,266   INFO  Exported /geogfs1/home/u3666068/Point2Roof-master/output/tallin_subset_4096/test_results/33000_pred.obj: points=1 edges=0
2026-05-29 10:27:14,533   INFO  Exported /geogfs1/home/u3666068/Point2Roof-master/output/tallin_subset_4096/test_results/33008_pred.obj: points=1 edges=0
2026-05-29 10:27:14,803   INFO  Exported /geogfs1/home/u3666068/Point2Roof-master/output/tallin_subset_4096/test_results/3301_pred.obj: points=1 edges=0
2026-05-29 10:27:15,067   INFO  Exported /geogfs1/home/u3666068/Point2Roof-master/output/tallin_subset_4096/test_results/33022_pred.obj: points=1 edges=0
2026-05-29 10:27:15,331   INFO  Exported /geogfs1/home/u3666068/Point2Roof-master/output/tallin_subset_4096/test_results/33026_pred.obj: points=1 edges=0
2026-05-29 10:27:15,601   INFO  Exported /geogfs1/home/u3666068/Point2Roof-master/output/tallin_subset_4096/test_results/33030_pred.obj: points=1 edges=0
2026-05-29 10:27:15,869   INFO  Exported /geogfs1/home/u3666068/Point2Roof-master/output/tallin_subset_4096/test_results/33047_pred.obj: points=1 edges=0
2026-05-29 10:27:16,134   INFO  Exported /geogfs1/home/u3666068/Point2Roof-master/output/tallin_subset_4096/test_results/33054_pred.obj: points=1 edges=0
2026-05-29 10:27:16,403   INFO  Exported /geogfs1/home/u3666068/Point2Roof-master/output/tallin_subset_4096/test_results/33059_pred.obj: points=1 edges=0
2026-05-29 10:27:16,669   INFO  Exported /geogfs1/home/u3666068/Point2Roof-master/output/tallin_subset_4096/test_results/33060_pred.obj: points=1 edges=0
2026-05-29 10:27:16,941   INFO  Exported /geogfs1/home/u3666068/Point2Roof-master/output/tallin_subset_4096/test_results/33070_pred.obj: points=1 edges=0
2026-05-29 10:27:17,226   INFO  Exported /geogfs1/home/u3666068/Point2Roof-master/output/tallin_subset_4096/test_results/33075_pred.obj: points=1 edges=0
2026-05-29 10:27:17,491   INFO  Exported /geogfs1/home/u3666068/Point2Roof-master/output/tallin_subset_4096/test_results/33115_pred.obj: points=1 edges=0
2026-05-29 10:27:17,763   INFO  Exported /geogfs1/home/u3666068/Point2Roof-master/output/tallin_subset_4096/test_results/33131_pred.obj: points=1 edges=0
2026-05-29 10:27:18,030   INFO  Exported /geogfs1/home/u3666068/Point2Roof-master/output/tallin_subset_4096/test_results/33139_pred.obj: points=1 edges=0
2026-05-29 10:27:18,293   INFO  Exported /geogfs1/home/u3666068/Point2Roof-master/output/tallin_subset_4096/test_results/33157_pred.obj: points=1 edges=0
2026-05-29 10:27:18,567   INFO  Exported /geogfs1/home/u3666068/Point2Roof-master/output/tallin_subset_4096/test_results/33171_pred.obj: points=1 edges=0
2026-05-29 10:27:18,845   INFO  Exported /geogfs1/home/u3666068/Point2Roof-master/output/tallin_subset_4096/test_results/3319_pred.obj: points=1 edges=0
2026-05-29 10:27:19,151   INFO  Exported /geogfs1/home/u3666068/Point2Roof-master/output/tallin_subset_4096/test_results/33214_pred.obj: points=1 edges=0
2026-05-29 10:27:19,426   INFO  Exported /geogfs1/home/u3666068/Point2Roof-master/output/tallin_subset_4096/test_results/33218_pred.obj: points=1 edges=0
2026-05-29 10:27:19,692   INFO  Exported /geogfs1/home/u3666068/Point2Roof-master/output/tallin_subset_4096/test_results/33224_pred.obj: points=1 edges=0
2026-05-29 10:27:19,964   INFO  Exported /geogfs1/home/u3666068/Point2Roof-master/output/tallin_subset_4096/test_results/33244_pred.obj: points=1 edges=0
2026-05-29 10:27:20,227   INFO  Exported /geogfs1/home/u3666068/Point2Roof-master/output/tallin_subset_4096/test_results/33247_pred.obj: points=1 edges=0
2026-05-29 10:27:20,488   INFO  Exported /geogfs1/home/u3666068/Point2Roof-master/output/tallin_subset_4096/test_results/3326_pred.obj: points=1 edges=0
2026-05-29 10:27:20,725   INFO  Exported /geogfs1/home/u3666068/Point2Roof-master/output/tallin_subset_4096/test_results/33265_pred.obj: points=1 edges=0
2026-05-29 10:27:20,966   INFO  Exported /geogfs1/home/u3666068/Point2Roof-master/output/tallin_subset_4096/test_results/33269_pred.obj: points=1 edges=0
2026-05-29 10:27:21,216   INFO  Exported /geogfs1/home/u3666068/Point2Roof-master/output/tallin_subset_4096/test_results/33281_pred.obj: points=1 edges=0
2026-05-29 10:27:21,482   INFO  Exported /geogfs1/home/u3666068/Point2Roof-master/output/tallin_subset_4096/test_results/33292_pred.obj: points=1 edges=0
2026-05-29 10:27:21,752   INFO  Exported /geogfs1/home/u3666068/Point2Roof-master/output/tallin_subset_4096/test_results/33293_pred.obj: points=1 edges=0
2026-05-29 10:27:22,029   INFO  Exported /geogfs1/home/u3666068/Point2Roof-master/output/tallin_subset_4096/test_results/33295_pred.obj: points=1 edges=0
2026-05-29 10:27:22,309   INFO  Exported /geogfs1/home/u3666068/Point2Roof-master/output/tallin_subset_4096/test_results/33301_pred.obj: points=1 edges=0
2026-05-29 10:27:22,620   INFO  Exported /geogfs1/home/u3666068/Point2Roof-master/output/tallin_subset_4096/test_results/33309_pred.obj: points=1 edges=0
2026-05-29 10:27:22,954   INFO  Exported /geogfs1/home/u3666068/Point2Roof-master/output/tallin_subset_4096/test_results/33312_pred.obj: points=1 edges=0
2026-05-29 10:27:23,289   INFO  Exported /geogfs1/home/u3666068/Point2Roof-master/output/tallin_subset_4096/test_results/33317_pred.obj: points=1 edges=0
2026-05-29 10:27:23,610   INFO  Exported /geogfs1/home/u3666068/Point2Roof-master/output/tallin_subset_4096/test_results/33321_pred.obj: points=1 edges=0
2026-05-29 10:27:23,914   INFO  Exported /geogfs1/home/u3666068/Point2Roof-master/output/tallin_subset_4096/test_results/33349_pred.obj: points=1 edges=0
2026-05-29 10:27:24,227   INFO  Exported /geogfs1/home/u3666068/Point2Roof-master/output/tallin_subset_4096/test_results/33358_pred.obj: points=1 edges=0
2026-05-29 10:27:24,545   INFO  Exported /geogfs1/home/u3666068/Point2Roof-master/output/tallin_subset_4096/test_results/33373_pred.obj: points=1 edges=0
2026-05-29 10:27:24,869   INFO  Exported /geogfs1/home/u3666068/Point2Roof-master/output/tallin_subset_4096/test_results/3338_pred.obj: points=1 edges=0
2026-05-29 10:27:25,182   INFO  Exported /geogfs1/home/u3666068/Point2Roof-master/output/tallin_subset_4096/test_results/33384_pred.obj: points=1 edges=0
2026-05-29 10:27:25,472   INFO  Exported /geogfs1/home/u3666068/Point2Roof-master/output/tallin_subset_4096/test_results/3339_pred.obj: points=1 edges=0
2026-05-29 10:27:25,776   INFO  Exported /geogfs1/home/u3666068/Point2Roof-master/output/tallin_subset_4096/test_results/33409_pred.obj: points=1 edges=0
2026-05-29 10:27:26,087   INFO  Exported /geogfs1/home/u3666068/Point2Roof-master/output/tallin_subset_4096/test_results/33410_pred.obj: points=1 edges=0
2026-05-29 10:27:26,393   INFO  Exported /geogfs1/home/u3666068/Point2Roof-master/output/tallin_subset_4096/test_results/33425_pred.obj: points=1 edges=0
2026-05-29 10:27:26,694   INFO  Exported /geogfs1/home/u3666068/Point2Roof-master/output/tallin_subset_4096/test_results/33434_pred.obj: points=1 edges=0
2026-05-29 10:27:26,999   INFO  Exported /geogfs1/home/u3666068/Point2Roof-master/output/tallin_subset_4096/test_results/33461_pred.obj: points=1 edges=0
2026-05-29 10:27:27,304   INFO  Exported /geogfs1/home/u3666068/Point2Roof-master/output/tallin_subset_4096/test_results/33468_pred.obj: points=1 edges=0
2026-05-29 10:27:27,593   INFO  Exported /geogfs1/home/u3666068/Point2Roof-master/output/tallin_subset_4096/test_results/33483_pred.obj: points=1 edges=0
2026-05-29 10:27:27,874   INFO  Exported /geogfs1/home/u3666068/Point2Roof-master/output/tallin_subset_4096/test_results/33489_pred.obj: points=1 edges=0
2026-05-29 10:27:28,151   INFO  Exported /geogfs1/home/u3666068/Point2Roof-master/output/tallin_subset_4096/test_results/33528_pred.obj: points=1 edges=0
2026-05-29 10:27:28,419   INFO  Exported /geogfs1/home/u3666068/Point2Roof-master/output/tallin_subset_4096/test_results/33535_pred.obj: points=1 edges=0
2026-05-29 10:27:28,694   INFO  Exported /geogfs1/home/u3666068/Point2Roof-master/output/tallin_subset_4096/test_results/33563_pred.obj: points=1 edges=0
2026-05-29 10:27:28,987   INFO  Exported /geogfs1/home/u3666068/Point2Roof-master/output/tallin_subset_4096/test_results/33565_pred.obj: points=1 edges=0
2026-05-29 10:27:29,288   INFO  Exported /geogfs1/home/u3666068/Point2Roof-master/output/tallin_subset_4096/test_results/3358_pred.obj: points=1 edges=0
2026-05-29 10:27:29,584   INFO  Exported /geogfs1/home/u3666068/Point2Roof-master/output/tallin_subset_4096/test_results/33594_pred.obj: points=1 edges=0
2026-05-29 10:27:29,878   INFO  Exported /geogfs1/home/u3666068/Point2Roof-master/output/tallin_subset_4096/test_results/33648_pred.obj: points=1 edges=0
2026-05-29 10:27:30,172   INFO  Exported /geogfs1/home/u3666068/Point2Roof-master/output/tallin_subset_4096/test_results/33661_pred.obj: points=1 edges=0
2026-05-29 10:27:30,442   INFO  Exported /geogfs1/home/u3666068/Point2Roof-master/output/tallin_subset_4096/test_results/33663_pred.obj: points=1 edges=0
2026-05-29 10:27:30,711   INFO  Exported /geogfs1/home/u3666068/Point2Roof-master/output/tallin_subset_4096/test_results/33687_pred.obj: points=1 edges=0
2026-05-29 10:27:30,974   INFO  Exported /geogfs1/home/u3666068/Point2Roof-master/output/tallin_subset_4096/test_results/33701_pred.obj: points=1 edges=0
2026-05-29 10:27:31,234   INFO  Exported /geogfs1/home/u3666068/Point2Roof-master/output/tallin_subset_4096/test_results/33707_pred.obj: points=1 edges=0
2026-05-29 10:27:31,504   INFO  Exported /geogfs1/home/u3666068/Point2Roof-master/output/tallin_subset_4096/test_results/33720_pred.obj: points=1 edges=0
2026-05-29 10:27:31,769   INFO  Exported /geogfs1/home/u3666068/Point2Roof-master/output/tallin_subset_4096/test_results/33725_pred.obj: points=1 edges=0
2026-05-29 10:27:32,031   INFO  Exported /geogfs1/home/u3666068/Point2Roof-master/output/tallin_subset_4096/test_results/33728_pred.obj: points=1 edges=0
2026-05-29 10:27:32,291   INFO  Exported /geogfs1/home/u3666068/Point2Roof-master/output/tallin_subset_4096/test_results/33774_pred.obj: points=1 edges=0
2026-05-29 10:27:32,548   INFO  Exported /geogfs1/home/u3666068/Point2Roof-master/output/tallin_subset_4096/test_results/33798_pred.obj: points=1 edges=0
2026-05-29 10:27:32,804   INFO  Exported /geogfs1/home/u3666068/Point2Roof-master/output/tallin_subset_4096/test_results/33805_pred.obj: points=1 edges=0
2026-05-29 10:27:33,065   INFO  Exported /geogfs1/home/u3666068/Point2Roof-master/output/tallin_subset_4096/test_results/33810_pred.obj: points=1 edges=0
2026-05-29 10:27:33,319   INFO  Exported /geogfs1/home/u3666068/Point2Roof-master/output/tallin_subset_4096/test_results/33824_pred.obj: points=1 edges=0
2026-05-29 10:27:33,577   INFO  Exported /geogfs1/home/u3666068/Point2Roof-master/output/tallin_subset_4096/test_results/3384_pred.obj: points=1 edges=0
2026-05-29 10:27:33,837   INFO  Exported /geogfs1/home/u3666068/Point2Roof-master/output/tallin_subset_4096/test_results/33857_pred.obj: points=1 edges=0
2026-05-29 10:27:34,087   INFO  Exported /geogfs1/home/u3666068/Point2Roof-master/output/tallin_subset_4096/test_results/33882_pred.obj: points=1 edges=0
2026-05-29 10:27:34,348   INFO  Exported /geogfs1/home/u3666068/Point2Roof-master/output/tallin_subset_4096/test_results/3395_pred.obj: points=1 edges=0
2026-05-29 10:27:34,623   INFO  Exported /geogfs1/home/u3666068/Point2Roof-master/output/tallin_subset_4096/test_results/33978_pred.obj: points=1 edges=0
2026-05-29 10:27:34,915   INFO  Exported /geogfs1/home/u3666068/Point2Roof-master/output/tallin_subset_4096/test_results/33987_pred.obj: points=1 edges=0
2026-05-29 10:27:35,226   INFO  Exported /geogfs1/home/u3666068/Point2Roof-master/output/tallin_subset_4096/test_results/33997_pred.obj: points=1 edges=0
2026-05-29 10:27:35,492   INFO  Exported /geogfs1/home/u3666068/Point2Roof-master/output/tallin_subset_4096/test_results/34008_pred.obj: points=1 edges=0
2026-05-29 10:27:35,758   INFO  Exported /geogfs1/home/u3666068/Point2Roof-master/output/tallin_subset_4096/test_results/34017_pred.obj: points=1 edges=0
2026-05-29 10:27:36,017   INFO  Exported /geogfs1/home/u3666068/Point2Roof-master/output/tallin_subset_4096/test_results/34027_pred.obj: points=1 edges=0
2026-05-29 10:27:36,292   INFO  Exported /geogfs1/home/u3666068/Point2Roof-master/output/tallin_subset_4096/test_results/34029_pred.obj: points=1 edges=0
2026-05-29 10:27:36,529   INFO  Exported /geogfs1/home/u3666068/Point2Roof-master/output/tallin_subset_4096/test_results/34030_pred.obj: points=1 edges=0
2026-05-29 10:27:36,786   INFO  Exported /geogfs1/home/u3666068/Point2Roof-master/output/tallin_subset_4096/test_results/34101_pred.obj: points=1 edges=0
2026-05-29 10:27:37,073   INFO  Exported /geogfs1/home/u3666068/Point2Roof-master/output/tallin_subset_4096/test_results/34106_pred.obj: points=1 edges=0
2026-05-29 10:27:37,372   INFO  Exported /geogfs1/home/u3666068/Point2Roof-master/output/tallin_subset_4096/test_results/34116_pred.obj: points=1 edges=0
2026-05-29 10:27:37,699   INFO  Exported /geogfs1/home/u3666068/Point2Roof-master/output/tallin_subset_4096/test_results/34129_pred.obj: points=1 edges=0
2026-05-29 10:27:38,016   INFO  Exported /geogfs1/home/u3666068/Point2Roof-master/output/tallin_subset_4096/test_results/34144_pred.obj: points=1 edges=0
2026-05-29 10:27:38,350   INFO  Exported /geogfs1/home/u3666068/Point2Roof-master/output/tallin_subset_4096/test_results/34165_pred.obj: points=1 edges=0
2026-05-29 10:27:38,679   INFO  Exported /geogfs1/home/u3666068/Point2Roof-master/output/tallin_subset_4096/test_results/34168_pred.obj: points=1 edges=0
2026-05-29 10:27:39,011   INFO  Exported /geogfs1/home/u3666068/Point2Roof-master/output/tallin_subset_4096/test_results/34173_pred.obj: points=1 edges=0
2026-05-29 10:27:39,315   INFO  Exported /geogfs1/home/u3666068/Point2Roof-master/output/tallin_subset_4096/test_results/34194_pred.obj: points=1 edges=0
2026-05-29 10:27:39,607   INFO  Exported /geogfs1/home/u3666068/Point2Roof-master/output/tallin_subset_4096/test_results/342_pred.obj: points=1 edges=0
2026-05-29 10:27:39,902   INFO  Exported /geogfs1/home/u3666068/Point2Roof-master/output/tallin_subset_4096/test_results/34216_pred.obj: points=1 edges=0
2026-05-29 10:27:40,180   INFO  Exported /geogfs1/home/u3666068/Point2Roof-master/output/tallin_subset_4096/test_results/34228_pred.obj: points=1 edges=0
2026-05-29 10:27:40,473   INFO  Exported /geogfs1/home/u3666068/Point2Roof-master/output/tallin_subset_4096/test_results/34231_pred.obj: points=1 edges=0
2026-05-29 10:27:40,754   INFO  Exported /geogfs1/home/u3666068/Point2Roof-master/output/tallin_subset_4096/test_results/34232_pred.obj: points=1 edges=0
2026-05-29 10:27:41,031   INFO  Exported /geogfs1/home/u3666068/Point2Roof-master/output/tallin_subset_4096/test_results/3424_pred.obj: points=1 edges=0
2026-05-29 10:27:41,328   INFO  Exported /geogfs1/home/u3666068/Point2Roof-master/output/tallin_subset_4096/test_results/34250_pred.obj: points=1 edges=0
2026-05-29 10:27:41,618   INFO  Exported /geogfs1/home/u3666068/Point2Roof-master/output/tallin_subset_4096/test_results/34270_pred.obj: points=1 edges=0
2026-05-29 10:27:41,908   INFO  Exported /geogfs1/home/u3666068/Point2Roof-master/output/tallin_subset_4096/test_results/34271_pred.obj: points=1 edges=0
2026-05-29 10:27:42,199   INFO  Exported /geogfs1/home/u3666068/Point2Roof-master/output/tallin_subset_4096/test_results/3428_pred.obj: points=1 edges=0
2026-05-29 10:27:42,492   INFO  Exported /geogfs1/home/u3666068/Point2Roof-master/output/tallin_subset_4096/test_results/34288_pred.obj: points=1 edges=0
2026-05-29 10:27:42,777   INFO  Exported /geogfs1/home/u3666068/Point2Roof-master/output/tallin_subset_4096/test_results/34293_pred.obj: points=1 edges=0
2026-05-29 10:27:43,056   INFO  Exported /geogfs1/home/u3666068/Point2Roof-master/output/tallin_subset_4096/test_results/34318_pred.obj: points=1 edges=0
2026-05-29 10:27:43,334   INFO  Exported /geogfs1/home/u3666068/Point2Roof-master/output/tallin_subset_4096/test_results/3432_pred.obj: points=1 edges=0
2026-05-29 10:27:43,611   INFO  Exported /geogfs1/home/u3666068/Point2Roof-master/output/tallin_subset_4096/test_results/34324_pred.obj: points=1 edges=0
2026-05-29 10:27:43,871   INFO  Exported /geogfs1/home/u3666068/Point2Roof-master/output/tallin_subset_4096/test_results/34339_pred.obj: points=1 edges=0
2026-05-29 10:27:44,132   INFO  Exported /geogfs1/home/u3666068/Point2Roof-master/output/tallin_subset_4096/test_results/34345_pred.obj: points=1 edges=0
2026-05-29 10:27:44,396   INFO  Exported /geogfs1/home/u3666068/Point2Roof-master/output/tallin_subset_4096/test_results/34386_pred.obj: points=1 edges=0
2026-05-29 10:27:44,669   INFO  Exported /geogfs1/home/u3666068/Point2Roof-master/output/tallin_subset_4096/test_results/34413_pred.obj: points=1 edges=0
2026-05-29 10:27:44,939   INFO  Exported /geogfs1/home/u3666068/Point2Roof-master/output/tallin_subset_4096/test_results/34420_pred.obj: points=1 edges=0
2026-05-29 10:27:45,219   INFO  Exported /geogfs1/home/u3666068/Point2Roof-master/output/tallin_subset_4096/test_results/34437_pred.obj: points=1 edges=0
2026-05-29 10:27:45,487   INFO  Exported /geogfs1/home/u3666068/Point2Roof-master/output/tallin_subset_4096/test_results/34443_pred.obj: points=1 edges=0
2026-05-29 10:27:45,756   INFO  Exported /geogfs1/home/u3666068/Point2Roof-master/output/tallin_subset_4096/test_results/34447_pred.obj: points=1 edges=0
2026-05-29 10:27:46,026   INFO  Exported /geogfs1/home/u3666068/Point2Roof-master/output/tallin_subset_4096/test_results/34463_pred.obj: points=1 edges=0
2026-05-29 10:27:46,301   INFO  Exported /geogfs1/home/u3666068/Point2Roof-master/output/tallin_subset_4096/test_results/34505_pred.obj: points=1 edges=0
2026-05-29 10:27:46,582   INFO  Exported /geogfs1/home/u3666068/Point2Roof-master/output/tallin_subset_4096/test_results/34508_pred.obj: points=1 edges=0
2026-05-29 10:27:46,855   INFO  Exported /geogfs1/home/u3666068/Point2Roof-master/output/tallin_subset_4096/test_results/34509_pred.obj: points=1 edges=0
2026-05-29 10:27:47,128   INFO  Exported /geogfs1/home/u3666068/Point2Roof-master/output/tallin_subset_4096/test_results/34520_pred.obj: points=1 edges=0
2026-05-29 10:27:47,404   INFO  Exported /geogfs1/home/u3666068/Point2Roof-master/output/tallin_subset_4096/test_results/34530_pred.obj: points=1 edges=0
2026-05-29 10:27:47,682   INFO  Exported /geogfs1/home/u3666068/Point2Roof-master/output/tallin_subset_4096/test_results/34557_pred.obj: points=1 edges=0
2026-05-29 10:27:47,948   INFO  Exported /geogfs1/home/u3666068/Point2Roof-master/output/tallin_subset_4096/test_results/34567_pred.obj: points=1 edges=0
2026-05-29 10:27:48,221   INFO  Exported /geogfs1/home/u3666068/Point2Roof-master/output/tallin_subset_4096/test_results/34574_pred.obj: points=1 edges=0
2026-05-29 10:27:48,501   INFO  Exported /geogfs1/home/u3666068/Point2Roof-master/output/tallin_subset_4096/test_results/34599_pred.obj: points=1 edges=0
2026-05-29 10:27:48,782   INFO  Exported /geogfs1/home/u3666068/Point2Roof-master/output/tallin_subset_4096/test_results/34616_pred.obj: points=1 edges=0
2026-05-29 10:27:49,076   INFO  Exported /geogfs1/home/u3666068/Point2Roof-master/output/tallin_subset_4096/test_results/34618_pred.obj: points=1 edges=0
2026-05-29 10:27:49,370   INFO  Exported /geogfs1/home/u3666068/Point2Roof-master/output/tallin_subset_4096/test_results/34626_pred.obj: points=1 edges=0
2026-05-29 10:27:49,660   INFO  Exported /geogfs1/home/u3666068/Point2Roof-master/output/tallin_subset_4096/test_results/34642_pred.obj: points=1 edges=0
2026-05-29 10:27:49,939   INFO  Exported /geogfs1/home/u3666068/Point2Roof-master/output/tallin_subset_4096/test_results/34676_pred.obj: points=1 edges=0
2026-05-29 10:27:50,225   INFO  Exported /geogfs1/home/u3666068/Point2Roof-master/output/tallin_subset_4096/test_results/34692_pred.obj: points=1 edges=0
2026-05-29 10:27:50,499   INFO  Exported /geogfs1/home/u3666068/Point2Roof-master/output/tallin_subset_4096/test_results/34713_pred.obj: points=1 edges=0
2026-05-29 10:27:50,747   INFO  Exported /geogfs1/home/u3666068/Point2Roof-master/output/tallin_subset_4096/test_results/34741_pred.obj: points=1 edges=0
2026-05-29 10:27:50,984   INFO  Exported /geogfs1/home/u3666068/Point2Roof-master/output/tallin_subset_4096/test_results/34746_pred.obj: points=1 edges=0
2026-05-29 10:27:51,220   INFO  Exported /geogfs1/home/u3666068/Point2Roof-master/output/tallin_subset_4096/test_results/34751_pred.obj: points=1 edges=0
2026-05-29 10:27:51,451   INFO  Exported /geogfs1/home/u3666068/Point2Roof-master/output/tallin_subset_4096/test_results/34755_pred.obj: points=1 edges=0
2026-05-29 10:27:51,692   INFO  Exported /geogfs1/home/u3666068/Point2Roof-master/output/tallin_subset_4096/test_results/3476_pred.obj: points=1 edges=0
2026-05-29 10:27:51,927   INFO  Exported /geogfs1/home/u3666068/Point2Roof-master/output/tallin_subset_4096/test_results/34761_pred.obj: points=1 edges=0
2026-05-29 10:27:52,176   INFO  Exported /geogfs1/home/u3666068/Point2Roof-master/output/tallin_subset_4096/test_results/34768_pred.obj: points=1 edges=0
2026-05-29 10:27:52,448   INFO  Exported /geogfs1/home/u3666068/Point2Roof-master/output/tallin_subset_4096/test_results/34777_pred.obj: points=1 edges=0
2026-05-29 10:27:52,784   INFO  Exported /geogfs1/home/u3666068/Point2Roof-master/output/tallin_subset_4096/test_results/34778_pred.obj: points=1 edges=0
2026-05-29 10:27:53,132   INFO  Exported /geogfs1/home/u3666068/Point2Roof-master/output/tallin_subset_4096/test_results/34779_pred.obj: points=1 edges=0
2026-05-29 10:27:53,527   INFO  Exported /geogfs1/home/u3666068/Point2Roof-master/output/tallin_subset_4096/test_results/34806_pred.obj: points=1 edges=0
2026-05-29 10:27:53,832   INFO  Exported /geogfs1/home/u3666068/Point2Roof-master/output/tallin_subset_4096/test_results/34820_pred.obj: points=1 edges=0
2026-05-29 10:27:54,160   INFO  Exported /geogfs1/home/u3666068/Point2Roof-master/output/tallin_subset_4096/test_results/34821_pred.obj: points=1 edges=0
2026-05-29 10:27:54,484   INFO  Exported /geogfs1/home/u3666068/Point2Roof-master/output/tallin_subset_4096/test_results/34842_pred.obj: points=1 edges=0
2026-05-29 10:27:54,806   INFO  Exported /geogfs1/home/u3666068/Point2Roof-master/output/tallin_subset_4096/test_results/34843_pred.obj: points=1 edges=0
2026-05-29 10:27:55,128   INFO  Exported /geogfs1/home/u3666068/Point2Roof-master/output/tallin_subset_4096/test_results/34863_pred.obj: points=1 edges=0
2026-05-29 10:27:55,435   INFO  Exported /geogfs1/home/u3666068/Point2Roof-master/output/tallin_subset_4096/test_results/34886_pred.obj: points=1 edges=0
2026-05-29 10:27:55,730   INFO  Exported /geogfs1/home/u3666068/Point2Roof-master/output/tallin_subset_4096/test_results/34899_pred.obj: points=1 edges=0
2026-05-29 10:27:56,028   INFO  Exported /geogfs1/home/u3666068/Point2Roof-master/output/tallin_subset_4096/test_results/34942_pred.obj: points=1 edges=0
2026-05-29 10:27:56,308   INFO  Exported /geogfs1/home/u3666068/Point2Roof-master/output/tallin_subset_4096/test_results/34950_pred.obj: points=1 edges=0
2026-05-29 10:27:56,585   INFO  Exported /geogfs1/home/u3666068/Point2Roof-master/output/tallin_subset_4096/test_results/34952_pred.obj: points=1 edges=0
2026-05-29 10:27:56,857   INFO  Exported /geogfs1/home/u3666068/Point2Roof-master/output/tallin_subset_4096/test_results/34954_pred.obj: points=1 edges=0
2026-05-29 10:27:57,128   INFO  Exported /geogfs1/home/u3666068/Point2Roof-master/output/tallin_subset_4096/test_results/34956_pred.obj: points=1 edges=0
2026-05-29 10:27:57,393   INFO  Exported /geogfs1/home/u3666068/Point2Roof-master/output/tallin_subset_4096/test_results/34968_pred.obj: points=1 edges=0
2026-05-29 10:27:57,657   INFO  Exported /geogfs1/home/u3666068/Point2Roof-master/output/tallin_subset_4096/test_results/34976_pred.obj: points=1 edges=0
2026-05-29 10:27:57,922   INFO  Exported /geogfs1/home/u3666068/Point2Roof-master/output/tallin_subset_4096/test_results/3498_pred.obj: points=1 edges=0
2026-05-29 10:27:58,186   INFO  Exported /geogfs1/home/u3666068/Point2Roof-master/output/tallin_subset_4096/test_results/34990_pred.obj: points=1 edges=0
2026-05-29 10:27:58,451   INFO  Exported /geogfs1/home/u3666068/Point2Roof-master/output/tallin_subset_4096/test_results/34997_pred.obj: points=1 edges=0
2026-05-29 10:27:58,710   INFO  Exported /geogfs1/home/u3666068/Point2Roof-master/output/tallin_subset_4096/test_results/35001_pred.obj: points=1 edges=0
2026-05-29 10:27:58,970   INFO  Exported /geogfs1/home/u3666068/Point2Roof-master/output/tallin_subset_4096/test_results/3502_pred.obj: points=1 edges=0
2026-05-29 10:27:59,229   INFO  Exported /geogfs1/home/u3666068/Point2Roof-master/output/tallin_subset_4096/test_results/35022_pred.obj: points=1 edges=0
2026-05-29 10:27:59,481   INFO  Exported /geogfs1/home/u3666068/Point2Roof-master/output/tallin_subset_4096/test_results/35030_pred.obj: points=1 edges=0
2026-05-29 10:27:59,729   INFO  Exported /geogfs1/home/u3666068/Point2Roof-master/output/tallin_subset_4096/test_results/3504_pred.obj: points=1 edges=0
2026-05-29 10:27:59,987   INFO  Exported /geogfs1/home/u3666068/Point2Roof-master/output/tallin_subset_4096/test_results/35042_pred.obj: points=1 edges=0
2026-05-29 10:28:00,232   INFO  Exported /geogfs1/home/u3666068/Point2Roof-master/output/tallin_subset_4096/test_results/35055_pred.obj: points=1 edges=0
2026-05-29 10:28:00,486   INFO  Exported /geogfs1/home/u3666068/Point2Roof-master/output/tallin_subset_4096/test_results/35067_pred.obj: points=1 edges=0
2026-05-29 10:28:00,734   INFO  Exported /geogfs1/home/u3666068/Point2Roof-master/output/tallin_subset_4096/test_results/35109_pred.obj: points=1 edges=0
2026-05-29 10:28:00,980   INFO  Exported /geogfs1/home/u3666068/Point2Roof-master/output/tallin_subset_4096/test_results/35110_pred.obj: points=1 edges=0
2026-05-29 10:28:01,228   INFO  Exported /geogfs1/home/u3666068/Point2Roof-master/output/tallin_subset_4096/test_results/3513_pred.obj: points=1 edges=0
2026-05-29 10:28:01,475   INFO  Exported /geogfs1/home/u3666068/Point2Roof-master/output/tallin_subset_4096/test_results/35134_pred.obj: points=1 edges=0
2026-05-29 10:28:01,723   INFO  Exported /geogfs1/home/u3666068/Point2Roof-master/output/tallin_subset_4096/test_results/35140_pred.obj: points=1 edges=0
2026-05-29 10:28:01,991   INFO  Exported /geogfs1/home/u3666068/Point2Roof-master/output/tallin_subset_4096/test_results/35145_pred.obj: points=1 edges=0
2026-05-29 10:28:02,244   INFO  Exported /geogfs1/home/u3666068/Point2Roof-master/output/tallin_subset_4096/test_results/35149_pred.obj: points=1 edges=0
2026-05-29 10:28:02,500   INFO  Exported /geogfs1/home/u3666068/Point2Roof-master/output/tallin_subset_4096/test_results/3516_pred.obj: points=1 edges=0
2026-05-29 10:28:02,753   INFO  Exported /geogfs1/home/u3666068/Point2Roof-master/output/tallin_subset_4096/test_results/35172_pred.obj: points=1 edges=0
2026-05-29 10:28:03,000   INFO  Exported /geogfs1/home/u3666068/Point2Roof-master/output/tallin_subset_4096/test_results/35173_pred.obj: points=1 edges=0
2026-05-29 10:28:03,240   INFO  Exported /geogfs1/home/u3666068/Point2Roof-master/output/tallin_subset_4096/test_results/35196_pred.obj: points=1 edges=0
2026-05-29 10:28:03,498   INFO  Exported /geogfs1/home/u3666068/Point2Roof-master/output/tallin_subset_4096/test_results/35207_pred.obj: points=1 edges=0
2026-05-29 10:28:03,756   INFO  Exported /geogfs1/home/u3666068/Point2Roof-master/output/tallin_subset_4096/test_results/3521_pred.obj: points=1 edges=0
2026-05-29 10:28:03,999   INFO  Exported /geogfs1/home/u3666068/Point2Roof-master/output/tallin_subset_4096/test_results/35213_pred.obj: points=1 edges=0
2026-05-29 10:28:04,248   INFO  Exported /geogfs1/home/u3666068/Point2Roof-master/output/tallin_subset_4096/test_results/35234_pred.obj: points=1 edges=0
2026-05-29 10:28:04,514   INFO  Exported /geogfs1/home/u3666068/Point2Roof-master/output/tallin_subset_4096/test_results/35236_pred.obj: points=1 edges=0
2026-05-29 10:28:04,775   INFO  Exported /geogfs1/home/u3666068/Point2Roof-master/output/tallin_subset_4096/test_results/35241_pred.obj: points=1 edges=0
2026-05-29 10:28:05,052   INFO  Exported /geogfs1/home/u3666068/Point2Roof-master/output/tallin_subset_4096/test_results/35260_pred.obj: points=1 edges=0
2026-05-29 10:28:05,316   INFO  Exported /geogfs1/home/u3666068/Point2Roof-master/output/tallin_subset_4096/test_results/35275_pred.obj: points=1 edges=0
2026-05-29 10:28:05,595   INFO  Exported /geogfs1/home/u3666068/Point2Roof-master/output/tallin_subset_4096/test_results/35276_pred.obj: points=1 edges=0
2026-05-29 10:28:05,843   INFO  Exported /geogfs1/home/u3666068/Point2Roof-master/output/tallin_subset_4096/test_results/35282_pred.obj: points=1 edges=0
2026-05-29 10:28:06,105   INFO  Exported /geogfs1/home/u3666068/Point2Roof-master/output/tallin_subset_4096/test_results/3529_pred.obj: points=1 edges=0
2026-05-29 10:28:06,328   INFO  Exported /geogfs1/home/u3666068/Point2Roof-master/output/tallin_subset_4096/test_results/35337_pred.obj: points=1 edges=0
2026-05-29 10:28:06,544   INFO  Exported /geogfs1/home/u3666068/Point2Roof-master/output/tallin_subset_4096/test_results/3535_pred.obj: points=1 edges=0
2026-05-29 10:28:06,765   INFO  Exported /geogfs1/home/u3666068/Point2Roof-master/output/tallin_subset_4096/test_results/35357_pred.obj: points=1 edges=0
2026-05-29 10:28:06,990   INFO  Exported /geogfs1/home/u3666068/Point2Roof-master/output/tallin_subset_4096/test_results/35360_pred.obj: points=1 edges=0
2026-05-29 10:28:07,223   INFO  Exported /geogfs1/home/u3666068/Point2Roof-master/output/tallin_subset_4096/test_results/35367_pred.obj: points=1 edges=0
2026-05-29 10:28:07,456   INFO  Exported /geogfs1/home/u3666068/Point2Roof-master/output/tallin_subset_4096/test_results/3538_pred.obj: points=1 edges=0
2026-05-29 10:28:07,707   INFO  Exported /geogfs1/home/u3666068/Point2Roof-master/output/tallin_subset_4096/test_results/35397_pred.obj: points=1 edges=0
2026-05-29 10:28:07,986   INFO  Exported /geogfs1/home/u3666068/Point2Roof-master/output/tallin_subset_4096/test_results/35398_pred.obj: points=1 edges=0
2026-05-29 10:28:08,282   INFO  Exported /geogfs1/home/u3666068/Point2Roof-master/output/tallin_subset_4096/test_results/35400_pred.obj: points=1 edges=0
2026-05-29 10:28:08,643   INFO  Exported /geogfs1/home/u3666068/Point2Roof-master/output/tallin_subset_4096/test_results/35427_pred.obj: points=1 edges=0
2026-05-29 10:28:09,004   INFO  Exported /geogfs1/home/u3666068/Point2Roof-master/output/tallin_subset_4096/test_results/35432_pred.obj: points=1 edges=0
2026-05-29 10:28:09,349   INFO  Exported /geogfs1/home/u3666068/Point2Roof-master/output/tallin_subset_4096/test_results/35436_pred.obj: points=1 edges=0
2026-05-29 10:28:09,700   INFO  Exported /geogfs1/home/u3666068/Point2Roof-master/output/tallin_subset_4096/test_results/3545_pred.obj: points=1 edges=0
2026-05-29 10:28:10,047   INFO  Exported /geogfs1/home/u3666068/Point2Roof-master/output/tallin_subset_4096/test_results/35468_pred.obj: points=1 edges=0
2026-05-29 10:28:10,426   INFO  Exported /geogfs1/home/u3666068/Point2Roof-master/output/tallin_subset_4096/test_results/35478_pred.obj: points=1 edges=0
2026-05-29 10:28:10,714   INFO  Exported /geogfs1/home/u3666068/Point2Roof-master/output/tallin_subset_4096/test_results/3548_pred.obj: points=1 edges=0
2026-05-29 10:28:10,988   INFO  Exported /geogfs1/home/u3666068/Point2Roof-master/output/tallin_subset_4096/test_results/35494_pred.obj: points=1 edges=0
2026-05-29 10:28:11,286   INFO  Exported /geogfs1/home/u3666068/Point2Roof-master/output/tallin_subset_4096/test_results/35495_pred.obj: points=1 edges=0
2026-05-29 10:28:11,588   INFO  Exported /geogfs1/home/u3666068/Point2Roof-master/output/tallin_subset_4096/test_results/35501_pred.obj: points=1 edges=0
2026-05-29 10:28:11,882   INFO  Exported /geogfs1/home/u3666068/Point2Roof-master/output/tallin_subset_4096/test_results/35506_pred.obj: points=1 edges=0
2026-05-29 10:28:12,175   INFO  Exported /geogfs1/home/u3666068/Point2Roof-master/output/tallin_subset_4096/test_results/35523_pred.obj: points=1 edges=0
2026-05-29 10:28:12,469   INFO  Exported /geogfs1/home/u3666068/Point2Roof-master/output/tallin_subset_4096/test_results/35532_pred.obj: points=1 edges=0
2026-05-29 10:28:12,755   INFO  Exported /geogfs1/home/u3666068/Point2Roof-master/output/tallin_subset_4096/test_results/35553_pred.obj: points=1 edges=0
2026-05-29 10:28:13,056   INFO  Exported /geogfs1/home/u3666068/Point2Roof-master/output/tallin_subset_4096/test_results/3556_pred.obj: points=1 edges=0
2026-05-29 10:28:13,354   INFO  Exported /geogfs1/home/u3666068/Point2Roof-master/output/tallin_subset_4096/test_results/35569_pred.obj: points=1 edges=0
2026-05-29 10:28:13,635   INFO  Exported /geogfs1/home/u3666068/Point2Roof-master/output/tallin_subset_4096/test_results/35584_pred.obj: points=1 edges=0
2026-05-29 10:28:13,921   INFO  Exported /geogfs1/home/u3666068/Point2Roof-master/output/tallin_subset_4096/test_results/3559_pred.obj: points=1 edges=0
2026-05-29 10:28:14,191   INFO  Exported /geogfs1/home/u3666068/Point2Roof-master/output/tallin_subset_4096/test_results/35592_pred.obj: points=1 edges=0
2026-05-29 10:28:14,461   INFO  Exported /geogfs1/home/u3666068/Point2Roof-master/output/tallin_subset_4096/test_results/35604_pred.obj: points=1 edges=0
2026-05-29 10:28:14,733   INFO  Exported /geogfs1/home/u3666068/Point2Roof-master/output/tallin_subset_4096/test_results/35610_pred.obj: points=1 edges=0
2026-05-29 10:28:15,005   INFO  Exported /geogfs1/home/u3666068/Point2Roof-master/output/tallin_subset_4096/test_results/35613_pred.obj: points=1 edges=0
2026-05-29 10:28:15,267   INFO  Exported /geogfs1/home/u3666068/Point2Roof-master/output/tallin_subset_4096/test_results/35624_pred.obj: points=1 edges=0
2026-05-29 10:28:15,526   INFO  Exported /geogfs1/home/u3666068/Point2Roof-master/output/tallin_subset_4096/test_results/35636_pred.obj: points=1 edges=0
2026-05-29 10:28:15,783   INFO  Exported /geogfs1/home/u3666068/Point2Roof-master/output/tallin_subset_4096/test_results/3565_pred.obj: points=1 edges=0
2026-05-29 10:28:16,050   INFO  Exported /geogfs1/home/u3666068/Point2Roof-master/output/tallin_subset_4096/test_results/35660_pred.obj: points=1 edges=0
2026-05-29 10:28:16,298   INFO  Exported /geogfs1/home/u3666068/Point2Roof-master/output/tallin_subset_4096/test_results/35663_pred.obj: points=1 edges=0
2026-05-29 10:28:16,540   INFO  Exported /geogfs1/home/u3666068/Point2Roof-master/output/tallin_subset_4096/test_results/35678_pred.obj: points=1 edges=0
2026-05-29 10:28:16,807   INFO  Exported /geogfs1/home/u3666068/Point2Roof-master/output/tallin_subset_4096/test_results/35693_pred.obj: points=1 edges=0
2026-05-29 10:28:17,046   INFO  Exported /geogfs1/home/u3666068/Point2Roof-master/output/tallin_subset_4096/test_results/35744_pred.obj: points=1 edges=0
2026-05-29 10:28:17,291   INFO  Exported /geogfs1/home/u3666068/Point2Roof-master/output/tallin_subset_4096/test_results/35763_pred.obj: points=1 edges=0
2026-05-29 10:28:17,532   INFO  Exported /geogfs1/home/u3666068/Point2Roof-master/output/tallin_subset_4096/test_results/35781_pred.obj: points=1 edges=0
2026-05-29 10:28:17,779   INFO  Exported /geogfs1/home/u3666068/Point2Roof-master/output/tallin_subset_4096/test_results/35806_pred.obj: points=1 edges=0
2026-05-29 10:28:18,021   INFO  Exported /geogfs1/home/u3666068/Point2Roof-master/output/tallin_subset_4096/test_results/35807_pred.obj: points=1 edges=0
2026-05-29 10:28:18,250   INFO  Exported /geogfs1/home/u3666068/Point2Roof-master/output/tallin_subset_4096/test_results/35820_pred.obj: points=1 edges=0
2026-05-29 10:28:18,495   INFO  Exported /geogfs1/home/u3666068/Point2Roof-master/output/tallin_subset_4096/test_results/35864_pred.obj: points=1 edges=0
2026-05-29 10:28:18,720   INFO  Exported /geogfs1/home/u3666068/Point2Roof-master/output/tallin_subset_4096/test_results/35866_pred.obj: points=1 edges=0
2026-05-29 10:28:18,947   INFO  Exported /geogfs1/home/u3666068/Point2Roof-master/output/tallin_subset_4096/test_results/35875_pred.obj: points=1 edges=0
2026-05-29 10:28:19,184   INFO  Exported /geogfs1/home/u3666068/Point2Roof-master/output/tallin_subset_4096/test_results/35878_pred.obj: points=1 edges=0
2026-05-29 10:28:19,424   INFO  Exported /geogfs1/home/u3666068/Point2Roof-master/output/tallin_subset_4096/test_results/35884_pred.obj: points=1 edges=0
2026-05-29 10:28:19,665   INFO  Exported /geogfs1/home/u3666068/Point2Roof-master/output/tallin_subset_4096/test_results/35911_pred.obj: points=1 edges=0
2026-05-29 10:28:19,914   INFO  Exported /geogfs1/home/u3666068/Point2Roof-master/output/tallin_subset_4096/test_results/3593_pred.obj: points=1 edges=0
2026-05-29 10:28:20,150   INFO  Exported /geogfs1/home/u3666068/Point2Roof-master/output/tallin_subset_4096/test_results/35938_pred.obj: points=1 edges=0
2026-05-29 10:28:20,393   INFO  Exported /geogfs1/home/u3666068/Point2Roof-master/output/tallin_subset_4096/test_results/35951_pred.obj: points=1 edges=0
2026-05-29 10:28:20,627   INFO  Exported /geogfs1/home/u3666068/Point2Roof-master/output/tallin_subset_4096/test_results/35957_pred.obj: points=1 edges=0
2026-05-29 10:28:20,868   INFO  Exported /geogfs1/home/u3666068/Point2Roof-master/output/tallin_subset_4096/test_results/35964_pred.obj: points=1 edges=0
2026-05-29 10:28:21,110   INFO  Exported /geogfs1/home/u3666068/Point2Roof-master/output/tallin_subset_4096/test_results/35966_pred.obj: points=1 edges=0
2026-05-29 10:28:21,348   INFO  Exported /geogfs1/home/u3666068/Point2Roof-master/output/tallin_subset_4096/test_results/35968_pred.obj: points=1 edges=0
2026-05-29 10:28:21,587   INFO  Exported /geogfs1/home/u3666068/Point2Roof-master/output/tallin_subset_4096/test_results/35973_pred.obj: points=1 edges=0
2026-05-29 10:28:21,824   INFO  Exported /geogfs1/home/u3666068/Point2Roof-master/output/tallin_subset_4096/test_results/35985_pred.obj: points=1 edges=0
2026-05-29 10:28:22,066   INFO  Exported /geogfs1/home/u3666068/Point2Roof-master/output/tallin_subset_4096/test_results/35987_pred.obj: points=1 edges=0
2026-05-29 10:28:22,301   INFO  Exported /geogfs1/home/u3666068/Point2Roof-master/output/tallin_subset_4096/test_results/36002_pred.obj: points=1 edges=0
2026-05-29 10:28:22,518   INFO  Exported /geogfs1/home/u3666068/Point2Roof-master/output/tallin_subset_4096/test_results/36018_pred.obj: points=1 edges=0
2026-05-29 10:28:22,738   INFO  Exported /geogfs1/home/u3666068/Point2Roof-master/output/tallin_subset_4096/test_results/36023_pred.obj: points=1 edges=0
2026-05-29 10:28:22,972   INFO  Exported /geogfs1/home/u3666068/Point2Roof-master/output/tallin_subset_4096/test_results/36043_pred.obj: points=1 edges=0
2026-05-29 10:28:23,237   INFO  Exported /geogfs1/home/u3666068/Point2Roof-master/output/tallin_subset_4096/test_results/36064_pred.obj: points=1 edges=0
2026-05-29 10:28:23,526   INFO  Exported /geogfs1/home/u3666068/Point2Roof-master/output/tallin_subset_4096/test_results/36066_pred.obj: points=1 edges=0
2026-05-29 10:28:23,798   INFO  Exported /geogfs1/home/u3666068/Point2Roof-master/output/tallin_subset_4096/test_results/36067_pred.obj: points=1 edges=0
2026-05-29 10:28:24,090   INFO  Exported /geogfs1/home/u3666068/Point2Roof-master/output/tallin_subset_4096/test_results/36090_pred.obj: points=1 edges=0
2026-05-29 10:28:24,386   INFO  Exported /geogfs1/home/u3666068/Point2Roof-master/output/tallin_subset_4096/test_results/36093_pred.obj: points=1 edges=0
2026-05-29 10:28:24,692   INFO  Exported /geogfs1/home/u3666068/Point2Roof-master/output/tallin_subset_4096/test_results/36114_pred.obj: points=1 edges=0
2026-05-29 10:28:24,990   INFO  Exported /geogfs1/home/u3666068/Point2Roof-master/output/tallin_subset_4096/test_results/36132_pred.obj: points=1 edges=0
2026-05-29 10:28:25,304   INFO  Exported /geogfs1/home/u3666068/Point2Roof-master/output/tallin_subset_4096/test_results/36155_pred.obj: points=1 edges=0
2026-05-29 10:28:25,614   INFO  Exported /geogfs1/home/u3666068/Point2Roof-master/output/tallin_subset_4096/test_results/36166_pred.obj: points=1 edges=0
2026-05-29 10:28:25,915   INFO  Exported /geogfs1/home/u3666068/Point2Roof-master/output/tallin_subset_4096/test_results/36175_pred.obj: points=1 edges=0
2026-05-29 10:28:26,208   INFO  Exported /geogfs1/home/u3666068/Point2Roof-master/output/tallin_subset_4096/test_results/36178_pred.obj: points=1 edges=0
2026-05-29 10:28:26,485   INFO  Exported /geogfs1/home/u3666068/Point2Roof-master/output/tallin_subset_4096/test_results/36179_pred.obj: points=1 edges=0
2026-05-29 10:28:26,762   INFO  Exported /geogfs1/home/u3666068/Point2Roof-master/output/tallin_subset_4096/test_results/36190_pred.obj: points=1 edges=0
2026-05-29 10:28:27,053   INFO  Exported /geogfs1/home/u3666068/Point2Roof-master/output/tallin_subset_4096/test_results/36195_pred.obj: points=1 edges=0
2026-05-29 10:28:27,342   INFO  Exported /geogfs1/home/u3666068/Point2Roof-master/output/tallin_subset_4096/test_results/36210_pred.obj: points=1 edges=0
2026-05-29 10:28:27,620   INFO  Exported /geogfs1/home/u3666068/Point2Roof-master/output/tallin_subset_4096/test_results/36213_pred.obj: points=1 edges=0
2026-05-29 10:28:27,901   INFO  Exported /geogfs1/home/u3666068/Point2Roof-master/output/tallin_subset_4096/test_results/36241_pred.obj: points=1 edges=0
2026-05-29 10:28:28,177   INFO  Exported /geogfs1/home/u3666068/Point2Roof-master/output/tallin_subset_4096/test_results/36270_pred.obj: points=1 edges=0
2026-05-29 10:28:28,446   INFO  Exported /geogfs1/home/u3666068/Point2Roof-master/output/tallin_subset_4096/test_results/36274_pred.obj: points=1 edges=0
2026-05-29 10:28:28,751   INFO  Exported /geogfs1/home/u3666068/Point2Roof-master/output/tallin_subset_4096/test_results/36280_pred.obj: points=1 edges=0
2026-05-29 10:28:29,019   INFO  Exported /geogfs1/home/u3666068/Point2Roof-master/output/tallin_subset_4096/test_results/36283_pred.obj: points=1 edges=0
2026-05-29 10:28:29,288   INFO  Exported /geogfs1/home/u3666068/Point2Roof-master/output/tallin_subset_4096/test_results/3629_pred.obj: points=1 edges=0
2026-05-29 10:28:29,555   INFO  Exported /geogfs1/home/u3666068/Point2Roof-master/output/tallin_subset_4096/test_results/36291_pred.obj: points=1 edges=0
2026-05-29 10:28:29,815   INFO  Exported /geogfs1/home/u3666068/Point2Roof-master/output/tallin_subset_4096/test_results/36302_pred.obj: points=1 edges=0
2026-05-29 10:28:30,072   INFO  Exported /geogfs1/home/u3666068/Point2Roof-master/output/tallin_subset_4096/test_results/36324_pred.obj: points=1 edges=0
2026-05-29 10:28:30,320   INFO  Exported /geogfs1/home/u3666068/Point2Roof-master/output/tallin_subset_4096/test_results/36332_pred.obj: points=1 edges=0
2026-05-29 10:28:30,571   INFO  Exported /geogfs1/home/u3666068/Point2Roof-master/output/tallin_subset_4096/test_results/36339_pred.obj: points=1 edges=0
2026-05-29 10:28:30,829   INFO  Exported /geogfs1/home/u3666068/Point2Roof-master/output/tallin_subset_4096/test_results/36371_pred.obj: points=1 edges=0
2026-05-29 10:28:31,094   INFO  Exported /geogfs1/home/u3666068/Point2Roof-master/output/tallin_subset_4096/test_results/3639_pred.obj: points=1 edges=0
2026-05-29 10:28:31,361   INFO  Exported /geogfs1/home/u3666068/Point2Roof-master/output/tallin_subset_4096/test_results/36391_pred.obj: points=1 edges=0
2026-05-29 10:28:31,626   INFO  Exported /geogfs1/home/u3666068/Point2Roof-master/output/tallin_subset_4096/test_results/36406_pred.obj: points=1 edges=0
2026-05-29 10:28:31,895   INFO  Exported /geogfs1/home/u3666068/Point2Roof-master/output/tallin_subset_4096/test_results/36424_pred.obj: points=1 edges=0
2026-05-29 10:28:32,161   INFO  Exported /geogfs1/home/u3666068/Point2Roof-master/output/tallin_subset_4096/test_results/36429_pred.obj: points=1 edges=0
2026-05-29 10:28:32,428   INFO  Exported /geogfs1/home/u3666068/Point2Roof-master/output/tallin_subset_4096/test_results/36433_pred.obj: points=1 edges=0
2026-05-29 10:28:32,693   INFO  Exported /geogfs1/home/u3666068/Point2Roof-master/output/tallin_subset_4096/test_results/36436_pred.obj: points=1 edges=0
2026-05-29 10:28:32,953   INFO  Exported /geogfs1/home/u3666068/Point2Roof-master/output/tallin_subset_4096/test_results/36437_pred.obj: points=1 edges=0
2026-05-29 10:28:33,215   INFO  Exported /geogfs1/home/u3666068/Point2Roof-master/output/tallin_subset_4096/test_results/36469_pred.obj: points=1 edges=0
2026-05-29 10:28:33,471   INFO  Exported /geogfs1/home/u3666068/Point2Roof-master/output/tallin_subset_4096/test_results/36499_pred.obj: points=1 edges=0
2026-05-29 10:28:33,722   INFO  Exported /geogfs1/home/u3666068/Point2Roof-master/output/tallin_subset_4096/test_results/36530_pred.obj: points=1 edges=0
2026-05-29 10:28:33,970   INFO  Exported /geogfs1/home/u3666068/Point2Roof-master/output/tallin_subset_4096/test_results/36538_pred.obj: points=1 edges=0
2026-05-29 10:28:34,222   INFO  Exported /geogfs1/home/u3666068/Point2Roof-master/output/tallin_subset_4096/test_results/36548_pred.obj: points=1 edges=0
2026-05-29 10:28:34,472   INFO  Exported /geogfs1/home/u3666068/Point2Roof-master/output/tallin_subset_4096/test_results/36553_pred.obj: points=1 edges=0
2026-05-29 10:28:34,715   INFO  Exported /geogfs1/home/u3666068/Point2Roof-master/output/tallin_subset_4096/test_results/36574_pred.obj: points=1 edges=0
2026-05-29 10:28:34,960   INFO  Exported /geogfs1/home/u3666068/Point2Roof-master/output/tallin_subset_4096/test_results/36595_pred.obj: points=1 edges=0
2026-05-29 10:28:35,215   INFO  Exported /geogfs1/home/u3666068/Point2Roof-master/output/tallin_subset_4096/test_results/36596_pred.obj: points=1 edges=0
2026-05-29 10:28:35,480   INFO  Exported /geogfs1/home/u3666068/Point2Roof-master/output/tallin_subset_4096/test_results/36599_pred.obj: points=1 edges=0
2026-05-29 10:28:35,726   INFO  Exported /geogfs1/home/u3666068/Point2Roof-master/output/tallin_subset_4096/test_results/36606_pred.obj: points=1 edges=0
2026-05-29 10:28:35,967   INFO  Exported /geogfs1/home/u3666068/Point2Roof-master/output/tallin_subset_4096/test_results/36618_pred.obj: points=1 edges=0
2026-05-29 10:28:36,201   INFO  Exported /geogfs1/home/u3666068/Point2Roof-master/output/tallin_subset_4096/test_results/36625_pred.obj: points=1 edges=0
2026-05-29 10:28:36,438   INFO  Exported /geogfs1/home/u3666068/Point2Roof-master/output/tallin_subset_4096/test_results/36665_pred.obj: points=1 edges=0
2026-05-29 10:28:36,680   INFO  Exported /geogfs1/home/u3666068/Point2Roof-master/output/tallin_subset_4096/test_results/36666_pred.obj: points=1 edges=0
2026-05-29 10:28:36,920   INFO  Exported /geogfs1/home/u3666068/Point2Roof-master/output/tallin_subset_4096/test_results/36677_pred.obj: points=1 edges=0
2026-05-29 10:28:37,148   INFO  Exported /geogfs1/home/u3666068/Point2Roof-master/output/tallin_subset_4096/test_results/36680_pred.obj: points=1 edges=0
2026-05-29 10:28:37,376   INFO  Exported /geogfs1/home/u3666068/Point2Roof-master/output/tallin_subset_4096/test_results/36709_pred.obj: points=1 edges=0
2026-05-29 10:28:37,617   INFO  Exported /geogfs1/home/u3666068/Point2Roof-master/output/tallin_subset_4096/test_results/36770_pred.obj: points=1 edges=0
2026-05-29 10:28:37,874   INFO  Exported /geogfs1/home/u3666068/Point2Roof-master/output/tallin_subset_4096/test_results/36773_pred.obj: points=1 edges=0
2026-05-29 10:28:38,131   INFO  Exported /geogfs1/home/u3666068/Point2Roof-master/output/tallin_subset_4096/test_results/36775_pred.obj: points=1 edges=0
2026-05-29 10:28:38,391   INFO  Exported /geogfs1/home/u3666068/Point2Roof-master/output/tallin_subset_4096/test_results/36784_pred.obj: points=1 edges=0
2026-05-29 10:28:38,644   INFO  Exported /geogfs1/home/u3666068/Point2Roof-master/output/tallin_subset_4096/test_results/36790_pred.obj: points=1 edges=0
2026-05-29 10:28:38,913   INFO  Exported /geogfs1/home/u3666068/Point2Roof-master/output/tallin_subset_4096/test_results/368_pred.obj: points=1 edges=0
2026-05-29 10:28:39,184   INFO  Exported /geogfs1/home/u3666068/Point2Roof-master/output/tallin_subset_4096/test_results/3683_pred.obj: points=1 edges=0
2026-05-29 10:28:39,490   INFO  Exported /geogfs1/home/u3666068/Point2Roof-master/output/tallin_subset_4096/test_results/36850_pred.obj: points=1 edges=0
2026-05-29 10:28:39,816   INFO  Exported /geogfs1/home/u3666068/Point2Roof-master/output/tallin_subset_4096/test_results/36881_pred.obj: points=1 edges=0
2026-05-29 10:28:40,126   INFO  Exported /geogfs1/home/u3666068/Point2Roof-master/output/tallin_subset_4096/test_results/36887_pred.obj: points=1 edges=0
2026-05-29 10:28:40,433   INFO  Exported /geogfs1/home/u3666068/Point2Roof-master/output/tallin_subset_4096/test_results/36916_pred.obj: points=1 edges=0
2026-05-29 10:28:40,748   INFO  Exported /geogfs1/home/u3666068/Point2Roof-master/output/tallin_subset_4096/test_results/36918_pred.obj: points=1 edges=0
2026-05-29 10:28:41,059   INFO  Exported /geogfs1/home/u3666068/Point2Roof-master/output/tallin_subset_4096/test_results/3693_pred.obj: points=1 edges=0
2026-05-29 10:28:41,343   INFO  Exported /geogfs1/home/u3666068/Point2Roof-master/output/tallin_subset_4096/test_results/36935_pred.obj: points=1 edges=0
2026-05-29 10:28:41,635   INFO  Exported /geogfs1/home/u3666068/Point2Roof-master/output/tallin_subset_4096/test_results/36940_pred.obj: points=1 edges=0
2026-05-29 10:28:41,914   INFO  Exported /geogfs1/home/u3666068/Point2Roof-master/output/tallin_subset_4096/test_results/36945_pred.obj: points=1 edges=0
2026-05-29 10:28:42,204   INFO  Exported /geogfs1/home/u3666068/Point2Roof-master/output/tallin_subset_4096/test_results/36955_pred.obj: points=1 edges=0
2026-05-29 10:28:42,504   INFO  Exported /geogfs1/home/u3666068/Point2Roof-master/output/tallin_subset_4096/test_results/36960_pred.obj: points=1 edges=0
2026-05-29 10:28:42,801   INFO  Exported /geogfs1/home/u3666068/Point2Roof-master/output/tallin_subset_4096/test_results/36965_pred.obj: points=1 edges=0
2026-05-29 10:28:43,091   INFO  Exported /geogfs1/home/u3666068/Point2Roof-master/output/tallin_subset_4096/test_results/36984_pred.obj: points=1 edges=0
2026-05-29 10:28:43,370   INFO  Exported /geogfs1/home/u3666068/Point2Roof-master/output/tallin_subset_4096/test_results/3699_pred.obj: points=1 edges=0
2026-05-29 10:28:43,645   INFO  Exported /geogfs1/home/u3666068/Point2Roof-master/output/tallin_subset_4096/test_results/37031_pred.obj: points=1 edges=0
2026-05-29 10:28:43,925   INFO  Exported /geogfs1/home/u3666068/Point2Roof-master/output/tallin_subset_4096/test_results/37032_pred.obj: points=1 edges=0
2026-05-29 10:28:44,197   INFO  Exported /geogfs1/home/u3666068/Point2Roof-master/output/tallin_subset_4096/test_results/37045_pred.obj: points=1 edges=0
2026-05-29 10:28:44,463   INFO  Exported /geogfs1/home/u3666068/Point2Roof-master/output/tallin_subset_4096/test_results/3709_pred.obj: points=1 edges=0
2026-05-29 10:28:44,728   INFO  Exported /geogfs1/home/u3666068/Point2Roof-master/output/tallin_subset_4096/test_results/37104_pred.obj: points=1 edges=0
2026-05-29 10:28:44,989   INFO  Exported /geogfs1/home/u3666068/Point2Roof-master/output/tallin_subset_4096/test_results/37111_pred.obj: points=1 edges=0
2026-05-29 10:28:45,256   INFO  Exported /geogfs1/home/u3666068/Point2Roof-master/output/tallin_subset_4096/test_results/3712_pred.obj: points=1 edges=0
2026-05-29 10:28:45,529   INFO  Exported /geogfs1/home/u3666068/Point2Roof-master/output/tallin_subset_4096/test_results/37123_pred.obj: points=1 edges=0
2026-05-29 10:28:45,794   INFO  Exported /geogfs1/home/u3666068/Point2Roof-master/output/tallin_subset_4096/test_results/37128_pred.obj: points=1 edges=0
2026-05-29 10:28:46,056   INFO  Exported /geogfs1/home/u3666068/Point2Roof-master/output/tallin_subset_4096/test_results/37136_pred.obj: points=1 edges=0
2026-05-29 10:28:46,317   INFO  Exported /geogfs1/home/u3666068/Point2Roof-master/output/tallin_subset_4096/test_results/37176_pred.obj: points=1 edges=0
2026-05-29 10:28:46,580   INFO  Exported /geogfs1/home/u3666068/Point2Roof-master/output/tallin_subset_4096/test_results/3718_pred.obj: points=1 edges=0
2026-05-29 10:28:46,842   INFO  Exported /geogfs1/home/u3666068/Point2Roof-master/output/tallin_subset_4096/test_results/37201_pred.obj: points=1 edges=0
2026-05-29 10:28:47,117   INFO  Exported /geogfs1/home/u3666068/Point2Roof-master/output/tallin_subset_4096/test_results/3723_pred.obj: points=1 edges=0
2026-05-29 10:28:47,387   INFO  Exported /geogfs1/home/u3666068/Point2Roof-master/output/tallin_subset_4096/test_results/37230_pred.obj: points=1 edges=0
2026-05-29 10:28:47,640   INFO  Exported /geogfs1/home/u3666068/Point2Roof-master/output/tallin_subset_4096/test_results/37262_pred.obj: points=1 edges=0
2026-05-29 10:28:47,893   INFO  Exported /geogfs1/home/u3666068/Point2Roof-master/output/tallin_subset_4096/test_results/37287_pred.obj: points=1 edges=0
2026-05-29 10:28:48,152   INFO  Exported /geogfs1/home/u3666068/Point2Roof-master/output/tallin_subset_4096/test_results/37299_pred.obj: points=1 edges=0
2026-05-29 10:28:48,414   INFO  Exported /geogfs1/home/u3666068/Point2Roof-master/output/tallin_subset_4096/test_results/373_pred.obj: points=1 edges=0
2026-05-29 10:28:48,665   INFO  Exported /geogfs1/home/u3666068/Point2Roof-master/output/tallin_subset_4096/test_results/37304_pred.obj: points=1 edges=0
2026-05-29 10:28:48,910   INFO  Exported /geogfs1/home/u3666068/Point2Roof-master/output/tallin_subset_4096/test_results/37319_pred.obj: points=1 edges=0
2026-05-29 10:28:49,161   INFO  Exported /geogfs1/home/u3666068/Point2Roof-master/output/tallin_subset_4096/test_results/37328_pred.obj: points=1 edges=0
2026-05-29 10:28:49,407   INFO  Exported /geogfs1/home/u3666068/Point2Roof-master/output/tallin_subset_4096/test_results/37362_pred.obj: points=1 edges=0
2026-05-29 10:28:49,661   INFO  Exported /geogfs1/home/u3666068/Point2Roof-master/output/tallin_subset_4096/test_results/37413_pred.obj: points=1 edges=0
2026-05-29 10:28:49,919   INFO  Exported /geogfs1/home/u3666068/Point2Roof-master/output/tallin_subset_4096/test_results/37472_pred.obj: points=1 edges=0
2026-05-29 10:28:50,169   INFO  Exported /geogfs1/home/u3666068/Point2Roof-master/output/tallin_subset_4096/test_results/37481_pred.obj: points=1 edges=0
2026-05-29 10:28:50,429   INFO  Exported /geogfs1/home/u3666068/Point2Roof-master/output/tallin_subset_4096/test_results/3749_pred.obj: points=1 edges=0
2026-05-29 10:28:50,702   INFO  Exported /geogfs1/home/u3666068/Point2Roof-master/output/tallin_subset_4096/test_results/37509_pred.obj: points=1 edges=0
2026-05-29 10:28:50,980   INFO  Exported /geogfs1/home/u3666068/Point2Roof-master/output/tallin_subset_4096/test_results/37511_pred.obj: points=1 edges=0
2026-05-29 10:28:51,252   INFO  Exported /geogfs1/home/u3666068/Point2Roof-master/output/tallin_subset_4096/test_results/37516_pred.obj: points=1 edges=0
2026-05-29 10:28:51,499   INFO  Exported /geogfs1/home/u3666068/Point2Roof-master/output/tallin_subset_4096/test_results/37565_pred.obj: points=1 edges=0
2026-05-29 10:28:51,739   INFO  Exported /geogfs1/home/u3666068/Point2Roof-master/output/tallin_subset_4096/test_results/37597_pred.obj: points=1 edges=0
2026-05-29 10:28:51,979   INFO  Exported /geogfs1/home/u3666068/Point2Roof-master/output/tallin_subset_4096/test_results/37617_pred.obj: points=1 edges=0
2026-05-29 10:28:52,225   INFO  Exported /geogfs1/home/u3666068/Point2Roof-master/output/tallin_subset_4096/test_results/37624_pred.obj: points=1 edges=0
2026-05-29 10:28:52,483   INFO  Exported /geogfs1/home/u3666068/Point2Roof-master/output/tallin_subset_4096/test_results/37634_pred.obj: points=1 edges=0
2026-05-29 10:28:52,762   INFO  Exported /geogfs1/home/u3666068/Point2Roof-master/output/tallin_subset_4096/test_results/37641_pred.obj: points=1 edges=0
2026-05-29 10:28:53,043   INFO  Exported /geogfs1/home/u3666068/Point2Roof-master/output/tallin_subset_4096/test_results/37668_pred.obj: points=1 edges=0
2026-05-29 10:28:53,311   INFO  Exported /geogfs1/home/u3666068/Point2Roof-master/output/tallin_subset_4096/test_results/37687_pred.obj: points=1 edges=0
2026-05-29 10:28:53,636   INFO  Exported /geogfs1/home/u3666068/Point2Roof-master/output/tallin_subset_4096/test_results/37688_pred.obj: points=1 edges=0
2026-05-29 10:28:53,967   INFO  Exported /geogfs1/home/u3666068/Point2Roof-master/output/tallin_subset_4096/test_results/37699_pred.obj: points=1 edges=0
2026-05-29 10:28:54,292   INFO  Exported /geogfs1/home/u3666068/Point2Roof-master/output/tallin_subset_4096/test_results/37704_pred.obj: points=1 edges=0
2026-05-29 10:28:54,615   INFO  Exported /geogfs1/home/u3666068/Point2Roof-master/output/tallin_subset_4096/test_results/37710_pred.obj: points=1 edges=0
2026-05-29 10:28:54,935   INFO  Exported /geogfs1/home/u3666068/Point2Roof-master/output/tallin_subset_4096/test_results/37714_pred.obj: points=1 edges=0
2026-05-29 10:28:55,250   INFO  Exported /geogfs1/home/u3666068/Point2Roof-master/output/tallin_subset_4096/test_results/37719_pred.obj: points=1 edges=0
2026-05-29 10:28:55,593   INFO  Exported /geogfs1/home/u3666068/Point2Roof-master/output/tallin_subset_4096/test_results/3773_pred.obj: points=1 edges=0
2026-05-29 10:28:55,898   INFO  Exported /geogfs1/home/u3666068/Point2Roof-master/output/tallin_subset_4096/test_results/37752_pred.obj: points=1 edges=0
2026-05-29 10:28:56,198   INFO  Exported /geogfs1/home/u3666068/Point2Roof-master/output/tallin_subset_4096/test_results/37773_pred.obj: points=1 edges=0
2026-05-29 10:28:56,479   INFO  Exported /geogfs1/home/u3666068/Point2Roof-master/output/tallin_subset_4096/test_results/37790_pred.obj: points=1 edges=0
2026-05-29 10:28:56,783   INFO  Exported /geogfs1/home/u3666068/Point2Roof-master/output/tallin_subset_4096/test_results/37793_pred.obj: points=1 edges=0
2026-05-29 10:28:57,080   INFO  Exported /geogfs1/home/u3666068/Point2Roof-master/output/tallin_subset_4096/test_results/378_pred.obj: points=1 edges=0
2026-05-29 10:28:57,385   INFO  Exported /geogfs1/home/u3666068/Point2Roof-master/output/tallin_subset_4096/test_results/37813_pred.obj: points=1 edges=0
2026-05-29 10:28:57,676   INFO  Exported /geogfs1/home/u3666068/Point2Roof-master/output/tallin_subset_4096/test_results/37824_pred.obj: points=1 edges=0
2026-05-29 10:28:57,961   INFO  Exported /geogfs1/home/u3666068/Point2Roof-master/output/tallin_subset_4096/test_results/37847_pred.obj: points=1 edges=0
2026-05-29 10:28:58,235   INFO  Exported /geogfs1/home/u3666068/Point2Roof-master/output/tallin_subset_4096/test_results/37871_pred.obj: points=1 edges=0
2026-05-29 10:28:58,510   INFO  Exported /geogfs1/home/u3666068/Point2Roof-master/output/tallin_subset_4096/test_results/37884_pred.obj: points=1 edges=0
2026-05-29 10:28:58,783   INFO  Exported /geogfs1/home/u3666068/Point2Roof-master/output/tallin_subset_4096/test_results/37894_pred.obj: points=1 edges=0
2026-05-29 10:28:59,046   INFO  Exported /geogfs1/home/u3666068/Point2Roof-master/output/tallin_subset_4096/test_results/37907_pred.obj: points=1 edges=0
2026-05-29 10:28:59,307   INFO  Exported /geogfs1/home/u3666068/Point2Roof-master/output/tallin_subset_4096/test_results/37910_pred.obj: points=1 edges=0
2026-05-29 10:28:59,562   INFO  Exported /geogfs1/home/u3666068/Point2Roof-master/output/tallin_subset_4096/test_results/37915_pred.obj: points=1 edges=0
2026-05-29 10:28:59,824   INFO  Exported /geogfs1/home/u3666068/Point2Roof-master/output/tallin_subset_4096/test_results/37917_pred.obj: points=1 edges=0
2026-05-29 10:29:00,082   INFO  Exported /geogfs1/home/u3666068/Point2Roof-master/output/tallin_subset_4096/test_results/37928_pred.obj: points=1 edges=0
2026-05-29 10:29:00,338   INFO  Exported /geogfs1/home/u3666068/Point2Roof-master/output/tallin_subset_4096/test_results/37950_pred.obj: points=1 edges=0
2026-05-29 10:29:00,600   INFO  Exported /geogfs1/home/u3666068/Point2Roof-master/output/tallin_subset_4096/test_results/37961_pred.obj: points=1 edges=0
2026-05-29 10:29:00,854   INFO  Exported /geogfs1/home/u3666068/Point2Roof-master/output/tallin_subset_4096/test_results/3800_pred.obj: points=1 edges=0
2026-05-29 10:29:01,113   INFO  Exported /geogfs1/home/u3666068/Point2Roof-master/output/tallin_subset_4096/test_results/38024_pred.obj: points=1 edges=0
2026-05-29 10:29:01,366   INFO  Exported /geogfs1/home/u3666068/Point2Roof-master/output/tallin_subset_4096/test_results/38027_pred.obj: points=1 edges=0
2026-05-29 10:29:01,622   INFO  Exported /geogfs1/home/u3666068/Point2Roof-master/output/tallin_subset_4096/test_results/38039_pred.obj: points=1 edges=0
2026-05-29 10:29:01,881   INFO  Exported /geogfs1/home/u3666068/Point2Roof-master/output/tallin_subset_4096/test_results/38065_pred.obj: points=1 edges=0
2026-05-29 10:29:02,137   INFO  Exported /geogfs1/home/u3666068/Point2Roof-master/output/tallin_subset_4096/test_results/38069_pred.obj: points=1 edges=0
2026-05-29 10:29:02,399   INFO  Exported /geogfs1/home/u3666068/Point2Roof-master/output/tallin_subset_4096/test_results/38070_pred.obj: points=1 edges=0
2026-05-29 10:29:02,659   INFO  Exported /geogfs1/home/u3666068/Point2Roof-master/output/tallin_subset_4096/test_results/38074_pred.obj: points=1 edges=0
2026-05-29 10:29:02,924   INFO  Exported /geogfs1/home/u3666068/Point2Roof-master/output/tallin_subset_4096/test_results/38083_pred.obj: points=1 edges=0
2026-05-29 10:29:03,181   INFO  Exported /geogfs1/home/u3666068/Point2Roof-master/output/tallin_subset_4096/test_results/38089_pred.obj: points=1 edges=0
2026-05-29 10:29:03,440   INFO  Exported /geogfs1/home/u3666068/Point2Roof-master/output/tallin_subset_4096/test_results/38102_pred.obj: points=1 edges=0
2026-05-29 10:29:03,695   INFO  Exported /geogfs1/home/u3666068/Point2Roof-master/output/tallin_subset_4096/test_results/38117_pred.obj: points=1 edges=0
2026-05-29 10:29:03,947   INFO  Exported /geogfs1/home/u3666068/Point2Roof-master/output/tallin_subset_4096/test_results/38130_pred.obj: points=1 edges=0
2026-05-29 10:29:04,214   INFO  Exported /geogfs1/home/u3666068/Point2Roof-master/output/tallin_subset_4096/test_results/38149_pred.obj: points=1 edges=0
2026-05-29 10:29:04,499   INFO  Exported /geogfs1/home/u3666068/Point2Roof-master/output/tallin_subset_4096/test_results/38176_pred.obj: points=1 edges=0
2026-05-29 10:29:04,773   INFO  Exported /geogfs1/home/u3666068/Point2Roof-master/output/tallin_subset_4096/test_results/3820_pred.obj: points=1 edges=0
2026-05-29 10:29:05,046   INFO  Exported /geogfs1/home/u3666068/Point2Roof-master/output/tallin_subset_4096/test_results/38229_pred.obj: points=1 edges=0
2026-05-29 10:29:05,325   INFO  Exported /geogfs1/home/u3666068/Point2Roof-master/output/tallin_subset_4096/test_results/38230_pred.obj: points=1 edges=0
2026-05-29 10:29:05,596   INFO  Exported /geogfs1/home/u3666068/Point2Roof-master/output/tallin_subset_4096/test_results/38264_pred.obj: points=1 edges=0
2026-05-29 10:29:05,860   INFO  Exported /geogfs1/home/u3666068/Point2Roof-master/output/tallin_subset_4096/test_results/38316_pred.obj: points=1 edges=0
2026-05-29 10:29:06,144   INFO  Exported /geogfs1/home/u3666068/Point2Roof-master/output/tallin_subset_4096/test_results/38320_pred.obj: points=1 edges=0
2026-05-29 10:29:06,409   INFO  Exported /geogfs1/home/u3666068/Point2Roof-master/output/tallin_subset_4096/test_results/38326_pred.obj: points=1 edges=0
2026-05-29 10:29:06,681   INFO  Exported /geogfs1/home/u3666068/Point2Roof-master/output/tallin_subset_4096/test_results/38330_pred.obj: points=1 edges=0
2026-05-29 10:29:06,919   INFO  Exported /geogfs1/home/u3666068/Point2Roof-master/output/tallin_subset_4096/test_results/3834_pred.obj: points=1 edges=0
2026-05-29 10:29:07,182   INFO  Exported /geogfs1/home/u3666068/Point2Roof-master/output/tallin_subset_4096/test_results/38346_pred.obj: points=1 edges=0
2026-05-29 10:29:07,459   INFO  Exported /geogfs1/home/u3666068/Point2Roof-master/output/tallin_subset_4096/test_results/38352_pred.obj: points=1 edges=0
2026-05-29 10:29:07,755   INFO  Exported /geogfs1/home/u3666068/Point2Roof-master/output/tallin_subset_4096/test_results/38375_pred.obj: points=1 edges=0
2026-05-29 10:29:08,054   INFO  Exported /geogfs1/home/u3666068/Point2Roof-master/output/tallin_subset_4096/test_results/38391_pred.obj: points=1 edges=0
2026-05-29 10:29:08,401   INFO  Exported /geogfs1/home/u3666068/Point2Roof-master/output/tallin_subset_4096/test_results/38400_pred.obj: points=1 edges=0
2026-05-29 10:29:08,676   INFO  Exported /geogfs1/home/u3666068/Point2Roof-master/output/tallin_subset_4096/test_results/38405_pred.obj: points=1 edges=0
2026-05-29 10:29:08,955   INFO  Exported /geogfs1/home/u3666068/Point2Roof-master/output/tallin_subset_4096/test_results/3842_pred.obj: points=1 edges=0
2026-05-29 10:29:09,243   INFO  Exported /geogfs1/home/u3666068/Point2Roof-master/output/tallin_subset_4096/test_results/38431_pred.obj: points=1 edges=0
2026-05-29 10:29:09,523   INFO  Exported /geogfs1/home/u3666068/Point2Roof-master/output/tallin_subset_4096/test_results/38435_pred.obj: points=1 edges=0
2026-05-29 10:29:09,807   INFO  Exported /geogfs1/home/u3666068/Point2Roof-master/output/tallin_subset_4096/test_results/38450_pred.obj: points=1 edges=0
2026-05-29 10:29:10,091   INFO  Exported /geogfs1/home/u3666068/Point2Roof-master/output/tallin_subset_4096/test_results/38473_pred.obj: points=1 edges=0
2026-05-29 10:29:10,381   INFO  Exported /geogfs1/home/u3666068/Point2Roof-master/output/tallin_subset_4096/test_results/38497_pred.obj: points=1 edges=0
2026-05-29 10:29:10,663   INFO  Exported /geogfs1/home/u3666068/Point2Roof-master/output/tallin_subset_4096/test_results/38517_pred.obj: points=1 edges=0
2026-05-29 10:29:10,954   INFO  Exported /geogfs1/home/u3666068/Point2Roof-master/output/tallin_subset_4096/test_results/38531_pred.obj: points=1 edges=0
2026-05-29 10:29:11,244   INFO  Exported /geogfs1/home/u3666068/Point2Roof-master/output/tallin_subset_4096/test_results/38537_pred.obj: points=1 edges=0
2026-05-29 10:29:11,535   INFO  Exported /geogfs1/home/u3666068/Point2Roof-master/output/tallin_subset_4096/test_results/38538_pred.obj: points=1 edges=0
2026-05-29 10:29:11,833   INFO  Exported /geogfs1/home/u3666068/Point2Roof-master/output/tallin_subset_4096/test_results/38544_pred.obj: points=1 edges=0
2026-05-29 10:29:12,161   INFO  Exported /geogfs1/home/u3666068/Point2Roof-master/output/tallin_subset_4096/test_results/38547_pred.obj: points=1 edges=0
2026-05-29 10:29:12,492   INFO  Exported /geogfs1/home/u3666068/Point2Roof-master/output/tallin_subset_4096/test_results/38551_pred.obj: points=1 edges=0
2026-05-29 10:29:12,822   INFO  Exported /geogfs1/home/u3666068/Point2Roof-master/output/tallin_subset_4096/test_results/38558_pred.obj: points=1 edges=0
2026-05-29 10:29:13,149   INFO  Exported /geogfs1/home/u3666068/Point2Roof-master/output/tallin_subset_4096/test_results/38562_pred.obj: points=1 edges=0
2026-05-29 10:29:13,451   INFO  Exported /geogfs1/home/u3666068/Point2Roof-master/output/tallin_subset_4096/test_results/38563_pred.obj: points=1 edges=0
2026-05-29 10:29:13,749   INFO  Exported /geogfs1/home/u3666068/Point2Roof-master/output/tallin_subset_4096/test_results/38572_pred.obj: points=1 edges=0
2026-05-29 10:29:14,033   INFO  Exported /geogfs1/home/u3666068/Point2Roof-master/output/tallin_subset_4096/test_results/38590_pred.obj: points=1 edges=0
2026-05-29 10:29:14,298   INFO  Exported /geogfs1/home/u3666068/Point2Roof-master/output/tallin_subset_4096/test_results/38593_pred.obj: points=1 edges=0
2026-05-29 10:29:14,564   INFO  Exported /geogfs1/home/u3666068/Point2Roof-master/output/tallin_subset_4096/test_results/38626_pred.obj: points=1 edges=0
2026-05-29 10:29:14,825   INFO  Exported /geogfs1/home/u3666068/Point2Roof-master/output/tallin_subset_4096/test_results/38630_pred.obj: points=1 edges=0
2026-05-29 10:29:15,079   INFO  Exported /geogfs1/home/u3666068/Point2Roof-master/output/tallin_subset_4096/test_results/38657_pred.obj: points=1 edges=0
2026-05-29 10:29:15,330   INFO  Exported /geogfs1/home/u3666068/Point2Roof-master/output/tallin_subset_4096/test_results/38659_pred.obj: points=1 edges=0
2026-05-29 10:29:15,581   INFO  Exported /geogfs1/home/u3666068/Point2Roof-master/output/tallin_subset_4096/test_results/38665_pred.obj: points=1 edges=0
2026-05-29 10:29:15,833   INFO  Exported /geogfs1/home/u3666068/Point2Roof-master/output/tallin_subset_4096/test_results/38669_pred.obj: points=1 edges=0
2026-05-29 10:29:16,090   INFO  Exported /geogfs1/home/u3666068/Point2Roof-master/output/tallin_subset_4096/test_results/38681_pred.obj: points=1 edges=0
2026-05-29 10:29:16,345   INFO  Exported /geogfs1/home/u3666068/Point2Roof-master/output/tallin_subset_4096/test_results/3870_pred.obj: points=1 edges=0
2026-05-29 10:29:16,605   INFO  Exported /geogfs1/home/u3666068/Point2Roof-master/output/tallin_subset_4096/test_results/38717_pred.obj: points=1 edges=0
2026-05-29 10:29:16,858   INFO  Exported /geogfs1/home/u3666068/Point2Roof-master/output/tallin_subset_4096/test_results/38726_pred.obj: points=1 edges=0
2026-05-29 10:29:17,112   INFO  Exported /geogfs1/home/u3666068/Point2Roof-master/output/tallin_subset_4096/test_results/38736_pred.obj: points=1 edges=0
2026-05-29 10:29:17,361   INFO  Exported /geogfs1/home/u3666068/Point2Roof-master/output/tallin_subset_4096/test_results/38740_pred.obj: points=1 edges=0
2026-05-29 10:29:17,619   INFO  Exported /geogfs1/home/u3666068/Point2Roof-master/output/tallin_subset_4096/test_results/38743_pred.obj: points=1 edges=0
2026-05-29 10:29:17,871   INFO  Exported /geogfs1/home/u3666068/Point2Roof-master/output/tallin_subset_4096/test_results/38775_pred.obj: points=1 edges=0
2026-05-29 10:29:18,120   INFO  Exported /geogfs1/home/u3666068/Point2Roof-master/output/tallin_subset_4096/test_results/3878_pred.obj: points=1 edges=0
2026-05-29 10:29:18,373   INFO  Exported /geogfs1/home/u3666068/Point2Roof-master/output/tallin_subset_4096/test_results/38789_pred.obj: points=1 edges=0
2026-05-29 10:29:18,625   INFO  Exported /geogfs1/home/u3666068/Point2Roof-master/output/tallin_subset_4096/test_results/3882_pred.obj: points=1 edges=0
2026-05-29 10:29:18,878   INFO  Exported /geogfs1/home/u3666068/Point2Roof-master/output/tallin_subset_4096/test_results/38824_pred.obj: points=1 edges=0
2026-05-29 10:29:19,137   INFO  Exported /geogfs1/home/u3666068/Point2Roof-master/output/tallin_subset_4096/test_results/38829_pred.obj: points=1 edges=0
2026-05-29 10:29:19,390   INFO  Exported /geogfs1/home/u3666068/Point2Roof-master/output/tallin_subset_4096/test_results/3884_pred.obj: points=1 edges=0
2026-05-29 10:29:19,644   INFO  Exported /geogfs1/home/u3666068/Point2Roof-master/output/tallin_subset_4096/test_results/38851_pred.obj: points=1 edges=0
2026-05-29 10:29:19,900   INFO  Exported /geogfs1/home/u3666068/Point2Roof-master/output/tallin_subset_4096/test_results/38874_pred.obj: points=1 edges=0
2026-05-29 10:29:20,156   INFO  Exported /geogfs1/home/u3666068/Point2Roof-master/output/tallin_subset_4096/test_results/38918_pred.obj: points=1 edges=0
2026-05-29 10:29:20,414   INFO  Exported /geogfs1/home/u3666068/Point2Roof-master/output/tallin_subset_4096/test_results/38923_pred.obj: points=1 edges=0
2026-05-29 10:29:20,663   INFO  Exported /geogfs1/home/u3666068/Point2Roof-master/output/tallin_subset_4096/test_results/38948_pred.obj: points=1 edges=0
2026-05-29 10:29:20,915   INFO  Exported /geogfs1/home/u3666068/Point2Roof-master/output/tallin_subset_4096/test_results/38953_pred.obj: points=1 edges=0
2026-05-29 10:29:21,161   INFO  Exported /geogfs1/home/u3666068/Point2Roof-master/output/tallin_subset_4096/test_results/38972_pred.obj: points=1 edges=0
2026-05-29 10:29:21,408   INFO  Exported /geogfs1/home/u3666068/Point2Roof-master/output/tallin_subset_4096/test_results/3900_pred.obj: points=1 edges=0
2026-05-29 10:29:21,643   INFO  Exported /geogfs1/home/u3666068/Point2Roof-master/output/tallin_subset_4096/test_results/39054_pred.obj: points=1 edges=0
2026-05-29 10:29:21,881   INFO  Exported /geogfs1/home/u3666068/Point2Roof-master/output/tallin_subset_4096/test_results/39103_pred.obj: points=1 edges=0
2026-05-29 10:29:22,126   INFO  Exported /geogfs1/home/u3666068/Point2Roof-master/output/tallin_subset_4096/test_results/39109_pred.obj: points=1 edges=0
2026-05-29 10:29:22,355   INFO  Exported /geogfs1/home/u3666068/Point2Roof-master/output/tallin_subset_4096/test_results/3911_pred.obj: points=1 edges=0
2026-05-29 10:29:22,576   INFO  Exported /geogfs1/home/u3666068/Point2Roof-master/output/tallin_subset_4096/test_results/39117_pred.obj: points=1 edges=0
2026-05-29 10:29:22,822   INFO  Exported /geogfs1/home/u3666068/Point2Roof-master/output/tallin_subset_4096/test_results/3912_pred.obj: points=1 edges=0
2026-05-29 10:29:23,081   INFO  Exported /geogfs1/home/u3666068/Point2Roof-master/output/tallin_subset_4096/test_results/39122_pred.obj: points=1 edges=0
2026-05-29 10:29:23,346   INFO  Exported /geogfs1/home/u3666068/Point2Roof-master/output/tallin_subset_4096/test_results/39123_pred.obj: points=1 edges=0
2026-05-29 10:29:23,627   INFO  Exported /geogfs1/home/u3666068/Point2Roof-master/output/tallin_subset_4096/test_results/39134_pred.obj: points=1 edges=0
2026-05-29 10:29:23,913   INFO  Exported /geogfs1/home/u3666068/Point2Roof-master/output/tallin_subset_4096/test_results/39141_pred.obj: points=1 edges=0
2026-05-29 10:29:24,216   INFO  Exported /geogfs1/home/u3666068/Point2Roof-master/output/tallin_subset_4096/test_results/39176_pred.obj: points=1 edges=0
2026-05-29 10:29:24,536   INFO  Exported /geogfs1/home/u3666068/Point2Roof-master/output/tallin_subset_4096/test_results/39195_pred.obj: points=1 edges=0
2026-05-29 10:29:24,859   INFO  Exported /geogfs1/home/u3666068/Point2Roof-master/output/tallin_subset_4096/test_results/39206_pred.obj: points=1 edges=0
2026-05-29 10:29:25,180   INFO  Exported /geogfs1/home/u3666068/Point2Roof-master/output/tallin_subset_4096/test_results/39209_pred.obj: points=1 edges=0
2026-05-29 10:29:25,500   INFO  Exported /geogfs1/home/u3666068/Point2Roof-master/output/tallin_subset_4096/test_results/39210_pred.obj: points=1 edges=0
2026-05-29 10:29:25,815   INFO  Exported /geogfs1/home/u3666068/Point2Roof-master/output/tallin_subset_4096/test_results/39225_pred.obj: points=1 edges=0
2026-05-29 10:29:26,122   INFO  Exported /geogfs1/home/u3666068/Point2Roof-master/output/tallin_subset_4096/test_results/39253_pred.obj: points=1 edges=0
2026-05-29 10:29:26,424   INFO  Exported /geogfs1/home/u3666068/Point2Roof-master/output/tallin_subset_4096/test_results/39277_pred.obj: points=1 edges=0
2026-05-29 10:29:26,694   INFO  Exported /geogfs1/home/u3666068/Point2Roof-master/output/tallin_subset_4096/test_results/39311_pred.obj: points=1 edges=0
2026-05-29 10:29:26,979   INFO  Exported /geogfs1/home/u3666068/Point2Roof-master/output/tallin_subset_4096/test_results/39350_pred.obj: points=1 edges=0
2026-05-29 10:29:27,265   INFO  Exported /geogfs1/home/u3666068/Point2Roof-master/output/tallin_subset_4096/test_results/39364_pred.obj: points=1 edges=0
2026-05-29 10:29:27,540   INFO  Exported /geogfs1/home/u3666068/Point2Roof-master/output/tallin_subset_4096/test_results/39367_pred.obj: points=1 edges=0
2026-05-29 10:29:27,817   INFO  Exported /geogfs1/home/u3666068/Point2Roof-master/output/tallin_subset_4096/test_results/39370_pred.obj: points=1 edges=0
2026-05-29 10:29:28,094   INFO  Exported /geogfs1/home/u3666068/Point2Roof-master/output/tallin_subset_4096/test_results/39385_pred.obj: points=1 edges=0
2026-05-29 10:29:28,365   INFO  Exported /geogfs1/home/u3666068/Point2Roof-master/output/tallin_subset_4096/test_results/39386_pred.obj: points=1 edges=0
2026-05-29 10:29:28,641   INFO  Exported /geogfs1/home/u3666068/Point2Roof-master/output/tallin_subset_4096/test_results/39389_pred.obj: points=1 edges=0
2026-05-29 10:29:28,910   INFO  Exported /geogfs1/home/u3666068/Point2Roof-master/output/tallin_subset_4096/test_results/39407_pred.obj: points=1 edges=0
2026-05-29 10:29:29,176   INFO  Exported /geogfs1/home/u3666068/Point2Roof-master/output/tallin_subset_4096/test_results/3945_pred.obj: points=1 edges=0
2026-05-29 10:29:29,443   INFO  Exported /geogfs1/home/u3666068/Point2Roof-master/output/tallin_subset_4096/test_results/39451_pred.obj: points=1 edges=0
2026-05-29 10:29:29,710   INFO  Exported /geogfs1/home/u3666068/Point2Roof-master/output/tallin_subset_4096/test_results/39492_pred.obj: points=1 edges=0
2026-05-29 10:29:29,973   INFO  Exported /geogfs1/home/u3666068/Point2Roof-master/output/tallin_subset_4096/test_results/39493_pred.obj: points=1 edges=0
2026-05-29 10:29:30,231   INFO  Exported /geogfs1/home/u3666068/Point2Roof-master/output/tallin_subset_4096/test_results/39497_pred.obj: points=1 edges=0
2026-05-29 10:29:30,489   INFO  Exported /geogfs1/home/u3666068/Point2Roof-master/output/tallin_subset_4096/test_results/39509_pred.obj: points=1 edges=0
2026-05-29 10:29:30,751   INFO  Exported /geogfs1/home/u3666068/Point2Roof-master/output/tallin_subset_4096/test_results/39524_pred.obj: points=1 edges=0
2026-05-29 10:29:31,020   INFO  Exported /geogfs1/home/u3666068/Point2Roof-master/output/tallin_subset_4096/test_results/39543_pred.obj: points=1 edges=0
2026-05-29 10:29:31,294   INFO  Exported /geogfs1/home/u3666068/Point2Roof-master/output/tallin_subset_4096/test_results/39545_pred.obj: points=1 edges=0
2026-05-29 10:29:31,553   INFO  Exported /geogfs1/home/u3666068/Point2Roof-master/output/tallin_subset_4096/test_results/39561_pred.obj: points=1 edges=0
2026-05-29 10:29:31,814   INFO  Exported /geogfs1/home/u3666068/Point2Roof-master/output/tallin_subset_4096/test_results/39563_pred.obj: points=1 edges=0
2026-05-29 10:29:32,074   INFO  Exported /geogfs1/home/u3666068/Point2Roof-master/output/tallin_subset_4096/test_results/39566_pred.obj: points=1 edges=0
2026-05-29 10:29:32,331   INFO  Exported /geogfs1/home/u3666068/Point2Roof-master/output/tallin_subset_4096/test_results/39570_pred.obj: points=1 edges=0
2026-05-29 10:29:32,584   INFO  Exported /geogfs1/home/u3666068/Point2Roof-master/output/tallin_subset_4096/test_results/39573_pred.obj: points=1 edges=0
2026-05-29 10:29:32,834   INFO  Exported /geogfs1/home/u3666068/Point2Roof-master/output/tallin_subset_4096/test_results/39576_pred.obj: points=1 edges=0
2026-05-29 10:29:33,090   INFO  Exported /geogfs1/home/u3666068/Point2Roof-master/output/tallin_subset_4096/test_results/39578_pred.obj: points=1 edges=0
2026-05-29 10:29:33,343   INFO  Exported /geogfs1/home/u3666068/Point2Roof-master/output/tallin_subset_4096/test_results/39581_pred.obj: points=1 edges=0
2026-05-29 10:29:33,594   INFO  Exported /geogfs1/home/u3666068/Point2Roof-master/output/tallin_subset_4096/test_results/39584_pred.obj: points=1 edges=0
2026-05-29 10:29:33,842   INFO  Exported /geogfs1/home/u3666068/Point2Roof-master/output/tallin_subset_4096/test_results/39610_pred.obj: points=1 edges=0
2026-05-29 10:29:34,093   INFO  Exported /geogfs1/home/u3666068/Point2Roof-master/output/tallin_subset_4096/test_results/39641_pred.obj: points=1 edges=0
2026-05-29 10:29:34,350   INFO  Exported /geogfs1/home/u3666068/Point2Roof-master/output/tallin_subset_4096/test_results/39655_pred.obj: points=1 edges=0
2026-05-29 10:29:34,602   INFO  Exported /geogfs1/home/u3666068/Point2Roof-master/output/tallin_subset_4096/test_results/39669_pred.obj: points=1 edges=0
2026-05-29 10:29:34,852   INFO  Exported /geogfs1/home/u3666068/Point2Roof-master/output/tallin_subset_4096/test_results/3967_pred.obj: points=1 edges=0
2026-05-29 10:29:35,107   INFO  Exported /geogfs1/home/u3666068/Point2Roof-master/output/tallin_subset_4096/test_results/39672_pred.obj: points=1 edges=0
2026-05-29 10:29:35,366   INFO  Exported /geogfs1/home/u3666068/Point2Roof-master/output/tallin_subset_4096/test_results/39689_pred.obj: points=1 edges=0
2026-05-29 10:29:35,629   INFO  Exported /geogfs1/home/u3666068/Point2Roof-master/output/tallin_subset_4096/test_results/39711_pred.obj: points=1 edges=0
2026-05-29 10:29:35,899   INFO  Exported /geogfs1/home/u3666068/Point2Roof-master/output/tallin_subset_4096/test_results/39737_pred.obj: points=1 edges=0
2026-05-29 10:29:36,149   INFO  Exported /geogfs1/home/u3666068/Point2Roof-master/output/tallin_subset_4096/test_results/39738_pred.obj: points=1 edges=0
2026-05-29 10:29:36,409   INFO  Exported /geogfs1/home/u3666068/Point2Roof-master/output/tallin_subset_4096/test_results/39745_pred.obj: points=1 edges=0
2026-05-29 10:29:36,652   INFO  Exported /geogfs1/home/u3666068/Point2Roof-master/output/tallin_subset_4096/test_results/39748_pred.obj: points=1 edges=0
2026-05-29 10:29:36,882   INFO  Exported /geogfs1/home/u3666068/Point2Roof-master/output/tallin_subset_4096/test_results/3976_pred.obj: points=1 edges=0
2026-05-29 10:29:37,119   INFO  Exported /geogfs1/home/u3666068/Point2Roof-master/output/tallin_subset_4096/test_results/39765_pred.obj: points=1 edges=0
2026-05-29 10:29:37,355   INFO  Exported /geogfs1/home/u3666068/Point2Roof-master/output/tallin_subset_4096/test_results/39782_pred.obj: points=1 edges=0
2026-05-29 10:29:37,574   INFO  Exported /geogfs1/home/u3666068/Point2Roof-master/output/tallin_subset_4096/test_results/39787_pred.obj: points=1 edges=0
2026-05-29 10:29:37,808   INFO  Exported /geogfs1/home/u3666068/Point2Roof-master/output/tallin_subset_4096/test_results/39792_pred.obj: points=1 edges=0
2026-05-29 10:29:38,042   INFO  Exported /geogfs1/home/u3666068/Point2Roof-master/output/tallin_subset_4096/test_results/39805_pred.obj: points=1 edges=0
2026-05-29 10:29:38,278   INFO  Exported /geogfs1/home/u3666068/Point2Roof-master/output/tallin_subset_4096/test_results/3981_pred.obj: points=1 edges=0
2026-05-29 10:29:38,537   INFO  Exported /geogfs1/home/u3666068/Point2Roof-master/output/tallin_subset_4096/test_results/39858_pred.obj: points=1 edges=0
2026-05-29 10:29:38,812   INFO  Exported /geogfs1/home/u3666068/Point2Roof-master/output/tallin_subset_4096/test_results/39867_pred.obj: points=1 edges=0
2026-05-29 10:29:39,093   INFO  Exported /geogfs1/home/u3666068/Point2Roof-master/output/tallin_subset_4096/test_results/3987_pred.obj: points=1 edges=0
2026-05-29 10:29:39,403   INFO  Exported /geogfs1/home/u3666068/Point2Roof-master/output/tallin_subset_4096/test_results/39873_pred.obj: points=1 edges=0
2026-05-29 10:29:39,721   INFO  Exported /geogfs1/home/u3666068/Point2Roof-master/output/tallin_subset_4096/test_results/39884_pred.obj: points=1 edges=0
2026-05-29 10:29:40,045   INFO  Exported /geogfs1/home/u3666068/Point2Roof-master/output/tallin_subset_4096/test_results/39902_pred.obj: points=1 edges=0
2026-05-29 10:29:40,370   INFO  Exported /geogfs1/home/u3666068/Point2Roof-master/output/tallin_subset_4096/test_results/39973_pred.obj: points=1 edges=0
2026-05-29 10:29:40,686   INFO  Exported /geogfs1/home/u3666068/Point2Roof-master/output/tallin_subset_4096/test_results/40000_pred.obj: points=1 edges=0
2026-05-29 10:29:40,988   INFO  Exported /geogfs1/home/u3666068/Point2Roof-master/output/tallin_subset_4096/test_results/40017_pred.obj: points=1 edges=0
2026-05-29 10:29:41,277   INFO  Exported /geogfs1/home/u3666068/Point2Roof-master/output/tallin_subset_4096/test_results/40049_pred.obj: points=1 edges=0
2026-05-29 10:29:41,608   INFO  Exported /geogfs1/home/u3666068/Point2Roof-master/output/tallin_subset_4096/test_results/40062_pred.obj: points=1 edges=0
2026-05-29 10:29:41,967   INFO  Exported /geogfs1/home/u3666068/Point2Roof-master/output/tallin_subset_4096/test_results/40076_pred.obj: points=1 edges=0
2026-05-29 10:29:42,303   INFO  Exported /geogfs1/home/u3666068/Point2Roof-master/output/tallin_subset_4096/test_results/40082_pred.obj: points=1 edges=0
2026-05-29 10:29:42,624   INFO  Exported /geogfs1/home/u3666068/Point2Roof-master/output/tallin_subset_4096/test_results/40097_pred.obj: points=1 edges=0
2026-05-29 10:29:42,956   INFO  Exported /geogfs1/home/u3666068/Point2Roof-master/output/tallin_subset_4096/test_results/40106_pred.obj: points=1 edges=0
2026-05-29 10:29:43,274   INFO  Exported /geogfs1/home/u3666068/Point2Roof-master/output/tallin_subset_4096/test_results/40119_pred.obj: points=1 edges=0
2026-05-29 10:29:43,599   INFO  Exported /geogfs1/home/u3666068/Point2Roof-master/output/tallin_subset_4096/test_results/40134_pred.obj: points=1 edges=0
2026-05-29 10:29:43,926   INFO  Exported /geogfs1/home/u3666068/Point2Roof-master/output/tallin_subset_4096/test_results/40135_pred.obj: points=1 edges=0
2026-05-29 10:29:44,238   INFO  Exported /geogfs1/home/u3666068/Point2Roof-master/output/tallin_subset_4096/test_results/40143_pred.obj: points=1 edges=0
2026-05-29 10:29:44,563   INFO  Exported /geogfs1/home/u3666068/Point2Roof-master/output/tallin_subset_4096/test_results/40147_pred.obj: points=1 edges=0
2026-05-29 10:29:44,878   INFO  Exported /geogfs1/home/u3666068/Point2Roof-master/output/tallin_subset_4096/test_results/40150_pred.obj: points=1 edges=0
2026-05-29 10:29:45,172   INFO  Exported /geogfs1/home/u3666068/Point2Roof-master/output/tallin_subset_4096/test_results/40176_pred.obj: points=1 edges=0
2026-05-29 10:29:45,469   INFO  Exported /geogfs1/home/u3666068/Point2Roof-master/output/tallin_subset_4096/test_results/40188_pred.obj: points=1 edges=0
2026-05-29 10:29:45,738   INFO  Exported /geogfs1/home/u3666068/Point2Roof-master/output/tallin_subset_4096/test_results/40199_pred.obj: points=1 edges=0
2026-05-29 10:29:45,999   INFO  Exported /geogfs1/home/u3666068/Point2Roof-master/output/tallin_subset_4096/test_results/40205_pred.obj: points=1 edges=0
2026-05-29 10:29:46,291   INFO  Exported /geogfs1/home/u3666068/Point2Roof-master/output/tallin_subset_4096/test_results/4021_pred.obj: points=1 edges=0
2026-05-29 10:29:46,577   INFO  Exported /geogfs1/home/u3666068/Point2Roof-master/output/tallin_subset_4096/test_results/40219_pred.obj: points=1 edges=0
2026-05-29 10:29:46,855   INFO  Exported /geogfs1/home/u3666068/Point2Roof-master/output/tallin_subset_4096/test_results/40237_pred.obj: points=1 edges=0
2026-05-29 10:29:47,138   INFO  Exported /geogfs1/home/u3666068/Point2Roof-master/output/tallin_subset_4096/test_results/40245_pred.obj: points=1 edges=0
2026-05-29 10:29:47,417   INFO  Exported /geogfs1/home/u3666068/Point2Roof-master/output/tallin_subset_4096/test_results/40263_pred.obj: points=1 edges=0
2026-05-29 10:29:47,688   INFO  Exported /geogfs1/home/u3666068/Point2Roof-master/output/tallin_subset_4096/test_results/4027_pred.obj: points=1 edges=0
2026-05-29 10:29:47,959   INFO  Exported /geogfs1/home/u3666068/Point2Roof-master/output/tallin_subset_4096/test_results/40272_pred.obj: points=1 edges=0
2026-05-29 10:29:48,223   INFO  Exported /geogfs1/home/u3666068/Point2Roof-master/output/tallin_subset_4096/test_results/40275_pred.obj: points=1 edges=0
2026-05-29 10:29:48,491   INFO  Exported /geogfs1/home/u3666068/Point2Roof-master/output/tallin_subset_4096/test_results/40278_pred.obj: points=1 edges=0
2026-05-29 10:29:48,743   INFO  Exported /geogfs1/home/u3666068/Point2Roof-master/output/tallin_subset_4096/test_results/40286_pred.obj: points=1 edges=0
2026-05-29 10:29:49,004   INFO  Exported /geogfs1/home/u3666068/Point2Roof-master/output/tallin_subset_4096/test_results/40304_pred.obj: points=1 edges=0
2026-05-29 10:29:49,266   INFO  Exported /geogfs1/home/u3666068/Point2Roof-master/output/tallin_subset_4096/test_results/40318_pred.obj: points=1 edges=0
2026-05-29 10:29:49,528   INFO  Exported /geogfs1/home/u3666068/Point2Roof-master/output/tallin_subset_4096/test_results/40319_pred.obj: points=1 edges=0
2026-05-29 10:29:49,801   INFO  Exported /geogfs1/home/u3666068/Point2Roof-master/output/tallin_subset_4096/test_results/40345_pred.obj: points=1 edges=0
2026-05-29 10:29:50,075   INFO  Exported /geogfs1/home/u3666068/Point2Roof-master/output/tallin_subset_4096/test_results/40347_pred.obj: points=1 edges=0
2026-05-29 10:29:50,352   INFO  Exported /geogfs1/home/u3666068/Point2Roof-master/output/tallin_subset_4096/test_results/40358_pred.obj: points=1 edges=0
2026-05-29 10:29:50,631   INFO  Exported /geogfs1/home/u3666068/Point2Roof-master/output/tallin_subset_4096/test_results/40365_pred.obj: points=1 edges=0
2026-05-29 10:29:50,905   INFO  Exported /geogfs1/home/u3666068/Point2Roof-master/output/tallin_subset_4096/test_results/40371_pred.obj: points=1 edges=0
2026-05-29 10:29:51,163   INFO  Exported /geogfs1/home/u3666068/Point2Roof-master/output/tallin_subset_4096/test_results/40380_pred.obj: points=1 edges=0
2026-05-29 10:29:51,418   INFO  Exported /geogfs1/home/u3666068/Point2Roof-master/output/tallin_subset_4096/test_results/40393_pred.obj: points=1 edges=0
2026-05-29 10:29:51,662   INFO  Exported /geogfs1/home/u3666068/Point2Roof-master/output/tallin_subset_4096/test_results/40403_pred.obj: points=1 edges=0
2026-05-29 10:29:51,917   INFO  Exported /geogfs1/home/u3666068/Point2Roof-master/output/tallin_subset_4096/test_results/40424_pred.obj: points=1 edges=0
2026-05-29 10:29:52,159   INFO  Exported /geogfs1/home/u3666068/Point2Roof-master/output/tallin_subset_4096/test_results/40431_pred.obj: points=1 edges=0
2026-05-29 10:29:52,427   INFO  Exported /geogfs1/home/u3666068/Point2Roof-master/output/tallin_subset_4096/test_results/40448_pred.obj: points=1 edges=0
2026-05-29 10:29:52,662   INFO  Exported /geogfs1/home/u3666068/Point2Roof-master/output/tallin_subset_4096/test_results/40450_pred.obj: points=1 edges=0
2026-05-29 10:29:52,897   INFO  Exported /geogfs1/home/u3666068/Point2Roof-master/output/tallin_subset_4096/test_results/40456_pred.obj: points=1 edges=0
2026-05-29 10:29:53,127   INFO  Exported /geogfs1/home/u3666068/Point2Roof-master/output/tallin_subset_4096/test_results/40459_pred.obj: points=1 edges=0
2026-05-29 10:29:53,353   INFO  Exported /geogfs1/home/u3666068/Point2Roof-master/output/tallin_subset_4096/test_results/40484_pred.obj: points=1 edges=0
2026-05-29 10:29:53,592   INFO  Exported /geogfs1/home/u3666068/Point2Roof-master/output/tallin_subset_4096/test_results/40518_pred.obj: points=1 edges=0
2026-05-29 10:29:53,841   INFO  Exported /geogfs1/home/u3666068/Point2Roof-master/output/tallin_subset_4096/test_results/4055_pred.obj: points=1 edges=0
2026-05-29 10:29:54,101   INFO  Exported /geogfs1/home/u3666068/Point2Roof-master/output/tallin_subset_4096/test_results/40566_pred.obj: points=1 edges=0
2026-05-29 10:29:54,382   INFO  Exported /geogfs1/home/u3666068/Point2Roof-master/output/tallin_subset_4096/test_results/40644_pred.obj: points=1 edges=0
2026-05-29 10:29:54,679   INFO  Exported /geogfs1/home/u3666068/Point2Roof-master/output/tallin_subset_4096/test_results/4065_pred.obj: points=1 edges=0
2026-05-29 10:29:55,001   INFO  Exported /geogfs1/home/u3666068/Point2Roof-master/output/tallin_subset_4096/test_results/40654_pred.obj: points=1 edges=0
2026-05-29 10:29:55,318   INFO  Exported /geogfs1/home/u3666068/Point2Roof-master/output/tallin_subset_4096/test_results/40668_pred.obj: points=1 edges=0
2026-05-29 10:29:55,624   INFO  Exported /geogfs1/home/u3666068/Point2Roof-master/output/tallin_subset_4096/test_results/40688_pred.obj: points=1 edges=0
2026-05-29 10:29:55,931   INFO  Exported /geogfs1/home/u3666068/Point2Roof-master/output/tallin_subset_4096/test_results/40702_pred.obj: points=1 edges=0
2026-05-29 10:29:56,232   INFO  Exported /geogfs1/home/u3666068/Point2Roof-master/output/tallin_subset_4096/test_results/4071_pred.obj: points=1 edges=0
2026-05-29 10:29:56,537   INFO  Exported /geogfs1/home/u3666068/Point2Roof-master/output/tallin_subset_4096/test_results/40710_pred.obj: points=1 edges=0
2026-05-29 10:29:56,834   INFO  Exported /geogfs1/home/u3666068/Point2Roof-master/output/tallin_subset_4096/test_results/40723_pred.obj: points=1 edges=0
2026-05-29 10:29:57,126   INFO  Exported /geogfs1/home/u3666068/Point2Roof-master/output/tallin_subset_4096/test_results/40727_pred.obj: points=1 edges=0
2026-05-29 10:29:57,406   INFO  Exported /geogfs1/home/u3666068/Point2Roof-master/output/tallin_subset_4096/test_results/40740_pred.obj: points=1 edges=0
2026-05-29 10:29:57,678   INFO  Exported /geogfs1/home/u3666068/Point2Roof-master/output/tallin_subset_4096/test_results/40759_pred.obj: points=1 edges=0
2026-05-29 10:29:57,954   INFO  Exported /geogfs1/home/u3666068/Point2Roof-master/output/tallin_subset_4096/test_results/40765_pred.obj: points=1 edges=0
2026-05-29 10:29:58,232   INFO  Exported /geogfs1/home/u3666068/Point2Roof-master/output/tallin_subset_4096/test_results/40773_pred.obj: points=1 edges=0
2026-05-29 10:29:58,508   INFO  Exported /geogfs1/home/u3666068/Point2Roof-master/output/tallin_subset_4096/test_results/40781_pred.obj: points=1 edges=0
2026-05-29 10:29:58,783   INFO  Exported /geogfs1/home/u3666068/Point2Roof-master/output/tallin_subset_4096/test_results/40795_pred.obj: points=1 edges=0
2026-05-29 10:29:59,055   INFO  Exported /geogfs1/home/u3666068/Point2Roof-master/output/tallin_subset_4096/test_results/40806_pred.obj: points=1 edges=0
2026-05-29 10:29:59,324   INFO  Exported /geogfs1/home/u3666068/Point2Roof-master/output/tallin_subset_4096/test_results/40812_pred.obj: points=1 edges=0
2026-05-29 10:29:59,594   INFO  Exported /geogfs1/home/u3666068/Point2Roof-master/output/tallin_subset_4096/test_results/40821_pred.obj: points=1 edges=0
2026-05-29 10:29:59,858   INFO  Exported /geogfs1/home/u3666068/Point2Roof-master/output/tallin_subset_4096/test_results/4083_pred.obj: points=1 edges=0
2026-05-29 10:30:00,122   INFO  Exported /geogfs1/home/u3666068/Point2Roof-master/output/tallin_subset_4096/test_results/40840_pred.obj: points=1 edges=0
2026-05-29 10:30:00,384   INFO  Exported /geogfs1/home/u3666068/Point2Roof-master/output/tallin_subset_4096/test_results/40869_pred.obj: points=1 edges=0
2026-05-29 10:30:00,639   INFO  Exported /geogfs1/home/u3666068/Point2Roof-master/output/tallin_subset_4096/test_results/40874_pred.obj: points=1 edges=0
2026-05-29 10:30:00,893   INFO  Exported /geogfs1/home/u3666068/Point2Roof-master/output/tallin_subset_4096/test_results/40876_pred.obj: points=1 edges=0
2026-05-29 10:30:01,145   INFO  Exported /geogfs1/home/u3666068/Point2Roof-master/output/tallin_subset_4096/test_results/40884_pred.obj: points=1 edges=0
2026-05-29 10:30:01,406   INFO  Exported /geogfs1/home/u3666068/Point2Roof-master/output/tallin_subset_4096/test_results/40886_pred.obj: points=1 edges=0
2026-05-29 10:30:01,661   INFO  Exported /geogfs1/home/u3666068/Point2Roof-master/output/tallin_subset_4096/test_results/40916_pred.obj: points=1 edges=0
2026-05-29 10:30:01,921   INFO  Exported /geogfs1/home/u3666068/Point2Roof-master/output/tallin_subset_4096/test_results/40946_pred.obj: points=1 edges=0
2026-05-29 10:30:02,189   INFO  Exported /geogfs1/home/u3666068/Point2Roof-master/output/tallin_subset_4096/test_results/4095_pred.obj: points=1 edges=0
2026-05-29 10:30:02,445   INFO  Exported /geogfs1/home/u3666068/Point2Roof-master/output/tallin_subset_4096/test_results/40993_pred.obj: points=1 edges=0
2026-05-29 10:30:02,709   INFO  Exported /geogfs1/home/u3666068/Point2Roof-master/output/tallin_subset_4096/test_results/41009_pred.obj: points=1 edges=0
2026-05-29 10:30:02,969   INFO  Exported /geogfs1/home/u3666068/Point2Roof-master/output/tallin_subset_4096/test_results/4102_pred.obj: points=1 edges=0
2026-05-29 10:30:03,230   INFO  Exported /geogfs1/home/u3666068/Point2Roof-master/output/tallin_subset_4096/test_results/41030_pred.obj: points=1 edges=0
2026-05-29 10:30:03,488   INFO  Exported /geogfs1/home/u3666068/Point2Roof-master/output/tallin_subset_4096/test_results/41032_pred.obj: points=1 edges=0
2026-05-29 10:30:03,746   INFO  Exported /geogfs1/home/u3666068/Point2Roof-master/output/tallin_subset_4096/test_results/41063_pred.obj: points=1 edges=0
2026-05-29 10:30:04,004   INFO  Exported /geogfs1/home/u3666068/Point2Roof-master/output/tallin_subset_4096/test_results/41083_pred.obj: points=1 edges=0
2026-05-29 10:30:04,267   INFO  Exported /geogfs1/home/u3666068/Point2Roof-master/output/tallin_subset_4096/test_results/41143_pred.obj: points=1 edges=0
2026-05-29 10:30:04,531   INFO  Exported /geogfs1/home/u3666068/Point2Roof-master/output/tallin_subset_4096/test_results/41183_pred.obj: points=1 edges=0
2026-05-29 10:30:04,796   INFO  Exported /geogfs1/home/u3666068/Point2Roof-master/output/tallin_subset_4096/test_results/4121_pred.obj: points=1 edges=0
2026-05-29 10:30:05,036   INFO  Exported /geogfs1/home/u3666068/Point2Roof-master/output/tallin_subset_4096/test_results/41229_pred.obj: points=1 edges=0
2026-05-29 10:30:05,285   INFO  Exported /geogfs1/home/u3666068/Point2Roof-master/output/tallin_subset_4096/test_results/41235_pred.obj: points=1 edges=0
2026-05-29 10:30:05,527   INFO  Exported /geogfs1/home/u3666068/Point2Roof-master/output/tallin_subset_4096/test_results/41249_pred.obj: points=1 edges=0
2026-05-29 10:30:05,766   INFO  Exported /geogfs1/home/u3666068/Point2Roof-master/output/tallin_subset_4096/test_results/41254_pred.obj: points=1 edges=0
2026-05-29 10:30:06,008   INFO  Exported /geogfs1/home/u3666068/Point2Roof-master/output/tallin_subset_4096/test_results/41276_pred.obj: points=1 edges=0
2026-05-29 10:30:06,245   INFO  Exported /geogfs1/home/u3666068/Point2Roof-master/output/tallin_subset_4096/test_results/41277_pred.obj: points=1 edges=0
2026-05-29 10:30:06,484   INFO  Exported /geogfs1/home/u3666068/Point2Roof-master/output/tallin_subset_4096/test_results/41335_pred.obj: points=1 edges=0
2026-05-29 10:30:06,718   INFO  Exported /geogfs1/home/u3666068/Point2Roof-master/output/tallin_subset_4096/test_results/41349_pred.obj: points=1 edges=0
2026-05-29 10:30:06,943   INFO  Exported /geogfs1/home/u3666068/Point2Roof-master/output/tallin_subset_4096/test_results/41354_pred.obj: points=1 edges=0
2026-05-29 10:30:07,167   INFO  Exported /geogfs1/home/u3666068/Point2Roof-master/output/tallin_subset_4096/test_results/41405_pred.obj: points=1 edges=0
2026-05-29 10:30:07,392   INFO  Exported /geogfs1/home/u3666068/Point2Roof-master/output/tallin_subset_4096/test_results/41406_pred.obj: points=1 edges=0
2026-05-29 10:30:07,616   INFO  Exported /geogfs1/home/u3666068/Point2Roof-master/output/tallin_subset_4096/test_results/41422_pred.obj: points=1 edges=0
2026-05-29 10:30:07,839   INFO  Exported /geogfs1/home/u3666068/Point2Roof-master/output/tallin_subset_4096/test_results/41429_pred.obj: points=1 edges=0
2026-05-29 10:30:08,057   INFO  Exported /geogfs1/home/u3666068/Point2Roof-master/output/tallin_subset_4096/test_results/41442_pred.obj: points=1 edges=0
2026-05-29 10:30:08,274   INFO  Exported /geogfs1/home/u3666068/Point2Roof-master/output/tallin_subset_4096/test_results/41448_pred.obj: points=1 edges=0
2026-05-29 10:30:08,498   INFO  Exported /geogfs1/home/u3666068/Point2Roof-master/output/tallin_subset_4096/test_results/41487_pred.obj: points=1 edges=0
2026-05-29 10:30:08,741   INFO  Exported /geogfs1/home/u3666068/Point2Roof-master/output/tallin_subset_4096/test_results/41489_pred.obj: points=1 edges=0
2026-05-29 10:30:09,002   INFO  Exported /geogfs1/home/u3666068/Point2Roof-master/output/tallin_subset_4096/test_results/41541_pred.obj: points=1 edges=0
2026-05-29 10:30:09,272   INFO  Exported /geogfs1/home/u3666068/Point2Roof-master/output/tallin_subset_4096/test_results/41569_pred.obj: points=1 edges=0
2026-05-29 10:30:09,550   INFO  Exported /geogfs1/home/u3666068/Point2Roof-master/output/tallin_subset_4096/test_results/41608_pred.obj: points=1 edges=0
2026-05-29 10:30:09,832   INFO  Exported /geogfs1/home/u3666068/Point2Roof-master/output/tallin_subset_4096/test_results/41642_pred.obj: points=1 edges=0
2026-05-29 10:30:10,113   INFO  Exported /geogfs1/home/u3666068/Point2Roof-master/output/tallin_subset_4096/test_results/4165_pred.obj: points=1 edges=0
2026-05-29 10:30:10,396   INFO  Exported /geogfs1/home/u3666068/Point2Roof-master/output/tallin_subset_4096/test_results/4167_pred.obj: points=1 edges=0
2026-05-29 10:30:10,676   INFO  Exported /geogfs1/home/u3666068/Point2Roof-master/output/tallin_subset_4096/test_results/4174_pred.obj: points=1 edges=0
2026-05-29 10:30:10,956   INFO  Exported /geogfs1/home/u3666068/Point2Roof-master/output/tallin_subset_4096/test_results/41741_pred.obj: points=1 edges=0
2026-05-29 10:30:11,222   INFO  Exported /geogfs1/home/u3666068/Point2Roof-master/output/tallin_subset_4096/test_results/41776_pred.obj: points=1 edges=0
2026-05-29 10:30:11,473   INFO  Exported /geogfs1/home/u3666068/Point2Roof-master/output/tallin_subset_4096/test_results/4178_pred.obj: points=1 edges=0
2026-05-29 10:30:11,712   INFO  Exported /geogfs1/home/u3666068/Point2Roof-master/output/tallin_subset_4096/test_results/41798_pred.obj: points=1 edges=0
2026-05-29 10:30:11,955   INFO  Exported /geogfs1/home/u3666068/Point2Roof-master/output/tallin_subset_4096/test_results/418_pred.obj: points=1 edges=0
2026-05-29 10:30:12,208   INFO  Exported /geogfs1/home/u3666068/Point2Roof-master/output/tallin_subset_4096/test_results/41803_pred.obj: points=1 edges=0
2026-05-29 10:30:12,470   INFO  Exported /geogfs1/home/u3666068/Point2Roof-master/output/tallin_subset_4096/test_results/41812_pred.obj: points=1 edges=0
2026-05-29 10:30:12,740   INFO  Exported /geogfs1/home/u3666068/Point2Roof-master/output/tallin_subset_4096/test_results/41814_pred.obj: points=1 edges=0
2026-05-29 10:30:13,010   INFO  Exported /geogfs1/home/u3666068/Point2Roof-master/output/tallin_subset_4096/test_results/41817_pred.obj: points=1 edges=0
2026-05-29 10:30:13,283   INFO  Exported /geogfs1/home/u3666068/Point2Roof-master/output/tallin_subset_4096/test_results/41826_pred.obj: points=1 edges=0
2026-05-29 10:30:13,556   INFO  Exported /geogfs1/home/u3666068/Point2Roof-master/output/tallin_subset_4096/test_results/41832_pred.obj: points=1 edges=0
2026-05-29 10:30:13,824   INFO  Exported /geogfs1/home/u3666068/Point2Roof-master/output/tallin_subset_4096/test_results/41842_pred.obj: points=1 edges=0
2026-05-29 10:30:14,093   INFO  Exported /geogfs1/home/u3666068/Point2Roof-master/output/tallin_subset_4096/test_results/41849_pred.obj: points=1 edges=0
2026-05-29 10:30:14,359   INFO  Exported /geogfs1/home/u3666068/Point2Roof-master/output/tallin_subset_4096/test_results/41854_pred.obj: points=1 edges=0
2026-05-29 10:30:14,626   INFO  Exported /geogfs1/home/u3666068/Point2Roof-master/output/tallin_subset_4096/test_results/41855_pred.obj: points=1 edges=0
2026-05-29 10:30:14,884   INFO  Exported /geogfs1/home/u3666068/Point2Roof-master/output/tallin_subset_4096/test_results/4187_pred.obj: points=1 edges=0
2026-05-29 10:30:15,140   INFO  Exported /geogfs1/home/u3666068/Point2Roof-master/output/tallin_subset_4096/test_results/41875_pred.obj: points=1 edges=0
2026-05-29 10:30:15,396   INFO  Exported /geogfs1/home/u3666068/Point2Roof-master/output/tallin_subset_4096/test_results/41907_pred.obj: points=1 edges=0
2026-05-29 10:30:15,644   INFO  Exported /geogfs1/home/u3666068/Point2Roof-master/output/tallin_subset_4096/test_results/41908_pred.obj: points=1 edges=0
2026-05-29 10:30:15,894   INFO  Exported /geogfs1/home/u3666068/Point2Roof-master/output/tallin_subset_4096/test_results/41911_pred.obj: points=1 edges=0
2026-05-29 10:30:16,146   INFO  Exported /geogfs1/home/u3666068/Point2Roof-master/output/tallin_subset_4096/test_results/41920_pred.obj: points=1 edges=0
2026-05-29 10:30:16,398   INFO  Exported /geogfs1/home/u3666068/Point2Roof-master/output/tallin_subset_4096/test_results/41964_pred.obj: points=1 edges=0
2026-05-29 10:30:16,649   INFO  Exported /geogfs1/home/u3666068/Point2Roof-master/output/tallin_subset_4096/test_results/4198_pred.obj: points=1 edges=0
2026-05-29 10:30:16,896   INFO  Exported /geogfs1/home/u3666068/Point2Roof-master/output/tallin_subset_4096/test_results/41982_pred.obj: points=1 edges=0
2026-05-29 10:30:17,146   INFO  Exported /geogfs1/home/u3666068/Point2Roof-master/output/tallin_subset_4096/test_results/41997_pred.obj: points=1 edges=0
2026-05-29 10:30:17,400   INFO  Exported /geogfs1/home/u3666068/Point2Roof-master/output/tallin_subset_4096/test_results/4201_pred.obj: points=1 edges=0
2026-05-29 10:30:17,653   INFO  Exported /geogfs1/home/u3666068/Point2Roof-master/output/tallin_subset_4096/test_results/42021_pred.obj: points=1 edges=0
2026-05-29 10:30:17,904   INFO  Exported /geogfs1/home/u3666068/Point2Roof-master/output/tallin_subset_4096/test_results/42025_pred.obj: points=1 edges=0
2026-05-29 10:30:18,155   INFO  Exported /geogfs1/home/u3666068/Point2Roof-master/output/tallin_subset_4096/test_results/42052_pred.obj: points=1 edges=0
2026-05-29 10:30:18,401   INFO  Exported /geogfs1/home/u3666068/Point2Roof-master/output/tallin_subset_4096/test_results/42059_pred.obj: points=1 edges=0
2026-05-29 10:30:18,650   INFO  Exported /geogfs1/home/u3666068/Point2Roof-master/output/tallin_subset_4096/test_results/4207_pred.obj: points=1 edges=0
2026-05-29 10:30:18,897   INFO  Exported /geogfs1/home/u3666068/Point2Roof-master/output/tallin_subset_4096/test_results/42084_pred.obj: points=1 edges=0
2026-05-29 10:30:19,140   INFO  Exported /geogfs1/home/u3666068/Point2Roof-master/output/tallin_subset_4096/test_results/4210_pred.obj: points=1 edges=0
2026-05-29 10:30:19,390   INFO  Exported /geogfs1/home/u3666068/Point2Roof-master/output/tallin_subset_4096/test_results/42111_pred.obj: points=1 edges=0
2026-05-29 10:30:19,634   INFO  Exported /geogfs1/home/u3666068/Point2Roof-master/output/tallin_subset_4096/test_results/42121_pred.obj: points=1 edges=0
2026-05-29 10:30:19,881   INFO  Exported /geogfs1/home/u3666068/Point2Roof-master/output/tallin_subset_4096/test_results/42130_pred.obj: points=1 edges=0
2026-05-29 10:30:20,129   INFO  Exported /geogfs1/home/u3666068/Point2Roof-master/output/tallin_subset_4096/test_results/42146_pred.obj: points=1 edges=0
2026-05-29 10:30:20,380   INFO  Exported /geogfs1/home/u3666068/Point2Roof-master/output/tallin_subset_4096/test_results/4215_pred.obj: points=1 edges=0
2026-05-29 10:30:20,633   INFO  Exported /geogfs1/home/u3666068/Point2Roof-master/output/tallin_subset_4096/test_results/4216_pred.obj: points=1 edges=0
2026-05-29 10:30:20,890   INFO  Exported /geogfs1/home/u3666068/Point2Roof-master/output/tallin_subset_4096/test_results/42160_pred.obj: points=1 edges=0
2026-05-29 10:30:21,148   INFO  Exported /geogfs1/home/u3666068/Point2Roof-master/output/tallin_subset_4096/test_results/42163_pred.obj: points=1 edges=0
2026-05-29 10:30:21,396   INFO  Exported /geogfs1/home/u3666068/Point2Roof-master/output/tallin_subset_4096/test_results/42172_pred.obj: points=1 edges=0
2026-05-29 10:30:21,647   INFO  Exported /geogfs1/home/u3666068/Point2Roof-master/output/tallin_subset_4096/test_results/4220_pred.obj: points=1 edges=0
2026-05-29 10:30:21,890   INFO  Exported /geogfs1/home/u3666068/Point2Roof-master/output/tallin_subset_4096/test_results/42219_pred.obj: points=1 edges=0
2026-05-29 10:30:22,139   INFO  Exported /geogfs1/home/u3666068/Point2Roof-master/output/tallin_subset_4096/test_results/42235_pred.obj: points=1 edges=0
2026-05-29 10:30:22,387   INFO  Exported /geogfs1/home/u3666068/Point2Roof-master/output/tallin_subset_4096/test_results/4225_pred.obj: points=1 edges=0
2026-05-29 10:30:22,641   INFO  Exported /geogfs1/home/u3666068/Point2Roof-master/output/tallin_subset_4096/test_results/42258_pred.obj: points=1 edges=0
2026-05-29 10:30:22,896   INFO  Exported /geogfs1/home/u3666068/Point2Roof-master/output/tallin_subset_4096/test_results/42271_pred.obj: points=1 edges=0
2026-05-29 10:30:23,178   INFO  Exported /geogfs1/home/u3666068/Point2Roof-master/output/tallin_subset_4096/test_results/4231_pred.obj: points=1 edges=0
2026-05-29 10:30:23,441   INFO  Exported /geogfs1/home/u3666068/Point2Roof-master/output/tallin_subset_4096/test_results/42321_pred.obj: points=1 edges=0
2026-05-29 10:30:23,722   INFO  Exported /geogfs1/home/u3666068/Point2Roof-master/output/tallin_subset_4096/test_results/42341_pred.obj: points=1 edges=0
2026-05-29 10:30:23,995   INFO  Exported /geogfs1/home/u3666068/Point2Roof-master/output/tallin_subset_4096/test_results/42377_pred.obj: points=1 edges=0
2026-05-29 10:30:24,262   INFO  Exported /geogfs1/home/u3666068/Point2Roof-master/output/tallin_subset_4096/test_results/42430_pred.obj: points=1 edges=0
2026-05-29 10:30:24,526   INFO  Exported /geogfs1/home/u3666068/Point2Roof-master/output/tallin_subset_4096/test_results/42431_pred.obj: points=1 edges=0
2026-05-29 10:30:24,792   INFO  Exported /geogfs1/home/u3666068/Point2Roof-master/output/tallin_subset_4096/test_results/42433_pred.obj: points=1 edges=0
2026-05-29 10:30:25,069   INFO  Exported /geogfs1/home/u3666068/Point2Roof-master/output/tallin_subset_4096/test_results/42434_pred.obj: points=1 edges=0
2026-05-29 10:30:25,345   INFO  Exported /geogfs1/home/u3666068/Point2Roof-master/output/tallin_subset_4096/test_results/425_pred.obj: points=1 edges=0
2026-05-29 10:30:25,613   INFO  Exported /geogfs1/home/u3666068/Point2Roof-master/output/tallin_subset_4096/test_results/42512_pred.obj: points=1 edges=0
2026-05-29 10:30:25,873   INFO  Exported /geogfs1/home/u3666068/Point2Roof-master/output/tallin_subset_4096/test_results/4252_pred.obj: points=1 edges=0
2026-05-29 10:30:26,122   INFO  Exported /geogfs1/home/u3666068/Point2Roof-master/output/tallin_subset_4096/test_results/42522_pred.obj: points=1 edges=0
2026-05-29 10:30:26,365   INFO  Exported /geogfs1/home/u3666068/Point2Roof-master/output/tallin_subset_4096/test_results/4253_pred.obj: points=1 edges=0
2026-05-29 10:30:26,609   INFO  Exported /geogfs1/home/u3666068/Point2Roof-master/output/tallin_subset_4096/test_results/42538_pred.obj: points=1 edges=0
2026-05-29 10:30:26,855   INFO  Exported /geogfs1/home/u3666068/Point2Roof-master/output/tallin_subset_4096/test_results/42551_pred.obj: points=1 edges=0
2026-05-29 10:30:27,105   INFO  Exported /geogfs1/home/u3666068/Point2Roof-master/output/tallin_subset_4096/test_results/42555_pred.obj: points=1 edges=0
2026-05-29 10:30:27,353   INFO  Exported /geogfs1/home/u3666068/Point2Roof-master/output/tallin_subset_4096/test_results/42556_pred.obj: points=1 edges=0
2026-05-29 10:30:27,618   INFO  Exported /geogfs1/home/u3666068/Point2Roof-master/output/tallin_subset_4096/test_results/42590_pred.obj: points=1 edges=0
2026-05-29 10:30:27,889   INFO  Exported /geogfs1/home/u3666068/Point2Roof-master/output/tallin_subset_4096/test_results/42594_pred.obj: points=1 edges=0
2026-05-29 10:30:28,162   INFO  Exported /geogfs1/home/u3666068/Point2Roof-master/output/tallin_subset_4096/test_results/4261_pred.obj: points=1 edges=0
2026-05-29 10:30:28,438   INFO  Exported /geogfs1/home/u3666068/Point2Roof-master/output/tallin_subset_4096/test_results/42624_pred.obj: points=1 edges=0
2026-05-29 10:30:28,718   INFO  Exported /geogfs1/home/u3666068/Point2Roof-master/output/tallin_subset_4096/test_results/42626_pred.obj: points=1 edges=0
2026-05-29 10:30:28,999   INFO  Exported /geogfs1/home/u3666068/Point2Roof-master/output/tallin_subset_4096/test_results/42643_pred.obj: points=1 edges=0
2026-05-29 10:30:29,288   INFO  Exported /geogfs1/home/u3666068/Point2Roof-master/output/tallin_subset_4096/test_results/42700_pred.obj: points=1 edges=0
2026-05-29 10:30:29,560   INFO  Exported /geogfs1/home/u3666068/Point2Roof-master/output/tallin_subset_4096/test_results/42708_pred.obj: points=1 edges=0
2026-05-29 10:30:29,838   INFO  Exported /geogfs1/home/u3666068/Point2Roof-master/output/tallin_subset_4096/test_results/42709_pred.obj: points=1 edges=0
2026-05-29 10:30:30,100   INFO  Exported /geogfs1/home/u3666068/Point2Roof-master/output/tallin_subset_4096/test_results/42714_pred.obj: points=1 edges=0
2026-05-29 10:30:30,361   INFO  Exported /geogfs1/home/u3666068/Point2Roof-master/output/tallin_subset_4096/test_results/42720_pred.obj: points=1 edges=0
2026-05-29 10:30:30,620   INFO  Exported /geogfs1/home/u3666068/Point2Roof-master/output/tallin_subset_4096/test_results/42728_pred.obj: points=1 edges=0
2026-05-29 10:30:30,863   INFO  Exported /geogfs1/home/u3666068/Point2Roof-master/output/tallin_subset_4096/test_results/4275_pred.obj: points=1 edges=0
2026-05-29 10:30:31,108   INFO  Exported /geogfs1/home/u3666068/Point2Roof-master/output/tallin_subset_4096/test_results/42770_pred.obj: points=1 edges=0
2026-05-29 10:30:31,362   INFO  Exported /geogfs1/home/u3666068/Point2Roof-master/output/tallin_subset_4096/test_results/42779_pred.obj: points=1 edges=0
2026-05-29 10:30:31,609   INFO  Exported /geogfs1/home/u3666068/Point2Roof-master/output/tallin_subset_4096/test_results/4279_pred.obj: points=1 edges=0
2026-05-29 10:30:31,860   INFO  Exported /geogfs1/home/u3666068/Point2Roof-master/output/tallin_subset_4096/test_results/42792_pred.obj: points=1 edges=0
2026-05-29 10:30:32,138   INFO  Exported /geogfs1/home/u3666068/Point2Roof-master/output/tallin_subset_4096/test_results/42799_pred.obj: points=1 edges=0
2026-05-29 10:30:32,422   INFO  Exported /geogfs1/home/u3666068/Point2Roof-master/output/tallin_subset_4096/test_results/42824_pred.obj: points=1 edges=0
2026-05-29 10:30:32,705   INFO  Exported /geogfs1/home/u3666068/Point2Roof-master/output/tallin_subset_4096/test_results/42841_pred.obj: points=1 edges=0
2026-05-29 10:30:32,983   INFO  Exported /geogfs1/home/u3666068/Point2Roof-master/output/tallin_subset_4096/test_results/42859_pred.obj: points=1 edges=0
2026-05-29 10:30:33,257   INFO  Exported /geogfs1/home/u3666068/Point2Roof-master/output/tallin_subset_4096/test_results/42870_pred.obj: points=1 edges=0
2026-05-29 10:30:33,522   INFO  Exported /geogfs1/home/u3666068/Point2Roof-master/output/tallin_subset_4096/test_results/4289_pred.obj: points=1 edges=0
2026-05-29 10:30:33,787   INFO  Exported /geogfs1/home/u3666068/Point2Roof-master/output/tallin_subset_4096/test_results/42910_pred.obj: points=1 edges=0
2026-05-29 10:30:34,048   INFO  Exported /geogfs1/home/u3666068/Point2Roof-master/output/tallin_subset_4096/test_results/42918_pred.obj: points=1 edges=0
2026-05-29 10:30:34,308   INFO  Exported /geogfs1/home/u3666068/Point2Roof-master/output/tallin_subset_4096/test_results/42927_pred.obj: points=1 edges=0
2026-05-29 10:30:34,578   INFO  Exported /geogfs1/home/u3666068/Point2Roof-master/output/tallin_subset_4096/test_results/42935_pred.obj: points=1 edges=0
2026-05-29 10:30:34,843   INFO  Exported /geogfs1/home/u3666068/Point2Roof-master/output/tallin_subset_4096/test_results/42955_pred.obj: points=1 edges=0
2026-05-29 10:30:35,108   INFO  Exported /geogfs1/home/u3666068/Point2Roof-master/output/tallin_subset_4096/test_results/4297_pred.obj: points=1 edges=0
2026-05-29 10:30:35,377   INFO  Exported /geogfs1/home/u3666068/Point2Roof-master/output/tallin_subset_4096/test_results/42975_pred.obj: points=1 edges=0
2026-05-29 10:30:35,662   INFO  Exported /geogfs1/home/u3666068/Point2Roof-master/output/tallin_subset_4096/test_results/42992_pred.obj: points=1 edges=0
2026-05-29 10:30:35,932   INFO  Exported /geogfs1/home/u3666068/Point2Roof-master/output/tallin_subset_4096/test_results/43024_pred.obj: points=1 edges=0
2026-05-29 10:30:36,208   INFO  Exported /geogfs1/home/u3666068/Point2Roof-master/output/tallin_subset_4096/test_results/43034_pred.obj: points=1 edges=0
2026-05-29 10:30:36,484   INFO  Exported /geogfs1/home/u3666068/Point2Roof-master/output/tallin_subset_4096/test_results/43053_pred.obj: points=1 edges=0
2026-05-29 10:30:36,769   INFO  Exported /geogfs1/home/u3666068/Point2Roof-master/output/tallin_subset_4096/test_results/4306_pred.obj: points=1 edges=0
2026-05-29 10:30:37,061   INFO  Exported /geogfs1/home/u3666068/Point2Roof-master/output/tallin_subset_4096/test_results/43084_pred.obj: points=1 edges=0
2026-05-29 10:30:37,325   INFO  Exported /geogfs1/home/u3666068/Point2Roof-master/output/tallin_subset_4096/test_results/43091_pred.obj: points=1 edges=0
2026-05-29 10:30:37,604   INFO  Exported /geogfs1/home/u3666068/Point2Roof-master/output/tallin_subset_4096/test_results/431_pred.obj: points=1 edges=0
2026-05-29 10:30:37,855   INFO  Exported /geogfs1/home/u3666068/Point2Roof-master/output/tallin_subset_4096/test_results/43115_pred.obj: points=1 edges=0
2026-05-29 10:30:38,112   INFO  Exported /geogfs1/home/u3666068/Point2Roof-master/output/tallin_subset_4096/test_results/4314_pred.obj: points=1 edges=0
2026-05-29 10:30:38,376   INFO  Exported /geogfs1/home/u3666068/Point2Roof-master/output/tallin_subset_4096/test_results/43148_pred.obj: points=1 edges=0
2026-05-29 10:30:38,649   INFO  Exported /geogfs1/home/u3666068/Point2Roof-master/output/tallin_subset_4096/test_results/43156_pred.obj: points=1 edges=0
2026-05-29 10:30:38,932   INFO  Exported /geogfs1/home/u3666068/Point2Roof-master/output/tallin_subset_4096/test_results/43168_pred.obj: points=1 edges=0
2026-05-29 10:30:39,232   INFO  Exported /geogfs1/home/u3666068/Point2Roof-master/output/tallin_subset_4096/test_results/43203_pred.obj: points=1 edges=0
2026-05-29 10:30:39,520   INFO  Exported /geogfs1/home/u3666068/Point2Roof-master/output/tallin_subset_4096/test_results/43209_pred.obj: points=1 edges=0
2026-05-29 10:30:39,823   INFO  Exported /geogfs1/home/u3666068/Point2Roof-master/output/tallin_subset_4096/test_results/43213_pred.obj: points=1 edges=0
2026-05-29 10:30:40,117   INFO  Exported /geogfs1/home/u3666068/Point2Roof-master/output/tallin_subset_4096/test_results/43218_pred.obj: points=1 edges=0
2026-05-29 10:30:40,412   INFO  Exported /geogfs1/home/u3666068/Point2Roof-master/output/tallin_subset_4096/test_results/43225_pred.obj: points=1 edges=0
2026-05-29 10:30:40,694   INFO  Exported /geogfs1/home/u3666068/Point2Roof-master/output/tallin_subset_4096/test_results/43230_pred.obj: points=1 edges=0
2026-05-29 10:30:40,992   INFO  Exported /geogfs1/home/u3666068/Point2Roof-master/output/tallin_subset_4096/test_results/4324_pred.obj: points=1 edges=0
2026-05-29 10:30:41,307   INFO  Exported /geogfs1/home/u3666068/Point2Roof-master/output/tallin_subset_4096/test_results/43246_pred.obj: points=1 edges=0
2026-05-29 10:30:41,633   INFO  Exported /geogfs1/home/u3666068/Point2Roof-master/output/tallin_subset_4096/test_results/43274_pred.obj: points=1 edges=0
2026-05-29 10:30:41,956   INFO  Exported /geogfs1/home/u3666068/Point2Roof-master/output/tallin_subset_4096/test_results/43278_pred.obj: points=1 edges=0
2026-05-29 10:30:42,271   INFO  Exported /geogfs1/home/u3666068/Point2Roof-master/output/tallin_subset_4096/test_results/4328_pred.obj: points=1 edges=0
2026-05-29 10:30:42,613   INFO  Exported /geogfs1/home/u3666068/Point2Roof-master/output/tallin_subset_4096/test_results/43300_pred.obj: points=1 edges=0
2026-05-29 10:30:42,925   INFO  Exported /geogfs1/home/u3666068/Point2Roof-master/output/tallin_subset_4096/test_results/43304_pred.obj: points=1 edges=0
2026-05-29 10:30:43,244   INFO  Exported /geogfs1/home/u3666068/Point2Roof-master/output/tallin_subset_4096/test_results/43312_pred.obj: points=1 edges=0
2026-05-29 10:30:43,539   INFO  Exported /geogfs1/home/u3666068/Point2Roof-master/output/tallin_subset_4096/test_results/43340_pred.obj: points=1 edges=0
2026-05-29 10:30:43,843   INFO  Exported /geogfs1/home/u3666068/Point2Roof-master/output/tallin_subset_4096/test_results/43348_pred.obj: points=1 edges=0
2026-05-29 10:30:44,154   INFO  Exported /geogfs1/home/u3666068/Point2Roof-master/output/tallin_subset_4096/test_results/43361_pred.obj: points=1 edges=0
2026-05-29 10:30:44,464   INFO  Exported /geogfs1/home/u3666068/Point2Roof-master/output/tallin_subset_4096/test_results/43374_pred.obj: points=1 edges=0
2026-05-29 10:30:44,762   INFO  Exported /geogfs1/home/u3666068/Point2Roof-master/output/tallin_subset_4096/test_results/43381_pred.obj: points=1 edges=0
2026-05-29 10:30:45,040   INFO  Exported /geogfs1/home/u3666068/Point2Roof-master/output/tallin_subset_4096/test_results/43401_pred.obj: points=1 edges=0
2026-05-29 10:30:45,298   INFO  Exported /geogfs1/home/u3666068/Point2Roof-master/output/tallin_subset_4096/test_results/43404_pred.obj: points=1 edges=0
2026-05-29 10:30:45,560   INFO  Exported /geogfs1/home/u3666068/Point2Roof-master/output/tallin_subset_4096/test_results/43416_pred.obj: points=1 edges=0
2026-05-29 10:30:45,819   INFO  Exported /geogfs1/home/u3666068/Point2Roof-master/output/tallin_subset_4096/test_results/43418_pred.obj: points=1 edges=0
2026-05-29 10:30:46,114   INFO  Exported /geogfs1/home/u3666068/Point2Roof-master/output/tallin_subset_4096/test_results/43426_pred.obj: points=1 edges=0
2026-05-29 10:30:46,416   INFO  Exported /geogfs1/home/u3666068/Point2Roof-master/output/tallin_subset_4096/test_results/43427_pred.obj: points=1 edges=0
2026-05-29 10:30:46,700   INFO  Exported /geogfs1/home/u3666068/Point2Roof-master/output/tallin_subset_4096/test_results/43430_pred.obj: points=1 edges=0
2026-05-29 10:30:46,970   INFO  Exported /geogfs1/home/u3666068/Point2Roof-master/output/tallin_subset_4096/test_results/43437_pred.obj: points=1 edges=0
2026-05-29 10:30:47,256   INFO  Exported /geogfs1/home/u3666068/Point2Roof-master/output/tallin_subset_4096/test_results/43451_pred.obj: points=1 edges=0
2026-05-29 10:30:47,525   INFO  Exported /geogfs1/home/u3666068/Point2Roof-master/output/tallin_subset_4096/test_results/43471_pred.obj: points=1 edges=0
2026-05-29 10:30:47,780   INFO  Exported /geogfs1/home/u3666068/Point2Roof-master/output/tallin_subset_4096/test_results/43472_pred.obj: points=1 edges=0
2026-05-29 10:30:48,044   INFO  Exported /geogfs1/home/u3666068/Point2Roof-master/output/tallin_subset_4096/test_results/43481_pred.obj: points=1 edges=0
2026-05-29 10:30:48,306   INFO  Exported /geogfs1/home/u3666068/Point2Roof-master/output/tallin_subset_4096/test_results/43482_pred.obj: points=1 edges=0
2026-05-29 10:30:48,568   INFO  Exported /geogfs1/home/u3666068/Point2Roof-master/output/tallin_subset_4096/test_results/43504_pred.obj: points=1 edges=0
2026-05-29 10:30:48,837   INFO  Exported /geogfs1/home/u3666068/Point2Roof-master/output/tallin_subset_4096/test_results/43512_pred.obj: points=1 edges=0
2026-05-29 10:30:49,124   INFO  Exported /geogfs1/home/u3666068/Point2Roof-master/output/tallin_subset_4096/test_results/4353_pred.obj: points=1 edges=0
2026-05-29 10:30:49,414   INFO  Exported /geogfs1/home/u3666068/Point2Roof-master/output/tallin_subset_4096/test_results/43547_pred.obj: points=1 edges=0
2026-05-29 10:30:49,709   INFO  Exported /geogfs1/home/u3666068/Point2Roof-master/output/tallin_subset_4096/test_results/43561_pred.obj: points=1 edges=0
2026-05-29 10:30:50,007   INFO  Exported /geogfs1/home/u3666068/Point2Roof-master/output/tallin_subset_4096/test_results/43566_pred.obj: points=1 edges=0
2026-05-29 10:30:50,282   INFO  Exported /geogfs1/home/u3666068/Point2Roof-master/output/tallin_subset_4096/test_results/43585_pred.obj: points=1 edges=0
2026-05-29 10:30:50,550   INFO  Exported /geogfs1/home/u3666068/Point2Roof-master/output/tallin_subset_4096/test_results/43586_pred.obj: points=1 edges=0
2026-05-29 10:30:50,829   INFO  Exported /geogfs1/home/u3666068/Point2Roof-master/output/tallin_subset_4096/test_results/43603_pred.obj: points=1 edges=0
2026-05-29 10:30:51,096   INFO  Exported /geogfs1/home/u3666068/Point2Roof-master/output/tallin_subset_4096/test_results/43607_pred.obj: points=1 edges=0
2026-05-29 10:30:51,364   INFO  Exported /geogfs1/home/u3666068/Point2Roof-master/output/tallin_subset_4096/test_results/43621_pred.obj: points=1 edges=0
2026-05-29 10:30:51,633   INFO  Exported /geogfs1/home/u3666068/Point2Roof-master/output/tallin_subset_4096/test_results/43622_pred.obj: points=1 edges=0
2026-05-29 10:30:51,893   INFO  Exported /geogfs1/home/u3666068/Point2Roof-master/output/tallin_subset_4096/test_results/43634_pred.obj: points=1 edges=0
2026-05-29 10:30:52,159   INFO  Exported /geogfs1/home/u3666068/Point2Roof-master/output/tallin_subset_4096/test_results/4364_pred.obj: points=1 edges=0
2026-05-29 10:30:52,410   INFO  Exported /geogfs1/home/u3666068/Point2Roof-master/output/tallin_subset_4096/test_results/43640_pred.obj: points=1 edges=0
2026-05-29 10:30:52,654   INFO  Exported /geogfs1/home/u3666068/Point2Roof-master/output/tallin_subset_4096/test_results/43643_pred.obj: points=1 edges=0
2026-05-29 10:30:52,893   INFO  Exported /geogfs1/home/u3666068/Point2Roof-master/output/tallin_subset_4096/test_results/43649_pred.obj: points=1 edges=0
2026-05-29 10:30:53,136   INFO  Exported /geogfs1/home/u3666068/Point2Roof-master/output/tallin_subset_4096/test_results/43661_pred.obj: points=1 edges=0
2026-05-29 10:30:53,394   INFO  Exported /geogfs1/home/u3666068/Point2Roof-master/output/tallin_subset_4096/test_results/4367_pred.obj: points=1 edges=0
2026-05-29 10:30:53,672   INFO  Exported /geogfs1/home/u3666068/Point2Roof-master/output/tallin_subset_4096/test_results/43697_pred.obj: points=1 edges=0
2026-05-29 10:30:53,956   INFO  Exported /geogfs1/home/u3666068/Point2Roof-master/output/tallin_subset_4096/test_results/4371_pred.obj: points=1 edges=0
2026-05-29 10:30:54,243   INFO  Exported /geogfs1/home/u3666068/Point2Roof-master/output/tallin_subset_4096/test_results/4373_pred.obj: points=1 edges=0
2026-05-29 10:30:54,545   INFO  Exported /geogfs1/home/u3666068/Point2Roof-master/output/tallin_subset_4096/test_results/43743_pred.obj: points=1 edges=0
2026-05-29 10:30:54,888   INFO  Exported /geogfs1/home/u3666068/Point2Roof-master/output/tallin_subset_4096/test_results/43770_pred.obj: points=1 edges=0
2026-05-29 10:30:55,212   INFO  Exported /geogfs1/home/u3666068/Point2Roof-master/output/tallin_subset_4096/test_results/43775_pred.obj: points=1 edges=0
2026-05-29 10:30:55,523   INFO  Exported /geogfs1/home/u3666068/Point2Roof-master/output/tallin_subset_4096/test_results/4378_pred.obj: points=1 edges=0
2026-05-29 10:30:55,788   INFO  Exported /geogfs1/home/u3666068/Point2Roof-master/output/tallin_subset_4096/test_results/43781_pred.obj: points=1 edges=0
2026-05-29 10:30:56,071   INFO  Exported /geogfs1/home/u3666068/Point2Roof-master/output/tallin_subset_4096/test_results/43783_pred.obj: points=1 edges=0
2026-05-29 10:30:56,338   INFO  Exported /geogfs1/home/u3666068/Point2Roof-master/output/tallin_subset_4096/test_results/43786_pred.obj: points=1 edges=0
2026-05-29 10:30:56,614   INFO  Exported /geogfs1/home/u3666068/Point2Roof-master/output/tallin_subset_4096/test_results/43792_pred.obj: points=1 edges=0
2026-05-29 10:30:56,937   INFO  Exported /geogfs1/home/u3666068/Point2Roof-master/output/tallin_subset_4096/test_results/43810_pred.obj: points=1 edges=0
2026-05-29 10:30:57,261   INFO  Exported /geogfs1/home/u3666068/Point2Roof-master/output/tallin_subset_4096/test_results/43813_pred.obj: points=1 edges=0
2026-05-29 10:30:57,598   INFO  Exported /geogfs1/home/u3666068/Point2Roof-master/output/tallin_subset_4096/test_results/43816_pred.obj: points=1 edges=0
2026-05-29 10:30:57,920   INFO  Exported /geogfs1/home/u3666068/Point2Roof-master/output/tallin_subset_4096/test_results/43838_pred.obj: points=1 edges=0
2026-05-29 10:30:58,237   INFO  Exported /geogfs1/home/u3666068/Point2Roof-master/output/tallin_subset_4096/test_results/43852_pred.obj: points=1 edges=0
2026-05-29 10:30:58,557   INFO  Exported /geogfs1/home/u3666068/Point2Roof-master/output/tallin_subset_4096/test_results/43877_pred.obj: points=1 edges=0
2026-05-29 10:30:58,871   INFO  Exported /geogfs1/home/u3666068/Point2Roof-master/output/tallin_subset_4096/test_results/43898_pred.obj: points=1 edges=0
2026-05-29 10:30:59,172   INFO  Exported /geogfs1/home/u3666068/Point2Roof-master/output/tallin_subset_4096/test_results/43936_pred.obj: points=1 edges=0
2026-05-29 10:30:59,453   INFO  Exported /geogfs1/home/u3666068/Point2Roof-master/output/tallin_subset_4096/test_results/43945_pred.obj: points=1 edges=0
2026-05-29 10:30:59,743   INFO  Exported /geogfs1/home/u3666068/Point2Roof-master/output/tallin_subset_4096/test_results/43958_pred.obj: points=1 edges=0
2026-05-29 10:31:00,023   INFO  Exported /geogfs1/home/u3666068/Point2Roof-master/output/tallin_subset_4096/test_results/43969_pred.obj: points=1 edges=0
2026-05-29 10:31:00,293   INFO  Exported /geogfs1/home/u3666068/Point2Roof-master/output/tallin_subset_4096/test_results/440_pred.obj: points=1 edges=0
2026-05-29 10:31:00,572   INFO  Exported /geogfs1/home/u3666068/Point2Roof-master/output/tallin_subset_4096/test_results/44001_pred.obj: points=1 edges=0
2026-05-29 10:31:00,835   INFO  Exported /geogfs1/home/u3666068/Point2Roof-master/output/tallin_subset_4096/test_results/44055_pred.obj: points=1 edges=0
2026-05-29 10:31:01,119   INFO  Exported /geogfs1/home/u3666068/Point2Roof-master/output/tallin_subset_4096/test_results/44084_pred.obj: points=1 edges=0
2026-05-29 10:31:01,406   INFO  Exported /geogfs1/home/u3666068/Point2Roof-master/output/tallin_subset_4096/test_results/44103_pred.obj: points=1 edges=0
2026-05-29 10:31:01,681   INFO  Exported /geogfs1/home/u3666068/Point2Roof-master/output/tallin_subset_4096/test_results/44151_pred.obj: points=1 edges=0
2026-05-29 10:31:01,932   INFO  Exported /geogfs1/home/u3666068/Point2Roof-master/output/tallin_subset_4096/test_results/44156_pred.obj: points=1 edges=0
2026-05-29 10:31:02,188   INFO  Exported /geogfs1/home/u3666068/Point2Roof-master/output/tallin_subset_4096/test_results/44171_pred.obj: points=1 edges=0
2026-05-29 10:31:02,439   INFO  Exported /geogfs1/home/u3666068/Point2Roof-master/output/tallin_subset_4096/test_results/44178_pred.obj: points=1 edges=0
2026-05-29 10:31:02,696   INFO  Exported /geogfs1/home/u3666068/Point2Roof-master/output/tallin_subset_4096/test_results/44235_pred.obj: points=1 edges=0
2026-05-29 10:31:02,960   INFO  Exported /geogfs1/home/u3666068/Point2Roof-master/output/tallin_subset_4096/test_results/44242_pred.obj: points=1 edges=0
2026-05-29 10:31:03,220   INFO  Exported /geogfs1/home/u3666068/Point2Roof-master/output/tallin_subset_4096/test_results/44244_pred.obj: points=1 edges=0
2026-05-29 10:31:03,511   INFO  Exported /geogfs1/home/u3666068/Point2Roof-master/output/tallin_subset_4096/test_results/44246_pred.obj: points=1 edges=0
2026-05-29 10:31:03,821   INFO  Exported /geogfs1/home/u3666068/Point2Roof-master/output/tallin_subset_4096/test_results/44247_pred.obj: points=1 edges=0
2026-05-29 10:31:04,093   INFO  Exported /geogfs1/home/u3666068/Point2Roof-master/output/tallin_subset_4096/test_results/44256_pred.obj: points=1 edges=0
2026-05-29 10:31:04,361   INFO  Exported /geogfs1/home/u3666068/Point2Roof-master/output/tallin_subset_4096/test_results/44257_pred.obj: points=1 edges=0
2026-05-29 10:31:04,629   INFO  Exported /geogfs1/home/u3666068/Point2Roof-master/output/tallin_subset_4096/test_results/44288_pred.obj: points=1 edges=0
2026-05-29 10:31:04,908   INFO  Exported /geogfs1/home/u3666068/Point2Roof-master/output/tallin_subset_4096/test_results/44306_pred.obj: points=1 edges=0
2026-05-29 10:31:05,189   INFO  Exported /geogfs1/home/u3666068/Point2Roof-master/output/tallin_subset_4096/test_results/4432_pred.obj: points=1 edges=0
2026-05-29 10:31:05,475   INFO  Exported /geogfs1/home/u3666068/Point2Roof-master/output/tallin_subset_4096/test_results/44329_pred.obj: points=1 edges=0
2026-05-29 10:31:05,759   INFO  Exported /geogfs1/home/u3666068/Point2Roof-master/output/tallin_subset_4096/test_results/4433_pred.obj: points=1 edges=0
2026-05-29 10:31:06,038   INFO  Exported /geogfs1/home/u3666068/Point2Roof-master/output/tallin_subset_4096/test_results/4434_pred.obj: points=1 edges=0
2026-05-29 10:31:06,318   INFO  Exported /geogfs1/home/u3666068/Point2Roof-master/output/tallin_subset_4096/test_results/44343_pred.obj: points=1 edges=0
2026-05-29 10:31:06,568   INFO  Exported /geogfs1/home/u3666068/Point2Roof-master/output/tallin_subset_4096/test_results/44352_pred.obj: points=1 edges=0
2026-05-29 10:31:06,816   INFO  Exported /geogfs1/home/u3666068/Point2Roof-master/output/tallin_subset_4096/test_results/44414_pred.obj: points=1 edges=0
2026-05-29 10:31:07,069   INFO  Exported /geogfs1/home/u3666068/Point2Roof-master/output/tallin_subset_4096/test_results/44416_pred.obj: points=1 edges=0
2026-05-29 10:31:07,321   INFO  Exported /geogfs1/home/u3666068/Point2Roof-master/output/tallin_subset_4096/test_results/4442_pred.obj: points=1 edges=0
2026-05-29 10:31:07,580   INFO  Exported /geogfs1/home/u3666068/Point2Roof-master/output/tallin_subset_4096/test_results/44427_pred.obj: points=1 edges=0
2026-05-29 10:31:07,864   INFO  Exported /geogfs1/home/u3666068/Point2Roof-master/output/tallin_subset_4096/test_results/44434_pred.obj: points=1 edges=0
2026-05-29 10:31:08,134   INFO  Exported /geogfs1/home/u3666068/Point2Roof-master/output/tallin_subset_4096/test_results/44461_pred.obj: points=1 edges=0
2026-05-29 10:31:08,397   INFO  Exported /geogfs1/home/u3666068/Point2Roof-master/output/tallin_subset_4096/test_results/44483_pred.obj: points=1 edges=0
2026-05-29 10:31:08,665   INFO  Exported /geogfs1/home/u3666068/Point2Roof-master/output/tallin_subset_4096/test_results/44493_pred.obj: points=1 edges=0
2026-05-29 10:31:08,918   INFO  Exported /geogfs1/home/u3666068/Point2Roof-master/output/tallin_subset_4096/test_results/44494_pred.obj: points=1 edges=0
2026-05-29 10:31:09,180   INFO  Exported /geogfs1/home/u3666068/Point2Roof-master/output/tallin_subset_4096/test_results/44520_pred.obj: points=1 edges=0
2026-05-29 10:31:09,415   INFO  Exported /geogfs1/home/u3666068/Point2Roof-master/output/tallin_subset_4096/test_results/44527_pred.obj: points=1 edges=0
2026-05-29 10:31:09,666   INFO  Exported /geogfs1/home/u3666068/Point2Roof-master/output/tallin_subset_4096/test_results/44542_pred.obj: points=1 edges=0
2026-05-29 10:31:09,924   INFO  Exported /geogfs1/home/u3666068/Point2Roof-master/output/tallin_subset_4096/test_results/44562_pred.obj: points=1 edges=0
2026-05-29 10:31:10,186   INFO  Exported /geogfs1/home/u3666068/Point2Roof-master/output/tallin_subset_4096/test_results/44585_pred.obj: points=1 edges=0
2026-05-29 10:31:10,453   INFO  Exported /geogfs1/home/u3666068/Point2Roof-master/output/tallin_subset_4096/test_results/44610_pred.obj: points=1 edges=0
2026-05-29 10:31:10,733   INFO  Exported /geogfs1/home/u3666068/Point2Roof-master/output/tallin_subset_4096/test_results/44707_pred.obj: points=1 edges=0
2026-05-29 10:31:11,028   INFO  Exported /geogfs1/home/u3666068/Point2Roof-master/output/tallin_subset_4096/test_results/44715_pred.obj: points=1 edges=0
2026-05-29 10:31:11,324   INFO  Exported /geogfs1/home/u3666068/Point2Roof-master/output/tallin_subset_4096/test_results/44717_pred.obj: points=1 edges=0
2026-05-29 10:31:11,619   INFO  Exported /geogfs1/home/u3666068/Point2Roof-master/output/tallin_subset_4096/test_results/4472_pred.obj: points=1 edges=0
2026-05-29 10:31:11,910   INFO  Exported /geogfs1/home/u3666068/Point2Roof-master/output/tallin_subset_4096/test_results/44720_pred.obj: points=1 edges=0
2026-05-29 10:31:12,196   INFO  Exported /geogfs1/home/u3666068/Point2Roof-master/output/tallin_subset_4096/test_results/44730_pred.obj: points=1 edges=0
2026-05-29 10:31:12,488   INFO  Exported /geogfs1/home/u3666068/Point2Roof-master/output/tallin_subset_4096/test_results/44731_pred.obj: points=1 edges=0
2026-05-29 10:31:12,769   INFO  Exported /geogfs1/home/u3666068/Point2Roof-master/output/tallin_subset_4096/test_results/44745_pred.obj: points=1 edges=0
2026-05-29 10:31:13,035   INFO  Exported /geogfs1/home/u3666068/Point2Roof-master/output/tallin_subset_4096/test_results/44747_pred.obj: points=1 edges=0
2026-05-29 10:31:13,298   INFO  Exported /geogfs1/home/u3666068/Point2Roof-master/output/tallin_subset_4096/test_results/4476_pred.obj: points=1 edges=0
2026-05-29 10:31:13,572   INFO  Exported /geogfs1/home/u3666068/Point2Roof-master/output/tallin_subset_4096/test_results/44777_pred.obj: points=1 edges=0
2026-05-29 10:31:13,850   INFO  Exported /geogfs1/home/u3666068/Point2Roof-master/output/tallin_subset_4096/test_results/44811_pred.obj: points=1 edges=0
2026-05-29 10:31:14,129   INFO  Exported /geogfs1/home/u3666068/Point2Roof-master/output/tallin_subset_4096/test_results/44823_pred.obj: points=1 edges=0
2026-05-29 10:31:14,413   INFO  Exported /geogfs1/home/u3666068/Point2Roof-master/output/tallin_subset_4096/test_results/44824_pred.obj: points=1 edges=0
2026-05-29 10:31:14,697   INFO  Exported /geogfs1/home/u3666068/Point2Roof-master/output/tallin_subset_4096/test_results/44844_pred.obj: points=1 edges=0
2026-05-29 10:31:14,985   INFO  Exported /geogfs1/home/u3666068/Point2Roof-master/output/tallin_subset_4096/test_results/44846_pred.obj: points=1 edges=0
2026-05-29 10:31:15,277   INFO  Exported /geogfs1/home/u3666068/Point2Roof-master/output/tallin_subset_4096/test_results/44858_pred.obj: points=1 edges=0
2026-05-29 10:31:15,571   INFO  Exported /geogfs1/home/u3666068/Point2Roof-master/output/tallin_subset_4096/test_results/44862_pred.obj: points=1 edges=0
2026-05-29 10:31:15,848   INFO  Exported /geogfs1/home/u3666068/Point2Roof-master/output/tallin_subset_4096/test_results/449_pred.obj: points=1 edges=0
2026-05-29 10:31:16,128   INFO  Exported /geogfs1/home/u3666068/Point2Roof-master/output/tallin_subset_4096/test_results/44912_pred.obj: points=1 edges=0
2026-05-29 10:31:16,401   INFO  Exported /geogfs1/home/u3666068/Point2Roof-master/output/tallin_subset_4096/test_results/44934_pred.obj: points=1 edges=0
2026-05-29 10:31:16,699   INFO  Exported /geogfs1/home/u3666068/Point2Roof-master/output/tallin_subset_4096/test_results/44945_pred.obj: points=1 edges=0
2026-05-29 10:31:16,995   INFO  Exported /geogfs1/home/u3666068/Point2Roof-master/output/tallin_subset_4096/test_results/44948_pred.obj: points=1 edges=0
2026-05-29 10:31:17,310   INFO  Exported /geogfs1/home/u3666068/Point2Roof-master/output/tallin_subset_4096/test_results/44952_pred.obj: points=1 edges=0
2026-05-29 10:31:17,629   INFO  Exported /geogfs1/home/u3666068/Point2Roof-master/output/tallin_subset_4096/test_results/44969_pred.obj: points=1 edges=0
2026-05-29 10:31:17,935   INFO  Exported /geogfs1/home/u3666068/Point2Roof-master/output/tallin_subset_4096/test_results/44988_pred.obj: points=1 edges=0
2026-05-29 10:31:18,233   INFO  Exported /geogfs1/home/u3666068/Point2Roof-master/output/tallin_subset_4096/test_results/45025_pred.obj: points=1 edges=0
2026-05-29 10:31:18,502   INFO  Exported /geogfs1/home/u3666068/Point2Roof-master/output/tallin_subset_4096/test_results/45076_pred.obj: points=1 edges=0
2026-05-29 10:31:18,771   INFO  Exported /geogfs1/home/u3666068/Point2Roof-master/output/tallin_subset_4096/test_results/45078_pred.obj: points=1 edges=0
2026-05-29 10:31:19,026   INFO  Exported /geogfs1/home/u3666068/Point2Roof-master/output/tallin_subset_4096/test_results/45079_pred.obj: points=1 edges=0
2026-05-29 10:31:19,294   INFO  Exported /geogfs1/home/u3666068/Point2Roof-master/output/tallin_subset_4096/test_results/45103_pred.obj: points=1 edges=0
2026-05-29 10:31:19,549   INFO  Exported /geogfs1/home/u3666068/Point2Roof-master/output/tallin_subset_4096/test_results/45112_pred.obj: points=1 edges=0
2026-05-29 10:31:19,802   INFO  Exported /geogfs1/home/u3666068/Point2Roof-master/output/tallin_subset_4096/test_results/45115_pred.obj: points=1 edges=0
2026-05-29 10:31:20,050   INFO  Exported /geogfs1/home/u3666068/Point2Roof-master/output/tallin_subset_4096/test_results/4515_pred.obj: points=1 edges=0
2026-05-29 10:31:20,317   INFO  Exported /geogfs1/home/u3666068/Point2Roof-master/output/tallin_subset_4096/test_results/45162_pred.obj: points=1 edges=0
2026-05-29 10:31:20,580   INFO  Exported /geogfs1/home/u3666068/Point2Roof-master/output/tallin_subset_4096/test_results/45185_pred.obj: points=1 edges=0
2026-05-29 10:31:20,839   INFO  Exported /geogfs1/home/u3666068/Point2Roof-master/output/tallin_subset_4096/test_results/45190_pred.obj: points=1 edges=0
2026-05-29 10:31:21,103   INFO  Exported /geogfs1/home/u3666068/Point2Roof-master/output/tallin_subset_4096/test_results/45201_pred.obj: points=1 edges=0
2026-05-29 10:31:21,392   INFO  Exported /geogfs1/home/u3666068/Point2Roof-master/output/tallin_subset_4096/test_results/45202_pred.obj: points=1 edges=0
2026-05-29 10:31:21,673   INFO  Exported /geogfs1/home/u3666068/Point2Roof-master/output/tallin_subset_4096/test_results/45205_pred.obj: points=1 edges=0
2026-05-29 10:31:21,953   INFO  Exported /geogfs1/home/u3666068/Point2Roof-master/output/tallin_subset_4096/test_results/45213_pred.obj: points=1 edges=0
2026-05-29 10:31:22,220   INFO  Exported /geogfs1/home/u3666068/Point2Roof-master/output/tallin_subset_4096/test_results/45247_pred.obj: points=1 edges=0
2026-05-29 10:31:22,490   INFO  Exported /geogfs1/home/u3666068/Point2Roof-master/output/tallin_subset_4096/test_results/45248_pred.obj: points=1 edges=0
2026-05-29 10:31:22,756   INFO  Exported /geogfs1/home/u3666068/Point2Roof-master/output/tallin_subset_4096/test_results/45254_pred.obj: points=1 edges=0
2026-05-29 10:31:23,022   INFO  Exported /geogfs1/home/u3666068/Point2Roof-master/output/tallin_subset_4096/test_results/45256_pred.obj: points=1 edges=0
2026-05-29 10:31:23,287   INFO  Exported /geogfs1/home/u3666068/Point2Roof-master/output/tallin_subset_4096/test_results/45275_pred.obj: points=1 edges=0
2026-05-29 10:31:23,532   INFO  Exported /geogfs1/home/u3666068/Point2Roof-master/output/tallin_subset_4096/test_results/45288_pred.obj: points=1 edges=0
2026-05-29 10:31:23,822   INFO  Exported /geogfs1/home/u3666068/Point2Roof-master/output/tallin_subset_4096/test_results/45302_pred.obj: points=1 edges=0
2026-05-29 10:31:24,092   INFO  Exported /geogfs1/home/u3666068/Point2Roof-master/output/tallin_subset_4096/test_results/45304_pred.obj: points=1 edges=0
2026-05-29 10:31:24,379   INFO  Exported /geogfs1/home/u3666068/Point2Roof-master/output/tallin_subset_4096/test_results/45350_pred.obj: points=1 edges=0
2026-05-29 10:31:24,632   INFO  Exported /geogfs1/home/u3666068/Point2Roof-master/output/tallin_subset_4096/test_results/45371_pred.obj: points=1 edges=0
2026-05-29 10:31:24,875   INFO  Exported /geogfs1/home/u3666068/Point2Roof-master/output/tallin_subset_4096/test_results/45379_pred.obj: points=1 edges=0
2026-05-29 10:31:25,148   INFO  Exported /geogfs1/home/u3666068/Point2Roof-master/output/tallin_subset_4096/test_results/45391_pred.obj: points=1 edges=0
2026-05-29 10:31:25,403   INFO  Exported /geogfs1/home/u3666068/Point2Roof-master/output/tallin_subset_4096/test_results/45409_pred.obj: points=1 edges=0
2026-05-29 10:31:25,678   INFO  Exported /geogfs1/home/u3666068/Point2Roof-master/output/tallin_subset_4096/test_results/45410_pred.obj: points=1 edges=0
2026-05-29 10:31:25,971   INFO  Exported /geogfs1/home/u3666068/Point2Roof-master/output/tallin_subset_4096/test_results/45412_pred.obj: points=1 edges=0
2026-05-29 10:31:26,286   INFO  Exported /geogfs1/home/u3666068/Point2Roof-master/output/tallin_subset_4096/test_results/4544_pred.obj: points=1 edges=0
2026-05-29 10:31:26,589   INFO  Exported /geogfs1/home/u3666068/Point2Roof-master/output/tallin_subset_4096/test_results/45443_pred.obj: points=1 edges=0
2026-05-29 10:31:26,932   INFO  Exported /geogfs1/home/u3666068/Point2Roof-master/output/tallin_subset_4096/test_results/45483_pred.obj: points=1 edges=0
2026-05-29 10:31:27,266   INFO  Exported /geogfs1/home/u3666068/Point2Roof-master/output/tallin_subset_4096/test_results/45487_pred.obj: points=1 edges=0
2026-05-29 10:31:27,590   INFO  Exported /geogfs1/home/u3666068/Point2Roof-master/output/tallin_subset_4096/test_results/45508_pred.obj: points=1 edges=0
2026-05-29 10:31:27,915   INFO  Exported /geogfs1/home/u3666068/Point2Roof-master/output/tallin_subset_4096/test_results/4555_pred.obj: points=1 edges=0
2026-05-29 10:31:28,223   INFO  Exported /geogfs1/home/u3666068/Point2Roof-master/output/tallin_subset_4096/test_results/45551_pred.obj: points=1 edges=0
2026-05-29 10:31:28,526   INFO  Exported /geogfs1/home/u3666068/Point2Roof-master/output/tallin_subset_4096/test_results/45561_pred.obj: points=1 edges=0
2026-05-29 10:31:28,834   INFO  Exported /geogfs1/home/u3666068/Point2Roof-master/output/tallin_subset_4096/test_results/45565_pred.obj: points=1 edges=0
2026-05-29 10:31:29,135   INFO  Exported /geogfs1/home/u3666068/Point2Roof-master/output/tallin_subset_4096/test_results/45570_pred.obj: points=1 edges=0
2026-05-29 10:31:29,399   INFO  Exported /geogfs1/home/u3666068/Point2Roof-master/output/tallin_subset_4096/test_results/45582_pred.obj: points=1 edges=0
2026-05-29 10:31:29,695   INFO  Exported /geogfs1/home/u3666068/Point2Roof-master/output/tallin_subset_4096/test_results/45583_pred.obj: points=1 edges=0
2026-05-29 10:31:30,029   INFO  Exported /geogfs1/home/u3666068/Point2Roof-master/output/tallin_subset_4096/test_results/45591_pred.obj: points=1 edges=0
2026-05-29 10:31:30,378   INFO  Exported /geogfs1/home/u3666068/Point2Roof-master/output/tallin_subset_4096/test_results/45627_pred.obj: points=1 edges=0
2026-05-29 10:31:30,721   INFO  Exported /geogfs1/home/u3666068/Point2Roof-master/output/tallin_subset_4096/test_results/45639_pred.obj: points=1 edges=0
2026-05-29 10:31:31,063   INFO  Exported /geogfs1/home/u3666068/Point2Roof-master/output/tallin_subset_4096/test_results/45654_pred.obj: points=1 edges=0
2026-05-29 10:31:31,398   INFO  Exported /geogfs1/home/u3666068/Point2Roof-master/output/tallin_subset_4096/test_results/45671_pred.obj: points=1 edges=0
2026-05-29 10:31:31,724   INFO  Exported /geogfs1/home/u3666068/Point2Roof-master/output/tallin_subset_4096/test_results/45672_pred.obj: points=1 edges=0
2026-05-29 10:31:32,037   INFO  Exported /geogfs1/home/u3666068/Point2Roof-master/output/tallin_subset_4096/test_results/45692_pred.obj: points=1 edges=0
2026-05-29 10:31:32,345   INFO  Exported /geogfs1/home/u3666068/Point2Roof-master/output/tallin_subset_4096/test_results/45712_pred.obj: points=1 edges=0
2026-05-29 10:31:32,633   INFO  Exported /geogfs1/home/u3666068/Point2Roof-master/output/tallin_subset_4096/test_results/45715_pred.obj: points=1 edges=0
2026-05-29 10:31:32,920   INFO  Exported /geogfs1/home/u3666068/Point2Roof-master/output/tallin_subset_4096/test_results/45730_pred.obj: points=1 edges=0
2026-05-29 10:31:33,200   INFO  Exported /geogfs1/home/u3666068/Point2Roof-master/output/tallin_subset_4096/test_results/45746_pred.obj: points=1 edges=0
2026-05-29 10:31:33,465   INFO  Exported /geogfs1/home/u3666068/Point2Roof-master/output/tallin_subset_4096/test_results/45765_pred.obj: points=1 edges=0
2026-05-29 10:31:33,733   INFO  Exported /geogfs1/home/u3666068/Point2Roof-master/output/tallin_subset_4096/test_results/45769_pred.obj: points=1 edges=0
2026-05-29 10:31:33,987   INFO  Exported /geogfs1/home/u3666068/Point2Roof-master/output/tallin_subset_4096/test_results/45773_pred.obj: points=1 edges=0
2026-05-29 10:31:34,247   INFO  Exported /geogfs1/home/u3666068/Point2Roof-master/output/tallin_subset_4096/test_results/45775_pred.obj: points=1 edges=0
2026-05-29 10:31:34,505   INFO  Exported /geogfs1/home/u3666068/Point2Roof-master/output/tallin_subset_4096/test_results/45780_pred.obj: points=1 edges=0
2026-05-29 10:31:34,764   INFO  Exported /geogfs1/home/u3666068/Point2Roof-master/output/tallin_subset_4096/test_results/45798_pred.obj: points=1 edges=0
2026-05-29 10:31:35,023   INFO  Exported /geogfs1/home/u3666068/Point2Roof-master/output/tallin_subset_4096/test_results/45807_pred.obj: points=1 edges=0
2026-05-29 10:31:35,325   INFO  Exported /geogfs1/home/u3666068/Point2Roof-master/output/tallin_subset_4096/test_results/45812_pred.obj: points=1 edges=0
2026-05-29 10:31:35,590   INFO  Exported /geogfs1/home/u3666068/Point2Roof-master/output/tallin_subset_4096/test_results/4582_pred.obj: points=1 edges=0
2026-05-29 10:31:35,852   INFO  Exported /geogfs1/home/u3666068/Point2Roof-master/output/tallin_subset_4096/test_results/45823_pred.obj: points=1 edges=0
2026-05-29 10:31:36,117   INFO  Exported /geogfs1/home/u3666068/Point2Roof-master/output/tallin_subset_4096/test_results/45831_pred.obj: points=1 edges=0
2026-05-29 10:31:36,379   INFO  Exported /geogfs1/home/u3666068/Point2Roof-master/output/tallin_subset_4096/test_results/45839_pred.obj: points=1 edges=0
2026-05-29 10:31:36,649   INFO  Exported /geogfs1/home/u3666068/Point2Roof-master/output/tallin_subset_4096/test_results/45853_pred.obj: points=1 edges=0
2026-05-29 10:31:36,916   INFO  Exported /geogfs1/home/u3666068/Point2Roof-master/output/tallin_subset_4096/test_results/45857_pred.obj: points=1 edges=0
2026-05-29 10:31:37,189   INFO  Exported /geogfs1/home/u3666068/Point2Roof-master/output/tallin_subset_4096/test_results/45871_pred.obj: points=1 edges=0
2026-05-29 10:31:37,461   INFO  Exported /geogfs1/home/u3666068/Point2Roof-master/output/tallin_subset_4096/test_results/45879_pred.obj: points=1 edges=0
2026-05-29 10:31:37,733   INFO  Exported /geogfs1/home/u3666068/Point2Roof-master/output/tallin_subset_4096/test_results/45881_pred.obj: points=1 edges=0
2026-05-29 10:31:38,010   INFO  Exported /geogfs1/home/u3666068/Point2Roof-master/output/tallin_subset_4096/test_results/45889_pred.obj: points=1 edges=0
2026-05-29 10:31:38,285   INFO  Exported /geogfs1/home/u3666068/Point2Roof-master/output/tallin_subset_4096/test_results/45946_pred.obj: points=1 edges=0
2026-05-29 10:31:38,564   INFO  Exported /geogfs1/home/u3666068/Point2Roof-master/output/tallin_subset_4096/test_results/45987_pred.obj: points=1 edges=0
2026-05-29 10:31:38,829   INFO  Exported /geogfs1/home/u3666068/Point2Roof-master/output/tallin_subset_4096/test_results/45998_pred.obj: points=1 edges=0
2026-05-29 10:31:39,086   INFO  Exported /geogfs1/home/u3666068/Point2Roof-master/output/tallin_subset_4096/test_results/460_pred.obj: points=1 edges=0
2026-05-29 10:31:39,348   INFO  Exported /geogfs1/home/u3666068/Point2Roof-master/output/tallin_subset_4096/test_results/46008_pred.obj: points=1 edges=0
2026-05-29 10:31:39,595   INFO  Exported /geogfs1/home/u3666068/Point2Roof-master/output/tallin_subset_4096/test_results/4601_pred.obj: points=1 edges=0
2026-05-29 10:31:39,846   INFO  Exported /geogfs1/home/u3666068/Point2Roof-master/output/tallin_subset_4096/test_results/46012_pred.obj: points=1 edges=0
2026-05-29 10:31:40,098   INFO  Exported /geogfs1/home/u3666068/Point2Roof-master/output/tallin_subset_4096/test_results/46021_pred.obj: points=1 edges=0
2026-05-29 10:31:40,368   INFO  Exported /geogfs1/home/u3666068/Point2Roof-master/output/tallin_subset_4096/test_results/46030_pred.obj: points=1 edges=0
2026-05-29 10:31:40,652   INFO  Exported /geogfs1/home/u3666068/Point2Roof-master/output/tallin_subset_4096/test_results/46061_pred.obj: points=1 edges=0
2026-05-29 10:31:40,909   INFO  Exported /geogfs1/home/u3666068/Point2Roof-master/output/tallin_subset_4096/test_results/46074_pred.obj: points=1 edges=0
2026-05-29 10:31:41,169   INFO  Exported /geogfs1/home/u3666068/Point2Roof-master/output/tallin_subset_4096/test_results/46084_pred.obj: points=1 edges=0
2026-05-29 10:31:41,427   INFO  Exported /geogfs1/home/u3666068/Point2Roof-master/output/tallin_subset_4096/test_results/46090_pred.obj: points=1 edges=0
2026-05-29 10:31:41,687   INFO  Exported /geogfs1/home/u3666068/Point2Roof-master/output/tallin_subset_4096/test_results/46094_pred.obj: points=1 edges=0
2026-05-29 10:31:41,952   INFO  Exported /geogfs1/home/u3666068/Point2Roof-master/output/tallin_subset_4096/test_results/46104_pred.obj: points=1 edges=0
2026-05-29 10:31:42,215   INFO  Exported /geogfs1/home/u3666068/Point2Roof-master/output/tallin_subset_4096/test_results/46116_pred.obj: points=1 edges=0
2026-05-29 10:31:42,479   INFO  Exported /geogfs1/home/u3666068/Point2Roof-master/output/tallin_subset_4096/test_results/46135_pred.obj: points=1 edges=0
2026-05-29 10:31:42,743   INFO  Exported /geogfs1/home/u3666068/Point2Roof-master/output/tallin_subset_4096/test_results/46136_pred.obj: points=1 edges=0
2026-05-29 10:31:43,009   INFO  Exported /geogfs1/home/u3666068/Point2Roof-master/output/tallin_subset_4096/test_results/46146_pred.obj: points=1 edges=0
2026-05-29 10:31:43,287   INFO  Exported /geogfs1/home/u3666068/Point2Roof-master/output/tallin_subset_4096/test_results/46177_pred.obj: points=1 edges=0
2026-05-29 10:31:43,567   INFO  Exported /geogfs1/home/u3666068/Point2Roof-master/output/tallin_subset_4096/test_results/46184_pred.obj: points=1 edges=0
2026-05-29 10:31:43,845   INFO  Exported /geogfs1/home/u3666068/Point2Roof-master/output/tallin_subset_4096/test_results/46220_pred.obj: points=1 edges=0
2026-05-29 10:31:44,124   INFO  Exported /geogfs1/home/u3666068/Point2Roof-master/output/tallin_subset_4096/test_results/46229_pred.obj: points=1 edges=0
2026-05-29 10:31:44,397   INFO  Exported /geogfs1/home/u3666068/Point2Roof-master/output/tallin_subset_4096/test_results/46261_pred.obj: points=1 edges=0
2026-05-29 10:31:44,661   INFO  Exported /geogfs1/home/u3666068/Point2Roof-master/output/tallin_subset_4096/test_results/46270_pred.obj: points=1 edges=0
2026-05-29 10:31:44,917   INFO  Exported /geogfs1/home/u3666068/Point2Roof-master/output/tallin_subset_4096/test_results/46282_pred.obj: points=1 edges=0
2026-05-29 10:31:45,191   INFO  Exported /geogfs1/home/u3666068/Point2Roof-master/output/tallin_subset_4096/test_results/46290_pred.obj: points=1 edges=0
2026-05-29 10:31:45,463   INFO  Exported /geogfs1/home/u3666068/Point2Roof-master/output/tallin_subset_4096/test_results/46295_pred.obj: points=1 edges=0
2026-05-29 10:31:45,742   INFO  Exported /geogfs1/home/u3666068/Point2Roof-master/output/tallin_subset_4096/test_results/46313_pred.obj: points=1 edges=0
2026-05-29 10:31:46,012   INFO  Exported /geogfs1/home/u3666068/Point2Roof-master/output/tallin_subset_4096/test_results/46320_pred.obj: points=1 edges=0
2026-05-29 10:31:46,321   INFO  Exported /geogfs1/home/u3666068/Point2Roof-master/output/tallin_subset_4096/test_results/46324_pred.obj: points=1 edges=0
2026-05-29 10:31:46,596   INFO  Exported /geogfs1/home/u3666068/Point2Roof-master/output/tallin_subset_4096/test_results/4633_pred.obj: points=1 edges=0
2026-05-29 10:31:46,867   INFO  Exported /geogfs1/home/u3666068/Point2Roof-master/output/tallin_subset_4096/test_results/46339_pred.obj: points=1 edges=0
2026-05-29 10:31:47,144   INFO  Exported /geogfs1/home/u3666068/Point2Roof-master/output/tallin_subset_4096/test_results/46355_pred.obj: points=1 edges=0
2026-05-29 10:31:47,417   INFO  Exported /geogfs1/home/u3666068/Point2Roof-master/output/tallin_subset_4096/test_results/46364_pred.obj: points=1 edges=0
2026-05-29 10:31:47,676   INFO  Exported /geogfs1/home/u3666068/Point2Roof-master/output/tallin_subset_4096/test_results/46367_pred.obj: points=1 edges=0
2026-05-29 10:31:47,935   INFO  Exported /geogfs1/home/u3666068/Point2Roof-master/output/tallin_subset_4096/test_results/46376_pred.obj: points=1 edges=0
2026-05-29 10:31:48,185   INFO  Exported /geogfs1/home/u3666068/Point2Roof-master/output/tallin_subset_4096/test_results/464_pred.obj: points=1 edges=0
2026-05-29 10:31:48,440   INFO  Exported /geogfs1/home/u3666068/Point2Roof-master/output/tallin_subset_4096/test_results/46415_pred.obj: points=1 edges=0
2026-05-29 10:31:48,692   INFO  Exported /geogfs1/home/u3666068/Point2Roof-master/output/tallin_subset_4096/test_results/46432_pred.obj: points=1 edges=0
2026-05-29 10:31:48,942   INFO  Exported /geogfs1/home/u3666068/Point2Roof-master/output/tallin_subset_4096/test_results/46452_pred.obj: points=1 edges=0
2026-05-29 10:31:49,200   INFO  Exported /geogfs1/home/u3666068/Point2Roof-master/output/tallin_subset_4096/test_results/46458_pred.obj: points=1 edges=0
2026-05-29 10:31:49,452   INFO  Exported /geogfs1/home/u3666068/Point2Roof-master/output/tallin_subset_4096/test_results/4653_pred.obj: points=1 edges=0
2026-05-29 10:31:49,711   INFO  Exported /geogfs1/home/u3666068/Point2Roof-master/output/tallin_subset_4096/test_results/46545_pred.obj: points=1 edges=0
2026-05-29 10:31:49,976   INFO  Exported /geogfs1/home/u3666068/Point2Roof-master/output/tallin_subset_4096/test_results/4658_pred.obj: points=1 edges=0
2026-05-29 10:31:50,240   INFO  Exported /geogfs1/home/u3666068/Point2Roof-master/output/tallin_subset_4096/test_results/46587_pred.obj: points=1 edges=0
2026-05-29 10:31:50,505   INFO  Exported /geogfs1/home/u3666068/Point2Roof-master/output/tallin_subset_4096/test_results/46591_pred.obj: points=1 edges=0
2026-05-29 10:31:50,771   INFO  Exported /geogfs1/home/u3666068/Point2Roof-master/output/tallin_subset_4096/test_results/46628_pred.obj: points=1 edges=0
2026-05-29 10:31:51,046   INFO  Exported /geogfs1/home/u3666068/Point2Roof-master/output/tallin_subset_4096/test_results/46669_pred.obj: points=1 edges=0
2026-05-29 10:31:51,317   INFO  Exported /geogfs1/home/u3666068/Point2Roof-master/output/tallin_subset_4096/test_results/46675_pred.obj: points=1 edges=0
2026-05-29 10:31:51,578   INFO  Exported /geogfs1/home/u3666068/Point2Roof-master/output/tallin_subset_4096/test_results/46689_pred.obj: points=1 edges=0
2026-05-29 10:31:51,845   INFO  Exported /geogfs1/home/u3666068/Point2Roof-master/output/tallin_subset_4096/test_results/46690_pred.obj: points=1 edges=0
2026-05-29 10:31:52,084   INFO  Exported /geogfs1/home/u3666068/Point2Roof-master/output/tallin_subset_4096/test_results/46695_pred.obj: points=1 edges=0
2026-05-29 10:31:52,322   INFO  Exported /geogfs1/home/u3666068/Point2Roof-master/output/tallin_subset_4096/test_results/46697_pred.obj: points=1 edges=0
2026-05-29 10:31:52,573   INFO  Exported /geogfs1/home/u3666068/Point2Roof-master/output/tallin_subset_4096/test_results/46706_pred.obj: points=1 edges=0
2026-05-29 10:31:52,818   INFO  Exported /geogfs1/home/u3666068/Point2Roof-master/output/tallin_subset_4096/test_results/46723_pred.obj: points=1 edges=0
2026-05-29 10:31:53,059   INFO  Exported /geogfs1/home/u3666068/Point2Roof-master/output/tallin_subset_4096/test_results/46736_pred.obj: points=1 edges=0
2026-05-29 10:31:53,297   INFO  Exported /geogfs1/home/u3666068/Point2Roof-master/output/tallin_subset_4096/test_results/46740_pred.obj: points=1 edges=0
2026-05-29 10:31:53,535   INFO  Exported /geogfs1/home/u3666068/Point2Roof-master/output/tallin_subset_4096/test_results/46743_pred.obj: points=1 edges=0
2026-05-29 10:31:53,770   INFO  Exported /geogfs1/home/u3666068/Point2Roof-master/output/tallin_subset_4096/test_results/46794_pred.obj: points=1 edges=0
2026-05-29 10:31:54,010   INFO  Exported /geogfs1/home/u3666068/Point2Roof-master/output/tallin_subset_4096/test_results/46830_pred.obj: points=1 edges=0
2026-05-29 10:31:54,243   INFO  Exported /geogfs1/home/u3666068/Point2Roof-master/output/tallin_subset_4096/test_results/46831_pred.obj: points=1 edges=0
2026-05-29 10:31:54,471   INFO  Exported /geogfs1/home/u3666068/Point2Roof-master/output/tallin_subset_4096/test_results/46854_pred.obj: points=1 edges=0
2026-05-29 10:31:54,694   INFO  Exported /geogfs1/home/u3666068/Point2Roof-master/output/tallin_subset_4096/test_results/46856_pred.obj: points=1 edges=0
2026-05-29 10:31:54,919   INFO  Exported /geogfs1/home/u3666068/Point2Roof-master/output/tallin_subset_4096/test_results/46917_pred.obj: points=1 edges=0
2026-05-29 10:31:55,166   INFO  Exported /geogfs1/home/u3666068/Point2Roof-master/output/tallin_subset_4096/test_results/46922_pred.obj: points=1 edges=0
2026-05-29 10:31:55,411   INFO  Exported /geogfs1/home/u3666068/Point2Roof-master/output/tallin_subset_4096/test_results/46924_pred.obj: points=1 edges=0
2026-05-29 10:31:55,661   INFO  Exported /geogfs1/home/u3666068/Point2Roof-master/output/tallin_subset_4096/test_results/46934_pred.obj: points=1 edges=0
2026-05-29 10:31:55,918   INFO  Exported /geogfs1/home/u3666068/Point2Roof-master/output/tallin_subset_4096/test_results/46938_pred.obj: points=1 edges=0
2026-05-29 10:31:56,188   INFO  Exported /geogfs1/home/u3666068/Point2Roof-master/output/tallin_subset_4096/test_results/46949_pred.obj: points=1 edges=0
2026-05-29 10:31:56,454   INFO  Exported /geogfs1/home/u3666068/Point2Roof-master/output/tallin_subset_4096/test_results/46971_pred.obj: points=1 edges=0
2026-05-29 10:31:56,741   INFO  Exported /geogfs1/home/u3666068/Point2Roof-master/output/tallin_subset_4096/test_results/46973_pred.obj: points=1 edges=0
2026-05-29 10:31:57,043   INFO  Exported /geogfs1/home/u3666068/Point2Roof-master/output/tallin_subset_4096/test_results/47028_pred.obj: points=1 edges=0
2026-05-29 10:31:57,332   INFO  Exported /geogfs1/home/u3666068/Point2Roof-master/output/tallin_subset_4096/test_results/47035_pred.obj: points=1 edges=0
2026-05-29 10:31:57,612   INFO  Exported /geogfs1/home/u3666068/Point2Roof-master/output/tallin_subset_4096/test_results/47046_pred.obj: points=1 edges=0
2026-05-29 10:31:57,900   INFO  Exported /geogfs1/home/u3666068/Point2Roof-master/output/tallin_subset_4096/test_results/47054_pred.obj: points=1 edges=0
2026-05-29 10:31:58,185   INFO  Exported /geogfs1/home/u3666068/Point2Roof-master/output/tallin_subset_4096/test_results/47060_pred.obj: points=1 edges=0
2026-05-29 10:31:58,471   INFO  Exported /geogfs1/home/u3666068/Point2Roof-master/output/tallin_subset_4096/test_results/4731_pred.obj: points=1 edges=0
2026-05-29 10:31:58,755   INFO  Exported /geogfs1/home/u3666068/Point2Roof-master/output/tallin_subset_4096/test_results/4734_pred.obj: points=1 edges=0
2026-05-29 10:31:59,036   INFO  Exported /geogfs1/home/u3666068/Point2Roof-master/output/tallin_subset_4096/test_results/4756_pred.obj: points=1 edges=0
2026-05-29 10:31:59,298   INFO  Exported /geogfs1/home/u3666068/Point2Roof-master/output/tallin_subset_4096/test_results/4766_pred.obj: points=1 edges=0
2026-05-29 10:31:59,559   INFO  Exported /geogfs1/home/u3666068/Point2Roof-master/output/tallin_subset_4096/test_results/4774_pred.obj: points=1 edges=0
2026-05-29 10:31:59,841   INFO  Exported /geogfs1/home/u3666068/Point2Roof-master/output/tallin_subset_4096/test_results/4787_pred.obj: points=1 edges=0
2026-05-29 10:32:00,126   INFO  Exported /geogfs1/home/u3666068/Point2Roof-master/output/tallin_subset_4096/test_results/4791_pred.obj: points=1 edges=0
2026-05-29 10:32:00,420   INFO  Exported /geogfs1/home/u3666068/Point2Roof-master/output/tallin_subset_4096/test_results/4799_pred.obj: points=1 edges=0
2026-05-29 10:32:00,713   INFO  Exported /geogfs1/home/u3666068/Point2Roof-master/output/tallin_subset_4096/test_results/4806_pred.obj: points=1 edges=0
2026-05-29 10:32:01,005   INFO  Exported /geogfs1/home/u3666068/Point2Roof-master/output/tallin_subset_4096/test_results/4822_pred.obj: points=1 edges=0
2026-05-29 10:32:01,303   INFO  Exported /geogfs1/home/u3666068/Point2Roof-master/output/tallin_subset_4096/test_results/4830_pred.obj: points=1 edges=0
2026-05-29 10:32:01,589   INFO  Exported /geogfs1/home/u3666068/Point2Roof-master/output/tallin_subset_4096/test_results/4840_pred.obj: points=1 edges=0
2026-05-29 10:32:01,871   INFO  Exported /geogfs1/home/u3666068/Point2Roof-master/output/tallin_subset_4096/test_results/4844_pred.obj: points=1 edges=0
2026-05-29 10:32:02,149   INFO  Exported /geogfs1/home/u3666068/Point2Roof-master/output/tallin_subset_4096/test_results/4850_pred.obj: points=1 edges=0
2026-05-29 10:32:02,426   INFO  Exported /geogfs1/home/u3666068/Point2Roof-master/output/tallin_subset_4096/test_results/4880_pred.obj: points=1 edges=0
2026-05-29 10:32:02,688   INFO  Exported /geogfs1/home/u3666068/Point2Roof-master/output/tallin_subset_4096/test_results/4882_pred.obj: points=1 edges=0
2026-05-29 10:32:02,950   INFO  Exported /geogfs1/home/u3666068/Point2Roof-master/output/tallin_subset_4096/test_results/4884_pred.obj: points=1 edges=0
2026-05-29 10:32:03,201   INFO  Exported /geogfs1/home/u3666068/Point2Roof-master/output/tallin_subset_4096/test_results/4891_pred.obj: points=1 edges=0
2026-05-29 10:32:03,464   INFO  Exported /geogfs1/home/u3666068/Point2Roof-master/output/tallin_subset_4096/test_results/4897_pred.obj: points=1 edges=0
2026-05-29 10:32:03,723   INFO  Exported /geogfs1/home/u3666068/Point2Roof-master/output/tallin_subset_4096/test_results/491_pred.obj: points=1 edges=0
2026-05-29 10:32:03,982   INFO  Exported /geogfs1/home/u3666068/Point2Roof-master/output/tallin_subset_4096/test_results/492_pred.obj: points=1 edges=0
2026-05-29 10:32:04,238   INFO  Exported /geogfs1/home/u3666068/Point2Roof-master/output/tallin_subset_4096/test_results/498_pred.obj: points=1 edges=0
2026-05-29 10:32:04,497   INFO  Exported /geogfs1/home/u3666068/Point2Roof-master/output/tallin_subset_4096/test_results/4980_pred.obj: points=1 edges=0
2026-05-29 10:32:04,761   INFO  Exported /geogfs1/home/u3666068/Point2Roof-master/output/tallin_subset_4096/test_results/502_pred.obj: points=1 edges=0
2026-05-29 10:32:05,023   INFO  Exported /geogfs1/home/u3666068/Point2Roof-master/output/tallin_subset_4096/test_results/5055_pred.obj: points=1 edges=0
2026-05-29 10:32:05,288   INFO  Exported /geogfs1/home/u3666068/Point2Roof-master/output/tallin_subset_4096/test_results/5059_pred.obj: points=1 edges=0
2026-05-29 10:32:05,551   INFO  Exported /geogfs1/home/u3666068/Point2Roof-master/output/tallin_subset_4096/test_results/5069_pred.obj: points=1 edges=0
2026-05-29 10:32:05,816   INFO  Exported /geogfs1/home/u3666068/Point2Roof-master/output/tallin_subset_4096/test_results/507_pred.obj: points=1 edges=0
2026-05-29 10:32:06,089   INFO  Exported /geogfs1/home/u3666068/Point2Roof-master/output/tallin_subset_4096/test_results/5070_pred.obj: points=1 edges=0
2026-05-29 10:32:06,365   INFO  Exported /geogfs1/home/u3666068/Point2Roof-master/output/tallin_subset_4096/test_results/5095_pred.obj: points=1 edges=0
2026-05-29 10:32:06,619   INFO  Exported /geogfs1/home/u3666068/Point2Roof-master/output/tallin_subset_4096/test_results/5100_pred.obj: points=1 edges=0
2026-05-29 10:32:06,888   INFO  Exported /geogfs1/home/u3666068/Point2Roof-master/output/tallin_subset_4096/test_results/5110_pred.obj: points=1 edges=0
2026-05-29 10:32:07,151   INFO  Exported /geogfs1/home/u3666068/Point2Roof-master/output/tallin_subset_4096/test_results/5114_pred.obj: points=1 edges=0
2026-05-29 10:32:07,397   INFO  Exported /geogfs1/home/u3666068/Point2Roof-master/output/tallin_subset_4096/test_results/5116_pred.obj: points=1 edges=0
2026-05-29 10:32:07,643   INFO  Exported /geogfs1/home/u3666068/Point2Roof-master/output/tallin_subset_4096/test_results/5137_pred.obj: points=1 edges=0
2026-05-29 10:32:07,898   INFO  Exported /geogfs1/home/u3666068/Point2Roof-master/output/tallin_subset_4096/test_results/5180_pred.obj: points=1 edges=0
2026-05-29 10:32:08,143   INFO  Exported /geogfs1/home/u3666068/Point2Roof-master/output/tallin_subset_4096/test_results/5181_pred.obj: points=1 edges=0
2026-05-29 10:32:08,395   INFO  Exported /geogfs1/home/u3666068/Point2Roof-master/output/tallin_subset_4096/test_results/5195_pred.obj: points=1 edges=0
2026-05-29 10:32:08,638   INFO  Exported /geogfs1/home/u3666068/Point2Roof-master/output/tallin_subset_4096/test_results/5200_pred.obj: points=1 edges=0
2026-05-29 10:32:08,877   INFO  Exported /geogfs1/home/u3666068/Point2Roof-master/output/tallin_subset_4096/test_results/5202_pred.obj: points=1 edges=0
2026-05-29 10:32:09,151   INFO  Exported /geogfs1/home/u3666068/Point2Roof-master/output/tallin_subset_4096/test_results/5205_pred.obj: points=1 edges=0
2026-05-29 10:32:09,398   INFO  Exported /geogfs1/home/u3666068/Point2Roof-master/output/tallin_subset_4096/test_results/5228_pred.obj: points=1 edges=0
2026-05-29 10:32:09,643   INFO  Exported /geogfs1/home/u3666068/Point2Roof-master/output/tallin_subset_4096/test_results/5259_pred.obj: points=1 edges=0
2026-05-29 10:32:09,908   INFO  Exported /geogfs1/home/u3666068/Point2Roof-master/output/tallin_subset_4096/test_results/526_pred.obj: points=1 edges=0
2026-05-29 10:32:10,170   INFO  Exported /geogfs1/home/u3666068/Point2Roof-master/output/tallin_subset_4096/test_results/5274_pred.obj: points=1 edges=0
2026-05-29 10:32:10,449   INFO  Exported /geogfs1/home/u3666068/Point2Roof-master/output/tallin_subset_4096/test_results/5279_pred.obj: points=1 edges=0
2026-05-29 10:32:10,730   INFO  Exported /geogfs1/home/u3666068/Point2Roof-master/output/tallin_subset_4096/test_results/5282_pred.obj: points=1 edges=0
2026-05-29 10:32:11,010   INFO  Exported /geogfs1/home/u3666068/Point2Roof-master/output/tallin_subset_4096/test_results/5327_pred.obj: points=1 edges=0
2026-05-29 10:32:11,294   INFO  Exported /geogfs1/home/u3666068/Point2Roof-master/output/tallin_subset_4096/test_results/5334_pred.obj: points=1 edges=0
2026-05-29 10:32:11,576   INFO  Exported /geogfs1/home/u3666068/Point2Roof-master/output/tallin_subset_4096/test_results/5354_pred.obj: points=1 edges=0
2026-05-29 10:32:11,856   INFO  Exported /geogfs1/home/u3666068/Point2Roof-master/output/tallin_subset_4096/test_results/5369_pred.obj: points=1 edges=0
2026-05-29 10:32:12,127   INFO  Exported /geogfs1/home/u3666068/Point2Roof-master/output/tallin_subset_4096/test_results/5379_pred.obj: points=1 edges=0
2026-05-29 10:32:12,390   INFO  Exported /geogfs1/home/u3666068/Point2Roof-master/output/tallin_subset_4096/test_results/5400_pred.obj: points=1 edges=0
2026-05-29 10:32:12,654   INFO  Exported /geogfs1/home/u3666068/Point2Roof-master/output/tallin_subset_4096/test_results/5402_pred.obj: points=1 edges=0
2026-05-29 10:32:12,901   INFO  Exported /geogfs1/home/u3666068/Point2Roof-master/output/tallin_subset_4096/test_results/5408_pred.obj: points=1 edges=0
2026-05-29 10:32:13,137   INFO  Exported /geogfs1/home/u3666068/Point2Roof-master/output/tallin_subset_4096/test_results/5414_pred.obj: points=1 edges=0
2026-05-29 10:32:13,373   INFO  Exported /geogfs1/home/u3666068/Point2Roof-master/output/tallin_subset_4096/test_results/5440_pred.obj: points=1 edges=0
2026-05-29 10:32:13,626   INFO  Exported /geogfs1/home/u3666068/Point2Roof-master/output/tallin_subset_4096/test_results/5446_pred.obj: points=1 edges=0
2026-05-29 10:32:13,882   INFO  Exported /geogfs1/home/u3666068/Point2Roof-master/output/tallin_subset_4096/test_results/545_pred.obj: points=1 edges=0
2026-05-29 10:32:14,145   INFO  Exported /geogfs1/home/u3666068/Point2Roof-master/output/tallin_subset_4096/test_results/5465_pred.obj: points=1 edges=0
2026-05-29 10:32:14,410   INFO  Exported /geogfs1/home/u3666068/Point2Roof-master/output/tallin_subset_4096/test_results/5472_pred.obj: points=1 edges=0
2026-05-29 10:32:14,701   INFO  Exported /geogfs1/home/u3666068/Point2Roof-master/output/tallin_subset_4096/test_results/5478_pred.obj: points=1 edges=0
2026-05-29 10:32:14,989   INFO  Exported /geogfs1/home/u3666068/Point2Roof-master/output/tallin_subset_4096/test_results/5480_pred.obj: points=1 edges=0
2026-05-29 10:32:15,283   INFO  Exported /geogfs1/home/u3666068/Point2Roof-master/output/tallin_subset_4096/test_results/5487_pred.obj: points=1 edges=0
2026-05-29 10:32:15,571   INFO  Exported /geogfs1/home/u3666068/Point2Roof-master/output/tallin_subset_4096/test_results/5495_pred.obj: points=1 edges=0
2026-05-29 10:32:15,850   INFO  Exported /geogfs1/home/u3666068/Point2Roof-master/output/tallin_subset_4096/test_results/550_pred.obj: points=1 edges=0
2026-05-29 10:32:16,122   INFO  Exported /geogfs1/home/u3666068/Point2Roof-master/output/tallin_subset_4096/test_results/5501_pred.obj: points=1 edges=0
2026-05-29 10:32:16,392   INFO  Exported /geogfs1/home/u3666068/Point2Roof-master/output/tallin_subset_4096/test_results/5509_pred.obj: points=1 edges=0
2026-05-29 10:32:16,665   INFO  Exported /geogfs1/home/u3666068/Point2Roof-master/output/tallin_subset_4096/test_results/5514_pred.obj: points=1 edges=0
2026-05-29 10:32:16,932   INFO  Exported /geogfs1/home/u3666068/Point2Roof-master/output/tallin_subset_4096/test_results/5516_pred.obj: points=1 edges=0
2026-05-29 10:32:17,196   INFO  Exported /geogfs1/home/u3666068/Point2Roof-master/output/tallin_subset_4096/test_results/5557_pred.obj: points=1 edges=0
2026-05-29 10:32:17,454   INFO  Exported /geogfs1/home/u3666068/Point2Roof-master/output/tallin_subset_4096/test_results/5563_pred.obj: points=1 edges=0
2026-05-29 10:32:17,712   INFO  Exported /geogfs1/home/u3666068/Point2Roof-master/output/tallin_subset_4096/test_results/5608_pred.obj: points=1 edges=0
2026-05-29 10:32:17,970   INFO  Exported /geogfs1/home/u3666068/Point2Roof-master/output/tallin_subset_4096/test_results/5613_pred.obj: points=1 edges=0
2026-05-29 10:32:18,226   INFO  Exported /geogfs1/home/u3666068/Point2Roof-master/output/tallin_subset_4096/test_results/5634_pred.obj: points=1 edges=0
2026-05-29 10:32:18,487   INFO  Exported /geogfs1/home/u3666068/Point2Roof-master/output/tallin_subset_4096/test_results/5642_pred.obj: points=1 edges=0
2026-05-29 10:32:18,744   INFO  Exported /geogfs1/home/u3666068/Point2Roof-master/output/tallin_subset_4096/test_results/5649_pred.obj: points=1 edges=0
2026-05-29 10:32:19,002   INFO  Exported /geogfs1/home/u3666068/Point2Roof-master/output/tallin_subset_4096/test_results/5657_pred.obj: points=1 edges=0
2026-05-29 10:32:19,275   INFO  Exported /geogfs1/home/u3666068/Point2Roof-master/output/tallin_subset_4096/test_results/5671_pred.obj: points=1 edges=0
2026-05-29 10:32:19,542   INFO  Exported /geogfs1/home/u3666068/Point2Roof-master/output/tallin_subset_4096/test_results/5689_pred.obj: points=1 edges=0
2026-05-29 10:32:19,807   INFO  Exported /geogfs1/home/u3666068/Point2Roof-master/output/tallin_subset_4096/test_results/5702_pred.obj: points=1 edges=0
2026-05-29 10:32:20,064   INFO  Exported /geogfs1/home/u3666068/Point2Roof-master/output/tallin_subset_4096/test_results/5705_pred.obj: points=1 edges=0
2026-05-29 10:32:20,322   INFO  Exported /geogfs1/home/u3666068/Point2Roof-master/output/tallin_subset_4096/test_results/5724_pred.obj: points=1 edges=0
2026-05-29 10:32:20,577   INFO  Exported /geogfs1/home/u3666068/Point2Roof-master/output/tallin_subset_4096/test_results/5784_pred.obj: points=1 edges=0
2026-05-29 10:32:20,837   INFO  Exported /geogfs1/home/u3666068/Point2Roof-master/output/tallin_subset_4096/test_results/58_pred.obj: points=1 edges=0
2026-05-29 10:32:21,086   INFO  Exported /geogfs1/home/u3666068/Point2Roof-master/output/tallin_subset_4096/test_results/5804_pred.obj: points=1 edges=0
2026-05-29 10:32:21,334   INFO  Exported /geogfs1/home/u3666068/Point2Roof-master/output/tallin_subset_4096/test_results/5818_pred.obj: points=1 edges=0
2026-05-29 10:32:21,576   INFO  Exported /geogfs1/home/u3666068/Point2Roof-master/output/tallin_subset_4096/test_results/582_pred.obj: points=1 edges=0
2026-05-29 10:32:21,822   INFO  Exported /geogfs1/home/u3666068/Point2Roof-master/output/tallin_subset_4096/test_results/5858_pred.obj: points=1 edges=0
2026-05-29 10:32:22,076   INFO  Exported /geogfs1/home/u3666068/Point2Roof-master/output/tallin_subset_4096/test_results/5870_pred.obj: points=1 edges=0
2026-05-29 10:32:22,331   INFO  Exported /geogfs1/home/u3666068/Point2Roof-master/output/tallin_subset_4096/test_results/59_pred.obj: points=1 edges=0
2026-05-29 10:32:22,581   INFO  Exported /geogfs1/home/u3666068/Point2Roof-master/output/tallin_subset_4096/test_results/5942_pred.obj: points=1 edges=0
2026-05-29 10:32:22,851   INFO  Exported /geogfs1/home/u3666068/Point2Roof-master/output/tallin_subset_4096/test_results/5972_pred.obj: points=1 edges=0
2026-05-29 10:32:23,098   INFO  Exported /geogfs1/home/u3666068/Point2Roof-master/output/tallin_subset_4096/test_results/5973_pred.obj: points=1 edges=0
2026-05-29 10:32:23,343   INFO  Exported /geogfs1/home/u3666068/Point2Roof-master/output/tallin_subset_4096/test_results/5986_pred.obj: points=1 edges=0
2026-05-29 10:32:23,599   INFO  Exported /geogfs1/home/u3666068/Point2Roof-master/output/tallin_subset_4096/test_results/6024_pred.obj: points=1 edges=0
2026-05-29 10:32:23,849   INFO  Exported /geogfs1/home/u3666068/Point2Roof-master/output/tallin_subset_4096/test_results/6026_pred.obj: points=1 edges=0
2026-05-29 10:32:24,114   INFO  Exported /geogfs1/home/u3666068/Point2Roof-master/output/tallin_subset_4096/test_results/6029_pred.obj: points=1 edges=0
2026-05-29 10:32:24,373   INFO  Exported /geogfs1/home/u3666068/Point2Roof-master/output/tallin_subset_4096/test_results/6030_pred.obj: points=1 edges=0
2026-05-29 10:32:24,628   INFO  Exported /geogfs1/home/u3666068/Point2Roof-master/output/tallin_subset_4096/test_results/6032_pred.obj: points=1 edges=0
2026-05-29 10:32:24,903   INFO  Exported /geogfs1/home/u3666068/Point2Roof-master/output/tallin_subset_4096/test_results/6034_pred.obj: points=1 edges=0
2026-05-29 10:32:25,178   INFO  Exported /geogfs1/home/u3666068/Point2Roof-master/output/tallin_subset_4096/test_results/6041_pred.obj: points=1 edges=0
2026-05-29 10:32:25,439   INFO  Exported /geogfs1/home/u3666068/Point2Roof-master/output/tallin_subset_4096/test_results/6056_pred.obj: points=1 edges=0
2026-05-29 10:32:25,704   INFO  Exported /geogfs1/home/u3666068/Point2Roof-master/output/tallin_subset_4096/test_results/606_pred.obj: points=1 edges=0
2026-05-29 10:32:25,984   INFO  Exported /geogfs1/home/u3666068/Point2Roof-master/output/tallin_subset_4096/test_results/6070_pred.obj: points=1 edges=0
2026-05-29 10:32:26,263   INFO  Exported /geogfs1/home/u3666068/Point2Roof-master/output/tallin_subset_4096/test_results/6079_pred.obj: points=1 edges=0
2026-05-29 10:32:26,531   INFO  Exported /geogfs1/home/u3666068/Point2Roof-master/output/tallin_subset_4096/test_results/6081_pred.obj: points=1 edges=0
2026-05-29 10:32:26,803   INFO  Exported /geogfs1/home/u3666068/Point2Roof-master/output/tallin_subset_4096/test_results/6119_pred.obj: points=1 edges=0
2026-05-29 10:32:27,068   INFO  Exported /geogfs1/home/u3666068/Point2Roof-master/output/tallin_subset_4096/test_results/6131_pred.obj: points=1 edges=0
2026-05-29 10:32:27,338   INFO  Exported /geogfs1/home/u3666068/Point2Roof-master/output/tallin_subset_4096/test_results/6144_pred.obj: points=1 edges=0
2026-05-29 10:32:27,593   INFO  Exported /geogfs1/home/u3666068/Point2Roof-master/output/tallin_subset_4096/test_results/6193_pred.obj: points=1 edges=0
2026-05-29 10:32:27,852   INFO  Exported /geogfs1/home/u3666068/Point2Roof-master/output/tallin_subset_4096/test_results/620_pred.obj: points=1 edges=0
2026-05-29 10:32:28,123   INFO  Exported /geogfs1/home/u3666068/Point2Roof-master/output/tallin_subset_4096/test_results/6206_pred.obj: points=1 edges=0
2026-05-29 10:32:28,417   INFO  Exported /geogfs1/home/u3666068/Point2Roof-master/output/tallin_subset_4096/test_results/6278_pred.obj: points=1 edges=0
2026-05-29 10:32:28,713   INFO  Exported /geogfs1/home/u3666068/Point2Roof-master/output/tallin_subset_4096/test_results/6290_pred.obj: points=1 edges=0
2026-05-29 10:32:29,034   INFO  Exported /geogfs1/home/u3666068/Point2Roof-master/output/tallin_subset_4096/test_results/6296_pred.obj: points=1 edges=0
2026-05-29 10:32:29,364   INFO  Exported /geogfs1/home/u3666068/Point2Roof-master/output/tallin_subset_4096/test_results/6307_pred.obj: points=1 edges=0
2026-05-29 10:32:29,684   INFO  Exported /geogfs1/home/u3666068/Point2Roof-master/output/tallin_subset_4096/test_results/6331_pred.obj: points=1 edges=0
2026-05-29 10:32:29,997   INFO  Exported /geogfs1/home/u3666068/Point2Roof-master/output/tallin_subset_4096/test_results/6345_pred.obj: points=1 edges=0
2026-05-29 10:32:30,312   INFO  Exported /geogfs1/home/u3666068/Point2Roof-master/output/tallin_subset_4096/test_results/6350_pred.obj: points=1 edges=0
2026-05-29 10:32:30,623   INFO  Exported /geogfs1/home/u3666068/Point2Roof-master/output/tallin_subset_4096/test_results/6362_pred.obj: points=1 edges=0
2026-05-29 10:32:30,901   INFO  Exported /geogfs1/home/u3666068/Point2Roof-master/output/tallin_subset_4096/test_results/6379_pred.obj: points=1 edges=0
2026-05-29 10:32:31,170   INFO  Exported /geogfs1/home/u3666068/Point2Roof-master/output/tallin_subset_4096/test_results/6380_pred.obj: points=1 edges=0
2026-05-29 10:32:31,444   INFO  Exported /geogfs1/home/u3666068/Point2Roof-master/output/tallin_subset_4096/test_results/6427_pred.obj: points=1 edges=0
2026-05-29 10:32:31,715   INFO  Exported /geogfs1/home/u3666068/Point2Roof-master/output/tallin_subset_4096/test_results/6437_pred.obj: points=1 edges=0
2026-05-29 10:32:31,985   INFO  Exported /geogfs1/home/u3666068/Point2Roof-master/output/tallin_subset_4096/test_results/6462_pred.obj: points=1 edges=0
2026-05-29 10:32:32,250   INFO  Exported /geogfs1/home/u3666068/Point2Roof-master/output/tallin_subset_4096/test_results/6464_pred.obj: points=1 edges=0
2026-05-29 10:32:32,516   INFO  Exported /geogfs1/home/u3666068/Point2Roof-master/output/tallin_subset_4096/test_results/6466_pred.obj: points=1 edges=0
2026-05-29 10:32:32,767   INFO  Exported /geogfs1/home/u3666068/Point2Roof-master/output/tallin_subset_4096/test_results/6474_pred.obj: points=1 edges=0
2026-05-29 10:32:33,024   INFO  Exported /geogfs1/home/u3666068/Point2Roof-master/output/tallin_subset_4096/test_results/6477_pred.obj: points=1 edges=0
2026-05-29 10:32:33,284   INFO  Exported /geogfs1/home/u3666068/Point2Roof-master/output/tallin_subset_4096/test_results/65_pred.obj: points=1 edges=0
2026-05-29 10:32:33,540   INFO  Exported /geogfs1/home/u3666068/Point2Roof-master/output/tallin_subset_4096/test_results/6515_pred.obj: points=1 edges=0
2026-05-29 10:32:33,803   INFO  Exported /geogfs1/home/u3666068/Point2Roof-master/output/tallin_subset_4096/test_results/6533_pred.obj: points=1 edges=0
2026-05-29 10:32:34,057   INFO  Exported /geogfs1/home/u3666068/Point2Roof-master/output/tallin_subset_4096/test_results/6540_pred.obj: points=1 edges=0
2026-05-29 10:32:34,315   INFO  Exported /geogfs1/home/u3666068/Point2Roof-master/output/tallin_subset_4096/test_results/6575_pred.obj: points=1 edges=0
2026-05-29 10:32:34,572   INFO  Exported /geogfs1/home/u3666068/Point2Roof-master/output/tallin_subset_4096/test_results/6590_pred.obj: points=1 edges=0
2026-05-29 10:32:34,828   INFO  Exported /geogfs1/home/u3666068/Point2Roof-master/output/tallin_subset_4096/test_results/6603_pred.obj: points=1 edges=0
2026-05-29 10:32:35,087   INFO  Exported /geogfs1/home/u3666068/Point2Roof-master/output/tallin_subset_4096/test_results/6617_pred.obj: points=1 edges=0
2026-05-29 10:32:35,340   INFO  Exported /geogfs1/home/u3666068/Point2Roof-master/output/tallin_subset_4096/test_results/662_pred.obj: points=1 edges=0
2026-05-29 10:32:35,599   INFO  Exported /geogfs1/home/u3666068/Point2Roof-master/output/tallin_subset_4096/test_results/6622_pred.obj: points=1 edges=0
2026-05-29 10:32:35,850   INFO  Exported /geogfs1/home/u3666068/Point2Roof-master/output/tallin_subset_4096/test_results/6628_pred.obj: points=1 edges=0
2026-05-29 10:32:36,108   INFO  Exported /geogfs1/home/u3666068/Point2Roof-master/output/tallin_subset_4096/test_results/664_pred.obj: points=1 edges=0
2026-05-29 10:32:36,366   INFO  Exported /geogfs1/home/u3666068/Point2Roof-master/output/tallin_subset_4096/test_results/665_pred.obj: points=1 edges=0
2026-05-29 10:32:36,606   INFO  Exported /geogfs1/home/u3666068/Point2Roof-master/output/tallin_subset_4096/test_results/6656_pred.obj: points=1 edges=0
2026-05-29 10:32:36,845   INFO  Exported /geogfs1/home/u3666068/Point2Roof-master/output/tallin_subset_4096/test_results/6662_pred.obj: points=1 edges=0
2026-05-29 10:32:37,077   INFO  Exported /geogfs1/home/u3666068/Point2Roof-master/output/tallin_subset_4096/test_results/668_pred.obj: points=1 edges=0
2026-05-29 10:32:37,312   INFO  Exported /geogfs1/home/u3666068/Point2Roof-master/output/tallin_subset_4096/test_results/6693_pred.obj: points=1 edges=0
2026-05-29 10:32:37,542   INFO  Exported /geogfs1/home/u3666068/Point2Roof-master/output/tallin_subset_4096/test_results/6694_pred.obj: points=1 edges=0
2026-05-29 10:32:37,774   INFO  Exported /geogfs1/home/u3666068/Point2Roof-master/output/tallin_subset_4096/test_results/6697_pred.obj: points=1 edges=0
2026-05-29 10:32:38,014   INFO  Exported /geogfs1/home/u3666068/Point2Roof-master/output/tallin_subset_4096/test_results/6709_pred.obj: points=1 edges=0
2026-05-29 10:32:38,246   INFO  Exported /geogfs1/home/u3666068/Point2Roof-master/output/tallin_subset_4096/test_results/6713_pred.obj: points=1 edges=0
2026-05-29 10:32:38,500   INFO  Exported /geogfs1/home/u3666068/Point2Roof-master/output/tallin_subset_4096/test_results/6728_pred.obj: points=1 edges=0
2026-05-29 10:32:38,754   INFO  Exported /geogfs1/home/u3666068/Point2Roof-master/output/tallin_subset_4096/test_results/6740_pred.obj: points=1 edges=0
2026-05-29 10:32:39,028   INFO  Exported /geogfs1/home/u3666068/Point2Roof-master/output/tallin_subset_4096/test_results/6743_pred.obj: points=1 edges=0
2026-05-29 10:32:39,325   INFO  Exported /geogfs1/home/u3666068/Point2Roof-master/output/tallin_subset_4096/test_results/6746_pred.obj: points=1 edges=0
2026-05-29 10:32:39,607   INFO  Exported /geogfs1/home/u3666068/Point2Roof-master/output/tallin_subset_4096/test_results/677_pred.obj: points=1 edges=0
2026-05-29 10:32:39,891   INFO  Exported /geogfs1/home/u3666068/Point2Roof-master/output/tallin_subset_4096/test_results/6773_pred.obj: points=1 edges=0
2026-05-29 10:32:40,180   INFO  Exported /geogfs1/home/u3666068/Point2Roof-master/output/tallin_subset_4096/test_results/6787_pred.obj: points=1 edges=0
2026-05-29 10:32:40,459   INFO  Exported /geogfs1/home/u3666068/Point2Roof-master/output/tallin_subset_4096/test_results/6788_pred.obj: points=1 edges=0
2026-05-29 10:32:40,746   INFO  Exported /geogfs1/home/u3666068/Point2Roof-master/output/tallin_subset_4096/test_results/6797_pred.obj: points=1 edges=0
2026-05-29 10:32:41,027   INFO  Exported /geogfs1/home/u3666068/Point2Roof-master/output/tallin_subset_4096/test_results/680_pred.obj: points=1 edges=0
2026-05-29 10:32:41,305   INFO  Exported /geogfs1/home/u3666068/Point2Roof-master/output/tallin_subset_4096/test_results/6822_pred.obj: points=1 edges=0
2026-05-29 10:32:41,570   INFO  Exported /geogfs1/home/u3666068/Point2Roof-master/output/tallin_subset_4096/test_results/6834_pred.obj: points=1 edges=0
2026-05-29 10:32:41,841   INFO  Exported /geogfs1/home/u3666068/Point2Roof-master/output/tallin_subset_4096/test_results/6835_pred.obj: points=1 edges=0
2026-05-29 10:32:42,095   INFO  Exported /geogfs1/home/u3666068/Point2Roof-master/output/tallin_subset_4096/test_results/6847_pred.obj: points=1 edges=0
2026-05-29 10:32:42,342   INFO  Exported /geogfs1/home/u3666068/Point2Roof-master/output/tallin_subset_4096/test_results/6848_pred.obj: points=1 edges=0
2026-05-29 10:32:42,580   INFO  Exported /geogfs1/home/u3666068/Point2Roof-master/output/tallin_subset_4096/test_results/6885_pred.obj: points=1 edges=0
2026-05-29 10:32:42,819   INFO  Exported /geogfs1/home/u3666068/Point2Roof-master/output/tallin_subset_4096/test_results/689_pred.obj: points=1 edges=0
2026-05-29 10:32:43,070   INFO  Exported /geogfs1/home/u3666068/Point2Roof-master/output/tallin_subset_4096/test_results/6892_pred.obj: points=1 edges=0
2026-05-29 10:32:43,326   INFO  Exported /geogfs1/home/u3666068/Point2Roof-master/output/tallin_subset_4096/test_results/6894_pred.obj: points=1 edges=0
2026-05-29 10:32:43,601   INFO  Exported /geogfs1/home/u3666068/Point2Roof-master/output/tallin_subset_4096/test_results/6895_pred.obj: points=1 edges=0
2026-05-29 10:32:43,876   INFO  Exported /geogfs1/home/u3666068/Point2Roof-master/output/tallin_subset_4096/test_results/6908_pred.obj: points=1 edges=0
2026-05-29 10:32:44,150   INFO  Exported /geogfs1/home/u3666068/Point2Roof-master/output/tallin_subset_4096/test_results/6937_pred.obj: points=1 edges=0
2026-05-29 10:32:44,426   INFO  Exported /geogfs1/home/u3666068/Point2Roof-master/output/tallin_subset_4096/test_results/694_pred.obj: points=1 edges=0
2026-05-29 10:32:44,694   INFO  Exported /geogfs1/home/u3666068/Point2Roof-master/output/tallin_subset_4096/test_results/6949_pred.obj: points=1 edges=0
2026-05-29 10:32:44,984   INFO  Exported /geogfs1/home/u3666068/Point2Roof-master/output/tallin_subset_4096/test_results/7041_pred.obj: points=1 edges=0
2026-05-29 10:32:45,265   INFO  Exported /geogfs1/home/u3666068/Point2Roof-master/output/tallin_subset_4096/test_results/7043_pred.obj: points=1 edges=0
2026-05-29 10:32:45,546   INFO  Exported /geogfs1/home/u3666068/Point2Roof-master/output/tallin_subset_4096/test_results/7047_pred.obj: points=1 edges=0
2026-05-29 10:32:45,820   INFO  Exported /geogfs1/home/u3666068/Point2Roof-master/output/tallin_subset_4096/test_results/7064_pred.obj: points=1 edges=0
2026-05-29 10:32:46,096   INFO  Exported /geogfs1/home/u3666068/Point2Roof-master/output/tallin_subset_4096/test_results/7068_pred.obj: points=1 edges=0
2026-05-29 10:32:46,366   INFO  Exported /geogfs1/home/u3666068/Point2Roof-master/output/tallin_subset_4096/test_results/7074_pred.obj: points=1 edges=0
2026-05-29 10:32:46,650   INFO  Exported /geogfs1/home/u3666068/Point2Roof-master/output/tallin_subset_4096/test_results/7075_pred.obj: points=1 edges=0
2026-05-29 10:32:46,944   INFO  Exported /geogfs1/home/u3666068/Point2Roof-master/output/tallin_subset_4096/test_results/7090_pred.obj: points=1 edges=0
2026-05-29 10:32:47,248   INFO  Exported /geogfs1/home/u3666068/Point2Roof-master/output/tallin_subset_4096/test_results/7103_pred.obj: points=1 edges=0
2026-05-29 10:32:47,539   INFO  Exported /geogfs1/home/u3666068/Point2Roof-master/output/tallin_subset_4096/test_results/7113_pred.obj: points=1 edges=0
2026-05-29 10:32:47,833   INFO  Exported /geogfs1/home/u3666068/Point2Roof-master/output/tallin_subset_4096/test_results/7122_pred.obj: points=1 edges=0
2026-05-29 10:32:48,099   INFO  Exported /geogfs1/home/u3666068/Point2Roof-master/output/tallin_subset_4096/test_results/7126_pred.obj: points=1 edges=0
2026-05-29 10:32:48,376   INFO  Exported /geogfs1/home/u3666068/Point2Roof-master/output/tallin_subset_4096/test_results/7129_pred.obj: points=1 edges=0
2026-05-29 10:32:48,646   INFO  Exported /geogfs1/home/u3666068/Point2Roof-master/output/tallin_subset_4096/test_results/7140_pred.obj: points=1 edges=0
2026-05-29 10:32:48,926   INFO  Exported /geogfs1/home/u3666068/Point2Roof-master/output/tallin_subset_4096/test_results/7158_pred.obj: points=1 edges=0
2026-05-29 10:32:49,192   INFO  Exported /geogfs1/home/u3666068/Point2Roof-master/output/tallin_subset_4096/test_results/7161_pred.obj: points=1 edges=0
2026-05-29 10:32:49,455   INFO  Exported /geogfs1/home/u3666068/Point2Roof-master/output/tallin_subset_4096/test_results/7171_pred.obj: points=1 edges=0
2026-05-29 10:32:49,722   INFO  Exported /geogfs1/home/u3666068/Point2Roof-master/output/tallin_subset_4096/test_results/7187_pred.obj: points=1 edges=0
2026-05-29 10:32:49,979   INFO  Exported /geogfs1/home/u3666068/Point2Roof-master/output/tallin_subset_4096/test_results/7200_pred.obj: points=1 edges=0
2026-05-29 10:32:50,235   INFO  Exported /geogfs1/home/u3666068/Point2Roof-master/output/tallin_subset_4096/test_results/7210_pred.obj: points=1 edges=0
2026-05-29 10:32:50,495   INFO  Exported /geogfs1/home/u3666068/Point2Roof-master/output/tallin_subset_4096/test_results/7231_pred.obj: points=1 edges=0
2026-05-29 10:32:50,759   INFO  Exported /geogfs1/home/u3666068/Point2Roof-master/output/tallin_subset_4096/test_results/7247_pred.obj: points=1 edges=0
2026-05-29 10:32:51,023   INFO  Exported /geogfs1/home/u3666068/Point2Roof-master/output/tallin_subset_4096/test_results/7257_pred.obj: points=1 edges=0
2026-05-29 10:32:51,289   INFO  Exported /geogfs1/home/u3666068/Point2Roof-master/output/tallin_subset_4096/test_results/7293_pred.obj: points=1 edges=0
2026-05-29 10:32:51,566   INFO  Exported /geogfs1/home/u3666068/Point2Roof-master/output/tallin_subset_4096/test_results/7303_pred.obj: points=1 edges=0
2026-05-29 10:32:51,821   INFO  Exported /geogfs1/home/u3666068/Point2Roof-master/output/tallin_subset_4096/test_results/7304_pred.obj: points=1 edges=0
2026-05-29 10:32:52,068   INFO  Exported /geogfs1/home/u3666068/Point2Roof-master/output/tallin_subset_4096/test_results/7309_pred.obj: points=1 edges=0
2026-05-29 10:32:52,319   INFO  Exported /geogfs1/home/u3666068/Point2Roof-master/output/tallin_subset_4096/test_results/7346_pred.obj: points=1 edges=0
2026-05-29 10:32:52,564   INFO  Exported /geogfs1/home/u3666068/Point2Roof-master/output/tallin_subset_4096/test_results/7358_pred.obj: points=1 edges=0
2026-05-29 10:32:52,825   INFO  Exported /geogfs1/home/u3666068/Point2Roof-master/output/tallin_subset_4096/test_results/7362_pred.obj: points=1 edges=0
2026-05-29 10:32:53,089   INFO  Exported /geogfs1/home/u3666068/Point2Roof-master/output/tallin_subset_4096/test_results/7367_pred.obj: points=1 edges=0
2026-05-29 10:32:53,356   INFO  Exported /geogfs1/home/u3666068/Point2Roof-master/output/tallin_subset_4096/test_results/7383_pred.obj: points=1 edges=0
2026-05-29 10:32:53,618   INFO  Exported /geogfs1/home/u3666068/Point2Roof-master/output/tallin_subset_4096/test_results/7390_pred.obj: points=1 edges=0
2026-05-29 10:32:53,903   INFO  Exported /geogfs1/home/u3666068/Point2Roof-master/output/tallin_subset_4096/test_results/7399_pred.obj: points=1 edges=0
2026-05-29 10:32:54,190   INFO  Exported /geogfs1/home/u3666068/Point2Roof-master/output/tallin_subset_4096/test_results/7403_pred.obj: points=1 edges=0
2026-05-29 10:32:54,490   INFO  Exported /geogfs1/home/u3666068/Point2Roof-master/output/tallin_subset_4096/test_results/7413_pred.obj: points=1 edges=0
2026-05-29 10:32:54,791   INFO  Exported /geogfs1/home/u3666068/Point2Roof-master/output/tallin_subset_4096/test_results/7415_pred.obj: points=1 edges=0
2026-05-29 10:32:55,087   INFO  Exported /geogfs1/home/u3666068/Point2Roof-master/output/tallin_subset_4096/test_results/7445_pred.obj: points=1 edges=0
2026-05-29 10:32:55,373   INFO  Exported /geogfs1/home/u3666068/Point2Roof-master/output/tallin_subset_4096/test_results/7452_pred.obj: points=1 edges=0
2026-05-29 10:32:55,664   INFO  Exported /geogfs1/home/u3666068/Point2Roof-master/output/tallin_subset_4096/test_results/7476_pred.obj: points=1 edges=0
2026-05-29 10:32:55,950   INFO  Exported /geogfs1/home/u3666068/Point2Roof-master/output/tallin_subset_4096/test_results/7495_pred.obj: points=1 edges=0
2026-05-29 10:32:56,244   INFO  Exported /geogfs1/home/u3666068/Point2Roof-master/output/tallin_subset_4096/test_results/7514_pred.obj: points=1 edges=0
2026-05-29 10:32:56,527   INFO  Exported /geogfs1/home/u3666068/Point2Roof-master/output/tallin_subset_4096/test_results/7537_pred.obj: points=1 edges=0
2026-05-29 10:32:56,791   INFO  Exported /geogfs1/home/u3666068/Point2Roof-master/output/tallin_subset_4096/test_results/7541_pred.obj: points=1 edges=0
2026-05-29 10:32:57,039   INFO  Exported /geogfs1/home/u3666068/Point2Roof-master/output/tallin_subset_4096/test_results/758_pred.obj: points=1 edges=0
2026-05-29 10:32:57,284   INFO  Exported /geogfs1/home/u3666068/Point2Roof-master/output/tallin_subset_4096/test_results/7588_pred.obj: points=1 edges=0
2026-05-29 10:32:57,558   INFO  Exported /geogfs1/home/u3666068/Point2Roof-master/output/tallin_subset_4096/test_results/7591_pred.obj: points=1 edges=0
2026-05-29 10:32:57,854   INFO  Exported /geogfs1/home/u3666068/Point2Roof-master/output/tallin_subset_4096/test_results/7607_pred.obj: points=1 edges=0
2026-05-29 10:32:58,176   INFO  Exported /geogfs1/home/u3666068/Point2Roof-master/output/tallin_subset_4096/test_results/7621_pred.obj: points=1 edges=0
2026-05-29 10:32:58,452   INFO  Exported /geogfs1/home/u3666068/Point2Roof-master/output/tallin_subset_4096/test_results/7630_pred.obj: points=1 edges=0
2026-05-29 10:32:58,752   INFO  Exported /geogfs1/home/u3666068/Point2Roof-master/output/tallin_subset_4096/test_results/7648_pred.obj: points=1 edges=0
2026-05-29 10:32:59,041   INFO  Exported /geogfs1/home/u3666068/Point2Roof-master/output/tallin_subset_4096/test_results/7653_pred.obj: points=1 edges=0
2026-05-29 10:32:59,327   INFO  Exported /geogfs1/home/u3666068/Point2Roof-master/output/tallin_subset_4096/test_results/7657_pred.obj: points=1 edges=0
2026-05-29 10:32:59,606   INFO  Exported /geogfs1/home/u3666068/Point2Roof-master/output/tallin_subset_4096/test_results/7680_pred.obj: points=1 edges=0
2026-05-29 10:32:59,880   INFO  Exported /geogfs1/home/u3666068/Point2Roof-master/output/tallin_subset_4096/test_results/7744_pred.obj: points=1 edges=0
2026-05-29 10:33:00,151   INFO  Exported /geogfs1/home/u3666068/Point2Roof-master/output/tallin_subset_4096/test_results/7753_pred.obj: points=1 edges=0
2026-05-29 10:33:00,412   INFO  Exported /geogfs1/home/u3666068/Point2Roof-master/output/tallin_subset_4096/test_results/7756_pred.obj: points=1 edges=0
2026-05-29 10:33:00,653   INFO  Exported /geogfs1/home/u3666068/Point2Roof-master/output/tallin_subset_4096/test_results/777_pred.obj: points=1 edges=0
2026-05-29 10:33:00,899   INFO  Exported /geogfs1/home/u3666068/Point2Roof-master/output/tallin_subset_4096/test_results/778_pred.obj: points=1 edges=0
2026-05-29 10:33:01,159   INFO  Exported /geogfs1/home/u3666068/Point2Roof-master/output/tallin_subset_4096/test_results/7785_pred.obj: points=1 edges=0
2026-05-29 10:33:01,436   INFO  Exported /geogfs1/home/u3666068/Point2Roof-master/output/tallin_subset_4096/test_results/7822_pred.obj: points=1 edges=0
2026-05-29 10:33:01,703   INFO  Exported /geogfs1/home/u3666068/Point2Roof-master/output/tallin_subset_4096/test_results/7827_pred.obj: points=1 edges=0
2026-05-29 10:33:01,968   INFO  Exported /geogfs1/home/u3666068/Point2Roof-master/output/tallin_subset_4096/test_results/7845_pred.obj: points=1 edges=0
2026-05-29 10:33:02,232   INFO  Exported /geogfs1/home/u3666068/Point2Roof-master/output/tallin_subset_4096/test_results/7853_pred.obj: points=1 edges=0
2026-05-29 10:33:02,499   INFO  Exported /geogfs1/home/u3666068/Point2Roof-master/output/tallin_subset_4096/test_results/7856_pred.obj: points=1 edges=0
2026-05-29 10:33:02,763   INFO  Exported /geogfs1/home/u3666068/Point2Roof-master/output/tallin_subset_4096/test_results/7875_pred.obj: points=1 edges=0
2026-05-29 10:33:03,033   INFO  Exported /geogfs1/home/u3666068/Point2Roof-master/output/tallin_subset_4096/test_results/7878_pred.obj: points=1 edges=0
2026-05-29 10:33:03,310   INFO  Exported /geogfs1/home/u3666068/Point2Roof-master/output/tallin_subset_4096/test_results/7928_pred.obj: points=1 edges=0
2026-05-29 10:33:03,574   INFO  Exported /geogfs1/home/u3666068/Point2Roof-master/output/tallin_subset_4096/test_results/7959_pred.obj: points=1 edges=0
2026-05-29 10:33:03,824   INFO  Exported /geogfs1/home/u3666068/Point2Roof-master/output/tallin_subset_4096/test_results/7974_pred.obj: points=1 edges=0
2026-05-29 10:33:04,086   INFO  Exported /geogfs1/home/u3666068/Point2Roof-master/output/tallin_subset_4096/test_results/7984_pred.obj: points=1 edges=0
2026-05-29 10:33:04,346   INFO  Exported /geogfs1/home/u3666068/Point2Roof-master/output/tallin_subset_4096/test_results/7986_pred.obj: points=1 edges=0
2026-05-29 10:33:04,595   INFO  Exported /geogfs1/home/u3666068/Point2Roof-master/output/tallin_subset_4096/test_results/80_pred.obj: points=1 edges=0
2026-05-29 10:33:04,846   INFO  Exported /geogfs1/home/u3666068/Point2Roof-master/output/tallin_subset_4096/test_results/8005_pred.obj: points=1 edges=0
2026-05-29 10:33:05,088   INFO  Exported /geogfs1/home/u3666068/Point2Roof-master/output/tallin_subset_4096/test_results/8012_pred.obj: points=1 edges=0
2026-05-29 10:33:05,326   INFO  Exported /geogfs1/home/u3666068/Point2Roof-master/output/tallin_subset_4096/test_results/8017_pred.obj: points=1 edges=0
2026-05-29 10:33:05,570   INFO  Exported /geogfs1/home/u3666068/Point2Roof-master/output/tallin_subset_4096/test_results/8027_pred.obj: points=1 edges=0
2026-05-29 10:33:05,808   INFO  Exported /geogfs1/home/u3666068/Point2Roof-master/output/tallin_subset_4096/test_results/8028_pred.obj: points=1 edges=0
2026-05-29 10:33:06,046   INFO  Exported /geogfs1/home/u3666068/Point2Roof-master/output/tallin_subset_4096/test_results/8038_pred.obj: points=1 edges=0
2026-05-29 10:33:06,291   INFO  Exported /geogfs1/home/u3666068/Point2Roof-master/output/tallin_subset_4096/test_results/805_pred.obj: points=1 edges=0
2026-05-29 10:33:06,533   INFO  Exported /geogfs1/home/u3666068/Point2Roof-master/output/tallin_subset_4096/test_results/8060_pred.obj: points=1 edges=0
2026-05-29 10:33:06,769   INFO  Exported /geogfs1/home/u3666068/Point2Roof-master/output/tallin_subset_4096/test_results/8070_pred.obj: points=1 edges=0
2026-05-29 10:33:07,026   INFO  Exported /geogfs1/home/u3666068/Point2Roof-master/output/tallin_subset_4096/test_results/8088_pred.obj: points=1 edges=0
2026-05-29 10:33:07,272   INFO  Exported /geogfs1/home/u3666068/Point2Roof-master/output/tallin_subset_4096/test_results/8115_pred.obj: points=1 edges=0
2026-05-29 10:33:07,516   INFO  Exported /geogfs1/home/u3666068/Point2Roof-master/output/tallin_subset_4096/test_results/8145_pred.obj: points=1 edges=0
2026-05-29 10:33:07,768   INFO  Exported /geogfs1/home/u3666068/Point2Roof-master/output/tallin_subset_4096/test_results/8148_pred.obj: points=1 edges=0
2026-05-29 10:33:08,021   INFO  Exported /geogfs1/home/u3666068/Point2Roof-master/output/tallin_subset_4096/test_results/8172_pred.obj: points=1 edges=0
2026-05-29 10:33:08,295   INFO  Exported /geogfs1/home/u3666068/Point2Roof-master/output/tallin_subset_4096/test_results/8227_pred.obj: points=1 edges=0
2026-05-29 10:33:08,577   INFO  Exported /geogfs1/home/u3666068/Point2Roof-master/output/tallin_subset_4096/test_results/8275_pred.obj: points=1 edges=0
2026-05-29 10:33:08,875   INFO  Exported /geogfs1/home/u3666068/Point2Roof-master/output/tallin_subset_4096/test_results/8276_pred.obj: points=1 edges=0
2026-05-29 10:33:09,161   INFO  Exported /geogfs1/home/u3666068/Point2Roof-master/output/tallin_subset_4096/test_results/8285_pred.obj: points=1 edges=0
2026-05-29 10:33:09,440   INFO  Exported /geogfs1/home/u3666068/Point2Roof-master/output/tallin_subset_4096/test_results/83_pred.obj: points=1 edges=0
2026-05-29 10:33:09,737   INFO  Exported /geogfs1/home/u3666068/Point2Roof-master/output/tallin_subset_4096/test_results/830_pred.obj: points=1 edges=0
2026-05-29 10:33:10,027   INFO  Exported /geogfs1/home/u3666068/Point2Roof-master/output/tallin_subset_4096/test_results/8300_pred.obj: points=1 edges=0
2026-05-29 10:33:10,321   INFO  Exported /geogfs1/home/u3666068/Point2Roof-master/output/tallin_subset_4096/test_results/8312_pred.obj: points=1 edges=0
2026-05-29 10:33:10,607   INFO  Exported /geogfs1/home/u3666068/Point2Roof-master/output/tallin_subset_4096/test_results/8318_pred.obj: points=1 edges=0
2026-05-29 10:33:10,871   INFO  Exported /geogfs1/home/u3666068/Point2Roof-master/output/tallin_subset_4096/test_results/8320_pred.obj: points=1 edges=0
2026-05-29 10:33:11,133   INFO  Exported /geogfs1/home/u3666068/Point2Roof-master/output/tallin_subset_4096/test_results/8332_pred.obj: points=1 edges=0
2026-05-29 10:33:11,400   INFO  Exported /geogfs1/home/u3666068/Point2Roof-master/output/tallin_subset_4096/test_results/8364_pred.obj: points=1 edges=0
2026-05-29 10:33:11,680   INFO  Exported /geogfs1/home/u3666068/Point2Roof-master/output/tallin_subset_4096/test_results/8385_pred.obj: points=1 edges=0
2026-05-29 10:33:11,974   INFO  Exported /geogfs1/home/u3666068/Point2Roof-master/output/tallin_subset_4096/test_results/8408_pred.obj: points=1 edges=0
2026-05-29 10:33:12,264   INFO  Exported /geogfs1/home/u3666068/Point2Roof-master/output/tallin_subset_4096/test_results/8425_pred.obj: points=1 edges=0
2026-05-29 10:33:12,550   INFO  Exported /geogfs1/home/u3666068/Point2Roof-master/output/tallin_subset_4096/test_results/8448_pred.obj: points=1 edges=0
2026-05-29 10:33:12,840   INFO  Exported /geogfs1/home/u3666068/Point2Roof-master/output/tallin_subset_4096/test_results/8453_pred.obj: points=1 edges=0
2026-05-29 10:33:13,126   INFO  Exported /geogfs1/home/u3666068/Point2Roof-master/output/tallin_subset_4096/test_results/846_pred.obj: points=1 edges=0
2026-05-29 10:33:13,413   INFO  Exported /geogfs1/home/u3666068/Point2Roof-master/output/tallin_subset_4096/test_results/8466_pred.obj: points=1 edges=0
2026-05-29 10:33:13,706   INFO  Exported /geogfs1/home/u3666068/Point2Roof-master/output/tallin_subset_4096/test_results/854_pred.obj: points=1 edges=0
2026-05-29 10:33:13,991   INFO  Exported /geogfs1/home/u3666068/Point2Roof-master/output/tallin_subset_4096/test_results/8549_pred.obj: points=1 edges=0
2026-05-29 10:33:14,260   INFO  Exported /geogfs1/home/u3666068/Point2Roof-master/output/tallin_subset_4096/test_results/8562_pred.obj: points=1 edges=0
2026-05-29 10:33:14,518   INFO  Exported /geogfs1/home/u3666068/Point2Roof-master/output/tallin_subset_4096/test_results/8566_pred.obj: points=1 edges=0
2026-05-29 10:33:14,779   INFO  Exported /geogfs1/home/u3666068/Point2Roof-master/output/tallin_subset_4096/test_results/8581_pred.obj: points=1 edges=0
2026-05-29 10:33:15,042   INFO  Exported /geogfs1/home/u3666068/Point2Roof-master/output/tallin_subset_4096/test_results/8593_pred.obj: points=1 edges=0
2026-05-29 10:33:15,303   INFO  Exported /geogfs1/home/u3666068/Point2Roof-master/output/tallin_subset_4096/test_results/8602_pred.obj: points=1 edges=0
2026-05-29 10:33:15,561   INFO  Exported /geogfs1/home/u3666068/Point2Roof-master/output/tallin_subset_4096/test_results/861_pred.obj: points=1 edges=0
2026-05-29 10:33:15,807   INFO  Exported /geogfs1/home/u3666068/Point2Roof-master/output/tallin_subset_4096/test_results/8611_pred.obj: points=1 edges=0
2026-05-29 10:33:16,057   INFO  Exported /geogfs1/home/u3666068/Point2Roof-master/output/tallin_subset_4096/test_results/8628_pred.obj: points=1 edges=0
2026-05-29 10:33:16,303   INFO  Exported /geogfs1/home/u3666068/Point2Roof-master/output/tallin_subset_4096/test_results/8631_pred.obj: points=1 edges=0
2026-05-29 10:33:16,557   INFO  Exported /geogfs1/home/u3666068/Point2Roof-master/output/tallin_subset_4096/test_results/8632_pred.obj: points=1 edges=0
2026-05-29 10:33:16,811   INFO  Exported /geogfs1/home/u3666068/Point2Roof-master/output/tallin_subset_4096/test_results/8633_pred.obj: points=1 edges=0
2026-05-29 10:33:17,057   INFO  Exported /geogfs1/home/u3666068/Point2Roof-master/output/tallin_subset_4096/test_results/8638_pred.obj: points=1 edges=0
2026-05-29 10:33:17,298   INFO  Exported /geogfs1/home/u3666068/Point2Roof-master/output/tallin_subset_4096/test_results/8639_pred.obj: points=1 edges=0
2026-05-29 10:33:17,545   INFO  Exported /geogfs1/home/u3666068/Point2Roof-master/output/tallin_subset_4096/test_results/8645_pred.obj: points=1 edges=0
2026-05-29 10:33:17,806   INFO  Exported /geogfs1/home/u3666068/Point2Roof-master/output/tallin_subset_4096/test_results/865_pred.obj: points=1 edges=0
2026-05-29 10:33:18,080   INFO  Exported /geogfs1/home/u3666068/Point2Roof-master/output/tallin_subset_4096/test_results/8667_pred.obj: points=1 edges=0
2026-05-29 10:33:18,354   INFO  Exported /geogfs1/home/u3666068/Point2Roof-master/output/tallin_subset_4096/test_results/8685_pred.obj: points=1 edges=0
2026-05-29 10:33:18,632   INFO  Exported /geogfs1/home/u3666068/Point2Roof-master/output/tallin_subset_4096/test_results/8723_pred.obj: points=1 edges=0
2026-05-29 10:33:18,906   INFO  Exported /geogfs1/home/u3666068/Point2Roof-master/output/tallin_subset_4096/test_results/8728_pred.obj: points=1 edges=0
2026-05-29 10:33:19,188   INFO  Exported /geogfs1/home/u3666068/Point2Roof-master/output/tallin_subset_4096/test_results/8729_pred.obj: points=1 edges=0
2026-05-29 10:33:19,465   INFO  Exported /geogfs1/home/u3666068/Point2Roof-master/output/tallin_subset_4096/test_results/8757_pred.obj: points=1 edges=0
2026-05-29 10:33:19,741   INFO  Exported /geogfs1/home/u3666068/Point2Roof-master/output/tallin_subset_4096/test_results/8758_pred.obj: points=1 edges=0
2026-05-29 10:33:20,029   INFO  Exported /geogfs1/home/u3666068/Point2Roof-master/output/tallin_subset_4096/test_results/8767_pred.obj: points=1 edges=0
2026-05-29 10:33:20,302   INFO  Exported /geogfs1/home/u3666068/Point2Roof-master/output/tallin_subset_4096/test_results/8774_pred.obj: points=1 edges=0
2026-05-29 10:33:20,578   INFO  Exported /geogfs1/home/u3666068/Point2Roof-master/output/tallin_subset_4096/test_results/8782_pred.obj: points=1 edges=0
2026-05-29 10:33:20,830   INFO  Exported /geogfs1/home/u3666068/Point2Roof-master/output/tallin_subset_4096/test_results/8807_pred.obj: points=1 edges=0
2026-05-29 10:33:21,079   INFO  Exported /geogfs1/home/u3666068/Point2Roof-master/output/tallin_subset_4096/test_results/8813_pred.obj: points=1 edges=0
2026-05-29 10:33:21,335   INFO  Exported /geogfs1/home/u3666068/Point2Roof-master/output/tallin_subset_4096/test_results/8829_pred.obj: points=1 edges=0
2026-05-29 10:33:21,586   INFO  Exported /geogfs1/home/u3666068/Point2Roof-master/output/tallin_subset_4096/test_results/8839_pred.obj: points=1 edges=0
2026-05-29 10:33:21,836   INFO  Exported /geogfs1/home/u3666068/Point2Roof-master/output/tallin_subset_4096/test_results/8851_pred.obj: points=1 edges=0
2026-05-29 10:33:22,091   INFO  Exported /geogfs1/home/u3666068/Point2Roof-master/output/tallin_subset_4096/test_results/8874_pred.obj: points=1 edges=0
2026-05-29 10:33:22,355   INFO  Exported /geogfs1/home/u3666068/Point2Roof-master/output/tallin_subset_4096/test_results/8877_pred.obj: points=1 edges=0
2026-05-29 10:33:22,607   INFO  Exported /geogfs1/home/u3666068/Point2Roof-master/output/tallin_subset_4096/test_results/8882_pred.obj: points=1 edges=0
2026-05-29 10:33:22,869   INFO  Exported /geogfs1/home/u3666068/Point2Roof-master/output/tallin_subset_4096/test_results/8885_pred.obj: points=1 edges=0
2026-05-29 10:33:23,150   INFO  Exported /geogfs1/home/u3666068/Point2Roof-master/output/tallin_subset_4096/test_results/8892_pred.obj: points=1 edges=0
2026-05-29 10:33:23,422   INFO  Exported /geogfs1/home/u3666068/Point2Roof-master/output/tallin_subset_4096/test_results/8893_pred.obj: points=1 edges=0
2026-05-29 10:33:23,711   INFO  Exported /geogfs1/home/u3666068/Point2Roof-master/output/tallin_subset_4096/test_results/8899_pred.obj: points=1 edges=0
2026-05-29 10:33:23,989   INFO  Exported /geogfs1/home/u3666068/Point2Roof-master/output/tallin_subset_4096/test_results/8912_pred.obj: points=1 edges=0
2026-05-29 10:33:24,269   INFO  Exported /geogfs1/home/u3666068/Point2Roof-master/output/tallin_subset_4096/test_results/8913_pred.obj: points=1 edges=0
2026-05-29 10:33:24,544   INFO  Exported /geogfs1/home/u3666068/Point2Roof-master/output/tallin_subset_4096/test_results/8920_pred.obj: points=1 edges=0
2026-05-29 10:33:24,822   INFO  Exported /geogfs1/home/u3666068/Point2Roof-master/output/tallin_subset_4096/test_results/8924_pred.obj: points=1 edges=0
2026-05-29 10:33:25,103   INFO  Exported /geogfs1/home/u3666068/Point2Roof-master/output/tallin_subset_4096/test_results/8938_pred.obj: points=1 edges=0
2026-05-29 10:33:25,406   INFO  Exported /geogfs1/home/u3666068/Point2Roof-master/output/tallin_subset_4096/test_results/8971_pred.obj: points=1 edges=0
2026-05-29 10:33:25,687   INFO  Exported /geogfs1/home/u3666068/Point2Roof-master/output/tallin_subset_4096/test_results/8973_pred.obj: points=1 edges=0
2026-05-29 10:33:25,974   INFO  Exported /geogfs1/home/u3666068/Point2Roof-master/output/tallin_subset_4096/test_results/9004_pred.obj: points=1 edges=0
2026-05-29 10:33:26,291   INFO  Exported /geogfs1/home/u3666068/Point2Roof-master/output/tallin_subset_4096/test_results/9005_pred.obj: points=1 edges=0
2026-05-29 10:33:26,589   INFO  Exported /geogfs1/home/u3666068/Point2Roof-master/output/tallin_subset_4096/test_results/9010_pred.obj: points=1 edges=0
2026-05-29 10:33:26,879   INFO  Exported /geogfs1/home/u3666068/Point2Roof-master/output/tallin_subset_4096/test_results/9011_pred.obj: points=1 edges=0
2026-05-29 10:33:27,184   INFO  Exported /geogfs1/home/u3666068/Point2Roof-master/output/tallin_subset_4096/test_results/9013_pred.obj: points=1 edges=0
2026-05-29 10:33:27,497   INFO  Exported /geogfs1/home/u3666068/Point2Roof-master/output/tallin_subset_4096/test_results/9020_pred.obj: points=1 edges=0
2026-05-29 10:33:27,790   INFO  Exported /geogfs1/home/u3666068/Point2Roof-master/output/tallin_subset_4096/test_results/903_pred.obj: points=1 edges=0
2026-05-29 10:33:28,076   INFO  Exported /geogfs1/home/u3666068/Point2Roof-master/output/tallin_subset_4096/test_results/9030_pred.obj: points=1 edges=0
2026-05-29 10:33:28,369   INFO  Exported /geogfs1/home/u3666068/Point2Roof-master/output/tallin_subset_4096/test_results/9037_pred.obj: points=1 edges=0
2026-05-29 10:33:28,642   INFO  Exported /geogfs1/home/u3666068/Point2Roof-master/output/tallin_subset_4096/test_results/904_pred.obj: points=1 edges=0
2026-05-29 10:33:28,928   INFO  Exported /geogfs1/home/u3666068/Point2Roof-master/output/tallin_subset_4096/test_results/9094_pred.obj: points=1 edges=0
2026-05-29 10:33:29,193   INFO  Exported /geogfs1/home/u3666068/Point2Roof-master/output/tallin_subset_4096/test_results/9106_pred.obj: points=1 edges=0
2026-05-29 10:33:29,453   INFO  Exported /geogfs1/home/u3666068/Point2Roof-master/output/tallin_subset_4096/test_results/9113_pred.obj: points=1 edges=0
2026-05-29 10:33:29,713   INFO  Exported /geogfs1/home/u3666068/Point2Roof-master/output/tallin_subset_4096/test_results/9123_pred.obj: points=1 edges=0
2026-05-29 10:33:29,973   INFO  Exported /geogfs1/home/u3666068/Point2Roof-master/output/tallin_subset_4096/test_results/9132_pred.obj: points=1 edges=0
2026-05-29 10:33:30,232   INFO  Exported /geogfs1/home/u3666068/Point2Roof-master/output/tallin_subset_4096/test_results/9150_pred.obj: points=1 edges=0
2026-05-29 10:33:30,483   INFO  Exported /geogfs1/home/u3666068/Point2Roof-master/output/tallin_subset_4096/test_results/9152_pred.obj: points=1 edges=0
2026-05-29 10:33:30,731   INFO  Exported /geogfs1/home/u3666068/Point2Roof-master/output/tallin_subset_4096/test_results/916_pred.obj: points=1 edges=0
2026-05-29 10:33:30,983   INFO  Exported /geogfs1/home/u3666068/Point2Roof-master/output/tallin_subset_4096/test_results/9168_pred.obj: points=1 edges=0
2026-05-29 10:33:31,223   INFO  Exported /geogfs1/home/u3666068/Point2Roof-master/output/tallin_subset_4096/test_results/917_pred.obj: points=1 edges=0
2026-05-29 10:33:31,506   INFO  Exported /geogfs1/home/u3666068/Point2Roof-master/output/tallin_subset_4096/test_results/9183_pred.obj: points=1 edges=0
2026-05-29 10:33:31,743   INFO  Exported /geogfs1/home/u3666068/Point2Roof-master/output/tallin_subset_4096/test_results/9185_pred.obj: points=1 edges=0
2026-05-29 10:33:31,975   INFO  Exported /geogfs1/home/u3666068/Point2Roof-master/output/tallin_subset_4096/test_results/9190_pred.obj: points=1 edges=0
2026-05-29 10:33:32,216   INFO  Exported /geogfs1/home/u3666068/Point2Roof-master/output/tallin_subset_4096/test_results/9194_pred.obj: points=1 edges=0
2026-05-29 10:33:32,462   INFO  Exported /geogfs1/home/u3666068/Point2Roof-master/output/tallin_subset_4096/test_results/9213_pred.obj: points=1 edges=0
2026-05-29 10:33:32,734   INFO  Exported /geogfs1/home/u3666068/Point2Roof-master/output/tallin_subset_4096/test_results/9221_pred.obj: points=1 edges=0
2026-05-29 10:33:33,024   INFO  Exported /geogfs1/home/u3666068/Point2Roof-master/output/tallin_subset_4096/test_results/9223_pred.obj: points=1 edges=0
2026-05-29 10:33:33,303   INFO  Exported /geogfs1/home/u3666068/Point2Roof-master/output/tallin_subset_4096/test_results/9256_pred.obj: points=1 edges=0
2026-05-29 10:33:33,594   INFO  Exported /geogfs1/home/u3666068/Point2Roof-master/output/tallin_subset_4096/test_results/9287_pred.obj: points=1 edges=0
2026-05-29 10:33:33,883   INFO  Exported /geogfs1/home/u3666068/Point2Roof-master/output/tallin_subset_4096/test_results/9317_pred.obj: points=1 edges=0
2026-05-29 10:33:34,173   INFO  Exported /geogfs1/home/u3666068/Point2Roof-master/output/tallin_subset_4096/test_results/9338_pred.obj: points=1 edges=0
2026-05-29 10:33:34,466   INFO  Exported /geogfs1/home/u3666068/Point2Roof-master/output/tallin_subset_4096/test_results/9339_pred.obj: points=1 edges=0
2026-05-29 10:33:34,763   INFO  Exported /geogfs1/home/u3666068/Point2Roof-master/output/tallin_subset_4096/test_results/9356_pred.obj: points=1 edges=0
2026-05-29 10:33:35,057   INFO  Exported /geogfs1/home/u3666068/Point2Roof-master/output/tallin_subset_4096/test_results/9368_pred.obj: points=1 edges=0
2026-05-29 10:33:35,332   INFO  Exported /geogfs1/home/u3666068/Point2Roof-master/output/tallin_subset_4096/test_results/9376_pred.obj: points=1 edges=0
2026-05-29 10:33:35,598   INFO  Exported /geogfs1/home/u3666068/Point2Roof-master/output/tallin_subset_4096/test_results/9385_pred.obj: points=1 edges=0
2026-05-29 10:33:35,893   INFO  Exported /geogfs1/home/u3666068/Point2Roof-master/output/tallin_subset_4096/test_results/9415_pred.obj: points=1 edges=0
2026-05-29 10:33:36,149   INFO  Exported /geogfs1/home/u3666068/Point2Roof-master/output/tallin_subset_4096/test_results/9423_pred.obj: points=1 edges=0
2026-05-29 10:33:36,427   INFO  Exported /geogfs1/home/u3666068/Point2Roof-master/output/tallin_subset_4096/test_results/9425_pred.obj: points=1 edges=0
2026-05-29 10:33:36,707   INFO  Exported /geogfs1/home/u3666068/Point2Roof-master/output/tallin_subset_4096/test_results/9450_pred.obj: points=1 edges=0
2026-05-29 10:33:36,976   INFO  Exported /geogfs1/home/u3666068/Point2Roof-master/output/tallin_subset_4096/test_results/9459_pred.obj: points=1 edges=0
2026-05-29 10:33:37,245   INFO  Exported /geogfs1/home/u3666068/Point2Roof-master/output/tallin_subset_4096/test_results/9489_pred.obj: points=1 edges=0
2026-05-29 10:33:37,502   INFO  Exported /geogfs1/home/u3666068/Point2Roof-master/output/tallin_subset_4096/test_results/9494_pred.obj: points=1 edges=0
2026-05-29 10:33:37,768   INFO  Exported /geogfs1/home/u3666068/Point2Roof-master/output/tallin_subset_4096/test_results/9514_pred.obj: points=1 edges=0
2026-05-29 10:33:38,049   INFO  Exported /geogfs1/home/u3666068/Point2Roof-master/output/tallin_subset_4096/test_results/9524_pred.obj: points=1 edges=0
2026-05-29 10:33:38,343   INFO  Exported /geogfs1/home/u3666068/Point2Roof-master/output/tallin_subset_4096/test_results/9539_pred.obj: points=1 edges=0
2026-05-29 10:33:38,629   INFO  Exported /geogfs1/home/u3666068/Point2Roof-master/output/tallin_subset_4096/test_results/9540_pred.obj: points=1 edges=0
2026-05-29 10:33:38,916   INFO  Exported /geogfs1/home/u3666068/Point2Roof-master/output/tallin_subset_4096/test_results/9543_pred.obj: points=1 edges=0
2026-05-29 10:33:39,200   INFO  Exported /geogfs1/home/u3666068/Point2Roof-master/output/tallin_subset_4096/test_results/9559_pred.obj: points=1 edges=0
2026-05-29 10:33:39,486   INFO  Exported /geogfs1/home/u3666068/Point2Roof-master/output/tallin_subset_4096/test_results/9560_pred.obj: points=1 edges=0
2026-05-29 10:33:39,770   INFO  Exported /geogfs1/home/u3666068/Point2Roof-master/output/tallin_subset_4096/test_results/9561_pred.obj: points=1 edges=0
2026-05-29 10:33:40,063   INFO  Exported /geogfs1/home/u3666068/Point2Roof-master/output/tallin_subset_4096/test_results/9564_pred.obj: points=1 edges=0
2026-05-29 10:33:40,374   INFO  Exported /geogfs1/home/u3666068/Point2Roof-master/output/tallin_subset_4096/test_results/9569_pred.obj: points=1 edges=0
2026-05-29 10:33:40,658   INFO  Exported /geogfs1/home/u3666068/Point2Roof-master/output/tallin_subset_4096/test_results/9570_pred.obj: points=1 edges=0
2026-05-29 10:33:40,940   INFO  Exported /geogfs1/home/u3666068/Point2Roof-master/output/tallin_subset_4096/test_results/9581_pred.obj: points=1 edges=0
2026-05-29 10:33:41,215   INFO  Exported /geogfs1/home/u3666068/Point2Roof-master/output/tallin_subset_4096/test_results/962_pred.obj: points=1 edges=0
2026-05-29 10:33:41,495   INFO  Exported /geogfs1/home/u3666068/Point2Roof-master/output/tallin_subset_4096/test_results/9665_pred.obj: points=1 edges=0
2026-05-29 10:33:41,773   INFO  Exported /geogfs1/home/u3666068/Point2Roof-master/output/tallin_subset_4096/test_results/9671_pred.obj: points=1 edges=0
2026-05-29 10:33:42,058   INFO  Exported /geogfs1/home/u3666068/Point2Roof-master/output/tallin_subset_4096/test_results/9700_pred.obj: points=1 edges=0
2026-05-29 10:33:42,341   INFO  Exported /geogfs1/home/u3666068/Point2Roof-master/output/tallin_subset_4096/test_results/9714_pred.obj: points=1 edges=0
2026-05-29 10:33:42,614   INFO  Exported /geogfs1/home/u3666068/Point2Roof-master/output/tallin_subset_4096/test_results/9720_pred.obj: points=1 edges=0
2026-05-29 10:33:42,876   INFO  Exported /geogfs1/home/u3666068/Point2Roof-master/output/tallin_subset_4096/test_results/9727_pred.obj: points=1 edges=0
2026-05-29 10:33:43,136   INFO  Exported /geogfs1/home/u3666068/Point2Roof-master/output/tallin_subset_4096/test_results/9730_pred.obj: points=1 edges=0
2026-05-29 10:33:43,410   INFO  Exported /geogfs1/home/u3666068/Point2Roof-master/output/tallin_subset_4096/test_results/9736_pred.obj: points=1 edges=0
2026-05-29 10:33:43,671   INFO  Exported /geogfs1/home/u3666068/Point2Roof-master/output/tallin_subset_4096/test_results/9752_pred.obj: points=1 edges=0
2026-05-29 10:33:43,934   INFO  Exported /geogfs1/home/u3666068/Point2Roof-master/output/tallin_subset_4096/test_results/9791_pred.obj: points=1 edges=0
2026-05-29 10:33:44,195   INFO  Exported /geogfs1/home/u3666068/Point2Roof-master/output/tallin_subset_4096/test_results/9814_pred.obj: points=1 edges=0
2026-05-29 10:33:44,451   INFO  Exported /geogfs1/home/u3666068/Point2Roof-master/output/tallin_subset_4096/test_results/9820_pred.obj: points=1 edges=0
2026-05-29 10:33:44,710   INFO  Exported /geogfs1/home/u3666068/Point2Roof-master/output/tallin_subset_4096/test_results/9827_pred.obj: points=1 edges=0
2026-05-29 10:33:44,968   INFO  Exported /geogfs1/home/u3666068/Point2Roof-master/output/tallin_subset_4096/test_results/9844_pred.obj: points=1 edges=0
2026-05-29 10:33:45,229   INFO  Exported /geogfs1/home/u3666068/Point2Roof-master/output/tallin_subset_4096/test_results/9847_pred.obj: points=1 edges=0
2026-05-29 10:33:45,484   INFO  Exported /geogfs1/home/u3666068/Point2Roof-master/output/tallin_subset_4096/test_results/9850_pred.obj: points=1 edges=0
2026-05-29 10:33:45,747   INFO  Exported /geogfs1/home/u3666068/Point2Roof-master/output/tallin_subset_4096/test_results/9882_pred.obj: points=1 edges=0
2026-05-29 10:33:46,012   INFO  Exported /geogfs1/home/u3666068/Point2Roof-master/output/tallin_subset_4096/test_results/9884_pred.obj: points=1 edges=0
2026-05-29 10:33:46,255   INFO  Exported /geogfs1/home/u3666068/Point2Roof-master/output/tallin_subset_4096/test_results/9885_pred.obj: points=1 edges=0
2026-05-29 10:33:46,497   INFO  Exported /geogfs1/home/u3666068/Point2Roof-master/output/tallin_subset_4096/test_results/9922_pred.obj: points=1 edges=0
2026-05-29 10:33:46,752   INFO  Exported /geogfs1/home/u3666068/Point2Roof-master/output/tallin_subset_4096/test_results/9931_pred.obj: points=1 edges=0
2026-05-29 10:33:47,001   INFO  Exported /geogfs1/home/u3666068/Point2Roof-master/output/tallin_subset_4096/test_results/9936_pred.obj: points=1 edges=0
2026-05-29 10:33:47,246   INFO  Exported /geogfs1/home/u3666068/Point2Roof-master/output/tallin_subset_4096/test_results/9954_pred.obj: points=1 edges=0
2026-05-29 10:33:47,515   INFO  Exported /geogfs1/home/u3666068/Point2Roof-master/output/tallin_subset_4096/test_results/9960_pred.obj: points=1 edges=0
2026-05-29 10:33:47,792   INFO  Exported /geogfs1/home/u3666068/Point2Roof-master/output/tallin_subset_4096/test_results/9973_pred.obj: points=1 edges=0
2026-05-29 10:33:47,913   INFO  metrics: {'pts_recall': 0.07104243521031994, 'pts_precision': 1.0, 'pts_bias_x': np.float64(4.6787026453298495), 'pts_bias_y': np.float64(4.619693011103854), 'pts_bias_z': np.float64(1.0575398691801523), 'edge_recall': 0.0, 'edge_precision': 0.0, 'ACO': 5.44561647445681e-07, 'WED': 1.0, 'CP': 1.0, 'CR': 0.07104243521031994, 'CF1': 0.13266035569612025, 'EP': 0.0, 'ER': 0.0, 'EF1': 0.0, 'support_samples': 3062, 'tp_corners': 3062, 'tp_fp_corners': 3062, 'tp_fn_corners': 43101, 'tp_edges': 0, 'tp_fp_edges': 0, 'tp_fn_edges': 51591}
